/*
 *  CMSIS Pack Debug Access Sequence Log
 *  File        : C:\Users\16117\Desktop\stm32_jx\stm32_car\project_Sequences_0010.log
 *  Created     : 18:05:58 (07/08/2025)
 *  Device      : STM32F103C8
 *  PDSC File   : C:/Users/16117/AppData/Local/Arm/Packs/Keil/STM32F1xx_DFP/2.3.0/Keil.STM32F1xx_DFP.pdsc
 *  Config File : C:\Users\16117\Desktop\stm32_jx\stm32_car\DebugConfig\Target_1_STM32F103C8_1.0.0.dbgconf
 *
 */

[18:05:58.835]  **********  Sequence "DebugDeviceUnlock"  (Context="Target Access", Pname="", info="")
[18:05:58.835]  
[18:05:58.836]  <debugvars>
[18:05:58.836]    // Pre-defined
[18:05:58.836]    __protocol=0x00010002      (Protocol="SWD", SWJ-DP="True")
[18:05:58.836]    __connection=0x00000202    (Connection Type="Flash", Reset Type="System Reset")
[18:05:58.837]    __dp=0x00000000
[18:05:58.837]    __ap=0x00000000
[18:05:58.837]    __traceout=0x00000000      (Trace Disabled)
[18:05:58.837]    __errorcontrol=0x00000000  (Skip Errors="False")
[18:05:58.837]    __FlashAddr=0x00000000
[18:05:58.837]    __FlashLen=0x00000000
[18:05:58.837]    __FlashArg=0x00000000
[18:05:58.837]    __FlashOp=0x00000000
[18:05:58.837]    __Result=0x00000000
[18:05:58.837]    
[18:05:58.837]    // User-defined
[18:05:58.837]    DbgMCU_CR=0x00000007
[18:05:58.837]  </debugvars>
[18:05:58.837]  
[18:05:58.837]  <sequence name="DebugDeviceUnlock" Pname="" disable="false" info="">
[18:05:58.837]    <block atomic="false" info="">
[18:05:58.837]      Sequence("CheckID");
[18:05:58.838]        <sequence name="CheckID" Pname="" disable="false" info="">
[18:05:58.838]          <block atomic="false" info="">
[18:05:58.838]            __var pidr1 = 0;
[18:05:58.838]              // -> [pidr1 <= 0x00000000]
[18:05:58.838]            __var pidr2 = 0;
[18:05:58.838]              // -> [pidr2 <= 0x00000000]
[18:05:58.838]            __var jep106id = 0;
[18:05:58.838]              // -> [jep106id <= 0x00000000]
[18:05:58.838]            __var ROMTableBase = 0;
[18:05:58.838]              // -> [ROMTableBase <= 0x00000000]
[18:05:58.838]            __ap = 0;      // AHB-AP
[18:05:58.838]              // -> [__ap <= 0x00000000]
[18:05:58.838]            ROMTableBase = ReadAP(0xF8) & ~0x3;
[18:05:58.838]              // -> [ReadAP(0x000000F8) => 0xE00FF003]   (__dp=0x00000000, __ap=0x00000000)
[18:05:58.838]              // -> [ROMTableBase <= 0xE00FF000]
[18:05:58.838]            pidr1 = Read32(ROMTableBase + 0x0FE4);
[18:05:58.839]              // -> [Read32(0xE00FFFE4) => 0x00000004]   (__dp=0x00000000, __ap=0x00000000)
[18:05:58.839]              // -> [pidr1 <= 0x00000004]
[18:05:58.839]            pidr2 = Read32(ROMTableBase + 0x0FE8);
[18:05:58.839]              // -> [Read32(0xE00FFFE8) => 0x0000000A]   (__dp=0x00000000, __ap=0x00000000)
[18:05:58.840]              // -> [pidr2 <= 0x0000000A]
[18:05:58.840]            jep106id = ((pidr2 & 0x7) << 4 ) | ((pidr1 >> 4) & 0xF);
[18:05:58.840]              // -> [jep106id <= 0x00000020]
[18:05:58.840]          </block>
[18:05:58.840]          <control if="jep106id != 0x20" while="" timeout="0" info="">
[18:05:58.840]            // if-block "jep106id != 0x20"
[18:05:58.840]              // =>  FALSE
[18:05:58.840]            // skip if-block "jep106id != 0x20"
[18:05:58.840]          </control>
[18:05:58.840]        </sequence>
[18:05:58.840]    </block>
[18:05:58.840]  </sequence>
[18:05:58.840]  
[18:05:58.840]  **********  Sequence "DebugCoreStart"  (Context="Target Access", Pname="", info="")
[18:05:58.840]  
[18:05:58.840]  <debugvars>
[18:05:58.840]    // Pre-defined
[18:05:58.840]    __protocol=0x00010002      (Protocol="SWD", SWJ-DP="True")
[18:05:58.840]    __connection=0x00000202    (Connection Type="Flash", Reset Type="System Reset")
[18:05:58.840]    __dp=0x00000000
[18:05:58.840]    __ap=0x00000000
[18:05:58.840]    __traceout=0x00000000      (Trace Disabled)
[18:05:58.840]    __errorcontrol=0x00000000  (Skip Errors="False")
[18:05:58.840]    __FlashAddr=0x00000000
[18:05:58.840]    __FlashLen=0x00000000
[18:05:58.840]    __FlashArg=0x00000000
[18:05:58.840]    __FlashOp=0x00000000
[18:05:58.841]    __Result=0x00000000
[18:05:58.841]    
[18:05:58.841]    // User-defined
[18:05:58.841]    DbgMCU_CR=0x00000007
[18:05:58.841]  </debugvars>
[18:05:58.841]  
[18:05:58.841]  <sequence name="DebugCoreStart" Pname="" disable="false" info="">
[18:05:58.841]    <block atomic="false" info="">
[18:05:58.841]      Write32(0xE000EDF0, 0xA05F0001);                                        // Enable Core Debug via DHCSR
[18:05:58.842]        // -> [Write32(0xE000EDF0, 0xA05F0001)]   (__dp=0x00000000, __ap=0x00000000)
[18:05:58.842]      Write32(0xE0042004, DbgMCU_CR);                                         // DBGMCU_CR: Configure MCU Debug
[18:05:58.842]        // -> [Write32(0xE0042004, 0x00000007)]   (__dp=0x00000000, __ap=0x00000000)
[18:05:58.842]    </block>
[18:05:58.842]  </sequence>
[18:05:58.843]  
[18:06:03.025]  **********  Sequence "DebugDeviceUnlock"  (Context="Target Access", Pname="", info="")
[18:06:03.025]  
[18:06:03.027]  <debugvars>
[18:06:03.027]    // Pre-defined
[18:06:03.027]    __protocol=0x00010002      (Protocol="SWD", SWJ-DP="True")
[18:06:03.027]    __connection=0x00000201    (Connection Type="Debug", Reset Type="System Reset")
[18:06:03.027]    __dp=0x00000000
[18:06:03.027]    __ap=0x00000000
[18:06:03.027]    __traceout=0x00000000      (Trace Disabled)
[18:06:03.027]    __errorcontrol=0x00000000  (Skip Errors="False")
[18:06:03.027]    __FlashAddr=0x00000000
[18:06:03.027]    __FlashLen=0x00000000
[18:06:03.027]    __FlashArg=0x00000000
[18:06:03.027]    __FlashOp=0x00000000
[18:06:03.027]    __Result=0x00000000
[18:06:03.027]    
[18:06:03.027]    // User-defined
[18:06:03.028]    DbgMCU_CR=0x00000007
[18:06:03.028]  </debugvars>
[18:06:03.028]  
[18:06:03.028]  <sequence name="DebugDeviceUnlock" Pname="" disable="false" info="">
[18:06:03.028]    <block atomic="false" info="">
[18:06:03.028]      Sequence("CheckID");
[18:06:03.028]        <sequence name="CheckID" Pname="" disable="false" info="">
[18:06:03.028]          <block atomic="false" info="">
[18:06:03.028]            __var pidr1 = 0;
[18:06:03.028]              // -> [pidr1 <= 0x00000000]
[18:06:03.028]            __var pidr2 = 0;
[18:06:03.028]              // -> [pidr2 <= 0x00000000]
[18:06:03.028]            __var jep106id = 0;
[18:06:03.028]              // -> [jep106id <= 0x00000000]
[18:06:03.028]            __var ROMTableBase = 0;
[18:06:03.028]              // -> [ROMTableBase <= 0x00000000]
[18:06:03.029]            __ap = 0;      // AHB-AP
[18:06:03.029]              // -> [__ap <= 0x00000000]
[18:06:03.029]            ROMTableBase = ReadAP(0xF8) & ~0x3;
[18:06:03.029]              // -> [ReadAP(0x000000F8) => 0xE00FF003]   (__dp=0x00000000, __ap=0x00000000)
[18:06:03.029]              // -> [ROMTableBase <= 0xE00FF000]
[18:06:03.029]            pidr1 = Read32(ROMTableBase + 0x0FE4);
[18:06:03.030]              // -> [Read32(0xE00FFFE4) => 0x00000004]   (__dp=0x00000000, __ap=0x00000000)
[18:06:03.030]              // -> [pidr1 <= 0x00000004]
[18:06:03.030]            pidr2 = Read32(ROMTableBase + 0x0FE8);
[18:06:03.030]              // -> [Read32(0xE00FFFE8) => 0x0000000A]   (__dp=0x00000000, __ap=0x00000000)
[18:06:03.030]              // -> [pidr2 <= 0x0000000A]
[18:06:03.030]            jep106id = ((pidr2 & 0x7) << 4 ) | ((pidr1 >> 4) & 0xF);
[18:06:03.030]              // -> [jep106id <= 0x00000020]
[18:06:03.030]          </block>
[18:06:03.030]          <control if="jep106id != 0x20" while="" timeout="0" info="">
[18:06:03.030]            // if-block "jep106id != 0x20"
[18:06:03.030]              // =>  FALSE
[18:06:03.030]            // skip if-block "jep106id != 0x20"
[18:06:03.030]          </control>
[18:06:03.030]        </sequence>
[18:06:03.030]    </block>
[18:06:03.030]  </sequence>
[18:06:03.031]  
[18:06:03.031]  **********  Sequence "DebugCoreStart"  (Context="Target Access", Pname="", info="")
[18:06:03.031]  
[18:06:03.031]  <debugvars>
[18:06:03.031]    // Pre-defined
[18:06:03.031]    __protocol=0x00010002      (Protocol="SWD", SWJ-DP="True")
[18:06:03.031]    __connection=0x00000201    (Connection Type="Debug", Reset Type="System Reset")
[18:06:03.031]    __dp=0x00000000
[18:06:03.031]    __ap=0x00000000
[18:06:03.031]    __traceout=0x00000000      (Trace Disabled)
[18:06:03.031]    __errorcontrol=0x00000000  (Skip Errors="False")
[18:06:03.031]    __FlashAddr=0x00000000
[18:06:03.031]    __FlashLen=0x00000000
[18:06:03.031]    __FlashArg=0x00000000
[18:06:03.031]    __FlashOp=0x00000000
[18:06:03.031]    __Result=0x00000000
[18:06:03.031]    
[18:06:03.031]    // User-defined
[18:06:03.031]    DbgMCU_CR=0x00000007
[18:06:03.031]  </debugvars>
[18:06:03.032]  
[18:06:03.032]  <sequence name="DebugCoreStart" Pname="" disable="false" info="">
[18:06:03.032]    <block atomic="false" info="">
[18:06:03.032]      Write32(0xE000EDF0, 0xA05F0001);                                        // Enable Core Debug via DHCSR
[18:06:03.032]        // -> [Write32(0xE000EDF0, 0xA05F0001)]   (__dp=0x00000000, __ap=0x00000000)
[18:06:03.032]      Write32(0xE0042004, DbgMCU_CR);                                         // DBGMCU_CR: Configure MCU Debug
[18:06:03.033]        // -> [Write32(0xE0042004, 0x00000007)]   (__dp=0x00000000, __ap=0x00000000)
[18:06:03.033]    </block>
[18:06:03.033]  </sequence>
[18:06:03.033]  
[18:06:18.138]  **********  Sequence "DebugDeviceUnlock"  (Context="Target Access", Pname="", info="")
[18:06:18.138]  
[18:06:18.145]  <debugvars>
[18:06:18.145]    // Pre-defined
[18:06:18.145]    __protocol=0x00010002      (Protocol="SWD", SWJ-DP="True")
[18:06:18.145]    __connection=0x00000201    (Connection Type="Debug", Reset Type="System Reset")
[18:06:18.145]    __dp=0x00000000
[18:06:18.145]    __ap=0x00000000
[18:06:18.145]    __traceout=0x00000000      (Trace Disabled)
[18:06:18.145]    __errorcontrol=0x00000000  (Skip Errors="False")
[18:06:18.145]    __FlashAddr=0x00000000
[18:06:18.145]    __FlashLen=0x00000000
[18:06:18.145]    __FlashArg=0x00000000
[18:06:18.145]    __FlashOp=0x00000000
[18:06:18.146]    __Result=0x00000000
[18:06:18.146]    
[18:06:18.146]    // User-defined
[18:06:18.146]    DbgMCU_CR=0x00000007
[18:06:18.146]  </debugvars>
[18:06:18.146]  
[18:06:18.146]  <sequence name="DebugDeviceUnlock" Pname="" disable="false" info="">
[18:06:18.146]    <block atomic="false" info="">
[18:06:18.146]      Sequence("CheckID");
[18:06:18.146]        <sequence name="CheckID" Pname="" disable="false" info="">
[18:06:18.146]          <block atomic="false" info="">
[18:06:18.146]            __var pidr1 = 0;
[18:06:18.146]              // -> [pidr1 <= 0x00000000]
[18:06:18.146]            __var pidr2 = 0;
[18:06:18.146]              // -> [pidr2 <= 0x00000000]
[18:06:18.146]            __var jep106id = 0;
[18:06:18.146]              // -> [jep106id <= 0x00000000]
[18:06:18.146]            __var ROMTableBase = 0;
[18:06:18.146]              // -> [ROMTableBase <= 0x00000000]
[18:06:18.146]            __ap = 0;      // AHB-AP
[18:06:18.146]              // -> [__ap <= 0x00000000]
[18:06:18.146]            ROMTableBase = ReadAP(0xF8) & ~0x3;
[18:06:18.146]              // -> [ReadAP(0x000000F8) => 0xE00FF003]   (__dp=0x00000000, __ap=0x00000000)
[18:06:18.146]              // -> [ROMTableBase <= 0xE00FF000]
[18:06:18.146]            pidr1 = Read32(ROMTableBase + 0x0FE4);
[18:06:18.148]              // -> [Read32(0xE00FFFE4) => 0x00000004]   (__dp=0x00000000, __ap=0x00000000)
[18:06:18.148]              // -> [pidr1 <= 0x00000004]
[18:06:18.148]            pidr2 = Read32(ROMTableBase + 0x0FE8);
[18:06:18.148]              // -> [Read32(0xE00FFFE8) => 0x0000000A]   (__dp=0x00000000, __ap=0x00000000)
[18:06:18.148]              // -> [pidr2 <= 0x0000000A]
[18:06:18.149]            jep106id = ((pidr2 & 0x7) << 4 ) | ((pidr1 >> 4) & 0xF);
[18:06:18.149]              // -> [jep106id <= 0x00000020]
[18:06:18.149]          </block>
[18:06:18.149]          <control if="jep106id != 0x20" while="" timeout="0" info="">
[18:06:18.149]            // if-block "jep106id != 0x20"
[18:06:18.149]              // =>  FALSE
[18:06:18.149]            // skip if-block "jep106id != 0x20"
[18:06:18.149]          </control>
[18:06:18.149]        </sequence>
[18:06:18.149]    </block>
[18:06:18.149]  </sequence>
[18:06:18.149]  
[18:06:18.149]  **********  Sequence "DebugCoreStart"  (Context="Target Access", Pname="", info="")
[18:06:18.149]  
[18:06:18.149]  <debugvars>
[18:06:18.149]    // Pre-defined
[18:06:18.149]    __protocol=0x00010002      (Protocol="SWD", SWJ-DP="True")
[18:06:18.149]    __connection=0x00000201    (Connection Type="Debug", Reset Type="System Reset")
[18:06:18.149]    __dp=0x00000000
[18:06:18.150]    __ap=0x00000000
[18:06:18.150]    __traceout=0x00000000      (Trace Disabled)
[18:06:18.150]    __errorcontrol=0x00000000  (Skip Errors="False")
[18:06:18.150]    __FlashAddr=0x00000000
[18:06:18.150]    __FlashLen=0x00000000
[18:06:18.150]    __FlashArg=0x00000000
[18:06:18.150]    __FlashOp=0x00000000
[18:06:18.150]    __Result=0x00000000
[18:06:18.150]    
[18:06:18.150]    // User-defined
[18:06:18.150]    DbgMCU_CR=0x00000007
[18:06:18.150]  </debugvars>
[18:06:18.150]  
[18:06:18.150]  <sequence name="DebugCoreStart" Pname="" disable="false" info="">
[18:06:18.150]    <block atomic="false" info="">
[18:06:18.150]      Write32(0xE000EDF0, 0xA05F0001);                                        // Enable Core Debug via DHCSR
[18:06:18.151]        // -> [Write32(0xE000EDF0, 0xA05F0001)]   (__dp=0x00000000, __ap=0x00000000)
[18:06:18.151]      Write32(0xE0042004, DbgMCU_CR);                                         // DBGMCU_CR: Configure MCU Debug
[18:06:18.152]        // -> [Write32(0xE0042004, 0x00000007)]   (__dp=0x00000000, __ap=0x00000000)
[18:06:18.152]    </block>
[18:06:18.152]  </sequence>
[18:06:18.152]  
[18:06:33.807]  **********  Sequence "DebugDeviceUnlock"  (Context="Target Access", Pname="", info="")
[18:06:33.807]  
[18:06:33.814]  <debugvars>
[18:06:33.814]    // Pre-defined
[18:06:33.814]    __protocol=0x00010002      (Protocol="SWD", SWJ-DP="True")
[18:06:33.814]    __connection=0x00000201    (Connection Type="Debug", Reset Type="System Reset")
[18:06:33.814]    __dp=0x00000000
[18:06:33.814]    __ap=0x00000000
[18:06:33.814]    __traceout=0x00000000      (Trace Disabled)
[18:06:33.815]    __errorcontrol=0x00000000  (Skip Errors="False")
[18:06:33.815]    __FlashAddr=0x00000000
[18:06:33.815]    __FlashLen=0x00000000
[18:06:33.815]    __FlashArg=0x00000000
[18:06:33.815]    __FlashOp=0x00000000
[18:06:33.815]    __Result=0x00000000
[18:06:33.815]    
[18:06:33.815]    // User-defined
[18:06:33.815]    DbgMCU_CR=0x00000007
[18:06:33.815]  </debugvars>
[18:06:33.815]  
[18:06:33.815]  <sequence name="DebugDeviceUnlock" Pname="" disable="false" info="">
[18:06:33.815]    <block atomic="false" info="">
[18:06:33.815]      Sequence("CheckID");
[18:06:33.815]        <sequence name="CheckID" Pname="" disable="false" info="">
[18:06:33.815]          <block atomic="false" info="">
[18:06:33.815]            __var pidr1 = 0;
[18:06:33.815]              // -> [pidr1 <= 0x00000000]
[18:06:33.815]            __var pidr2 = 0;
[18:06:33.815]              // -> [pidr2 <= 0x00000000]
[18:06:33.815]            __var jep106id = 0;
[18:06:33.815]              // -> [jep106id <= 0x00000000]
[18:06:33.815]            __var ROMTableBase = 0;
[18:06:33.815]              // -> [ROMTableBase <= 0x00000000]
[18:06:33.815]            __ap = 0;      // AHB-AP
[18:06:33.815]              // -> [__ap <= 0x00000000]
[18:06:33.816]            ROMTableBase = ReadAP(0xF8) & ~0x3;
[18:06:33.816]              // -> [ReadAP(0x000000F8) => 0xE00FF003]   (__dp=0x00000000, __ap=0x00000000)
[18:06:33.816]              // -> [ROMTableBase <= 0xE00FF000]
[18:06:33.816]            pidr1 = Read32(ROMTableBase + 0x0FE4);
[18:06:33.816]              // -> [Read32(0xE00FFFE4) => 0x00000004]   (__dp=0x00000000, __ap=0x00000000)
[18:06:33.816]              // -> [pidr1 <= 0x00000004]
[18:06:33.816]            pidr2 = Read32(ROMTableBase + 0x0FE8);
[18:06:33.817]              // -> [Read32(0xE00FFFE8) => 0x0000000A]   (__dp=0x00000000, __ap=0x00000000)
[18:06:33.817]              // -> [pidr2 <= 0x0000000A]
[18:06:33.817]            jep106id = ((pidr2 & 0x7) << 4 ) | ((pidr1 >> 4) & 0xF);
[18:06:33.817]              // -> [jep106id <= 0x00000020]
[18:06:33.817]          </block>
[18:06:33.817]          <control if="jep106id != 0x20" while="" timeout="0" info="">
[18:06:33.817]            // if-block "jep106id != 0x20"
[18:06:33.817]              // =>  FALSE
[18:06:33.817]            // skip if-block "jep106id != 0x20"
[18:06:33.817]          </control>
[18:06:33.817]        </sequence>
[18:06:33.817]    </block>
[18:06:33.817]  </sequence>
[18:06:33.817]  
[18:06:33.817]  **********  Sequence "DebugCoreStart"  (Context="Target Access", Pname="", info="")
[18:06:33.817]  
[18:06:33.817]  <debugvars>
[18:06:33.817]    // Pre-defined
[18:06:33.817]    __protocol=0x00010002      (Protocol="SWD", SWJ-DP="True")
[18:06:33.817]    __connection=0x00000201    (Connection Type="Debug", Reset Type="System Reset")
[18:06:33.818]    __dp=0x00000000
[18:06:33.818]    __ap=0x00000000
[18:06:33.818]    __traceout=0x00000000      (Trace Disabled)
[18:06:33.818]    __errorcontrol=0x00000000  (Skip Errors="False")
[18:06:33.818]    __FlashAddr=0x00000000
[18:06:33.818]    __FlashLen=0x00000000
[18:06:33.818]    __FlashArg=0x00000000
[18:06:33.818]    __FlashOp=0x00000000
[18:06:33.818]    __Result=0x00000000
[18:06:33.818]    
[18:06:33.818]    // User-defined
[18:06:33.818]    DbgMCU_CR=0x00000007
[18:06:33.818]  </debugvars>
[18:06:33.819]  
[18:06:33.819]  <sequence name="DebugCoreStart" Pname="" disable="false" info="">
[18:06:33.819]    <block atomic="false" info="">
[18:06:33.819]      Write32(0xE000EDF0, 0xA05F0001);                                        // Enable Core Debug via DHCSR
[18:06:33.819]        // -> [Write32(0xE000EDF0, 0xA05F0001)]   (__dp=0x00000000, __ap=0x00000000)
[18:06:33.819]      Write32(0xE0042004, DbgMCU_CR);                                         // DBGMCU_CR: Configure MCU Debug
[18:06:33.820]        // -> [Write32(0xE0042004, 0x00000007)]   (__dp=0x00000000, __ap=0x00000000)
[18:06:33.820]    </block>
[18:06:33.820]  </sequence>
[18:06:33.820]  
[18:12:45.223]  **********  Sequence "DebugDeviceUnlock"  (Context="Target Access", Pname="", info="")
[18:12:45.223]  
[18:12:45.223]  <debugvars>
[18:12:45.223]    // Pre-defined
[18:12:45.223]    __protocol=0x00010002      (Protocol="SWD", SWJ-DP="True")
[18:12:45.223]    __connection=0x00000202    (Connection Type="Flash", Reset Type="System Reset")
[18:12:45.223]    __dp=0x00000000
[18:12:45.223]    __ap=0x00000000
[18:12:45.223]    __traceout=0x00000000      (Trace Disabled)
[18:12:45.223]    __errorcontrol=0x00000000  (Skip Errors="False")
[18:12:45.223]    __FlashAddr=0x00000000
[18:12:45.223]    __FlashLen=0x00000000
[18:12:45.224]    __FlashArg=0x00000000
[18:12:45.224]    __FlashOp=0x00000000
[18:12:45.224]    __Result=0x00000000
[18:12:45.224]    
[18:12:45.224]    // User-defined
[18:12:45.224]    DbgMCU_CR=0x00000007
[18:12:45.224]  </debugvars>
[18:12:45.224]  
[18:12:45.224]  <sequence name="DebugDeviceUnlock" Pname="" disable="false" info="">
[18:12:45.224]    <block atomic="false" info="">
[18:12:45.224]      Sequence("CheckID");
[18:12:45.224]        <sequence name="CheckID" Pname="" disable="false" info="">
[18:12:45.224]          <block atomic="false" info="">
[18:12:45.224]            __var pidr1 = 0;
[18:12:45.224]              // -> [pidr1 <= 0x00000000]
[18:12:45.224]            __var pidr2 = 0;
[18:12:45.224]              // -> [pidr2 <= 0x00000000]
[18:12:45.224]            __var jep106id = 0;
[18:12:45.224]              // -> [jep106id <= 0x00000000]
[18:12:45.224]            __var ROMTableBase = 0;
[18:12:45.224]              // -> [ROMTableBase <= 0x00000000]
[18:12:45.224]            __ap = 0;      // AHB-AP
[18:12:45.225]              // -> [__ap <= 0x00000000]
[18:12:45.225]            ROMTableBase = ReadAP(0xF8) & ~0x3;
[18:12:45.225]              // -> [ReadAP(0x000000F8) => 0xE00FF003]   (__dp=0x00000000, __ap=0x00000000)
[18:12:45.225]              // -> [ROMTableBase <= 0xE00FF000]
[18:12:45.225]            pidr1 = Read32(ROMTableBase + 0x0FE4);
[18:12:45.225]              // -> [Read32(0xE00FFFE4) => 0x00000004]   (__dp=0x00000000, __ap=0x00000000)
[18:12:45.226]              // -> [pidr1 <= 0x00000004]
[18:12:45.226]            pidr2 = Read32(ROMTableBase + 0x0FE8);
[18:12:45.226]              // -> [Read32(0xE00FFFE8) => 0x0000000A]   (__dp=0x00000000, __ap=0x00000000)
[18:12:45.226]              // -> [pidr2 <= 0x0000000A]
[18:12:45.226]            jep106id = ((pidr2 & 0x7) << 4 ) | ((pidr1 >> 4) & 0xF);
[18:12:45.226]              // -> [jep106id <= 0x00000020]
[18:12:45.226]          </block>
[18:12:45.226]          <control if="jep106id != 0x20" while="" timeout="0" info="">
[18:12:45.226]            // if-block "jep106id != 0x20"
[18:12:45.226]              // =>  FALSE
[18:12:45.226]            // skip if-block "jep106id != 0x20"
[18:12:45.226]          </control>
[18:12:45.226]        </sequence>
[18:12:45.226]    </block>
[18:12:45.226]  </sequence>
[18:12:45.226]  
[18:12:45.227]  **********  Sequence "DebugCoreStart"  (Context="Target Access", Pname="", info="")
[18:12:45.227]  
[18:12:45.227]  <debugvars>
[18:12:45.227]    // Pre-defined
[18:12:45.227]    __protocol=0x00010002      (Protocol="SWD", SWJ-DP="True")
[18:12:45.227]    __connection=0x00000202    (Connection Type="Flash", Reset Type="System Reset")
[18:12:45.227]    __dp=0x00000000
[18:12:45.227]    __ap=0x00000000
[18:12:45.227]    __traceout=0x00000000      (Trace Disabled)
[18:12:45.227]    __errorcontrol=0x00000000  (Skip Errors="False")
[18:12:45.227]    __FlashAddr=0x00000000
[18:12:45.227]    __FlashLen=0x00000000
[18:12:45.227]    __FlashArg=0x00000000
[18:12:45.227]    __FlashOp=0x00000000
[18:12:45.227]    __Result=0x00000000
[18:12:45.227]    
[18:12:45.227]    // User-defined
[18:12:45.227]    DbgMCU_CR=0x00000007
[18:12:45.227]  </debugvars>
[18:12:45.227]  
[18:12:45.227]  <sequence name="DebugCoreStart" Pname="" disable="false" info="">
[18:12:45.227]    <block atomic="false" info="">
[18:12:45.227]      Write32(0xE000EDF0, 0xA05F0001);                                        // Enable Core Debug via DHCSR
[18:12:45.228]        // -> [Write32(0xE000EDF0, 0xA05F0001)]   (__dp=0x00000000, __ap=0x00000000)
[18:12:45.228]      Write32(0xE0042004, DbgMCU_CR);                                         // DBGMCU_CR: Configure MCU Debug
[18:12:45.229]        // -> [Write32(0xE0042004, 0x00000007)]   (__dp=0x00000000, __ap=0x00000000)
[18:12:45.229]    </block>
[18:12:45.229]  </sequence>
[18:12:45.229]  
[18:12:54.929]  **********  Sequence "DebugDeviceUnlock"  (Context="Target Access", Pname="", info="")
[18:12:54.929]  
[18:12:54.930]  <debugvars>
[18:12:54.930]    // Pre-defined
[18:12:54.930]    __protocol=0x00010002      (Protocol="SWD", SWJ-DP="True")
[18:12:54.930]    __connection=0x00000201    (Connection Type="Debug", Reset Type="System Reset")
[18:12:54.930]    __dp=0x00000000
[18:12:54.930]    __ap=0x00000000
[18:12:54.930]    __traceout=0x00000000      (Trace Disabled)
[18:12:54.930]    __errorcontrol=0x00000000  (Skip Errors="False")
[18:12:54.930]    __FlashAddr=0x00000000
[18:12:54.930]    __FlashLen=0x00000000
[18:12:54.930]    __FlashArg=0x00000000
[18:12:54.931]    __FlashOp=0x00000000
[18:12:54.931]    __Result=0x00000000
[18:12:54.931]    
[18:12:54.931]    // User-defined
[18:12:54.931]    DbgMCU_CR=0x00000007
[18:12:54.931]  </debugvars>
[18:12:54.931]  
[18:12:54.931]  <sequence name="DebugDeviceUnlock" Pname="" disable="false" info="">
[18:12:54.931]    <block atomic="false" info="">
[18:12:54.931]      Sequence("CheckID");
[18:12:54.931]        <sequence name="CheckID" Pname="" disable="false" info="">
[18:12:54.931]          <block atomic="false" info="">
[18:12:54.931]            __var pidr1 = 0;
[18:12:54.931]              // -> [pidr1 <= 0x00000000]
[18:12:54.931]            __var pidr2 = 0;
[18:12:54.931]              // -> [pidr2 <= 0x00000000]
[18:12:54.931]            __var jep106id = 0;
[18:12:54.931]              // -> [jep106id <= 0x00000000]
[18:12:54.931]            __var ROMTableBase = 0;
[18:12:54.931]              // -> [ROMTableBase <= 0x00000000]
[18:12:54.931]            __ap = 0;      // AHB-AP
[18:12:54.931]              // -> [__ap <= 0x00000000]
[18:12:54.931]            ROMTableBase = ReadAP(0xF8) & ~0x3;
[18:12:54.932]              // -> [ReadAP(0x000000F8) => 0xE00FF003]   (__dp=0x00000000, __ap=0x00000000)
[18:12:54.932]              // -> [ROMTableBase <= 0xE00FF000]
[18:12:54.932]            pidr1 = Read32(ROMTableBase + 0x0FE4);
[18:12:54.932]              // -> [Read32(0xE00FFFE4) => 0x00000004]   (__dp=0x00000000, __ap=0x00000000)
[18:12:54.932]              // -> [pidr1 <= 0x00000004]
[18:12:54.932]            pidr2 = Read32(ROMTableBase + 0x0FE8);
[18:12:54.933]              // -> [Read32(0xE00FFFE8) => 0x0000000A]   (__dp=0x00000000, __ap=0x00000000)
[18:12:54.933]              // -> [pidr2 <= 0x0000000A]
[18:12:54.933]            jep106id = ((pidr2 & 0x7) << 4 ) | ((pidr1 >> 4) & 0xF);
[18:12:54.933]              // -> [jep106id <= 0x00000020]
[18:12:54.933]          </block>
[18:12:54.933]          <control if="jep106id != 0x20" while="" timeout="0" info="">
[18:12:54.933]            // if-block "jep106id != 0x20"
[18:12:54.933]              // =>  FALSE
[18:12:54.933]            // skip if-block "jep106id != 0x20"
[18:12:54.933]          </control>
[18:12:54.933]        </sequence>
[18:12:54.933]    </block>
[18:12:54.933]  </sequence>
[18:12:54.933]  
[18:12:54.933]  **********  Sequence "DebugCoreStart"  (Context="Target Access", Pname="", info="")
[18:12:54.933]  
[18:12:54.933]  <debugvars>
[18:12:54.933]    // Pre-defined
[18:12:54.933]    __protocol=0x00010002      (Protocol="SWD", SWJ-DP="True")
[18:12:54.933]    __connection=0x00000201    (Connection Type="Debug", Reset Type="System Reset")
[18:12:54.933]    __dp=0x00000000
[18:12:54.933]    __ap=0x00000000
[18:12:54.933]    __traceout=0x00000000      (Trace Disabled)
[18:12:54.933]    __errorcontrol=0x00000000  (Skip Errors="False")
[18:12:54.933]    __FlashAddr=0x00000000
[18:12:54.933]    __FlashLen=0x00000000
[18:12:54.933]    __FlashArg=0x00000000
[18:12:54.934]    __FlashOp=0x00000000
[18:12:54.934]    __Result=0x00000000
[18:12:54.934]    
[18:12:54.934]    // User-defined
[18:12:54.934]    DbgMCU_CR=0x00000007
[18:12:54.934]  </debugvars>
[18:12:54.934]  
[18:12:54.934]  <sequence name="DebugCoreStart" Pname="" disable="false" info="">
[18:12:54.934]    <block atomic="false" info="">
[18:12:54.934]      Write32(0xE000EDF0, 0xA05F0001);                                        // Enable Core Debug via DHCSR
[18:12:54.934]        // -> [Write32(0xE000EDF0, 0xA05F0001)]   (__dp=0x00000000, __ap=0x00000000)
[18:12:54.934]      Write32(0xE0042004, DbgMCU_CR);                                         // DBGMCU_CR: Configure MCU Debug
[18:12:54.935]        // -> [Write32(0xE0042004, 0x00000007)]   (__dp=0x00000000, __ap=0x00000000)
[18:12:54.935]    </block>
[18:12:54.935]  </sequence>
[18:12:54.935]  
[18:24:21.495]  **********  Sequence "DebugDeviceUnlock"  (Context="Target Access", Pname="", info="")
[18:24:21.495]  
[18:24:21.495]  <debugvars>
[18:24:21.495]    // Pre-defined
[18:24:21.495]    __protocol=0x00010002      (Protocol="SWD", SWJ-DP="True")
[18:24:21.495]    __connection=0x00000202    (Connection Type="Flash", Reset Type="System Reset")
[18:24:21.495]    __dp=0x00000000
[18:24:21.495]    __ap=0x00000000
[18:24:21.495]    __traceout=0x00000000      (Trace Disabled)
[18:24:21.496]    __errorcontrol=0x00000000  (Skip Errors="False")
[18:24:21.496]    __FlashAddr=0x00000000
[18:24:21.496]    __FlashLen=0x00000000
[18:24:21.496]    __FlashArg=0x00000000
[18:24:21.496]    __FlashOp=0x00000000
[18:24:21.496]    __Result=0x00000000
[18:24:21.496]    
[18:24:21.496]    // User-defined
[18:24:21.496]    DbgMCU_CR=0x00000007
[18:24:21.496]  </debugvars>
[18:24:21.496]  
[18:24:21.496]  <sequence name="DebugDeviceUnlock" Pname="" disable="false" info="">
[18:24:21.496]    <block atomic="false" info="">
[18:24:21.496]      Sequence("CheckID");
[18:24:21.496]        <sequence name="CheckID" Pname="" disable="false" info="">
[18:24:21.496]          <block atomic="false" info="">
[18:24:21.496]            __var pidr1 = 0;
[18:24:21.496]              // -> [pidr1 <= 0x00000000]
[18:24:21.496]            __var pidr2 = 0;
[18:24:21.496]              // -> [pidr2 <= 0x00000000]
[18:24:21.496]            __var jep106id = 0;
[18:24:21.496]              // -> [jep106id <= 0x00000000]
[18:24:21.496]            __var ROMTableBase = 0;
[18:24:21.496]              // -> [ROMTableBase <= 0x00000000]
[18:24:21.496]            __ap = 0;      // AHB-AP
[18:24:21.496]              // -> [__ap <= 0x00000000]
[18:24:21.496]            ROMTableBase = ReadAP(0xF8) & ~0x3;
[18:24:21.497]              // -> [ReadAP(0x000000F8) => 0xE00FF003]   (__dp=0x00000000, __ap=0x00000000)
[18:24:21.497]              // -> [ROMTableBase <= 0xE00FF000]
[18:24:21.497]            pidr1 = Read32(ROMTableBase + 0x0FE4);
[18:24:21.497]              // -> [Read32(0xE00FFFE4) => 0x00000004]   (__dp=0x00000000, __ap=0x00000000)
[18:24:21.497]              // -> [pidr1 <= 0x00000004]
[18:24:21.498]            pidr2 = Read32(ROMTableBase + 0x0FE8);
[18:24:21.498]              // -> [Read32(0xE00FFFE8) => 0x0000000A]   (__dp=0x00000000, __ap=0x00000000)
[18:24:21.498]              // -> [pidr2 <= 0x0000000A]
[18:24:21.498]            jep106id = ((pidr2 & 0x7) << 4 ) | ((pidr1 >> 4) & 0xF);
[18:24:21.498]              // -> [jep106id <= 0x00000020]
[18:24:21.498]          </block>
[18:24:21.498]          <control if="jep106id != 0x20" while="" timeout="0" info="">
[18:24:21.498]            // if-block "jep106id != 0x20"
[18:24:21.498]              // =>  FALSE
[18:24:21.498]            // skip if-block "jep106id != 0x20"
[18:24:21.498]          </control>
[18:24:21.498]        </sequence>
[18:24:21.498]    </block>
[18:24:21.498]  </sequence>
[18:24:21.499]  
[18:24:21.499]  **********  Sequence "DebugCoreStart"  (Context="Target Access", Pname="", info="")
[18:24:21.499]  
[18:24:21.499]  <debugvars>
[18:24:21.499]    // Pre-defined
[18:24:21.499]    __protocol=0x00010002      (Protocol="SWD", SWJ-DP="True")
[18:24:21.499]    __connection=0x00000202    (Connection Type="Flash", Reset Type="System Reset")
[18:24:21.499]    __dp=0x00000000
[18:24:21.499]    __ap=0x00000000
[18:24:21.499]    __traceout=0x00000000      (Trace Disabled)
[18:24:21.499]    __errorcontrol=0x00000000  (Skip Errors="False")
[18:24:21.499]    __FlashAddr=0x00000000
[18:24:21.499]    __FlashLen=0x00000000
[18:24:21.499]    __FlashArg=0x00000000
[18:24:21.499]    __FlashOp=0x00000000
[18:24:21.499]    __Result=0x00000000
[18:24:21.499]    
[18:24:21.499]    // User-defined
[18:24:21.499]    DbgMCU_CR=0x00000007
[18:24:21.499]  </debugvars>
[18:24:21.499]  
[18:24:21.499]  <sequence name="DebugCoreStart" Pname="" disable="false" info="">
[18:24:21.499]    <block atomic="false" info="">
[18:24:21.500]      Write32(0xE000EDF0, 0xA05F0001);                                        // Enable Core Debug via DHCSR
[18:24:21.501]        // -> [Write32(0xE000EDF0, 0xA05F0001)]   (__dp=0x00000000, __ap=0x00000000)
[18:24:21.501]      Write32(0xE0042004, DbgMCU_CR);                                         // DBGMCU_CR: Configure MCU Debug
[18:24:21.501]        // -> [Write32(0xE0042004, 0x00000007)]   (__dp=0x00000000, __ap=0x00000000)
[18:24:21.501]    </block>
[18:24:21.501]  </sequence>
[18:24:21.501]  
[18:24:26.008]  **********  Sequence "DebugDeviceUnlock"  (Context="Target Access", Pname="", info="")
[18:24:26.008]  
[18:24:26.008]  <debugvars>
[18:24:26.008]    // Pre-defined
[18:24:26.008]    __protocol=0x00010002      (Protocol="SWD", SWJ-DP="True")
[18:24:26.008]    __connection=0x00000201    (Connection Type="Debug", Reset Type="System Reset")
[18:24:26.008]    __dp=0x00000000
[18:24:26.008]    __ap=0x00000000
[18:24:26.008]    __traceout=0x00000000      (Trace Disabled)
[18:24:26.009]    __errorcontrol=0x00000000  (Skip Errors="False")
[18:24:26.009]    __FlashAddr=0x00000000
[18:24:26.009]    __FlashLen=0x00000000
[18:24:26.009]    __FlashArg=0x00000000
[18:24:26.009]    __FlashOp=0x00000000
[18:24:26.009]    __Result=0x00000000
[18:24:26.009]    
[18:24:26.009]    // User-defined
[18:24:26.009]    DbgMCU_CR=0x00000007
[18:24:26.009]  </debugvars>
[18:24:26.009]  
[18:24:26.009]  <sequence name="DebugDeviceUnlock" Pname="" disable="false" info="">
[18:24:26.010]    <block atomic="false" info="">
[18:24:26.010]      Sequence("CheckID");
[18:24:26.010]        <sequence name="CheckID" Pname="" disable="false" info="">
[18:24:26.010]          <block atomic="false" info="">
[18:24:26.010]            __var pidr1 = 0;
[18:24:26.010]              // -> [pidr1 <= 0x00000000]
[18:24:26.010]            __var pidr2 = 0;
[18:24:26.010]              // -> [pidr2 <= 0x00000000]
[18:24:26.010]            __var jep106id = 0;
[18:24:26.010]              // -> [jep106id <= 0x00000000]
[18:24:26.010]            __var ROMTableBase = 0;
[18:24:26.010]              // -> [ROMTableBase <= 0x00000000]
[18:24:26.010]            __ap = 0;      // AHB-AP
[18:24:26.011]              // -> [__ap <= 0x00000000]
[18:24:26.011]            ROMTableBase = ReadAP(0xF8) & ~0x3;
[18:24:26.011]              // -> [ReadAP(0x000000F8) => 0xE00FF003]   (__dp=0x00000000, __ap=0x00000000)
[18:24:26.011]              // -> [ROMTableBase <= 0xE00FF000]
[18:24:26.011]            pidr1 = Read32(ROMTableBase + 0x0FE4);
[18:24:26.012]              // -> [Read32(0xE00FFFE4) => 0x00000004]   (__dp=0x00000000, __ap=0x00000000)
[18:24:26.012]              // -> [pidr1 <= 0x00000004]
[18:24:26.012]            pidr2 = Read32(ROMTableBase + 0x0FE8);
[18:24:26.012]              // -> [Read32(0xE00FFFE8) => 0x0000000A]   (__dp=0x00000000, __ap=0x00000000)
[18:24:26.012]              // -> [pidr2 <= 0x0000000A]
[18:24:26.012]            jep106id = ((pidr2 & 0x7) << 4 ) | ((pidr1 >> 4) & 0xF);
[18:24:26.013]              // -> [jep106id <= 0x00000020]
[18:24:26.013]          </block>
[18:24:26.013]          <control if="jep106id != 0x20" while="" timeout="0" info="">
[18:24:26.013]            // if-block "jep106id != 0x20"
[18:24:26.013]              // =>  FALSE
[18:24:26.013]            // skip if-block "jep106id != 0x20"
[18:24:26.013]          </control>
[18:24:26.013]        </sequence>
[18:24:26.013]    </block>
[18:24:26.013]  </sequence>
[18:24:26.013]  
[18:24:26.013]  **********  Sequence "DebugCoreStart"  (Context="Target Access", Pname="", info="")
[18:24:26.013]  
[18:24:26.013]  <debugvars>
[18:24:26.013]    // Pre-defined
[18:24:26.013]    __protocol=0x00010002      (Protocol="SWD", SWJ-DP="True")
[18:24:26.013]    __connection=0x00000201    (Connection Type="Debug", Reset Type="System Reset")
[18:24:26.014]    __dp=0x00000000
[18:24:26.014]    __ap=0x00000000
[18:24:26.014]    __traceout=0x00000000      (Trace Disabled)
[18:24:26.014]    __errorcontrol=0x00000000  (Skip Errors="False")
[18:24:26.014]    __FlashAddr=0x00000000
[18:24:26.014]    __FlashLen=0x00000000
[18:24:26.015]    __FlashArg=0x00000000
[18:24:26.015]    __FlashOp=0x00000000
[18:24:26.015]    __Result=0x00000000
[18:24:26.015]    
[18:24:26.015]    // User-defined
[18:24:26.015]    DbgMCU_CR=0x00000007
[18:24:26.015]  </debugvars>
[18:24:26.015]  
[18:24:26.015]  <sequence name="DebugCoreStart" Pname="" disable="false" info="">
[18:24:26.015]    <block atomic="false" info="">
[18:24:26.015]      Write32(0xE000EDF0, 0xA05F0001);                                        // Enable Core Debug via DHCSR
[18:24:26.016]        // -> [Write32(0xE000EDF0, 0xA05F0001)]   (__dp=0x00000000, __ap=0x00000000)
[18:24:26.016]      Write32(0xE0042004, DbgMCU_CR);                                         // DBGMCU_CR: Configure MCU Debug
[18:24:26.017]        // -> [Write32(0xE0042004, 0x00000007)]   (__dp=0x00000000, __ap=0x00000000)
[18:24:26.017]    </block>
[18:24:26.017]  </sequence>
[18:24:26.017]  
[19:25:05.718]  **********  Sequence "DebugDeviceUnlock"  (Context="Target Access", Pname="", info="")
[19:25:05.718]  
[19:25:05.718]  <debugvars>
[19:25:05.718]    // Pre-defined
[19:25:05.718]    __protocol=0x00010002      (Protocol="SWD", SWJ-DP="True")
[19:25:05.718]    __connection=0x00000202    (Connection Type="Flash", Reset Type="System Reset")
[19:25:05.718]    __dp=0x00000000
[19:25:05.718]    __ap=0x00000000
[19:25:05.719]    __traceout=0x00000000      (Trace Disabled)
[19:25:05.719]    __errorcontrol=0x00000000  (Skip Errors="False")
[19:25:05.719]    __FlashAddr=0x00000000
[19:25:05.719]    __FlashLen=0x00000000
[19:25:05.719]    __FlashArg=0x00000000
[19:25:05.719]    __FlashOp=0x00000000
[19:25:05.719]    __Result=0x00000000
[19:25:05.719]    
[19:25:05.719]    // User-defined
[19:25:05.719]    DbgMCU_CR=0x00000007
[19:25:05.719]  </debugvars>
[19:25:05.719]  
[19:25:05.719]  <sequence name="DebugDeviceUnlock" Pname="" disable="false" info="">
[19:25:05.719]    <block atomic="false" info="">
[19:25:05.719]      Sequence("CheckID");
[19:25:05.719]        <sequence name="CheckID" Pname="" disable="false" info="">
[19:25:05.719]          <block atomic="false" info="">
[19:25:05.719]            __var pidr1 = 0;
[19:25:05.719]              // -> [pidr1 <= 0x00000000]
[19:25:05.719]            __var pidr2 = 0;
[19:25:05.719]              // -> [pidr2 <= 0x00000000]
[19:25:05.719]            __var jep106id = 0;
[19:25:05.719]              // -> [jep106id <= 0x00000000]
[19:25:05.719]            __var ROMTableBase = 0;
[19:25:05.719]              // -> [ROMTableBase <= 0x00000000]
[19:25:05.719]            __ap = 0;      // AHB-AP
[19:25:05.719]              // -> [__ap <= 0x00000000]
[19:25:05.719]            ROMTableBase = ReadAP(0xF8) & ~0x3;
[19:25:05.720]              // -> [ReadAP(0x000000F8) => 0xE00FF003]   (__dp=0x00000000, __ap=0x00000000)
[19:25:05.720]              // -> [ROMTableBase <= 0xE00FF000]
[19:25:05.720]            pidr1 = Read32(ROMTableBase + 0x0FE4);
[19:25:05.720]              // -> [Read32(0xE00FFFE4) => 0x00000004]   (__dp=0x00000000, __ap=0x00000000)
[19:25:05.721]              // -> [pidr1 <= 0x00000004]
[19:25:05.721]            pidr2 = Read32(ROMTableBase + 0x0FE8);
[19:25:05.721]              // -> [Read32(0xE00FFFE8) => 0x0000000A]   (__dp=0x00000000, __ap=0x00000000)
[19:25:05.721]              // -> [pidr2 <= 0x0000000A]
[19:25:05.721]            jep106id = ((pidr2 & 0x7) << 4 ) | ((pidr1 >> 4) & 0xF);
[19:25:05.721]              // -> [jep106id <= 0x00000020]
[19:25:05.721]          </block>
[19:25:05.721]          <control if="jep106id != 0x20" while="" timeout="0" info="">
[19:25:05.721]            // if-block "jep106id != 0x20"
[19:25:05.721]              // =>  FALSE
[19:25:05.721]            // skip if-block "jep106id != 0x20"
[19:25:05.721]          </control>
[19:25:05.721]        </sequence>
[19:25:05.721]    </block>
[19:25:05.721]  </sequence>
[19:25:05.721]  
[19:25:05.721]  **********  Sequence "DebugCoreStart"  (Context="Target Access", Pname="", info="")
[19:25:05.721]  
[19:25:05.722]  <debugvars>
[19:25:05.722]    // Pre-defined
[19:25:05.722]    __protocol=0x00010002      (Protocol="SWD", SWJ-DP="True")
[19:25:05.722]    __connection=0x00000202    (Connection Type="Flash", Reset Type="System Reset")
[19:25:05.722]    __dp=0x00000000
[19:25:05.722]    __ap=0x00000000
[19:25:05.722]    __traceout=0x00000000      (Trace Disabled)
[19:25:05.722]    __errorcontrol=0x00000000  (Skip Errors="False")
[19:25:05.722]    __FlashAddr=0x00000000
[19:25:05.722]    __FlashLen=0x00000000
[19:25:05.722]    __FlashArg=0x00000000
[19:25:05.722]    __FlashOp=0x00000000
[19:25:05.722]    __Result=0x00000000
[19:25:05.722]    
[19:25:05.722]    // User-defined
[19:25:05.722]    DbgMCU_CR=0x00000007
[19:25:05.722]  </debugvars>
[19:25:05.722]  
[19:25:05.722]  <sequence name="DebugCoreStart" Pname="" disable="false" info="">
[19:25:05.722]    <block atomic="false" info="">
[19:25:05.722]      Write32(0xE000EDF0, 0xA05F0001);                                        // Enable Core Debug via DHCSR
[19:25:05.723]        // -> [Write32(0xE000EDF0, 0xA05F0001)]   (__dp=0x00000000, __ap=0x00000000)
[19:25:05.723]      Write32(0xE0042004, DbgMCU_CR);                                         // DBGMCU_CR: Configure MCU Debug
[19:25:05.723]        // -> [Write32(0xE0042004, 0x00000007)]   (__dp=0x00000000, __ap=0x00000000)
[19:25:05.723]    </block>
[19:25:05.723]  </sequence>
[19:25:05.723]  
[19:27:16.530]  **********  Sequence "DebugDeviceUnlock"  (Context="Target Access", Pname="", info="")
[19:27:16.530]  
[19:27:16.531]  <debugvars>
[19:27:16.531]    // Pre-defined
[19:27:16.531]    __protocol=0x00010002      (Protocol="SWD", SWJ-DP="True")
[19:27:16.531]    __connection=0x00000202    (Connection Type="Flash", Reset Type="System Reset")
[19:27:16.531]    __dp=0x00000000
[19:27:16.531]    __ap=0x00000000
[19:27:16.531]    __traceout=0x00000000      (Trace Disabled)
[19:27:16.531]    __errorcontrol=0x00000000  (Skip Errors="False")
[19:27:16.531]    __FlashAddr=0x00000000
[19:27:16.531]    __FlashLen=0x00000000
[19:27:16.531]    __FlashArg=0x00000000
[19:27:16.531]    __FlashOp=0x00000000
[19:27:16.531]    __Result=0x00000000
[19:27:16.531]    
[19:27:16.531]    // User-defined
[19:27:16.531]    DbgMCU_CR=0x00000007
[19:27:16.531]  </debugvars>
[19:27:16.531]  
[19:27:16.531]  <sequence name="DebugDeviceUnlock" Pname="" disable="false" info="">
[19:27:16.531]    <block atomic="false" info="">
[19:27:16.531]      Sequence("CheckID");
[19:27:16.531]        <sequence name="CheckID" Pname="" disable="false" info="">
[19:27:16.531]          <block atomic="false" info="">
[19:27:16.531]            __var pidr1 = 0;
[19:27:16.531]              // -> [pidr1 <= 0x00000000]
[19:27:16.531]            __var pidr2 = 0;
[19:27:16.531]              // -> [pidr2 <= 0x00000000]
[19:27:16.531]            __var jep106id = 0;
[19:27:16.532]              // -> [jep106id <= 0x00000000]
[19:27:16.532]            __var ROMTableBase = 0;
[19:27:16.532]              // -> [ROMTableBase <= 0x00000000]
[19:27:16.532]            __ap = 0;      // AHB-AP
[19:27:16.532]              // -> [__ap <= 0x00000000]
[19:27:16.532]            ROMTableBase = ReadAP(0xF8) & ~0x3;
[19:27:16.532]              // -> [ReadAP(0x000000F8) => 0xE00FF003]   (__dp=0x00000000, __ap=0x00000000)
[19:27:16.532]              // -> [ROMTableBase <= 0xE00FF000]
[19:27:16.532]            pidr1 = Read32(ROMTableBase + 0x0FE4);
[19:27:16.533]              // -> [Read32(0xE00FFFE4) => 0x00000004]   (__dp=0x00000000, __ap=0x00000000)
[19:27:16.533]              // -> [pidr1 <= 0x00000004]
[19:27:16.533]            pidr2 = Read32(ROMTableBase + 0x0FE8);
[19:27:16.533]              // -> [Read32(0xE00FFFE8) => 0x0000000A]   (__dp=0x00000000, __ap=0x00000000)
[19:27:16.533]              // -> [pidr2 <= 0x0000000A]
[19:27:16.533]            jep106id = ((pidr2 & 0x7) << 4 ) | ((pidr1 >> 4) & 0xF);
[19:27:16.534]              // -> [jep106id <= 0x00000020]
[19:27:16.534]          </block>
[19:27:16.534]          <control if="jep106id != 0x20" while="" timeout="0" info="">
[19:27:16.534]            // if-block "jep106id != 0x20"
[19:27:16.534]              // =>  FALSE
[19:27:16.534]            // skip if-block "jep106id != 0x20"
[19:27:16.534]          </control>
[19:27:16.534]        </sequence>
[19:27:16.534]    </block>
[19:27:16.534]  </sequence>
[19:27:16.534]  
[19:27:16.534]  **********  Sequence "DebugCoreStart"  (Context="Target Access", Pname="", info="")
[19:27:16.534]  
[19:27:16.534]  <debugvars>
[19:27:16.534]    // Pre-defined
[19:27:16.534]    __protocol=0x00010002      (Protocol="SWD", SWJ-DP="True")
[19:27:16.535]    __connection=0x00000202    (Connection Type="Flash", Reset Type="System Reset")
[19:27:16.535]    __dp=0x00000000
[19:27:16.535]    __ap=0x00000000
[19:27:16.535]    __traceout=0x00000000      (Trace Disabled)
[19:27:16.535]    __errorcontrol=0x00000000  (Skip Errors="False")
[19:27:16.535]    __FlashAddr=0x00000000
[19:27:16.535]    __FlashLen=0x00000000
[19:27:16.535]    __FlashArg=0x00000000
[19:27:16.535]    __FlashOp=0x00000000
[19:27:16.535]    __Result=0x00000000
[19:27:16.535]    
[19:27:16.535]    // User-defined
[19:27:16.535]    DbgMCU_CR=0x00000007
[19:27:16.535]  </debugvars>
[19:27:16.535]  
[19:27:16.535]  <sequence name="DebugCoreStart" Pname="" disable="false" info="">
[19:27:16.535]    <block atomic="false" info="">
[19:27:16.535]      Write32(0xE000EDF0, 0xA05F0001);                                        // Enable Core Debug via DHCSR
[19:27:16.536]        // -> [Write32(0xE000EDF0, 0xA05F0001)]   (__dp=0x00000000, __ap=0x00000000)
[19:27:16.536]      Write32(0xE0042004, DbgMCU_CR);                                         // DBGMCU_CR: Configure MCU Debug
[19:27:16.536]        // -> [Write32(0xE0042004, 0x00000007)]   (__dp=0x00000000, __ap=0x00000000)
[19:27:16.536]    </block>
[19:27:16.537]  </sequence>
[19:27:16.537]  
[20:33:12.929]  **********  Sequence "DebugDeviceUnlock"  (Context="Target Access", Pname="", info="")
[20:33:12.929]  
[20:33:12.930]  <debugvars>
[20:33:12.930]    // Pre-defined
[20:33:12.930]    __protocol=0x00010002      (Protocol="SWD", SWJ-DP="True")
[20:33:12.930]    __connection=0x00000201    (Connection Type="Debug", Reset Type="System Reset")
[20:33:12.930]    __dp=0x00000000
[20:33:12.930]    __ap=0x00000000
[20:33:12.930]    __traceout=0x00000000      (Trace Disabled)
[20:33:12.930]    __errorcontrol=0x00000000  (Skip Errors="False")
[20:33:12.931]    __FlashAddr=0x00000000
[20:33:12.931]    __FlashLen=0x00000000
[20:33:12.931]    __FlashArg=0x00000000
[20:33:12.931]    __FlashOp=0x00000000
[20:33:12.931]    __Result=0x00000000
[20:33:12.931]    
[20:33:12.931]    // User-defined
[20:33:12.931]    DbgMCU_CR=0x00000007
[20:33:12.931]  </debugvars>
[20:33:12.931]  
[20:33:12.931]  <sequence name="DebugDeviceUnlock" Pname="" disable="false" info="">
[20:33:12.931]    <block atomic="false" info="">
[20:33:12.931]      Sequence("CheckID");
[20:33:12.931]        <sequence name="CheckID" Pname="" disable="false" info="">
[20:33:12.931]          <block atomic="false" info="">
[20:33:12.931]            __var pidr1 = 0;
[20:33:12.931]              // -> [pidr1 <= 0x00000000]
[20:33:12.931]            __var pidr2 = 0;
[20:33:12.931]              // -> [pidr2 <= 0x00000000]
[20:33:12.931]            __var jep106id = 0;
[20:33:12.931]              // -> [jep106id <= 0x00000000]
[20:33:12.931]            __var ROMTableBase = 0;
[20:33:12.931]              // -> [ROMTableBase <= 0x00000000]
[20:33:12.931]            __ap = 0;      // AHB-AP
[20:33:12.931]              // -> [__ap <= 0x00000000]
[20:33:12.931]            ROMTableBase = ReadAP(0xF8) & ~0x3;
[20:33:12.932]              // -> [ReadAP(0x000000F8) => 0xE00FF003]   (__dp=0x00000000, __ap=0x00000000)
[20:33:12.932]              // -> [ROMTableBase <= 0xE00FF000]
[20:33:12.932]            pidr1 = Read32(ROMTableBase + 0x0FE4);
[20:33:12.933]              // -> [Read32(0xE00FFFE4) => 0x00000004]   (__dp=0x00000000, __ap=0x00000000)
[20:33:12.933]              // -> [pidr1 <= 0x00000004]
[20:33:12.933]            pidr2 = Read32(ROMTableBase + 0x0FE8);
[20:33:12.933]              // -> [Read32(0xE00FFFE8) => 0x0000000A]   (__dp=0x00000000, __ap=0x00000000)
[20:33:12.933]              // -> [pidr2 <= 0x0000000A]
[20:33:12.934]            jep106id = ((pidr2 & 0x7) << 4 ) | ((pidr1 >> 4) & 0xF);
[20:33:12.934]              // -> [jep106id <= 0x00000020]
[20:33:12.934]          </block>
[20:33:12.934]          <control if="jep106id != 0x20" while="" timeout="0" info="">
[20:33:12.934]            // if-block "jep106id != 0x20"
[20:33:12.934]              // =>  FALSE
[20:33:12.934]            // skip if-block "jep106id != 0x20"
[20:33:12.934]          </control>
[20:33:12.934]        </sequence>
[20:33:12.934]    </block>
[20:33:12.934]  </sequence>
[20:33:12.934]  
[20:33:12.934]  **********  Sequence "DebugCoreStart"  (Context="Target Access", Pname="", info="")
[20:33:12.934]  
[20:33:12.934]  <debugvars>
[20:33:12.934]    // Pre-defined
[20:33:12.934]    __protocol=0x00010002      (Protocol="SWD", SWJ-DP="True")
[20:33:12.934]    __connection=0x00000201    (Connection Type="Debug", Reset Type="System Reset")
[20:33:12.934]    __dp=0x00000000
[20:33:12.934]    __ap=0x00000000
[20:33:12.934]    __traceout=0x00000000      (Trace Disabled)
[20:33:12.934]    __errorcontrol=0x00000000  (Skip Errors="False")
[20:33:12.934]    __FlashAddr=0x00000000
[20:33:12.934]    __FlashLen=0x00000000
[20:33:12.934]    __FlashArg=0x00000000
[20:33:12.934]    __FlashOp=0x00000000
[20:33:12.935]    __Result=0x00000000
[20:33:12.935]    
[20:33:12.935]    // User-defined
[20:33:12.935]    DbgMCU_CR=0x00000007
[20:33:12.935]  </debugvars>
[20:33:12.935]  
[20:33:12.935]  <sequence name="DebugCoreStart" Pname="" disable="false" info="">
[20:33:12.935]    <block atomic="false" info="">
[20:33:12.935]      Write32(0xE000EDF0, 0xA05F0001);                                        // Enable Core Debug via DHCSR
[20:33:12.935]        // -> [Write32(0xE000EDF0, 0xA05F0001)]   (__dp=0x00000000, __ap=0x00000000)
[20:33:12.935]      Write32(0xE0042004, DbgMCU_CR);                                         // DBGMCU_CR: Configure MCU Debug
[20:33:12.936]        // -> [Write32(0xE0042004, 0x00000007)]   (__dp=0x00000000, __ap=0x00000000)
[20:33:12.936]    </block>
[20:33:12.936]  </sequence>
[20:33:12.936]  
