/*
 *  CMSIS Pack Debug Access Sequence Log
 *  File        : C:\Users\16117\Desktop\stm32_jx\stm32_car\project_Sequences_0000.log
 *  Created     : 03:48:47 (12/07/2025)
 *  Device      : STM32F103C8
 *  PDSC File   : C:/Users/16117/AppData/Local/Arm/Packs/Keil/STM32F1xx_DFP/2.3.0/Keil.STM32F1xx_DFP.pdsc
 *  Config File : C:\Users\16117\Desktop\stm32_jx\stm32_car\DebugConfig\Target_1_STM32F103C8_1.0.0.dbgconf
 *
 */

[03:48:47.312]  **********  Sequence "DebugDeviceUnlock"  (Context="Target Access", Pname="", info="")
[03:48:47.312]  
[03:48:47.313]  <debugvars>
[03:48:47.313]    // Pre-defined
[03:48:47.313]    __protocol=0x00010002      (Protocol="SWD", SWJ-DP="True")
[03:48:47.313]    __connection=0x00000202    (Connection Type="Flash", Reset Type="System Reset")
[03:48:47.314]    __dp=0x00000000
[03:48:47.314]    __ap=0x00000000
[03:48:47.314]    __traceout=0x00000000      (Trace Disabled)
[03:48:47.314]    __errorcontrol=0x00000000  (Skip Errors="False")
[03:48:47.314]    __FlashAddr=0x00000000
[03:48:47.314]    __FlashLen=0x00000000
[03:48:47.314]    __FlashArg=0x00000000
[03:48:47.314]    __FlashOp=0x00000000
[03:48:47.314]    __Result=0x00000000
[03:48:47.314]    
[03:48:47.314]    // User-defined
[03:48:47.314]    DbgMCU_CR=0x00000007
[03:48:47.314]  </debugvars>
[03:48:47.314]  
[03:48:47.314]  <sequence name="DebugDeviceUnlock" Pname="" disable="false" info="">
[03:48:47.314]    <block atomic="false" info="">
[03:48:47.314]      Sequence("CheckID");
[03:48:47.315]        <sequence name="CheckID" Pname="" disable="false" info="">
[03:48:47.315]          <block atomic="false" info="">
[03:48:47.315]            __var pidr1 = 0;
[03:48:47.315]              // -> [pidr1 <= 0x00000000]
[03:48:47.315]            __var pidr2 = 0;
[03:48:47.315]              // -> [pidr2 <= 0x00000000]
[03:48:47.315]            __var jep106id = 0;
[03:48:47.315]              // -> [jep106id <= 0x00000000]
[03:48:47.315]            __var ROMTableBase = 0;
[03:48:47.315]              // -> [ROMTableBase <= 0x00000000]
[03:48:47.315]            __ap = 0;      // AHB-AP
[03:48:47.315]              // -> [__ap <= 0x00000000]
[03:48:47.315]            ROMTableBase = ReadAP(0xF8) & ~0x3;
[03:48:47.315]              // -> [ReadAP(0x000000F8) => 0xE00FF003]   (__dp=0x00000000, __ap=0x00000000)
[03:48:47.315]              // -> [ROMTableBase <= 0xE00FF000]
[03:48:47.316]            pidr1 = Read32(ROMTableBase + 0x0FE4);
[03:48:47.316]              // -> [Read32(0xE00FFFE4) => 0x00000004]   (__dp=0x00000000, __ap=0x00000000)
[03:48:47.316]              // -> [pidr1 <= 0x00000004]
[03:48:47.316]            pidr2 = Read32(ROMTableBase + 0x0FE8);
[03:48:47.316]              // -> [Read32(0xE00FFFE8) => 0x0000000A]   (__dp=0x00000000, __ap=0x00000000)
[03:48:47.316]              // -> [pidr2 <= 0x0000000A]
[03:48:47.316]            jep106id = ((pidr2 & 0x7) << 4 ) | ((pidr1 >> 4) & 0xF);
[03:48:47.316]              // -> [jep106id <= 0x00000020]
[03:48:47.317]          </block>
[03:48:47.317]          <control if="jep106id != 0x20" while="" timeout="0" info="">
[03:48:47.317]            // if-block "jep106id != 0x20"
[03:48:47.317]              // =>  FALSE
[03:48:47.317]            // skip if-block "jep106id != 0x20"
[03:48:47.317]          </control>
[03:48:47.317]        </sequence>
[03:48:47.317]    </block>
[03:48:47.317]  </sequence>
[03:48:47.317]  
[03:48:47.317]  **********  Sequence "DebugCoreStart"  (Context="Target Access", Pname="", info="")
[03:48:47.317]  
[03:48:47.317]  <debugvars>
[03:48:47.317]    // Pre-defined
[03:48:47.317]    __protocol=0x00010002      (Protocol="SWD", SWJ-DP="True")
[03:48:47.317]    __connection=0x00000202    (Connection Type="Flash", Reset Type="System Reset")
[03:48:47.317]    __dp=0x00000000
[03:48:47.317]    __ap=0x00000000
[03:48:47.317]    __traceout=0x00000000      (Trace Disabled)
[03:48:47.317]    __errorcontrol=0x00000000  (Skip Errors="False")
[03:48:47.317]    __FlashAddr=0x00000000
[03:48:47.317]    __FlashLen=0x00000000
[03:48:47.317]    __FlashArg=0x00000000
[03:48:47.318]    __FlashOp=0x00000000
[03:48:47.318]    __Result=0x00000000
[03:48:47.318]    
[03:48:47.318]    // User-defined
[03:48:47.318]    DbgMCU_CR=0x00000007
[03:48:47.318]  </debugvars>
[03:48:47.318]  
[03:48:47.318]  <sequence name="DebugCoreStart" Pname="" disable="false" info="">
[03:48:47.318]    <block atomic="false" info="">
[03:48:47.318]      Write32(0xE000EDF0, 0xA05F0001);                                        // Enable Core Debug via DHCSR
[03:48:47.318]        // -> [Write32(0xE000EDF0, 0xA05F0001)]   (__dp=0x00000000, __ap=0x00000000)
[03:48:47.318]      Write32(0xE0042004, DbgMCU_CR);                                         // DBGMCU_CR: Configure MCU Debug
[03:48:47.318]        // -> [Write32(0xE0042004, 0x00000007)]   (__dp=0x00000000, __ap=0x00000000)
[03:48:47.318]    </block>
[03:48:47.318]  </sequence>
[03:48:47.318]  
[03:48:52.557]  **********  Sequence "DebugDeviceUnlock"  (Context="Target Access", Pname="", info="")
[03:48:52.557]  
[03:48:52.564]  <debugvars>
[03:48:52.564]    // Pre-defined
[03:48:52.564]    __protocol=0x00010002      (Protocol="SWD", SWJ-DP="True")
[03:48:52.564]    __connection=0x00000201    (Connection Type="Debug", Reset Type="System Reset")
[03:48:52.564]    __dp=0x00000000
[03:48:52.564]    __ap=0x00000000
[03:48:52.564]    __traceout=0x00000000      (Trace Disabled)
[03:48:52.564]    __errorcontrol=0x00000000  (Skip Errors="False")
[03:48:52.564]    __FlashAddr=0x00000000
[03:48:52.564]    __FlashLen=0x00000000
[03:48:52.564]    __FlashArg=0x00000000
[03:48:52.564]    __FlashOp=0x00000000
[03:48:52.564]    __Result=0x00000000
[03:48:52.565]    
[03:48:52.565]    // User-defined
[03:48:52.565]    DbgMCU_CR=0x00000007
[03:48:52.565]  </debugvars>
[03:48:52.565]  
[03:48:52.565]  <sequence name="DebugDeviceUnlock" Pname="" disable="false" info="">
[03:48:52.565]    <block atomic="false" info="">
[03:48:52.565]      Sequence("CheckID");
[03:48:52.565]        <sequence name="CheckID" Pname="" disable="false" info="">
[03:48:52.565]          <block atomic="false" info="">
[03:48:52.565]            __var pidr1 = 0;
[03:48:52.565]              // -> [pidr1 <= 0x00000000]
[03:48:52.565]            __var pidr2 = 0;
[03:48:52.566]              // -> [pidr2 <= 0x00000000]
[03:48:52.566]            __var jep106id = 0;
[03:48:52.566]              // -> [jep106id <= 0x00000000]
[03:48:52.566]            __var ROMTableBase = 0;
[03:48:52.566]              // -> [ROMTableBase <= 0x00000000]
[03:48:52.566]            __ap = 0;      // AHB-AP
[03:48:52.566]              // -> [__ap <= 0x00000000]
[03:48:52.566]            ROMTableBase = ReadAP(0xF8) & ~0x3;
[03:48:52.566]              // -> [ReadAP(0x000000F8) => 0xE00FF003]   (__dp=0x00000000, __ap=0x00000000)
[03:48:52.566]              // -> [ROMTableBase <= 0xE00FF000]
[03:48:52.566]            pidr1 = Read32(ROMTableBase + 0x0FE4);
[03:48:52.567]              // -> [Read32(0xE00FFFE4) => 0x00000004]   (__dp=0x00000000, __ap=0x00000000)
[03:48:52.567]              // -> [pidr1 <= 0x00000004]
[03:48:52.567]            pidr2 = Read32(ROMTableBase + 0x0FE8);
[03:48:52.567]              // -> [Read32(0xE00FFFE8) => 0x0000000A]   (__dp=0x00000000, __ap=0x00000000)
[03:48:52.567]              // -> [pidr2 <= 0x0000000A]
[03:48:52.567]            jep106id = ((pidr2 & 0x7) << 4 ) | ((pidr1 >> 4) & 0xF);
[03:48:52.568]              // -> [jep106id <= 0x00000020]
[03:48:52.568]          </block>
[03:48:52.568]          <control if="jep106id != 0x20" while="" timeout="0" info="">
[03:48:52.568]            // if-block "jep106id != 0x20"
[03:48:52.568]              // =>  FALSE
[03:48:52.568]            // skip if-block "jep106id != 0x20"
[03:48:52.568]          </control>
[03:48:52.568]        </sequence>
[03:48:52.568]    </block>
[03:48:52.568]  </sequence>
[03:48:52.568]  
[03:48:52.568]  **********  Sequence "DebugCoreStart"  (Context="Target Access", Pname="", info="")
[03:48:52.568]  
[03:48:52.568]  <debugvars>
[03:48:52.568]    // Pre-defined
[03:48:52.568]    __protocol=0x00010002      (Protocol="SWD", SWJ-DP="True")
[03:48:52.568]    __connection=0x00000201    (Connection Type="Debug", Reset Type="System Reset")
[03:48:52.568]    __dp=0x00000000
[03:48:52.568]    __ap=0x00000000
[03:48:52.568]    __traceout=0x00000000      (Trace Disabled)
[03:48:52.568]    __errorcontrol=0x00000000  (Skip Errors="False")
[03:48:52.568]    __FlashAddr=0x00000000
[03:48:52.568]    __FlashLen=0x00000000
[03:48:52.568]    __FlashArg=0x00000000
[03:48:52.568]    __FlashOp=0x00000000
[03:48:52.568]    __Result=0x00000000
[03:48:52.568]    
[03:48:52.568]    // User-defined
[03:48:52.568]    DbgMCU_CR=0x00000007
[03:48:52.569]  </debugvars>
[03:48:52.569]  
[03:48:52.569]  <sequence name="DebugCoreStart" Pname="" disable="false" info="">
[03:48:52.569]    <block atomic="false" info="">
[03:48:52.569]      Write32(0xE000EDF0, 0xA05F0001);                                        // Enable Core Debug via DHCSR
[03:48:52.569]        // -> [Write32(0xE000EDF0, 0xA05F0001)]   (__dp=0x00000000, __ap=0x00000000)
[03:48:52.569]      Write32(0xE0042004, DbgMCU_CR);                                         // DBGMCU_CR: Configure MCU Debug
[03:48:52.570]        // -> [Write32(0xE0042004, 0x00000007)]   (__dp=0x00000000, __ap=0x00000000)
[03:48:52.570]    </block>
[03:48:52.570]  </sequence>
[03:48:52.570]  
[03:51:24.206]  **********  Sequence "DebugDeviceUnlock"  (Context="Target Access", Pname="", info="")
[03:51:24.206]  
[03:51:24.214]  <debugvars>
[03:51:24.214]    // Pre-defined
[03:51:24.214]    __protocol=0x00010002      (Protocol="SWD", SWJ-DP="True")
[03:51:24.214]    __connection=0x00000201    (Connection Type="Debug", Reset Type="System Reset")
[03:51:24.214]    __dp=0x00000000
[03:51:24.214]    __ap=0x00000000
[03:51:24.214]    __traceout=0x00000000      (Trace Disabled)
[03:51:24.214]    __errorcontrol=0x00000000  (Skip Errors="False")
[03:51:24.214]    __FlashAddr=0x00000000
[03:51:24.214]    __FlashLen=0x00000000
[03:51:24.214]    __FlashArg=0x00000000
[03:51:24.214]    __FlashOp=0x00000000
[03:51:24.214]    __Result=0x00000000
[03:51:24.214]    
[03:51:24.214]    // User-defined
[03:51:24.214]    DbgMCU_CR=0x00000007
[03:51:24.214]  </debugvars>
[03:51:24.214]  
[03:51:24.214]  <sequence name="DebugDeviceUnlock" Pname="" disable="false" info="">
[03:51:24.214]    <block atomic="false" info="">
[03:51:24.214]      Sequence("CheckID");
[03:51:24.215]        <sequence name="CheckID" Pname="" disable="false" info="">
[03:51:24.215]          <block atomic="false" info="">
[03:51:24.215]            __var pidr1 = 0;
[03:51:24.215]              // -> [pidr1 <= 0x00000000]
[03:51:24.215]            __var pidr2 = 0;
[03:51:24.215]              // -> [pidr2 <= 0x00000000]
[03:51:24.215]            __var jep106id = 0;
[03:51:24.215]              // -> [jep106id <= 0x00000000]
[03:51:24.215]            __var ROMTableBase = 0;
[03:51:24.215]              // -> [ROMTableBase <= 0x00000000]
[03:51:24.215]            __ap = 0;      // AHB-AP
[03:51:24.215]              // -> [__ap <= 0x00000000]
[03:51:24.215]            ROMTableBase = ReadAP(0xF8) & ~0x3;
[03:51:24.215]              // -> [ReadAP(0x000000F8) => 0xE00FF003]   (__dp=0x00000000, __ap=0x00000000)
[03:51:24.215]              // -> [ROMTableBase <= 0xE00FF000]
[03:51:24.215]            pidr1 = Read32(ROMTableBase + 0x0FE4);
[03:51:24.216]              // -> [Read32(0xE00FFFE4) => 0x00000004]   (__dp=0x00000000, __ap=0x00000000)
[03:51:24.216]              // -> [pidr1 <= 0x00000004]
[03:51:24.216]            pidr2 = Read32(ROMTableBase + 0x0FE8);
[03:51:24.216]              // -> [Read32(0xE00FFFE8) => 0x0000000A]   (__dp=0x00000000, __ap=0x00000000)
[03:51:24.216]              // -> [pidr2 <= 0x0000000A]
[03:51:24.216]            jep106id = ((pidr2 & 0x7) << 4 ) | ((pidr1 >> 4) & 0xF);
[03:51:24.216]              // -> [jep106id <= 0x00000020]
[03:51:24.216]          </block>
[03:51:24.216]          <control if="jep106id != 0x20" while="" timeout="0" info="">
[03:51:24.216]            // if-block "jep106id != 0x20"
[03:51:24.216]              // =>  FALSE
[03:51:24.216]            // skip if-block "jep106id != 0x20"
[03:51:24.217]          </control>
[03:51:24.217]        </sequence>
[03:51:24.217]    </block>
[03:51:24.217]  </sequence>
[03:51:24.217]  
[03:51:24.217]  **********  Sequence "DebugCoreStart"  (Context="Target Access", Pname="", info="")
[03:51:24.217]  
[03:51:24.217]  <debugvars>
[03:51:24.217]    // Pre-defined
[03:51:24.217]    __protocol=0x00010002      (Protocol="SWD", SWJ-DP="True")
[03:51:24.217]    __connection=0x00000201    (Connection Type="Debug", Reset Type="System Reset")
[03:51:24.217]    __dp=0x00000000
[03:51:24.217]    __ap=0x00000000
[03:51:24.217]    __traceout=0x00000000      (Trace Disabled)
[03:51:24.217]    __errorcontrol=0x00000000  (Skip Errors="False")
[03:51:24.217]    __FlashAddr=0x00000000
[03:51:24.217]    __FlashLen=0x00000000
[03:51:24.217]    __FlashArg=0x00000000
[03:51:24.217]    __FlashOp=0x00000000
[03:51:24.217]    __Result=0x00000000
[03:51:24.217]    
[03:51:24.217]    // User-defined
[03:51:24.218]    DbgMCU_CR=0x00000007
[03:51:24.218]  </debugvars>
[03:51:24.218]  
[03:51:24.218]  <sequence name="DebugCoreStart" Pname="" disable="false" info="">
[03:51:24.218]    <block atomic="false" info="">
[03:51:24.218]      Write32(0xE000EDF0, 0xA05F0001);                                        // Enable Core Debug via DHCSR
[03:51:24.219]        // -> [Write32(0xE000EDF0, 0xA05F0001)]   (__dp=0x00000000, __ap=0x00000000)
[03:51:24.219]      Write32(0xE0042004, DbgMCU_CR);                                         // DBGMCU_CR: Configure MCU Debug
[03:51:24.219]        // -> [Write32(0xE0042004, 0x00000007)]   (__dp=0x00000000, __ap=0x00000000)
[03:51:24.219]    </block>
[03:51:24.219]  </sequence>
[03:51:24.219]  
[03:53:29.714]  **********  Sequence "DebugDeviceUnlock"  (Context="Target Access", Pname="", info="")
[03:53:29.714]  
[03:53:29.720]  <debugvars>
[03:53:29.720]    // Pre-defined
[03:53:29.720]    __protocol=0x00010002      (Protocol="SWD", SWJ-DP="True")
[03:53:29.720]    __connection=0x00000201    (Connection Type="Debug", Reset Type="System Reset")
[03:53:29.720]    __dp=0x00000000
[03:53:29.720]    __ap=0x00000000
[03:53:29.720]    __traceout=0x00000000      (Trace Disabled)
[03:53:29.720]    __errorcontrol=0x00000000  (Skip Errors="False")
[03:53:29.721]    __FlashAddr=0x00000000
[03:53:29.721]    __FlashLen=0x00000000
[03:53:29.721]    __FlashArg=0x00000000
[03:53:29.721]    __FlashOp=0x00000000
[03:53:29.721]    __Result=0x00000000
[03:53:29.721]    
[03:53:29.721]    // User-defined
[03:53:29.721]    DbgMCU_CR=0x00000007
[03:53:29.721]  </debugvars>
[03:53:29.721]  
[03:53:29.721]  <sequence name="DebugDeviceUnlock" Pname="" disable="false" info="">
[03:53:29.721]    <block atomic="false" info="">
[03:53:29.721]      Sequence("CheckID");
[03:53:29.721]        <sequence name="CheckID" Pname="" disable="false" info="">
[03:53:29.721]          <block atomic="false" info="">
[03:53:29.721]            __var pidr1 = 0;
[03:53:29.721]              // -> [pidr1 <= 0x00000000]
[03:53:29.721]            __var pidr2 = 0;
[03:53:29.721]              // -> [pidr2 <= 0x00000000]
[03:53:29.721]            __var jep106id = 0;
[03:53:29.721]              // -> [jep106id <= 0x00000000]
[03:53:29.721]            __var ROMTableBase = 0;
[03:53:29.721]              // -> [ROMTableBase <= 0x00000000]
[03:53:29.721]            __ap = 0;      // AHB-AP
[03:53:29.721]              // -> [__ap <= 0x00000000]
[03:53:29.722]            ROMTableBase = ReadAP(0xF8) & ~0x3;
[03:53:29.722]              // -> [ReadAP(0x000000F8) => 0xE00FF003]   (__dp=0x00000000, __ap=0x00000000)
[03:53:29.722]              // -> [ROMTableBase <= 0xE00FF000]
[03:53:29.722]            pidr1 = Read32(ROMTableBase + 0x0FE4);
[03:53:29.722]              // -> [Read32(0xE00FFFE4) => 0x00000004]   (__dp=0x00000000, __ap=0x00000000)
[03:53:29.722]              // -> [pidr1 <= 0x00000004]
[03:53:29.722]            pidr2 = Read32(ROMTableBase + 0x0FE8);
[03:53:29.723]              // -> [Read32(0xE00FFFE8) => 0x0000000A]   (__dp=0x00000000, __ap=0x00000000)
[03:53:29.723]              // -> [pidr2 <= 0x0000000A]
[03:53:29.723]            jep106id = ((pidr2 & 0x7) << 4 ) | ((pidr1 >> 4) & 0xF);
[03:53:29.723]              // -> [jep106id <= 0x00000020]
[03:53:29.723]          </block>
[03:53:29.723]          <control if="jep106id != 0x20" while="" timeout="0" info="">
[03:53:29.723]            // if-block "jep106id != 0x20"
[03:53:29.723]              // =>  FALSE
[03:53:29.723]            // skip if-block "jep106id != 0x20"
[03:53:29.723]          </control>
[03:53:29.723]        </sequence>
[03:53:29.723]    </block>
[03:53:29.723]  </sequence>
[03:53:29.723]  
[03:53:29.723]  **********  Sequence "DebugCoreStart"  (Context="Target Access", Pname="", info="")
[03:53:29.723]  
[03:53:29.723]  <debugvars>
[03:53:29.723]    // Pre-defined
[03:53:29.723]    __protocol=0x00010002      (Protocol="SWD", SWJ-DP="True")
[03:53:29.724]    __connection=0x00000201    (Connection Type="Debug", Reset Type="System Reset")
[03:53:29.724]    __dp=0x00000000
[03:53:29.724]    __ap=0x00000000
[03:53:29.724]    __traceout=0x00000000      (Trace Disabled)
[03:53:29.724]    __errorcontrol=0x00000000  (Skip Errors="False")
[03:53:29.724]    __FlashAddr=0x00000000
[03:53:29.724]    __FlashLen=0x00000000
[03:53:29.724]    __FlashArg=0x00000000
[03:53:29.724]    __FlashOp=0x00000000
[03:53:29.724]    __Result=0x00000000
[03:53:29.724]    
[03:53:29.724]    // User-defined
[03:53:29.724]    DbgMCU_CR=0x00000007
[03:53:29.724]  </debugvars>
[03:53:29.724]  
[03:53:29.724]  <sequence name="DebugCoreStart" Pname="" disable="false" info="">
[03:53:29.724]    <block atomic="false" info="">
[03:53:29.724]      Write32(0xE000EDF0, 0xA05F0001);                                        // Enable Core Debug via DHCSR
[03:53:29.724]        // -> [Write32(0xE000EDF0, 0xA05F0001)]   (__dp=0x00000000, __ap=0x00000000)
[03:53:29.725]      Write32(0xE0042004, DbgMCU_CR);                                         // DBGMCU_CR: Configure MCU Debug
[03:53:29.725]        // -> [Write32(0xE0042004, 0x00000007)]   (__dp=0x00000000, __ap=0x00000000)
[03:53:29.725]    </block>
[03:53:29.725]  </sequence>
[03:53:29.725]  
[04:11:37.047]  **********  Sequence "DebugDeviceUnlock"  (Context="Target Access", Pname="", info="")
[04:11:37.047]  
[04:11:37.047]  <debugvars>
[04:11:37.047]    // Pre-defined
[04:11:37.047]    __protocol=0x00010002      (Protocol="SWD", SWJ-DP="True")
[04:11:37.047]    __connection=0x00000202    (Connection Type="Flash", Reset Type="System Reset")
[04:11:37.047]    __dp=0x00000000
[04:11:37.047]    __ap=0x00000000
[04:11:37.047]    __traceout=0x00000000      (Trace Disabled)
[04:11:37.047]    __errorcontrol=0x00000000  (Skip Errors="False")
[04:11:37.047]    __FlashAddr=0x00000000
[04:11:37.047]    __FlashLen=0x00000000
[04:11:37.048]    __FlashArg=0x00000000
[04:11:37.048]    __FlashOp=0x00000000
[04:11:37.048]    __Result=0x00000000
[04:11:37.048]    
[04:11:37.048]    // User-defined
[04:11:37.049]    DbgMCU_CR=0x00000007
[04:11:37.049]  </debugvars>
[04:11:37.049]  
[04:11:37.049]  <sequence name="DebugDeviceUnlock" Pname="" disable="false" info="">
[04:11:37.049]    <block atomic="false" info="">
[04:11:37.049]      Sequence("CheckID");
[04:11:37.049]        <sequence name="CheckID" Pname="" disable="false" info="">
[04:11:37.049]          <block atomic="false" info="">
[04:11:37.049]            __var pidr1 = 0;
[04:11:37.049]              // -> [pidr1 <= 0x00000000]
[04:11:37.049]            __var pidr2 = 0;
[04:11:37.049]              // -> [pidr2 <= 0x00000000]
[04:11:37.050]            __var jep106id = 0;
[04:11:37.050]              // -> [jep106id <= 0x00000000]
[04:11:37.050]            __var ROMTableBase = 0;
[04:11:37.050]              // -> [ROMTableBase <= 0x00000000]
[04:11:37.050]            __ap = 0;      // AHB-AP
[04:11:37.050]              // -> [__ap <= 0x00000000]
[04:11:37.050]            ROMTableBase = ReadAP(0xF8) & ~0x3;
[04:11:37.050]              // -> [ReadAP(0x000000F8) => 0xE00FF003]   (__dp=0x00000000, __ap=0x00000000)
[04:11:37.050]              // -> [ROMTableBase <= 0xE00FF000]
[04:11:37.050]            pidr1 = Read32(ROMTableBase + 0x0FE4);
[04:11:37.051]              // -> [Read32(0xE00FFFE4) => 0x00000004]   (__dp=0x00000000, __ap=0x00000000)
[04:11:37.051]              // -> [pidr1 <= 0x00000004]
[04:11:37.051]            pidr2 = Read32(ROMTableBase + 0x0FE8);
[04:11:37.052]              // -> [Read32(0xE00FFFE8) => 0x0000000A]   (__dp=0x00000000, __ap=0x00000000)
[04:11:37.052]              // -> [pidr2 <= 0x0000000A]
[04:11:37.052]            jep106id = ((pidr2 & 0x7) << 4 ) | ((pidr1 >> 4) & 0xF);
[04:11:37.052]              // -> [jep106id <= 0x00000020]
[04:11:37.052]          </block>
[04:11:37.052]          <control if="jep106id != 0x20" while="" timeout="0" info="">
[04:11:37.052]            // if-block "jep106id != 0x20"
[04:11:37.052]              // =>  FALSE
[04:11:37.052]            // skip if-block "jep106id != 0x20"
[04:11:37.052]          </control>
[04:11:37.052]        </sequence>
[04:11:37.052]    </block>
[04:11:37.052]  </sequence>
[04:11:37.052]  
[04:11:37.053]  **********  Sequence "DebugCoreStart"  (Context="Target Access", Pname="", info="")
[04:11:37.053]  
[04:11:37.053]  <debugvars>
[04:11:37.053]    // Pre-defined
[04:11:37.053]    __protocol=0x00010002      (Protocol="SWD", SWJ-DP="True")
[04:11:37.053]    __connection=0x00000202    (Connection Type="Flash", Reset Type="System Reset")
[04:11:37.053]    __dp=0x00000000
[04:11:37.053]    __ap=0x00000000
[04:11:37.053]    __traceout=0x00000000      (Trace Disabled)
[04:11:37.053]    __errorcontrol=0x00000000  (Skip Errors="False")
[04:11:37.053]    __FlashAddr=0x00000000
[04:11:37.053]    __FlashLen=0x00000000
[04:11:37.053]    __FlashArg=0x00000000
[04:11:37.053]    __FlashOp=0x00000000
[04:11:37.053]    __Result=0x00000000
[04:11:37.053]    
[04:11:37.053]    // User-defined
[04:11:37.053]    DbgMCU_CR=0x00000007
[04:11:37.053]  </debugvars>
[04:11:37.053]  
[04:11:37.053]  <sequence name="DebugCoreStart" Pname="" disable="false" info="">
[04:11:37.053]    <block atomic="false" info="">
[04:11:37.054]      Write32(0xE000EDF0, 0xA05F0001);                                        // Enable Core Debug via DHCSR
[04:11:37.054]        // -> [Write32(0xE000EDF0, 0xA05F0001)]   (__dp=0x00000000, __ap=0x00000000)
[04:11:37.054]      Write32(0xE0042004, DbgMCU_CR);                                         // DBGMCU_CR: Configure MCU Debug
[04:11:37.054]        // -> [Write32(0xE0042004, 0x00000007)]   (__dp=0x00000000, __ap=0x00000000)
[04:11:37.055]    </block>
[04:11:37.055]  </sequence>
[04:11:37.055]  
[04:11:42.704]  **********  Sequence "DebugDeviceUnlock"  (Context="Target Access", Pname="", info="")
[04:11:42.704]  
[04:11:42.704]  <debugvars>
[04:11:42.704]    // Pre-defined
[04:11:42.704]    __protocol=0x00010002      (Protocol="SWD", SWJ-DP="True")
[04:11:42.704]    __connection=0x00000201    (Connection Type="Debug", Reset Type="System Reset")
[04:11:42.704]    __dp=0x00000000
[04:11:42.704]    __ap=0x00000000
[04:11:42.704]    __traceout=0x00000000      (Trace Disabled)
[04:11:42.704]    __errorcontrol=0x00000000  (Skip Errors="False")
[04:11:42.705]    __FlashAddr=0x00000000
[04:11:42.705]    __FlashLen=0x00000000
[04:11:42.705]    __FlashArg=0x00000000
[04:11:42.705]    __FlashOp=0x00000000
[04:11:42.705]    __Result=0x00000000
[04:11:42.705]    
[04:11:42.705]    // User-defined
[04:11:42.705]    DbgMCU_CR=0x00000007
[04:11:42.705]  </debugvars>
[04:11:42.705]  
[04:11:42.705]  <sequence name="DebugDeviceUnlock" Pname="" disable="false" info="">
[04:11:42.705]    <block atomic="false" info="">
[04:11:42.705]      Sequence("CheckID");
[04:11:42.705]        <sequence name="CheckID" Pname="" disable="false" info="">
[04:11:42.705]          <block atomic="false" info="">
[04:11:42.706]            __var pidr1 = 0;
[04:11:42.706]              // -> [pidr1 <= 0x00000000]
[04:11:42.706]            __var pidr2 = 0;
[04:11:42.706]              // -> [pidr2 <= 0x00000000]
[04:11:42.706]            __var jep106id = 0;
[04:11:42.706]              // -> [jep106id <= 0x00000000]
[04:11:42.706]            __var ROMTableBase = 0;
[04:11:42.706]              // -> [ROMTableBase <= 0x00000000]
[04:11:42.706]            __ap = 0;      // AHB-AP
[04:11:42.706]              // -> [__ap <= 0x00000000]
[04:11:42.706]            ROMTableBase = ReadAP(0xF8) & ~0x3;
[04:11:42.706]              // -> [ReadAP(0x000000F8) => 0xE00FF003]   (__dp=0x00000000, __ap=0x00000000)
[04:11:42.706]              // -> [ROMTableBase <= 0xE00FF000]
[04:11:42.706]            pidr1 = Read32(ROMTableBase + 0x0FE4);
[04:11:42.707]              // -> [Read32(0xE00FFFE4) => 0x00000004]   (__dp=0x00000000, __ap=0x00000000)
[04:11:42.707]              // -> [pidr1 <= 0x00000004]
[04:11:42.707]            pidr2 = Read32(ROMTableBase + 0x0FE8);
[04:11:42.708]              // -> [Read32(0xE00FFFE8) => 0x0000000A]   (__dp=0x00000000, __ap=0x00000000)
[04:11:42.708]              // -> [pidr2 <= 0x0000000A]
[04:11:42.708]            jep106id = ((pidr2 & 0x7) << 4 ) | ((pidr1 >> 4) & 0xF);
[04:11:42.708]              // -> [jep106id <= 0x00000020]
[04:11:42.708]          </block>
[04:11:42.708]          <control if="jep106id != 0x20" while="" timeout="0" info="">
[04:11:42.708]            // if-block "jep106id != 0x20"
[04:11:42.708]              // =>  FALSE
[04:11:42.708]            // skip if-block "jep106id != 0x20"
[04:11:42.708]          </control>
[04:11:42.708]        </sequence>
[04:11:42.708]    </block>
[04:11:42.708]  </sequence>
[04:11:42.708]  
[04:11:42.708]  **********  Sequence "DebugCoreStart"  (Context="Target Access", Pname="", info="")
[04:11:42.708]  
[04:11:42.708]  <debugvars>
[04:11:42.708]    // Pre-defined
[04:11:42.708]    __protocol=0x00010002      (Protocol="SWD", SWJ-DP="True")
[04:11:42.708]    __connection=0x00000201    (Connection Type="Debug", Reset Type="System Reset")
[04:11:42.709]    __dp=0x00000000
[04:11:42.709]    __ap=0x00000000
[04:11:42.709]    __traceout=0x00000000      (Trace Disabled)
[04:11:42.709]    __errorcontrol=0x00000000  (Skip Errors="False")
[04:11:42.709]    __FlashAddr=0x00000000
[04:11:42.709]    __FlashLen=0x00000000
[04:11:42.709]    __FlashArg=0x00000000
[04:11:42.709]    __FlashOp=0x00000000
[04:11:42.709]    __Result=0x00000000
[04:11:42.709]    
[04:11:42.709]    // User-defined
[04:11:42.709]    DbgMCU_CR=0x00000007
[04:11:42.709]  </debugvars>
[04:11:42.709]  
[04:11:42.709]  <sequence name="DebugCoreStart" Pname="" disable="false" info="">
[04:11:42.709]    <block atomic="false" info="">
[04:11:42.709]      Write32(0xE000EDF0, 0xA05F0001);                                        // Enable Core Debug via DHCSR
[04:11:42.710]        // -> [Write32(0xE000EDF0, 0xA05F0001)]   (__dp=0x00000000, __ap=0x00000000)
[04:11:42.710]      Write32(0xE0042004, DbgMCU_CR);                                         // DBGMCU_CR: Configure MCU Debug
[04:11:42.710]        // -> [Write32(0xE0042004, 0x00000007)]   (__dp=0x00000000, __ap=0x00000000)
[04:11:42.710]    </block>
[04:11:42.710]  </sequence>
[04:11:42.710]  
[04:20:14.051]  **********  Sequence "DebugDeviceUnlock"  (Context="Target Access", Pname="", info="")
[04:20:14.051]  
[04:20:14.051]  <debugvars>
[04:20:14.051]    // Pre-defined
[04:20:14.051]    __protocol=0x00010002      (Protocol="SWD", SWJ-DP="True")
[04:20:14.052]    __connection=0x00000201    (Connection Type="Debug", Reset Type="System Reset")
[04:20:14.052]    __dp=0x00000000
[04:20:14.052]    __ap=0x00000000
[04:20:14.052]    __traceout=0x00000000      (Trace Disabled)
[04:20:14.052]    __errorcontrol=0x00000000  (Skip Errors="False")
[04:20:14.052]    __FlashAddr=0x00000000
[04:20:14.052]    __FlashLen=0x00000000
[04:20:14.052]    __FlashArg=0x00000000
[04:20:14.052]    __FlashOp=0x00000000
[04:20:14.052]    __Result=0x00000000
[04:20:14.052]    
[04:20:14.052]    // User-defined
[04:20:14.052]    DbgMCU_CR=0x00000007
[04:20:14.052]  </debugvars>
[04:20:14.052]  
[04:20:14.052]  <sequence name="DebugDeviceUnlock" Pname="" disable="false" info="">
[04:20:14.052]    <block atomic="false" info="">
[04:20:14.052]      Sequence("CheckID");
[04:20:14.052]        <sequence name="CheckID" Pname="" disable="false" info="">
[04:20:14.052]          <block atomic="false" info="">
[04:20:14.052]            __var pidr1 = 0;
[04:20:14.052]              // -> [pidr1 <= 0x00000000]
[04:20:14.052]            __var pidr2 = 0;
[04:20:14.052]              // -> [pidr2 <= 0x00000000]
[04:20:14.052]            __var jep106id = 0;
[04:20:14.052]              // -> [jep106id <= 0x00000000]
[04:20:14.052]            __var ROMTableBase = 0;
[04:20:14.053]              // -> [ROMTableBase <= 0x00000000]
[04:20:14.053]            __ap = 0;      // AHB-AP
[04:20:14.053]              // -> [__ap <= 0x00000000]
[04:20:14.053]            ROMTableBase = ReadAP(0xF8) & ~0x3;
[04:20:14.053]              // -> [ReadAP(0x000000F8) => 0xE00FF003]   (__dp=0x00000000, __ap=0x00000000)
[04:20:14.053]              // -> [ROMTableBase <= 0xE00FF000]
[04:20:14.053]            pidr1 = Read32(ROMTableBase + 0x0FE4);
[04:20:14.053]              // -> [Read32(0xE00FFFE4) => 0x00000004]   (__dp=0x00000000, __ap=0x00000000)
[04:20:14.053]              // -> [pidr1 <= 0x00000004]
[04:20:14.053]            pidr2 = Read32(ROMTableBase + 0x0FE8);
[04:20:14.054]              // -> [Read32(0xE00FFFE8) => 0x0000000A]   (__dp=0x00000000, __ap=0x00000000)
[04:20:14.054]              // -> [pidr2 <= 0x0000000A]
[04:20:14.054]            jep106id = ((pidr2 & 0x7) << 4 ) | ((pidr1 >> 4) & 0xF);
[04:20:14.054]              // -> [jep106id <= 0x00000020]
[04:20:14.054]          </block>
[04:20:14.054]          <control if="jep106id != 0x20" while="" timeout="0" info="">
[04:20:14.054]            // if-block "jep106id != 0x20"
[04:20:14.054]              // =>  FALSE
[04:20:14.054]            // skip if-block "jep106id != 0x20"
[04:20:14.054]          </control>
[04:20:14.054]        </sequence>
[04:20:14.054]    </block>
[04:20:14.054]  </sequence>
[04:20:14.054]  
[04:20:14.054]  **********  Sequence "DebugCoreStart"  (Context="Target Access", Pname="", info="")
[04:20:14.054]  
[04:20:14.054]  <debugvars>
[04:20:14.054]    // Pre-defined
[04:20:14.054]    __protocol=0x00010002      (Protocol="SWD", SWJ-DP="True")
[04:20:14.054]    __connection=0x00000201    (Connection Type="Debug", Reset Type="System Reset")
[04:20:14.054]    __dp=0x00000000
[04:20:14.055]    __ap=0x00000000
[04:20:14.055]    __traceout=0x00000000      (Trace Disabled)
[04:20:14.055]    __errorcontrol=0x00000000  (Skip Errors="False")
[04:20:14.055]    __FlashAddr=0x00000000
[04:20:14.055]    __FlashLen=0x00000000
[04:20:14.055]    __FlashArg=0x00000000
[04:20:14.055]    __FlashOp=0x00000000
[04:20:14.055]    __Result=0x00000000
[04:20:14.055]    
[04:20:14.055]    // User-defined
[04:20:14.055]    DbgMCU_CR=0x00000007
[04:20:14.055]  </debugvars>
[04:20:14.055]  
[04:20:14.055]  <sequence name="DebugCoreStart" Pname="" disable="false" info="">
[04:20:14.055]    <block atomic="false" info="">
[04:20:14.055]      Write32(0xE000EDF0, 0xA05F0001);                                        // Enable Core Debug via DHCSR
[04:20:14.055]        // -> [Write32(0xE000EDF0, 0xA05F0001)]   (__dp=0x00000000, __ap=0x00000000)
[04:20:14.056]      Write32(0xE0042004, DbgMCU_CR);                                         // DBGMCU_CR: Configure MCU Debug
[04:20:14.056]        // -> [Write32(0xE0042004, 0x00000007)]   (__dp=0x00000000, __ap=0x00000000)
[04:20:14.056]    </block>
[04:20:14.056]  </sequence>
[04:20:14.056]  
[04:25:00.787]  **********  Sequence "DebugDeviceUnlock"  (Context="Target Access", Pname="", info="")
[04:25:00.787]  
[04:25:00.787]  <debugvars>
[04:25:00.787]    // Pre-defined
[04:25:00.787]    __protocol=0x00010002      (Protocol="SWD", SWJ-DP="True")
[04:25:00.787]    __connection=0x00000201    (Connection Type="Debug", Reset Type="System Reset")
[04:25:00.787]    __dp=0x00000000
[04:25:00.787]    __ap=0x00000000
[04:25:00.787]    __traceout=0x00000000      (Trace Disabled)
[04:25:00.787]    __errorcontrol=0x00000000  (Skip Errors="False")
[04:25:00.787]    __FlashAddr=0x00000000
[04:25:00.787]    __FlashLen=0x00000000
[04:25:00.787]    __FlashArg=0x00000000
[04:25:00.787]    __FlashOp=0x00000000
[04:25:00.787]    __Result=0x00000000
[04:25:00.787]    
[04:25:00.787]    // User-defined
[04:25:00.787]    DbgMCU_CR=0x00000007
[04:25:00.788]  </debugvars>
[04:25:00.788]  
[04:25:00.788]  <sequence name="DebugDeviceUnlock" Pname="" disable="false" info="">
[04:25:00.788]    <block atomic="false" info="">
[04:25:00.788]      Sequence("CheckID");
[04:25:00.788]        <sequence name="CheckID" Pname="" disable="false" info="">
[04:25:00.788]          <block atomic="false" info="">
[04:25:00.788]            __var pidr1 = 0;
[04:25:00.788]              // -> [pidr1 <= 0x00000000]
[04:25:00.788]            __var pidr2 = 0;
[04:25:00.788]              // -> [pidr2 <= 0x00000000]
[04:25:00.788]            __var jep106id = 0;
[04:25:00.788]              // -> [jep106id <= 0x00000000]
[04:25:00.788]            __var ROMTableBase = 0;
[04:25:00.788]              // -> [ROMTableBase <= 0x00000000]
[04:25:00.788]            __ap = 0;      // AHB-AP
[04:25:00.788]              // -> [__ap <= 0x00000000]
[04:25:00.788]            ROMTableBase = ReadAP(0xF8) & ~0x3;
[04:25:00.788]              // -> [ReadAP(0x000000F8) => 0xE00FF003]   (__dp=0x00000000, __ap=0x00000000)
[04:25:00.789]              // -> [ROMTableBase <= 0xE00FF000]
[04:25:00.789]            pidr1 = Read32(ROMTableBase + 0x0FE4);
[04:25:00.789]              // -> [Read32(0xE00FFFE4) => 0x00000004]   (__dp=0x00000000, __ap=0x00000000)
[04:25:00.789]              // -> [pidr1 <= 0x00000004]
[04:25:00.789]            pidr2 = Read32(ROMTableBase + 0x0FE8);
[04:25:00.789]              // -> [Read32(0xE00FFFE8) => 0x0000000A]   (__dp=0x00000000, __ap=0x00000000)
[04:25:00.789]              // -> [pidr2 <= 0x0000000A]
[04:25:00.789]            jep106id = ((pidr2 & 0x7) << 4 ) | ((pidr1 >> 4) & 0xF);
[04:25:00.789]              // -> [jep106id <= 0x00000020]
[04:25:00.789]          </block>
[04:25:00.791]          <control if="jep106id != 0x20" while="" timeout="0" info="">
[04:25:00.791]            // if-block "jep106id != 0x20"
[04:25:00.791]              // =>  FALSE
[04:25:00.791]            // skip if-block "jep106id != 0x20"
[04:25:00.791]          </control>
[04:25:00.791]        </sequence>
[04:25:00.791]    </block>
[04:25:00.791]  </sequence>
[04:25:00.791]  
[04:25:00.791]  **********  Sequence "DebugCoreStart"  (Context="Target Access", Pname="", info="")
[04:25:00.791]  
[04:25:00.791]  <debugvars>
[04:25:00.791]    // Pre-defined
[04:25:00.791]    __protocol=0x00010002      (Protocol="SWD", SWJ-DP="True")
[04:25:00.791]    __connection=0x00000201    (Connection Type="Debug", Reset Type="System Reset")
[04:25:00.791]    __dp=0x00000000
[04:25:00.791]    __ap=0x00000000
[04:25:00.791]    __traceout=0x00000000      (Trace Disabled)
[04:25:00.791]    __errorcontrol=0x00000000  (Skip Errors="False")
[04:25:00.791]    __FlashAddr=0x00000000
[04:25:00.791]    __FlashLen=0x00000000
[04:25:00.792]    __FlashArg=0x00000000
[04:25:00.792]    __FlashOp=0x00000000
[04:25:00.792]    __Result=0x00000000
[04:25:00.792]    
[04:25:00.792]    // User-defined
[04:25:00.792]    DbgMCU_CR=0x00000007
[04:25:00.792]  </debugvars>
[04:25:00.792]  
[04:25:00.792]  <sequence name="DebugCoreStart" Pname="" disable="false" info="">
[04:25:00.792]    <block atomic="false" info="">
[04:25:00.792]      Write32(0xE000EDF0, 0xA05F0001);                                        // Enable Core Debug via DHCSR
[04:25:00.792]        // -> [Write32(0xE000EDF0, 0xA05F0001)]   (__dp=0x00000000, __ap=0x00000000)
[04:25:00.792]      Write32(0xE0042004, DbgMCU_CR);                                         // DBGMCU_CR: Configure MCU Debug
[04:25:00.793]        // -> [Write32(0xE0042004, 0x00000007)]   (__dp=0x00000000, __ap=0x00000000)
[04:25:00.793]    </block>
[04:25:00.793]  </sequence>
[04:25:00.793]  
[04:26:49.397]  **********  Sequence "DebugDeviceUnlock"  (Context="Target Access", Pname="", info="")
[04:26:49.397]  
[04:26:49.397]  <debugvars>
[04:26:49.397]    // Pre-defined
[04:26:49.397]    __protocol=0x00010002      (Protocol="SWD", SWJ-DP="True")
[04:26:49.397]    __connection=0x00000202    (Connection Type="Flash", Reset Type="System Reset")
[04:26:49.397]    __dp=0x00000000
[04:26:49.397]    __ap=0x00000000
[04:26:49.397]    __traceout=0x00000000      (Trace Disabled)
[04:26:49.398]    __errorcontrol=0x00000000  (Skip Errors="False")
[04:26:49.398]    __FlashAddr=0x00000000
[04:26:49.398]    __FlashLen=0x00000000
[04:26:49.398]    __FlashArg=0x00000000
[04:26:49.398]    __FlashOp=0x00000000
[04:26:49.398]    __Result=0x00000000
[04:26:49.398]    
[04:26:49.398]    // User-defined
[04:26:49.398]    DbgMCU_CR=0x00000007
[04:26:49.399]  </debugvars>
[04:26:49.399]  
[04:26:49.399]  <sequence name="DebugDeviceUnlock" Pname="" disable="false" info="">
[04:26:49.399]    <block atomic="false" info="">
[04:26:49.399]      Sequence("CheckID");
[04:26:49.399]        <sequence name="CheckID" Pname="" disable="false" info="">
[04:26:49.399]          <block atomic="false" info="">
[04:26:49.399]            __var pidr1 = 0;
[04:26:49.400]              // -> [pidr1 <= 0x00000000]
[04:26:49.400]            __var pidr2 = 0;
[04:26:49.400]              // -> [pidr2 <= 0x00000000]
[04:26:49.400]            __var jep106id = 0;
[04:26:49.400]              // -> [jep106id <= 0x00000000]
[04:26:49.400]            __var ROMTableBase = 0;
[04:26:49.400]              // -> [ROMTableBase <= 0x00000000]
[04:26:49.400]            __ap = 0;      // AHB-AP
[04:26:49.400]              // -> [__ap <= 0x00000000]
[04:26:49.400]            ROMTableBase = ReadAP(0xF8) & ~0x3;
[04:26:49.401]              // -> [ReadAP(0x000000F8) => 0xE00FF003]   (__dp=0x00000000, __ap=0x00000000)
[04:26:49.401]              // -> [ROMTableBase <= 0xE00FF000]
[04:26:49.401]            pidr1 = Read32(ROMTableBase + 0x0FE4);
[04:26:49.401]              // -> [Read32(0xE00FFFE4) => 0x00000004]   (__dp=0x00000000, __ap=0x00000000)
[04:26:49.402]              // -> [pidr1 <= 0x00000004]
[04:26:49.402]            pidr2 = Read32(ROMTableBase + 0x0FE8);
[04:26:49.402]              // -> [Read32(0xE00FFFE8) => 0x0000000A]   (__dp=0x00000000, __ap=0x00000000)
[04:26:49.402]              // -> [pidr2 <= 0x0000000A]
[04:26:49.404]            jep106id = ((pidr2 & 0x7) << 4 ) | ((pidr1 >> 4) & 0xF);
[04:26:49.404]              // -> [jep106id <= 0x00000020]
[04:26:49.404]          </block>
[04:26:49.404]          <control if="jep106id != 0x20" while="" timeout="0" info="">
[04:26:49.404]            // if-block "jep106id != 0x20"
[04:26:49.404]              // =>  FALSE
[04:26:49.404]            // skip if-block "jep106id != 0x20"
[04:26:49.405]          </control>
[04:26:49.405]        </sequence>
[04:26:49.405]    </block>
[04:26:49.405]  </sequence>
[04:26:49.405]  
[04:26:49.405]  **********  Sequence "DebugCoreStart"  (Context="Target Access", Pname="", info="")
[04:26:49.405]  
[04:26:49.405]  <debugvars>
[04:26:49.406]    // Pre-defined
[04:26:49.406]    __protocol=0x00010002      (Protocol="SWD", SWJ-DP="True")
[04:26:49.406]    __connection=0x00000202    (Connection Type="Flash", Reset Type="System Reset")
[04:26:49.406]    __dp=0x00000000
[04:26:49.406]    __ap=0x00000000
[04:26:49.406]    __traceout=0x00000000      (Trace Disabled)
[04:26:49.406]    __errorcontrol=0x00000000  (Skip Errors="False")
[04:26:49.406]    __FlashAddr=0x00000000
[04:26:49.406]    __FlashLen=0x00000000
[04:26:49.407]    __FlashArg=0x00000000
[04:26:49.407]    __FlashOp=0x00000000
[04:26:49.407]    __Result=0x00000000
[04:26:49.407]    
[04:26:49.407]    // User-defined
[04:26:49.407]    DbgMCU_CR=0x00000007
[04:26:49.407]  </debugvars>
[04:26:49.407]  
[04:26:49.407]  <sequence name="DebugCoreStart" Pname="" disable="false" info="">
[04:26:49.407]    <block atomic="false" info="">
[04:26:49.408]      Write32(0xE000EDF0, 0xA05F0001);                                        // Enable Core Debug via DHCSR
[04:26:49.408]        // -> [Write32(0xE000EDF0, 0xA05F0001)]   (__dp=0x00000000, __ap=0x00000000)
[04:26:49.409]      Write32(0xE0042004, DbgMCU_CR);                                         // DBGMCU_CR: Configure MCU Debug
[04:26:49.409]        // -> [Write32(0xE0042004, 0x00000007)]   (__dp=0x00000000, __ap=0x00000000)
[04:26:49.409]    </block>
[04:26:49.410]  </sequence>
[04:26:49.410]  
[04:26:51.847]  **********  Sequence "DebugDeviceUnlock"  (Context="Target Access", Pname="", info="")
[04:26:51.847]  
[04:26:51.854]  <debugvars>
[04:26:51.855]    // Pre-defined
[04:26:51.855]    __protocol=0x00010002      (Protocol="SWD", SWJ-DP="True")
[04:26:51.855]    __connection=0x00000201    (Connection Type="Debug", Reset Type="System Reset")
[04:26:51.855]    __dp=0x00000000
[04:26:51.855]    __ap=0x00000000
[04:26:51.855]    __traceout=0x00000000      (Trace Disabled)
[04:26:51.855]    __errorcontrol=0x00000000  (Skip Errors="False")
[04:26:51.855]    __FlashAddr=0x00000000
[04:26:51.855]    __FlashLen=0x00000000
[04:26:51.855]    __FlashArg=0x00000000
[04:26:51.855]    __FlashOp=0x00000000
[04:26:51.855]    __Result=0x00000000
[04:26:51.855]    
[04:26:51.855]    // User-defined
[04:26:51.855]    DbgMCU_CR=0x00000007
[04:26:51.855]  </debugvars>
[04:26:51.855]  
[04:26:51.855]  <sequence name="DebugDeviceUnlock" Pname="" disable="false" info="">
[04:26:51.855]    <block atomic="false" info="">
[04:26:51.855]      Sequence("CheckID");
[04:26:51.855]        <sequence name="CheckID" Pname="" disable="false" info="">
[04:26:51.856]          <block atomic="false" info="">
[04:26:51.856]            __var pidr1 = 0;
[04:26:51.856]              // -> [pidr1 <= 0x00000000]
[04:26:51.856]            __var pidr2 = 0;
[04:26:51.856]              // -> [pidr2 <= 0x00000000]
[04:26:51.856]            __var jep106id = 0;
[04:26:51.856]              // -> [jep106id <= 0x00000000]
[04:26:51.856]            __var ROMTableBase = 0;
[04:26:51.856]              // -> [ROMTableBase <= 0x00000000]
[04:26:51.856]            __ap = 0;      // AHB-AP
[04:26:51.856]              // -> [__ap <= 0x00000000]
[04:26:51.856]            ROMTableBase = ReadAP(0xF8) & ~0x3;
[04:26:51.856]              // -> [ReadAP(0x000000F8) => 0xE00FF003]   (__dp=0x00000000, __ap=0x00000000)
[04:26:51.856]              // -> [ROMTableBase <= 0xE00FF000]
[04:26:51.856]            pidr1 = Read32(ROMTableBase + 0x0FE4);
[04:26:51.857]              // -> [Read32(0xE00FFFE4) => 0x00000004]   (__dp=0x00000000, __ap=0x00000000)
[04:26:51.857]              // -> [pidr1 <= 0x00000004]
[04:26:51.857]            pidr2 = Read32(ROMTableBase + 0x0FE8);
[04:26:51.857]              // -> [Read32(0xE00FFFE8) => 0x0000000A]   (__dp=0x00000000, __ap=0x00000000)
[04:26:51.858]              // -> [pidr2 <= 0x0000000A]
[04:26:51.858]            jep106id = ((pidr2 & 0x7) << 4 ) | ((pidr1 >> 4) & 0xF);
[04:26:51.858]              // -> [jep106id <= 0x00000020]
[04:26:51.858]          </block>
[04:26:51.858]          <control if="jep106id != 0x20" while="" timeout="0" info="">
[04:26:51.858]            // if-block "jep106id != 0x20"
[04:26:51.858]              // =>  FALSE
[04:26:51.858]            // skip if-block "jep106id != 0x20"
[04:26:51.858]          </control>
[04:26:51.858]        </sequence>
[04:26:51.858]    </block>
[04:26:51.858]  </sequence>
[04:26:51.858]  
[04:26:51.858]  **********  Sequence "DebugCoreStart"  (Context="Target Access", Pname="", info="")
[04:26:51.859]  
[04:26:51.859]  <debugvars>
[04:26:51.859]    // Pre-defined
[04:26:51.859]    __protocol=0x00010002      (Protocol="SWD", SWJ-DP="True")
[04:26:51.859]    __connection=0x00000201    (Connection Type="Debug", Reset Type="System Reset")
[04:26:51.859]    __dp=0x00000000
[04:26:51.859]    __ap=0x00000000
[04:26:51.859]    __traceout=0x00000000      (Trace Disabled)
[04:26:51.859]    __errorcontrol=0x00000000  (Skip Errors="False")
[04:26:51.859]    __FlashAddr=0x00000000
[04:26:51.859]    __FlashLen=0x00000000
[04:26:51.859]    __FlashArg=0x00000000
[04:26:51.859]    __FlashOp=0x00000000
[04:26:51.859]    __Result=0x00000000
[04:26:51.859]    
[04:26:51.859]    // User-defined
[04:26:51.859]    DbgMCU_CR=0x00000007
[04:26:51.859]  </debugvars>
[04:26:51.859]  
[04:26:51.859]  <sequence name="DebugCoreStart" Pname="" disable="false" info="">
[04:26:51.859]    <block atomic="false" info="">
[04:26:51.860]      Write32(0xE000EDF0, 0xA05F0001);                                        // Enable Core Debug via DHCSR
[04:26:51.860]        // -> [Write32(0xE000EDF0, 0xA05F0001)]   (__dp=0x00000000, __ap=0x00000000)
[04:26:51.860]      Write32(0xE0042004, DbgMCU_CR);                                         // DBGMCU_CR: Configure MCU Debug
[04:26:51.860]        // -> [Write32(0xE0042004, 0x00000007)]   (__dp=0x00000000, __ap=0x00000000)
[04:26:51.860]    </block>
[04:26:51.860]  </sequence>
[04:26:51.860]  
[04:35:18.776]  **********  Sequence "DebugDeviceUnlock"  (Context="Target Access", Pname="", info="")
[04:35:18.776]  
[04:35:18.784]  <debugvars>
[04:35:18.784]    // Pre-defined
[04:35:18.784]    __protocol=0x00010002      (Protocol="SWD", SWJ-DP="True")
[04:35:18.784]    __connection=0x00000202    (Connection Type="Flash", Reset Type="System Reset")
[04:35:18.785]    __dp=0x00000000
[04:35:18.785]    __ap=0x00000000
[04:35:18.785]    __traceout=0x00000000      (Trace Disabled)
[04:35:18.785]    __errorcontrol=0x00000000  (Skip Errors="False")
[04:35:18.785]    __FlashAddr=0x00000000
[04:35:18.785]    __FlashLen=0x00000000
[04:35:18.785]    __FlashArg=0x00000000
[04:35:18.785]    __FlashOp=0x00000000
[04:35:18.785]    __Result=0x00000000
[04:35:18.785]    
[04:35:18.785]    // User-defined
[04:35:18.785]    DbgMCU_CR=0x00000007
[04:35:18.785]  </debugvars>
[04:35:18.785]  
[04:35:18.785]  <sequence name="DebugDeviceUnlock" Pname="" disable="false" info="">
[04:35:18.785]    <block atomic="false" info="">
[04:35:18.785]      Sequence("CheckID");
[04:35:18.785]        <sequence name="CheckID" Pname="" disable="false" info="">
[04:35:18.785]          <block atomic="false" info="">
[04:35:18.785]            __var pidr1 = 0;
[04:35:18.785]              // -> [pidr1 <= 0x00000000]
[04:35:18.785]            __var pidr2 = 0;
[04:35:18.785]              // -> [pidr2 <= 0x00000000]
[04:35:18.785]            __var jep106id = 0;
[04:35:18.785]              // -> [jep106id <= 0x00000000]
[04:35:18.785]            __var ROMTableBase = 0;
[04:35:18.785]              // -> [ROMTableBase <= 0x00000000]
[04:35:18.785]            __ap = 0;      // AHB-AP
[04:35:18.786]              // -> [__ap <= 0x00000000]
[04:35:18.786]            ROMTableBase = ReadAP(0xF8) & ~0x3;
[04:35:18.786]              // -> [ReadAP(0x000000F8) => 0xE00FF003]   (__dp=0x00000000, __ap=0x00000000)
[04:35:18.786]              // -> [ROMTableBase <= 0xE00FF000]
[04:35:18.786]            pidr1 = Read32(ROMTableBase + 0x0FE4);
[04:35:18.786]              // -> [Read32(0xE00FFFE4) => 0x00000004]   (__dp=0x00000000, __ap=0x00000000)
[04:35:18.786]              // -> [pidr1 <= 0x00000004]
[04:35:18.786]            pidr2 = Read32(ROMTableBase + 0x0FE8);
[04:35:18.787]              // -> [Read32(0xE00FFFE8) => 0x0000000A]   (__dp=0x00000000, __ap=0x00000000)
[04:35:18.787]              // -> [pidr2 <= 0x0000000A]
[04:35:18.787]            jep106id = ((pidr2 & 0x7) << 4 ) | ((pidr1 >> 4) & 0xF);
[04:35:18.787]              // -> [jep106id <= 0x00000020]
[04:35:18.787]          </block>
[04:35:18.787]          <control if="jep106id != 0x20" while="" timeout="0" info="">
[04:35:18.787]            // if-block "jep106id != 0x20"
[04:35:18.787]              // =>  FALSE
[04:35:18.787]            // skip if-block "jep106id != 0x20"
[04:35:18.787]          </control>
[04:35:18.787]        </sequence>
[04:35:18.787]    </block>
[04:35:18.787]  </sequence>
[04:35:18.787]  
[04:35:18.788]  **********  Sequence "DebugCoreStart"  (Context="Target Access", Pname="", info="")
[04:35:18.788]  
[04:35:18.788]  <debugvars>
[04:35:18.788]    // Pre-defined
[04:35:18.788]    __protocol=0x00010002      (Protocol="SWD", SWJ-DP="True")
[04:35:18.788]    __connection=0x00000202    (Connection Type="Flash", Reset Type="System Reset")
[04:35:18.788]    __dp=0x00000000
[04:35:18.788]    __ap=0x00000000
[04:35:18.788]    __traceout=0x00000000      (Trace Disabled)
[04:35:18.788]    __errorcontrol=0x00000000  (Skip Errors="False")
[04:35:18.788]    __FlashAddr=0x00000000
[04:35:18.788]    __FlashLen=0x00000000
[04:35:18.788]    __FlashArg=0x00000000
[04:35:18.788]    __FlashOp=0x00000000
[04:35:18.788]    __Result=0x00000000
[04:35:18.788]    
[04:35:18.788]    // User-defined
[04:35:18.788]    DbgMCU_CR=0x00000007
[04:35:18.788]  </debugvars>
[04:35:18.788]  
[04:35:18.788]  <sequence name="DebugCoreStart" Pname="" disable="false" info="">
[04:35:18.788]    <block atomic="false" info="">
[04:35:18.788]      Write32(0xE000EDF0, 0xA05F0001);                                        // Enable Core Debug via DHCSR
[04:35:18.789]        // -> [Write32(0xE000EDF0, 0xA05F0001)]   (__dp=0x00000000, __ap=0x00000000)
[04:35:18.789]      Write32(0xE0042004, DbgMCU_CR);                                         // DBGMCU_CR: Configure MCU Debug
[04:35:18.789]        // -> [Write32(0xE0042004, 0x00000007)]   (__dp=0x00000000, __ap=0x00000000)
[04:35:18.789]    </block>
[04:35:18.789]  </sequence>
[04:35:18.789]  
[04:35:21.904]  **********  Sequence "DebugDeviceUnlock"  (Context="Target Access", Pname="", info="")
[04:35:21.904]  
[04:35:21.904]  <debugvars>
[04:35:21.904]    // Pre-defined
[04:35:21.904]    __protocol=0x00010002      (Protocol="SWD", SWJ-DP="True")
[04:35:21.904]    __connection=0x00000201    (Connection Type="Debug", Reset Type="System Reset")
[04:35:21.904]    __dp=0x00000000
[04:35:21.904]    __ap=0x00000000
[04:35:21.904]    __traceout=0x00000000      (Trace Disabled)
[04:35:21.904]    __errorcontrol=0x00000000  (Skip Errors="False")
[04:35:21.904]    __FlashAddr=0x00000000
[04:35:21.904]    __FlashLen=0x00000000
[04:35:21.904]    __FlashArg=0x00000000
[04:35:21.904]    __FlashOp=0x00000000
[04:35:21.904]    __Result=0x00000000
[04:35:21.904]    
[04:35:21.904]    // User-defined
[04:35:21.904]    DbgMCU_CR=0x00000007
[04:35:21.904]  </debugvars>
[04:35:21.904]  
[04:35:21.904]  <sequence name="DebugDeviceUnlock" Pname="" disable="false" info="">
[04:35:21.904]    <block atomic="false" info="">
[04:35:21.904]      Sequence("CheckID");
[04:35:21.905]        <sequence name="CheckID" Pname="" disable="false" info="">
[04:35:21.905]          <block atomic="false" info="">
[04:35:21.905]            __var pidr1 = 0;
[04:35:21.905]              // -> [pidr1 <= 0x00000000]
[04:35:21.905]            __var pidr2 = 0;
[04:35:21.905]              // -> [pidr2 <= 0x00000000]
[04:35:21.905]            __var jep106id = 0;
[04:35:21.905]              // -> [jep106id <= 0x00000000]
[04:35:21.905]            __var ROMTableBase = 0;
[04:35:21.905]              // -> [ROMTableBase <= 0x00000000]
[04:35:21.905]            __ap = 0;      // AHB-AP
[04:35:21.905]              // -> [__ap <= 0x00000000]
[04:35:21.905]            ROMTableBase = ReadAP(0xF8) & ~0x3;
[04:35:21.905]              // -> [ReadAP(0x000000F8) => 0xE00FF003]   (__dp=0x00000000, __ap=0x00000000)
[04:35:21.905]              // -> [ROMTableBase <= 0xE00FF000]
[04:35:21.905]            pidr1 = Read32(ROMTableBase + 0x0FE4);
[04:35:21.906]              // -> [Read32(0xE00FFFE4) => 0x00000004]   (__dp=0x00000000, __ap=0x00000000)
[04:35:21.906]              // -> [pidr1 <= 0x00000004]
[04:35:21.906]            pidr2 = Read32(ROMTableBase + 0x0FE8);
[04:35:21.906]              // -> [Read32(0xE00FFFE8) => 0x0000000A]   (__dp=0x00000000, __ap=0x00000000)
[04:35:21.906]              // -> [pidr2 <= 0x0000000A]
[04:35:21.906]            jep106id = ((pidr2 & 0x7) << 4 ) | ((pidr1 >> 4) & 0xF);
[04:35:21.906]              // -> [jep106id <= 0x00000020]
[04:35:21.906]          </block>
[04:35:21.906]          <control if="jep106id != 0x20" while="" timeout="0" info="">
[04:35:21.907]            // if-block "jep106id != 0x20"
[04:35:21.907]              // =>  FALSE
[04:35:21.907]            // skip if-block "jep106id != 0x20"
[04:35:21.907]          </control>
[04:35:21.907]        </sequence>
[04:35:21.907]    </block>
[04:35:21.907]  </sequence>
[04:35:21.907]  
[04:35:21.907]  **********  Sequence "DebugCoreStart"  (Context="Target Access", Pname="", info="")
[04:35:21.907]  
[04:35:21.907]  <debugvars>
[04:35:21.907]    // Pre-defined
[04:35:21.907]    __protocol=0x00010002      (Protocol="SWD", SWJ-DP="True")
[04:35:21.907]    __connection=0x00000201    (Connection Type="Debug", Reset Type="System Reset")
[04:35:21.907]    __dp=0x00000000
[04:35:21.907]    __ap=0x00000000
[04:35:21.907]    __traceout=0x00000000      (Trace Disabled)
[04:35:21.907]    __errorcontrol=0x00000000  (Skip Errors="False")
[04:35:21.907]    __FlashAddr=0x00000000
[04:35:21.907]    __FlashLen=0x00000000
[04:35:21.907]    __FlashArg=0x00000000
[04:35:21.907]    __FlashOp=0x00000000
[04:35:21.907]    __Result=0x00000000
[04:35:21.907]    
[04:35:21.907]    // User-defined
[04:35:21.907]    DbgMCU_CR=0x00000007
[04:35:21.907]  </debugvars>
[04:35:21.907]  
[04:35:21.907]  <sequence name="DebugCoreStart" Pname="" disable="false" info="">
[04:35:21.907]    <block atomic="false" info="">
[04:35:21.907]      Write32(0xE000EDF0, 0xA05F0001);                                        // Enable Core Debug via DHCSR
[04:35:21.909]        // -> [Write32(0xE000EDF0, 0xA05F0001)]   (__dp=0x00000000, __ap=0x00000000)
[04:35:21.909]      Write32(0xE0042004, DbgMCU_CR);                                         // DBGMCU_CR: Configure MCU Debug
[04:35:21.909]        // -> [Write32(0xE0042004, 0x00000007)]   (__dp=0x00000000, __ap=0x00000000)
[04:35:21.909]    </block>
[04:35:21.909]  </sequence>
[04:35:21.909]  
[04:36:35.500]  **********  Sequence "DebugDeviceUnlock"  (Context="Target Access", Pname="", info="")
[04:36:35.500]  
[04:36:35.500]  <debugvars>
[04:36:35.501]    // Pre-defined
[04:36:35.501]    __protocol=0x00010002      (Protocol="SWD", SWJ-DP="True")
[04:36:35.501]    __connection=0x00000202    (Connection Type="Flash", Reset Type="System Reset")
[04:36:35.501]    __dp=0x00000000
[04:36:35.501]    __ap=0x00000000
[04:36:35.501]    __traceout=0x00000000      (Trace Disabled)
[04:36:35.501]    __errorcontrol=0x00000000  (Skip Errors="False")
[04:36:35.501]    __FlashAddr=0x00000000
[04:36:35.501]    __FlashLen=0x00000000
[04:36:35.501]    __FlashArg=0x00000000
[04:36:35.501]    __FlashOp=0x00000000
[04:36:35.501]    __Result=0x00000000
[04:36:35.501]    
[04:36:35.501]    // User-defined
[04:36:35.501]    DbgMCU_CR=0x00000007
[04:36:35.501]  </debugvars>
[04:36:35.501]  
[04:36:35.501]  <sequence name="DebugDeviceUnlock" Pname="" disable="false" info="">
[04:36:35.501]    <block atomic="false" info="">
[04:36:35.501]      Sequence("CheckID");
[04:36:35.501]        <sequence name="CheckID" Pname="" disable="false" info="">
[04:36:35.501]          <block atomic="false" info="">
[04:36:35.501]            __var pidr1 = 0;
[04:36:35.501]              // -> [pidr1 <= 0x00000000]
[04:36:35.501]            __var pidr2 = 0;
[04:36:35.501]              // -> [pidr2 <= 0x00000000]
[04:36:35.501]            __var jep106id = 0;
[04:36:35.502]              // -> [jep106id <= 0x00000000]
[04:36:35.502]            __var ROMTableBase = 0;
[04:36:35.502]              // -> [ROMTableBase <= 0x00000000]
[04:36:35.502]            __ap = 0;      // AHB-AP
[04:36:35.502]              // -> [__ap <= 0x00000000]
[04:36:35.502]            ROMTableBase = ReadAP(0xF8) & ~0x3;
[04:36:35.502]              // -> [ReadAP(0x000000F8) => 0xE00FF003]   (__dp=0x00000000, __ap=0x00000000)
[04:36:35.502]              // -> [ROMTableBase <= 0xE00FF000]
[04:36:35.502]            pidr1 = Read32(ROMTableBase + 0x0FE4);
[04:36:35.502]              // -> [Read32(0xE00FFFE4) => 0x00000004]   (__dp=0x00000000, __ap=0x00000000)
[04:36:35.502]              // -> [pidr1 <= 0x00000004]
[04:36:35.502]            pidr2 = Read32(ROMTableBase + 0x0FE8);
[04:36:35.503]              // -> [Read32(0xE00FFFE8) => 0x0000000A]   (__dp=0x00000000, __ap=0x00000000)
[04:36:35.503]              // -> [pidr2 <= 0x0000000A]
[04:36:35.503]            jep106id = ((pidr2 & 0x7) << 4 ) | ((pidr1 >> 4) & 0xF);
[04:36:35.503]              // -> [jep106id <= 0x00000020]
[04:36:35.503]          </block>
[04:36:35.503]          <control if="jep106id != 0x20" while="" timeout="0" info="">
[04:36:35.503]            // if-block "jep106id != 0x20"
[04:36:35.503]              // =>  FALSE
[04:36:35.503]            // skip if-block "jep106id != 0x20"
[04:36:35.503]          </control>
[04:36:35.503]        </sequence>
[04:36:35.503]    </block>
[04:36:35.503]  </sequence>
[04:36:35.503]  
[04:36:35.503]  **********  Sequence "DebugCoreStart"  (Context="Target Access", Pname="", info="")
[04:36:35.503]  
[04:36:35.503]  <debugvars>
[04:36:35.504]    // Pre-defined
[04:36:35.504]    __protocol=0x00010002      (Protocol="SWD", SWJ-DP="True")
[04:36:35.504]    __connection=0x00000202    (Connection Type="Flash", Reset Type="System Reset")
[04:36:35.504]    __dp=0x00000000
[04:36:35.504]    __ap=0x00000000
[04:36:35.504]    __traceout=0x00000000      (Trace Disabled)
[04:36:35.504]    __errorcontrol=0x00000000  (Skip Errors="False")
[04:36:35.504]    __FlashAddr=0x00000000
[04:36:35.504]    __FlashLen=0x00000000
[04:36:35.504]    __FlashArg=0x00000000
[04:36:35.504]    __FlashOp=0x00000000
[04:36:35.504]    __Result=0x00000000
[04:36:35.504]    
[04:36:35.504]    // User-defined
[04:36:35.504]    DbgMCU_CR=0x00000007
[04:36:35.504]  </debugvars>
[04:36:35.504]  
[04:36:35.504]  <sequence name="DebugCoreStart" Pname="" disable="false" info="">
[04:36:35.504]    <block atomic="false" info="">
[04:36:35.504]      Write32(0xE000EDF0, 0xA05F0001);                                        // Enable Core Debug via DHCSR
[04:36:35.505]        // -> [Write32(0xE000EDF0, 0xA05F0001)]   (__dp=0x00000000, __ap=0x00000000)
[04:36:35.505]      Write32(0xE0042004, DbgMCU_CR);                                         // DBGMCU_CR: Configure MCU Debug
[04:36:35.505]        // -> [Write32(0xE0042004, 0x00000007)]   (__dp=0x00000000, __ap=0x00000000)
[04:36:35.505]    </block>
[04:36:35.505]  </sequence>
[04:36:35.505]  
[04:37:20.864]  **********  Sequence "DebugDeviceUnlock"  (Context="Target Access", Pname="", info="")
[04:37:20.864]  
[04:37:20.871]  <debugvars>
[04:37:20.871]    // Pre-defined
[04:37:20.871]    __protocol=0x00010002      (Protocol="SWD", SWJ-DP="True")
[04:37:20.871]    __connection=0x00000202    (Connection Type="Flash", Reset Type="System Reset")
[04:37:20.871]    __dp=0x00000000
[04:37:20.871]    __ap=0x00000000
[04:37:20.871]    __traceout=0x00000000      (Trace Disabled)
[04:37:20.871]    __errorcontrol=0x00000000  (Skip Errors="False")
[04:37:20.871]    __FlashAddr=0x00000000
[04:37:20.871]    __FlashLen=0x00000000
[04:37:20.871]    __FlashArg=0x00000000
[04:37:20.871]    __FlashOp=0x00000000
[04:37:20.871]    __Result=0x00000000
[04:37:20.871]    
[04:37:20.871]    // User-defined
[04:37:20.872]    DbgMCU_CR=0x00000007
[04:37:20.872]  </debugvars>
[04:37:20.872]  
[04:37:20.872]  <sequence name="DebugDeviceUnlock" Pname="" disable="false" info="">
[04:37:20.872]    <block atomic="false" info="">
[04:37:20.872]      Sequence("CheckID");
[04:37:20.872]        <sequence name="CheckID" Pname="" disable="false" info="">
[04:37:20.872]          <block atomic="false" info="">
[04:37:20.872]            __var pidr1 = 0;
[04:37:20.872]              // -> [pidr1 <= 0x00000000]
[04:37:20.872]            __var pidr2 = 0;
[04:37:20.872]              // -> [pidr2 <= 0x00000000]
[04:37:20.872]            __var jep106id = 0;
[04:37:20.872]              // -> [jep106id <= 0x00000000]
[04:37:20.872]            __var ROMTableBase = 0;
[04:37:20.872]              // -> [ROMTableBase <= 0x00000000]
[04:37:20.872]            __ap = 0;      // AHB-AP
[04:37:20.872]              // -> [__ap <= 0x00000000]
[04:37:20.872]            ROMTableBase = ReadAP(0xF8) & ~0x3;
[04:37:20.872]              // -> [ReadAP(0x000000F8) => 0xE00FF003]   (__dp=0x00000000, __ap=0x00000000)
[04:37:20.872]              // -> [ROMTableBase <= 0xE00FF000]
[04:37:20.872]            pidr1 = Read32(ROMTableBase + 0x0FE4);
[04:37:20.873]              // -> [Read32(0xE00FFFE4) => 0x00000004]   (__dp=0x00000000, __ap=0x00000000)
[04:37:20.873]              // -> [pidr1 <= 0x00000004]
[04:37:20.873]            pidr2 = Read32(ROMTableBase + 0x0FE8);
[04:37:20.873]              // -> [Read32(0xE00FFFE8) => 0x0000000A]   (__dp=0x00000000, __ap=0x00000000)
[04:37:20.873]              // -> [pidr2 <= 0x0000000A]
[04:37:20.873]            jep106id = ((pidr2 & 0x7) << 4 ) | ((pidr1 >> 4) & 0xF);
[04:37:20.873]              // -> [jep106id <= 0x00000020]
[04:37:20.873]          </block>
[04:37:20.874]          <control if="jep106id != 0x20" while="" timeout="0" info="">
[04:37:20.874]            // if-block "jep106id != 0x20"
[04:37:20.874]              // =>  FALSE
[04:37:20.874]            // skip if-block "jep106id != 0x20"
[04:37:20.874]          </control>
[04:37:20.874]        </sequence>
[04:37:20.874]    </block>
[04:37:20.874]  </sequence>
[04:37:20.874]  
[04:37:20.874]  **********  Sequence "DebugCoreStart"  (Context="Target Access", Pname="", info="")
[04:37:20.874]  
[04:37:20.874]  <debugvars>
[04:37:20.874]    // Pre-defined
[04:37:20.874]    __protocol=0x00010002      (Protocol="SWD", SWJ-DP="True")
[04:37:20.874]    __connection=0x00000202    (Connection Type="Flash", Reset Type="System Reset")
[04:37:20.874]    __dp=0x00000000
[04:37:20.874]    __ap=0x00000000
[04:37:20.874]    __traceout=0x00000000      (Trace Disabled)
[04:37:20.874]    __errorcontrol=0x00000000  (Skip Errors="False")
[04:37:20.874]    __FlashAddr=0x00000000
[04:37:20.874]    __FlashLen=0x00000000
[04:37:20.874]    __FlashArg=0x00000000
[04:37:20.874]    __FlashOp=0x00000000
[04:37:20.874]    __Result=0x00000000
[04:37:20.874]    
[04:37:20.874]    // User-defined
[04:37:20.874]    DbgMCU_CR=0x00000007
[04:37:20.874]  </debugvars>
[04:37:20.874]  
[04:37:20.874]  <sequence name="DebugCoreStart" Pname="" disable="false" info="">
[04:37:20.874]    <block atomic="false" info="">
[04:37:20.874]      Write32(0xE000EDF0, 0xA05F0001);                                        // Enable Core Debug via DHCSR
[04:37:20.875]        // -> [Write32(0xE000EDF0, 0xA05F0001)]   (__dp=0x00000000, __ap=0x00000000)
[04:37:20.875]      Write32(0xE0042004, DbgMCU_CR);                                         // DBGMCU_CR: Configure MCU Debug
[04:37:20.876]        // -> [Write32(0xE0042004, 0x00000007)]   (__dp=0x00000000, __ap=0x00000000)
[04:37:20.876]    </block>
[04:37:20.876]  </sequence>
[04:37:20.876]  
[04:37:39.393]  **********  Sequence "DebugDeviceUnlock"  (Context="Target Access", Pname="", info="")
[04:37:39.393]  
[04:37:39.394]  <debugvars>
[04:37:39.394]    // Pre-defined
[04:37:39.394]    __protocol=0x00010002      (Protocol="SWD", SWJ-DP="True")
[04:37:39.394]    __connection=0x00000202    (Connection Type="Flash", Reset Type="System Reset")
[04:37:39.394]    __dp=0x00000000
[04:37:39.394]    __ap=0x00000000
[04:37:39.394]    __traceout=0x00000000      (Trace Disabled)
[04:37:39.394]    __errorcontrol=0x00000000  (Skip Errors="False")
[04:37:39.394]    __FlashAddr=0x00000000
[04:37:39.394]    __FlashLen=0x00000000
[04:37:39.394]    __FlashArg=0x00000000
[04:37:39.394]    __FlashOp=0x00000000
[04:37:39.394]    __Result=0x00000000
[04:37:39.394]    
[04:37:39.394]    // User-defined
[04:37:39.394]    DbgMCU_CR=0x00000007
[04:37:39.394]  </debugvars>
[04:37:39.394]  
[04:37:39.394]  <sequence name="DebugDeviceUnlock" Pname="" disable="false" info="">
[04:37:39.394]    <block atomic="false" info="">
[04:37:39.394]      Sequence("CheckID");
[04:37:39.394]        <sequence name="CheckID" Pname="" disable="false" info="">
[04:37:39.394]          <block atomic="false" info="">
[04:37:39.394]            __var pidr1 = 0;
[04:37:39.394]              // -> [pidr1 <= 0x00000000]
[04:37:39.394]            __var pidr2 = 0;
[04:37:39.394]              // -> [pidr2 <= 0x00000000]
[04:37:39.394]            __var jep106id = 0;
[04:37:39.394]              // -> [jep106id <= 0x00000000]
[04:37:39.395]            __var ROMTableBase = 0;
[04:37:39.395]              // -> [ROMTableBase <= 0x00000000]
[04:37:39.395]            __ap = 0;      // AHB-AP
[04:37:39.395]              // -> [__ap <= 0x00000000]
[04:37:39.395]            ROMTableBase = ReadAP(0xF8) & ~0x3;
[04:37:39.395]              // -> [ReadAP(0x000000F8) => 0xE00FF003]   (__dp=0x00000000, __ap=0x00000000)
[04:37:39.395]              // -> [ROMTableBase <= 0xE00FF000]
[04:37:39.395]            pidr1 = Read32(ROMTableBase + 0x0FE4);
[04:37:39.395]              // -> [Read32(0xE00FFFE4) => 0x00000004]   (__dp=0x00000000, __ap=0x00000000)
[04:37:39.395]              // -> [pidr1 <= 0x00000004]
[04:37:39.395]            pidr2 = Read32(ROMTableBase + 0x0FE8);
[04:37:39.396]              // -> [Read32(0xE00FFFE8) => 0x0000000A]   (__dp=0x00000000, __ap=0x00000000)
[04:37:39.396]              // -> [pidr2 <= 0x0000000A]
[04:37:39.396]            jep106id = ((pidr2 & 0x7) << 4 ) | ((pidr1 >> 4) & 0xF);
[04:37:39.396]              // -> [jep106id <= 0x00000020]
[04:37:39.396]          </block>
[04:37:39.396]          <control if="jep106id != 0x20" while="" timeout="0" info="">
[04:37:39.396]            // if-block "jep106id != 0x20"
[04:37:39.396]              // =>  FALSE
[04:37:39.396]            // skip if-block "jep106id != 0x20"
[04:37:39.396]          </control>
[04:37:39.396]        </sequence>
[04:37:39.396]    </block>
[04:37:39.396]  </sequence>
[04:37:39.396]  
[04:37:39.396]  **********  Sequence "DebugCoreStart"  (Context="Target Access", Pname="", info="")
[04:37:39.396]  
[04:37:39.397]  <debugvars>
[04:37:39.397]    // Pre-defined
[04:37:39.397]    __protocol=0x00010002      (Protocol="SWD", SWJ-DP="True")
[04:37:39.397]    __connection=0x00000202    (Connection Type="Flash", Reset Type="System Reset")
[04:37:39.397]    __dp=0x00000000
[04:37:39.397]    __ap=0x00000000
[04:37:39.397]    __traceout=0x00000000      (Trace Disabled)
[04:37:39.397]    __errorcontrol=0x00000000  (Skip Errors="False")
[04:37:39.397]    __FlashAddr=0x00000000
[04:37:39.397]    __FlashLen=0x00000000
[04:37:39.397]    __FlashArg=0x00000000
[04:37:39.397]    __FlashOp=0x00000000
[04:37:39.397]    __Result=0x00000000
[04:37:39.397]    
[04:37:39.397]    // User-defined
[04:37:39.397]    DbgMCU_CR=0x00000007
[04:37:39.397]  </debugvars>
[04:37:39.397]  
[04:37:39.397]  <sequence name="DebugCoreStart" Pname="" disable="false" info="">
[04:37:39.397]    <block atomic="false" info="">
[04:37:39.397]      Write32(0xE000EDF0, 0xA05F0001);                                        // Enable Core Debug via DHCSR
[04:37:39.398]        // -> [Write32(0xE000EDF0, 0xA05F0001)]   (__dp=0x00000000, __ap=0x00000000)
[04:37:39.398]      Write32(0xE0042004, DbgMCU_CR);                                         // DBGMCU_CR: Configure MCU Debug
[04:37:39.398]        // -> [Write32(0xE0042004, 0x00000007)]   (__dp=0x00000000, __ap=0x00000000)
[04:37:39.398]    </block>
[04:37:39.398]  </sequence>
[04:37:39.398]  
[04:38:08.559]  **********  Sequence "DebugDeviceUnlock"  (Context="Target Access", Pname="", info="")
[04:38:08.559]  
[04:38:08.566]  <debugvars>
[04:38:08.566]    // Pre-defined
[04:38:08.566]    __protocol=0x00010002      (Protocol="SWD", SWJ-DP="True")
[04:38:08.566]    __connection=0x00000202    (Connection Type="Flash", Reset Type="System Reset")
[04:38:08.566]    __dp=0x00000000
[04:38:08.566]    __ap=0x00000000
[04:38:08.566]    __traceout=0x00000000      (Trace Disabled)
[04:38:08.566]    __errorcontrol=0x00000000  (Skip Errors="False")
[04:38:08.566]    __FlashAddr=0x00000000
[04:38:08.566]    __FlashLen=0x00000000
[04:38:08.566]    __FlashArg=0x00000000
[04:38:08.566]    __FlashOp=0x00000000
[04:38:08.566]    __Result=0x00000000
[04:38:08.566]    
[04:38:08.566]    // User-defined
[04:38:08.566]    DbgMCU_CR=0x00000007
[04:38:08.566]  </debugvars>
[04:38:08.566]  
[04:38:08.566]  <sequence name="DebugDeviceUnlock" Pname="" disable="false" info="">
[04:38:08.566]    <block atomic="false" info="">
[04:38:08.566]      Sequence("CheckID");
[04:38:08.567]        <sequence name="CheckID" Pname="" disable="false" info="">
[04:38:08.567]          <block atomic="false" info="">
[04:38:08.567]            __var pidr1 = 0;
[04:38:08.567]              // -> [pidr1 <= 0x00000000]
[04:38:08.567]            __var pidr2 = 0;
[04:38:08.567]              // -> [pidr2 <= 0x00000000]
[04:38:08.567]            __var jep106id = 0;
[04:38:08.567]              // -> [jep106id <= 0x00000000]
[04:38:08.567]            __var ROMTableBase = 0;
[04:38:08.567]              // -> [ROMTableBase <= 0x00000000]
[04:38:08.567]            __ap = 0;      // AHB-AP
[04:38:08.567]              // -> [__ap <= 0x00000000]
[04:38:08.567]            ROMTableBase = ReadAP(0xF8) & ~0x3;
[04:38:08.568]              // -> [ReadAP(0x000000F8) => 0xE00FF003]   (__dp=0x00000000, __ap=0x00000000)
[04:38:08.568]              // -> [ROMTableBase <= 0xE00FF000]
[04:38:08.568]            pidr1 = Read32(ROMTableBase + 0x0FE4);
[04:38:08.568]              // -> [Read32(0xE00FFFE4) => 0x00000004]   (__dp=0x00000000, __ap=0x00000000)
[04:38:08.568]              // -> [pidr1 <= 0x00000004]
[04:38:08.568]            pidr2 = Read32(ROMTableBase + 0x0FE8);
[04:38:08.568]              // -> [Read32(0xE00FFFE8) => 0x0000000A]   (__dp=0x00000000, __ap=0x00000000)
[04:38:08.568]              // -> [pidr2 <= 0x0000000A]
[04:38:08.568]            jep106id = ((pidr2 & 0x7) << 4 ) | ((pidr1 >> 4) & 0xF);
[04:38:08.568]              // -> [jep106id <= 0x00000020]
[04:38:08.568]          </block>
[04:38:08.568]          <control if="jep106id != 0x20" while="" timeout="0" info="">
[04:38:08.568]            // if-block "jep106id != 0x20"
[04:38:08.568]              // =>  FALSE
[04:38:08.568]            // skip if-block "jep106id != 0x20"
[04:38:08.568]          </control>
[04:38:08.568]        </sequence>
[04:38:08.568]    </block>
[04:38:08.568]  </sequence>
[04:38:08.570]  
[04:38:08.570]  **********  Sequence "DebugCoreStart"  (Context="Target Access", Pname="", info="")
[04:38:08.570]  
[04:38:08.570]  <debugvars>
[04:38:08.570]    // Pre-defined
[04:38:08.570]    __protocol=0x00010002      (Protocol="SWD", SWJ-DP="True")
[04:38:08.570]    __connection=0x00000202    (Connection Type="Flash", Reset Type="System Reset")
[04:38:08.570]    __dp=0x00000000
[04:38:08.570]    __ap=0x00000000
[04:38:08.570]    __traceout=0x00000000      (Trace Disabled)
[04:38:08.570]    __errorcontrol=0x00000000  (Skip Errors="False")
[04:38:08.570]    __FlashAddr=0x00000000
[04:38:08.570]    __FlashLen=0x00000000
[04:38:08.570]    __FlashArg=0x00000000
[04:38:08.570]    __FlashOp=0x00000000
[04:38:08.570]    __Result=0x00000000
[04:38:08.570]    
[04:38:08.570]    // User-defined
[04:38:08.570]    DbgMCU_CR=0x00000007
[04:38:08.570]  </debugvars>
[04:38:08.570]  
[04:38:08.570]  <sequence name="DebugCoreStart" Pname="" disable="false" info="">
[04:38:08.570]    <block atomic="false" info="">
[04:38:08.570]      Write32(0xE000EDF0, 0xA05F0001);                                        // Enable Core Debug via DHCSR
[04:38:08.571]        // -> [Write32(0xE000EDF0, 0xA05F0001)]   (__dp=0x00000000, __ap=0x00000000)
[04:38:08.571]      Write32(0xE0042004, DbgMCU_CR);                                         // DBGMCU_CR: Configure MCU Debug
[04:38:08.571]        // -> [Write32(0xE0042004, 0x00000007)]   (__dp=0x00000000, __ap=0x00000000)
[04:38:08.571]    </block>
[04:38:08.571]  </sequence>
[04:38:08.571]  
[04:38:15.214]  **********  Sequence "DebugDeviceUnlock"  (Context="Target Access", Pname="", info="")
[04:38:15.214]  
[04:38:15.221]  <debugvars>
[04:38:15.221]    // Pre-defined
[04:38:15.221]    __protocol=0x00010002      (Protocol="SWD", SWJ-DP="True")
[04:38:15.221]    __connection=0x00000201    (Connection Type="Debug", Reset Type="System Reset")
[04:38:15.221]    __dp=0x00000000
[04:38:15.221]    __ap=0x00000000
[04:38:15.221]    __traceout=0x00000000      (Trace Disabled)
[04:38:15.221]    __errorcontrol=0x00000000  (Skip Errors="False")
[04:38:15.221]    __FlashAddr=0x00000000
[04:38:15.221]    __FlashLen=0x00000000
[04:38:15.221]    __FlashArg=0x00000000
[04:38:15.221]    __FlashOp=0x00000000
[04:38:15.221]    __Result=0x00000000
[04:38:15.221]    
[04:38:15.221]    // User-defined
[04:38:15.221]    DbgMCU_CR=0x00000007
[04:38:15.221]  </debugvars>
[04:38:15.221]  
[04:38:15.222]  <sequence name="DebugDeviceUnlock" Pname="" disable="false" info="">
[04:38:15.222]    <block atomic="false" info="">
[04:38:15.222]      Sequence("CheckID");
[04:38:15.222]        <sequence name="CheckID" Pname="" disable="false" info="">
[04:38:15.222]          <block atomic="false" info="">
[04:38:15.222]            __var pidr1 = 0;
[04:38:15.222]              // -> [pidr1 <= 0x00000000]
[04:38:15.222]            __var pidr2 = 0;
[04:38:15.222]              // -> [pidr2 <= 0x00000000]
[04:38:15.222]            __var jep106id = 0;
[04:38:15.222]              // -> [jep106id <= 0x00000000]
[04:38:15.222]            __var ROMTableBase = 0;
[04:38:15.222]              // -> [ROMTableBase <= 0x00000000]
[04:38:15.222]            __ap = 0;      // AHB-AP
[04:38:15.222]              // -> [__ap <= 0x00000000]
[04:38:15.222]            ROMTableBase = ReadAP(0xF8) & ~0x3;
[04:38:15.223]              // -> [ReadAP(0x000000F8) => 0xE00FF003]   (__dp=0x00000000, __ap=0x00000000)
[04:38:15.223]              // -> [ROMTableBase <= 0xE00FF000]
[04:38:15.223]            pidr1 = Read32(ROMTableBase + 0x0FE4);
[04:38:15.223]              // -> [Read32(0xE00FFFE4) => 0x00000004]   (__dp=0x00000000, __ap=0x00000000)
[04:38:15.223]              // -> [pidr1 <= 0x00000004]
[04:38:15.223]            pidr2 = Read32(ROMTableBase + 0x0FE8);
[04:38:15.224]              // -> [Read32(0xE00FFFE8) => 0x0000000A]   (__dp=0x00000000, __ap=0x00000000)
[04:38:15.224]              // -> [pidr2 <= 0x0000000A]
[04:38:15.224]            jep106id = ((pidr2 & 0x7) << 4 ) | ((pidr1 >> 4) & 0xF);
[04:38:15.224]              // -> [jep106id <= 0x00000020]
[04:38:15.224]          </block>
[04:38:15.224]          <control if="jep106id != 0x20" while="" timeout="0" info="">
[04:38:15.224]            // if-block "jep106id != 0x20"
[04:38:15.224]              // =>  FALSE
[04:38:15.224]            // skip if-block "jep106id != 0x20"
[04:38:15.224]          </control>
[04:38:15.224]        </sequence>
[04:38:15.224]    </block>
[04:38:15.224]  </sequence>
[04:38:15.224]  
[04:38:15.224]  **********  Sequence "DebugCoreStart"  (Context="Target Access", Pname="", info="")
[04:38:15.224]  
[04:38:15.224]  <debugvars>
[04:38:15.224]    // Pre-defined
[04:38:15.224]    __protocol=0x00010002      (Protocol="SWD", SWJ-DP="True")
[04:38:15.224]    __connection=0x00000201    (Connection Type="Debug", Reset Type="System Reset")
[04:38:15.224]    __dp=0x00000000
[04:38:15.225]    __ap=0x00000000
[04:38:15.225]    __traceout=0x00000000      (Trace Disabled)
[04:38:15.225]    __errorcontrol=0x00000000  (Skip Errors="False")
[04:38:15.225]    __FlashAddr=0x00000000
[04:38:15.225]    __FlashLen=0x00000000
[04:38:15.225]    __FlashArg=0x00000000
[04:38:15.225]    __FlashOp=0x00000000
[04:38:15.226]    __Result=0x00000000
[04:38:15.226]    
[04:38:15.226]    // User-defined
[04:38:15.226]    DbgMCU_CR=0x00000007
[04:38:15.226]  </debugvars>
[04:38:15.226]  
[04:38:15.226]  <sequence name="DebugCoreStart" Pname="" disable="false" info="">
[04:38:15.226]    <block atomic="false" info="">
[04:38:15.226]      Write32(0xE000EDF0, 0xA05F0001);                                        // Enable Core Debug via DHCSR
[04:38:15.226]        // -> [Write32(0xE000EDF0, 0xA05F0001)]   (__dp=0x00000000, __ap=0x00000000)
[04:38:15.227]      Write32(0xE0042004, DbgMCU_CR);                                         // DBGMCU_CR: Configure MCU Debug
[04:38:15.227]        // -> [Write32(0xE0042004, 0x00000007)]   (__dp=0x00000000, __ap=0x00000000)
[04:38:15.227]    </block>
[04:38:15.227]  </sequence>
[04:38:15.227]  
[04:38:40.037]  **********  Sequence "DebugDeviceUnlock"  (Context="Target Access", Pname="", info="")
[04:38:40.037]  
[04:38:40.037]  <debugvars>
[04:38:40.037]    // Pre-defined
[04:38:40.037]    __protocol=0x00010002      (Protocol="SWD", SWJ-DP="True")
[04:38:40.037]    __connection=0x00000201    (Connection Type="Debug", Reset Type="System Reset")
[04:38:40.037]    __dp=0x00000000
[04:38:40.037]    __ap=0x00000000
[04:38:40.038]    __traceout=0x00000000      (Trace Disabled)
[04:38:40.038]    __errorcontrol=0x00000000  (Skip Errors="False")
[04:38:40.038]    __FlashAddr=0x00000000
[04:38:40.038]    __FlashLen=0x00000000
[04:38:40.038]    __FlashArg=0x00000000
[04:38:40.038]    __FlashOp=0x00000000
[04:38:40.038]    __Result=0x00000000
[04:38:40.038]    
[04:38:40.038]    // User-defined
[04:38:40.038]    DbgMCU_CR=0x00000007
[04:38:40.038]  </debugvars>
[04:38:40.038]  
[04:38:40.038]  <sequence name="DebugDeviceUnlock" Pname="" disable="false" info="">
[04:38:40.038]    <block atomic="false" info="">
[04:38:40.038]      Sequence("CheckID");
[04:38:40.038]        <sequence name="CheckID" Pname="" disable="false" info="">
[04:38:40.038]          <block atomic="false" info="">
[04:38:40.038]            __var pidr1 = 0;
[04:38:40.038]              // -> [pidr1 <= 0x00000000]
[04:38:40.038]            __var pidr2 = 0;
[04:38:40.038]              // -> [pidr2 <= 0x00000000]
[04:38:40.038]            __var jep106id = 0;
[04:38:40.038]              // -> [jep106id <= 0x00000000]
[04:38:40.038]            __var ROMTableBase = 0;
[04:38:40.038]              // -> [ROMTableBase <= 0x00000000]
[04:38:40.038]            __ap = 0;      // AHB-AP
[04:38:40.038]              // -> [__ap <= 0x00000000]
[04:38:40.038]            ROMTableBase = ReadAP(0xF8) & ~0x3;
[04:38:40.039]              // -> [ReadAP(0x000000F8) => 0xE00FF003]   (__dp=0x00000000, __ap=0x00000000)
[04:38:40.040]              // -> [ROMTableBase <= 0xE00FF000]
[04:38:40.040]            pidr1 = Read32(ROMTableBase + 0x0FE4);
[04:38:40.040]              // -> [Read32(0xE00FFFE4) => 0x00000004]   (__dp=0x00000000, __ap=0x00000000)
[04:38:40.040]              // -> [pidr1 <= 0x00000004]
[04:38:40.040]            pidr2 = Read32(ROMTableBase + 0x0FE8);
[04:38:40.040]              // -> [Read32(0xE00FFFE8) => 0x0000000A]   (__dp=0x00000000, __ap=0x00000000)
[04:38:40.040]              // -> [pidr2 <= 0x0000000A]
[04:38:40.040]            jep106id = ((pidr2 & 0x7) << 4 ) | ((pidr1 >> 4) & 0xF);
[04:38:40.040]              // -> [jep106id <= 0x00000020]
[04:38:40.040]          </block>
[04:38:40.040]          <control if="jep106id != 0x20" while="" timeout="0" info="">
[04:38:40.041]            // if-block "jep106id != 0x20"
[04:38:40.041]              // =>  FALSE
[04:38:40.041]            // skip if-block "jep106id != 0x20"
[04:38:40.041]          </control>
[04:38:40.041]        </sequence>
[04:38:40.041]    </block>
[04:38:40.041]  </sequence>
[04:38:40.041]  
[04:38:40.041]  **********  Sequence "DebugCoreStart"  (Context="Target Access", Pname="", info="")
[04:38:40.041]  
[04:38:40.041]  <debugvars>
[04:38:40.041]    // Pre-defined
[04:38:40.041]    __protocol=0x00010002      (Protocol="SWD", SWJ-DP="True")
[04:38:40.041]    __connection=0x00000201    (Connection Type="Debug", Reset Type="System Reset")
[04:38:40.041]    __dp=0x00000000
[04:38:40.041]    __ap=0x00000000
[04:38:40.041]    __traceout=0x00000000      (Trace Disabled)
[04:38:40.041]    __errorcontrol=0x00000000  (Skip Errors="False")
[04:38:40.041]    __FlashAddr=0x00000000
[04:38:40.041]    __FlashLen=0x00000000
[04:38:40.041]    __FlashArg=0x00000000
[04:38:40.041]    __FlashOp=0x00000000
[04:38:40.041]    __Result=0x00000000
[04:38:40.041]    
[04:38:40.041]    // User-defined
[04:38:40.041]    DbgMCU_CR=0x00000007
[04:38:40.041]  </debugvars>
[04:38:40.041]  
[04:38:40.041]  <sequence name="DebugCoreStart" Pname="" disable="false" info="">
[04:38:40.041]    <block atomic="false" info="">
[04:38:40.042]      Write32(0xE000EDF0, 0xA05F0001);                                        // Enable Core Debug via DHCSR
[04:38:40.042]        // -> [Write32(0xE000EDF0, 0xA05F0001)]   (__dp=0x00000000, __ap=0x00000000)
[04:38:40.042]      Write32(0xE0042004, DbgMCU_CR);                                         // DBGMCU_CR: Configure MCU Debug
[04:38:40.042]        // -> [Write32(0xE0042004, 0x00000007)]   (__dp=0x00000000, __ap=0x00000000)
[04:38:40.042]    </block>
[04:38:40.042]  </sequence>
[04:38:40.043]  
[13:07:47.667]  **********  Sequence "DebugDeviceUnlock"  (Context="Target Access", Pname="", info="")
[13:07:47.667]  
[13:07:47.668]  <debugvars>
[13:07:47.668]    // Pre-defined
[13:07:47.668]    __protocol=0x00010002      (Protocol="SWD", SWJ-DP="True")
[13:07:47.668]    __connection=0x00000202    (Connection Type="Flash", Reset Type="System Reset")
[13:07:47.668]    __dp=0x00000000
[13:07:47.668]    __ap=0x00000000
[13:07:47.668]    __traceout=0x00000000      (Trace Disabled)
[13:07:47.668]    __errorcontrol=0x00000000  (Skip Errors="False")
[13:07:47.668]    __FlashAddr=0x00000000
[13:07:47.668]    __FlashLen=0x00000000
[13:07:47.668]    __FlashArg=0x00000000
[13:07:47.668]    __FlashOp=0x00000000
[13:07:47.668]    __Result=0x00000000
[13:07:47.668]    
[13:07:47.668]    // User-defined
[13:07:47.668]    DbgMCU_CR=0x00000007
[13:07:47.668]  </debugvars>
[13:07:47.668]  
[13:07:47.668]  <sequence name="DebugDeviceUnlock" Pname="" disable="false" info="">
[13:07:47.668]    <block atomic="false" info="">
[13:07:47.668]      Sequence("CheckID");
[13:07:47.668]        <sequence name="CheckID" Pname="" disable="false" info="">
[13:07:47.668]          <block atomic="false" info="">
[13:07:47.668]            __var pidr1 = 0;
[13:07:47.669]              // -> [pidr1 <= 0x00000000]
[13:07:47.669]            __var pidr2 = 0;
[13:07:47.669]              // -> [pidr2 <= 0x00000000]
[13:07:47.669]            __var jep106id = 0;
[13:07:47.669]              // -> [jep106id <= 0x00000000]
[13:07:47.669]            __var ROMTableBase = 0;
[13:07:47.669]              // -> [ROMTableBase <= 0x00000000]
[13:07:47.669]            __ap = 0;      // AHB-AP
[13:07:47.669]              // -> [__ap <= 0x00000000]
[13:07:47.669]            ROMTableBase = ReadAP(0xF8) & ~0x3;
[13:07:47.669]              // -> [ReadAP(0x000000F8) => 0xE00FF003]   (__dp=0x00000000, __ap=0x00000000)
[13:07:47.669]              // -> [ROMTableBase <= 0xE00FF000]
[13:07:47.669]            pidr1 = Read32(ROMTableBase + 0x0FE4);
[13:07:47.670]              // -> [Read32(0xE00FFFE4) => 0x00000004]   (__dp=0x00000000, __ap=0x00000000)
[13:07:47.670]              // -> [pidr1 <= 0x00000004]
[13:07:47.670]            pidr2 = Read32(ROMTableBase + 0x0FE8);
[13:07:47.670]              // -> [Read32(0xE00FFFE8) => 0x0000000A]   (__dp=0x00000000, __ap=0x00000000)
[13:07:47.670]              // -> [pidr2 <= 0x0000000A]
[13:07:47.670]            jep106id = ((pidr2 & 0x7) << 4 ) | ((pidr1 >> 4) & 0xF);
[13:07:47.672]              // -> [jep106id <= 0x00000020]
[13:07:47.672]          </block>
[13:07:47.672]          <control if="jep106id != 0x20" while="" timeout="0" info="">
[13:07:47.672]            // if-block "jep106id != 0x20"
[13:07:47.672]              // =>  FALSE
[13:07:47.672]            // skip if-block "jep106id != 0x20"
[13:07:47.672]          </control>
[13:07:47.672]        </sequence>
[13:07:47.672]    </block>
[13:07:47.672]  </sequence>
[13:07:47.672]  
[13:07:47.673]  **********  Sequence "DebugCoreStart"  (Context="Target Access", Pname="", info="")
[13:07:47.673]  
[13:07:47.673]  <debugvars>
[13:07:47.673]    // Pre-defined
[13:07:47.673]    __protocol=0x00010002      (Protocol="SWD", SWJ-DP="True")
[13:07:47.673]    __connection=0x00000202    (Connection Type="Flash", Reset Type="System Reset")
[13:07:47.673]    __dp=0x00000000
[13:07:47.673]    __ap=0x00000000
[13:07:47.673]    __traceout=0x00000000      (Trace Disabled)
[13:07:47.673]    __errorcontrol=0x00000000  (Skip Errors="False")
[13:07:47.673]    __FlashAddr=0x00000000
[13:07:47.673]    __FlashLen=0x00000000
[13:07:47.673]    __FlashArg=0x00000000
[13:07:47.673]    __FlashOp=0x00000000
[13:07:47.673]    __Result=0x00000000
[13:07:47.673]    
[13:07:47.673]    // User-defined
[13:07:47.673]    DbgMCU_CR=0x00000007
[13:07:47.673]  </debugvars>
[13:07:47.673]  
[13:07:47.673]  <sequence name="DebugCoreStart" Pname="" disable="false" info="">
[13:07:47.673]    <block atomic="false" info="">
[13:07:47.673]      Write32(0xE000EDF0, 0xA05F0001);                                        // Enable Core Debug via DHCSR
[13:07:47.674]        // -> [Write32(0xE000EDF0, 0xA05F0001)]   (__dp=0x00000000, __ap=0x00000000)
[13:07:47.674]      Write32(0xE0042004, DbgMCU_CR);                                         // DBGMCU_CR: Configure MCU Debug
[13:07:47.674]        // -> [Write32(0xE0042004, 0x00000007)]   (__dp=0x00000000, __ap=0x00000000)
[13:07:47.674]    </block>
[13:07:47.674]  </sequence>
[13:07:47.674]  
[13:07:50.004]  **********  Sequence "DebugDeviceUnlock"  (Context="Target Access", Pname="", info="")
[13:07:50.004]  
[13:07:50.004]  <debugvars>
[13:07:50.004]    // Pre-defined
[13:07:50.004]    __protocol=0x00010002      (Protocol="SWD", SWJ-DP="True")
[13:07:50.005]    __connection=0x00000201    (Connection Type="Debug", Reset Type="System Reset")
[13:07:50.005]    __dp=0x00000000
[13:07:50.005]    __ap=0x00000000
[13:07:50.005]    __traceout=0x00000000      (Trace Disabled)
[13:07:50.005]    __errorcontrol=0x00000000  (Skip Errors="False")
[13:07:50.005]    __FlashAddr=0x00000000
[13:07:50.005]    __FlashLen=0x00000000
[13:07:50.005]    __FlashArg=0x00000000
[13:07:50.005]    __FlashOp=0x00000000
[13:07:50.005]    __Result=0x00000000
[13:07:50.005]    
[13:07:50.005]    // User-defined
[13:07:50.005]    DbgMCU_CR=0x00000007
[13:07:50.005]  </debugvars>
[13:07:50.005]  
[13:07:50.005]  <sequence name="DebugDeviceUnlock" Pname="" disable="false" info="">
[13:07:50.005]    <block atomic="false" info="">
[13:07:50.005]      Sequence("CheckID");
[13:07:50.005]        <sequence name="CheckID" Pname="" disable="false" info="">
[13:07:50.006]          <block atomic="false" info="">
[13:07:50.006]            __var pidr1 = 0;
[13:07:50.006]              // -> [pidr1 <= 0x00000000]
[13:07:50.006]            __var pidr2 = 0;
[13:07:50.006]              // -> [pidr2 <= 0x00000000]
[13:07:50.006]            __var jep106id = 0;
[13:07:50.006]              // -> [jep106id <= 0x00000000]
[13:07:50.006]            __var ROMTableBase = 0;
[13:07:50.006]              // -> [ROMTableBase <= 0x00000000]
[13:07:50.006]            __ap = 0;      // AHB-AP
[13:07:50.007]              // -> [__ap <= 0x00000000]
[13:07:50.007]            ROMTableBase = ReadAP(0xF8) & ~0x3;
[13:07:50.007]              // -> [ReadAP(0x000000F8) => 0xE00FF003]   (__dp=0x00000000, __ap=0x00000000)
[13:07:50.007]              // -> [ROMTableBase <= 0xE00FF000]
[13:07:50.007]            pidr1 = Read32(ROMTableBase + 0x0FE4);
[13:07:50.008]              // -> [Read32(0xE00FFFE4) => 0x00000004]   (__dp=0x00000000, __ap=0x00000000)
[13:07:50.008]              // -> [pidr1 <= 0x00000004]
[13:07:50.008]            pidr2 = Read32(ROMTableBase + 0x0FE8);
[13:07:50.008]              // -> [Read32(0xE00FFFE8) => 0x0000000A]   (__dp=0x00000000, __ap=0x00000000)
[13:07:50.008]              // -> [pidr2 <= 0x0000000A]
[13:07:50.008]            jep106id = ((pidr2 & 0x7) << 4 ) | ((pidr1 >> 4) & 0xF);
[13:07:50.009]              // -> [jep106id <= 0x00000020]
[13:07:50.009]          </block>
[13:07:50.009]          <control if="jep106id != 0x20" while="" timeout="0" info="">
[13:07:50.009]            // if-block "jep106id != 0x20"
[13:07:50.009]              // =>  FALSE
[13:07:50.009]            // skip if-block "jep106id != 0x20"
[13:07:50.009]          </control>
[13:07:50.009]        </sequence>
[13:07:50.009]    </block>
[13:07:50.009]  </sequence>
[13:07:50.009]  
[13:07:50.009]  **********  Sequence "DebugCoreStart"  (Context="Target Access", Pname="", info="")
[13:07:50.009]  
[13:07:50.009]  <debugvars>
[13:07:50.009]    // Pre-defined
[13:07:50.009]    __protocol=0x00010002      (Protocol="SWD", SWJ-DP="True")
[13:07:50.009]    __connection=0x00000201    (Connection Type="Debug", Reset Type="System Reset")
[13:07:50.009]    __dp=0x00000000
[13:07:50.009]    __ap=0x00000000
[13:07:50.009]    __traceout=0x00000000      (Trace Disabled)
[13:07:50.009]    __errorcontrol=0x00000000  (Skip Errors="False")
[13:07:50.009]    __FlashAddr=0x00000000
[13:07:50.009]    __FlashLen=0x00000000
[13:07:50.009]    __FlashArg=0x00000000
[13:07:50.009]    __FlashOp=0x00000000
[13:07:50.010]    __Result=0x00000000
[13:07:50.010]    
[13:07:50.010]    // User-defined
[13:07:50.010]    DbgMCU_CR=0x00000007
[13:07:50.010]  </debugvars>
[13:07:50.010]  
[13:07:50.010]  <sequence name="DebugCoreStart" Pname="" disable="false" info="">
[13:07:50.010]    <block atomic="false" info="">
[13:07:50.010]      Write32(0xE000EDF0, 0xA05F0001);                                        // Enable Core Debug via DHCSR
[13:07:50.010]        // -> [Write32(0xE000EDF0, 0xA05F0001)]   (__dp=0x00000000, __ap=0x00000000)
[13:07:50.010]      Write32(0xE0042004, DbgMCU_CR);                                         // DBGMCU_CR: Configure MCU Debug
[13:07:50.011]        // -> [Write32(0xE0042004, 0x00000007)]   (__dp=0x00000000, __ap=0x00000000)
[13:07:50.011]    </block>
[13:07:50.011]  </sequence>
[13:07:50.011]  
