/*
 *  CMSIS Pack Debug Access Sequence Log
 *  File        : C:\Users\16117\Desktop\stm32_jx\stm32_car\project_Sequences_0007.log
 *  Created     : 12:49:19 (02/08/2025)
 *  Device      : STM32F103C8
 *  PDSC File   : C:/Users/16117/AppData/Local/Arm/Packs/Keil/STM32F1xx_DFP/2.3.0/Keil.STM32F1xx_DFP.pdsc
 *  Config File : C:\Users\16117\Desktop\stm32_jx\stm32_car\DebugConfig\Target_1_STM32F103C8_1.0.0.dbgconf
 *
 */

[12:49:19.465]  **********  Sequence "DebugDeviceUnlock"  (Context="Target Access", Pname="", info="")
[12:49:19.465]  
[12:49:19.466]  <debugvars>
[12:49:19.466]    // Pre-defined
[12:49:19.466]    __protocol=0x00010002      (Protocol="SWD", SWJ-DP="True")
[12:49:19.466]    __connection=0x00000202    (Connection Type="Flash", Reset Type="System Reset")
[12:49:19.466]    __dp=0x00000000
[12:49:19.466]    __ap=0x00000000
[12:49:19.466]    __traceout=0x00000000      (Trace Disabled)
[12:49:19.467]    __errorcontrol=0x00000000  (Skip Errors="False")
[12:49:19.467]    __FlashAddr=0x00000000
[12:49:19.467]    __FlashLen=0x00000000
[12:49:19.467]    __FlashArg=0x00000000
[12:49:19.467]    __FlashOp=0x00000000
[12:49:19.467]    __Result=0x00000000
[12:49:19.467]    
[12:49:19.467]    // User-defined
[12:49:19.467]    DbgMCU_CR=0x00000007
[12:49:19.467]  </debugvars>
[12:49:19.467]  
[12:49:19.467]  <sequence name="DebugDeviceUnlock" Pname="" disable="false" info="">
[12:49:19.467]    <block atomic="false" info="">
[12:49:19.467]      Sequence("CheckID");
[12:49:19.468]        <sequence name="CheckID" Pname="" disable="false" info="">
[12:49:19.468]          <block atomic="false" info="">
[12:49:19.468]            __var pidr1 = 0;
[12:49:19.468]              // -> [pidr1 <= 0x00000000]
[12:49:19.468]            __var pidr2 = 0;
[12:49:19.468]              // -> [pidr2 <= 0x00000000]
[12:49:19.468]            __var jep106id = 0;
[12:49:19.468]              // -> [jep106id <= 0x00000000]
[12:49:19.468]            __var ROMTableBase = 0;
[12:49:19.468]              // -> [ROMTableBase <= 0x00000000]
[12:49:19.468]            __ap = 0;      // AHB-AP
[12:49:19.468]              // -> [__ap <= 0x00000000]
[12:49:19.468]            ROMTableBase = ReadAP(0xF8) & ~0x3;
[12:49:19.469]              // -> [ReadAP(0x000000F8) => 0xE00FF003]   (__dp=0x00000000, __ap=0x00000000)
[12:49:19.469]              // -> [ROMTableBase <= 0xE00FF000]
[12:49:19.469]            pidr1 = Read32(ROMTableBase + 0x0FE4);
[12:49:19.469]              // -> [Read32(0xE00FFFE4) => 0x00000004]   (__dp=0x00000000, __ap=0x00000000)
[12:49:19.469]              // -> [pidr1 <= 0x00000004]
[12:49:19.469]            pidr2 = Read32(ROMTableBase + 0x0FE8);
[12:49:19.470]              // -> [Read32(0xE00FFFE8) => 0x0000000A]   (__dp=0x00000000, __ap=0x00000000)
[12:49:19.470]              // -> [pidr2 <= 0x0000000A]
[12:49:19.470]            jep106id = ((pidr2 & 0x7) << 4 ) | ((pidr1 >> 4) & 0xF);
[12:49:19.470]              // -> [jep106id <= 0x00000020]
[12:49:19.470]          </block>
[12:49:19.470]          <control if="jep106id != 0x20" while="" timeout="0" info="">
[12:49:19.470]            // if-block "jep106id != 0x20"
[12:49:19.470]              // =>  FALSE
[12:49:19.470]            // skip if-block "jep106id != 0x20"
[12:49:19.470]          </control>
[12:49:19.470]        </sequence>
[12:49:19.470]    </block>
[12:49:19.470]  </sequence>
[12:49:19.470]  
[12:49:19.471]  **********  Sequence "DebugCoreStart"  (Context="Target Access", Pname="", info="")
[12:49:19.471]  
[12:49:19.471]  <debugvars>
[12:49:19.471]    // Pre-defined
[12:49:19.471]    __protocol=0x00010002      (Protocol="SWD", SWJ-DP="True")
[12:49:19.471]    __connection=0x00000202    (Connection Type="Flash", Reset Type="System Reset")
[12:49:19.471]    __dp=0x00000000
[12:49:19.471]    __ap=0x00000000
[12:49:19.471]    __traceout=0x00000000      (Trace Disabled)
[12:49:19.471]    __errorcontrol=0x00000000  (Skip Errors="False")
[12:49:19.471]    __FlashAddr=0x00000000
[12:49:19.471]    __FlashLen=0x00000000
[12:49:19.471]    __FlashArg=0x00000000
[12:49:19.471]    __FlashOp=0x00000000
[12:49:19.471]    __Result=0x00000000
[12:49:19.471]    
[12:49:19.471]    // User-defined
[12:49:19.471]    DbgMCU_CR=0x00000007
[12:49:19.471]  </debugvars>
[12:49:19.471]  
[12:49:19.471]  <sequence name="DebugCoreStart" Pname="" disable="false" info="">
[12:49:19.471]    <block atomic="false" info="">
[12:49:19.471]      Write32(0xE000EDF0, 0xA05F0001);                                        // Enable Core Debug via DHCSR
[12:49:19.472]        // -> [Write32(0xE000EDF0, 0xA05F0001)]   (__dp=0x00000000, __ap=0x00000000)
[12:49:19.472]      Write32(0xE0042004, DbgMCU_CR);                                         // DBGMCU_CR: Configure MCU Debug
[12:49:19.472]        // -> [Write32(0xE0042004, 0x00000007)]   (__dp=0x00000000, __ap=0x00000000)
[12:49:19.472]    </block>
[12:49:19.472]  </sequence>
[12:49:19.472]  
[12:49:26.048]  **********  Sequence "DebugDeviceUnlock"  (Context="Target Access", Pname="", info="")
[12:49:26.048]  
[12:49:26.049]  <debugvars>
[12:49:26.049]    // Pre-defined
[12:49:26.049]    __protocol=0x00010002      (Protocol="SWD", SWJ-DP="True")
[12:49:26.049]    __connection=0x00000201    (Connection Type="Debug", Reset Type="System Reset")
[12:49:26.049]    __dp=0x00000000
[12:49:26.049]    __ap=0x00000000
[12:49:26.049]    __traceout=0x00000000      (Trace Disabled)
[12:49:26.049]    __errorcontrol=0x00000000  (Skip Errors="False")
[12:49:26.049]    __FlashAddr=0x00000000
[12:49:26.049]    __FlashLen=0x00000000
[12:49:26.049]    __FlashArg=0x00000000
[12:49:26.049]    __FlashOp=0x00000000
[12:49:26.049]    __Result=0x00000000
[12:49:26.049]    
[12:49:26.049]    // User-defined
[12:49:26.049]    DbgMCU_CR=0x00000007
[12:49:26.049]  </debugvars>
[12:49:26.049]  
[12:49:26.049]  <sequence name="DebugDeviceUnlock" Pname="" disable="false" info="">
[12:49:26.049]    <block atomic="false" info="">
[12:49:26.049]      Sequence("CheckID");
[12:49:26.049]        <sequence name="CheckID" Pname="" disable="false" info="">
[12:49:26.049]          <block atomic="false" info="">
[12:49:26.049]            __var pidr1 = 0;
[12:49:26.049]              // -> [pidr1 <= 0x00000000]
[12:49:26.049]            __var pidr2 = 0;
[12:49:26.050]              // -> [pidr2 <= 0x00000000]
[12:49:26.050]            __var jep106id = 0;
[12:49:26.050]              // -> [jep106id <= 0x00000000]
[12:49:26.050]            __var ROMTableBase = 0;
[12:49:26.050]              // -> [ROMTableBase <= 0x00000000]
[12:49:26.050]            __ap = 0;      // AHB-AP
[12:49:26.050]              // -> [__ap <= 0x00000000]
[12:49:26.050]            ROMTableBase = ReadAP(0xF8) & ~0x3;
[12:49:26.050]              // -> [ReadAP(0x000000F8) => 0xE00FF003]   (__dp=0x00000000, __ap=0x00000000)
[12:49:26.050]              // -> [ROMTableBase <= 0xE00FF000]
[12:49:26.050]            pidr1 = Read32(ROMTableBase + 0x0FE4);
[12:49:26.050]              // -> [Read32(0xE00FFFE4) => 0x00000004]   (__dp=0x00000000, __ap=0x00000000)
[12:49:26.051]              // -> [pidr1 <= 0x00000004]
[12:49:26.051]            pidr2 = Read32(ROMTableBase + 0x0FE8);
[12:49:26.051]              // -> [Read32(0xE00FFFE8) => 0x0000000A]   (__dp=0x00000000, __ap=0x00000000)
[12:49:26.051]              // -> [pidr2 <= 0x0000000A]
[12:49:26.051]            jep106id = ((pidr2 & 0x7) << 4 ) | ((pidr1 >> 4) & 0xF);
[12:49:26.051]              // -> [jep106id <= 0x00000020]
[12:49:26.051]          </block>
[12:49:26.051]          <control if="jep106id != 0x20" while="" timeout="0" info="">
[12:49:26.051]            // if-block "jep106id != 0x20"
[12:49:26.051]              // =>  FALSE
[12:49:26.051]            // skip if-block "jep106id != 0x20"
[12:49:26.051]          </control>
[12:49:26.051]        </sequence>
[12:49:26.051]    </block>
[12:49:26.051]  </sequence>
[12:49:26.051]  
[12:49:26.051]  **********  Sequence "DebugCoreStart"  (Context="Target Access", Pname="", info="")
[12:49:26.051]  
[12:49:26.051]  <debugvars>
[12:49:26.052]    // Pre-defined
[12:49:26.052]    __protocol=0x00010002      (Protocol="SWD", SWJ-DP="True")
[12:49:26.052]    __connection=0x00000201    (Connection Type="Debug", Reset Type="System Reset")
[12:49:26.052]    __dp=0x00000000
[12:49:26.052]    __ap=0x00000000
[12:49:26.052]    __traceout=0x00000000      (Trace Disabled)
[12:49:26.052]    __errorcontrol=0x00000000  (Skip Errors="False")
[12:49:26.052]    __FlashAddr=0x00000000
[12:49:26.052]    __FlashLen=0x00000000
[12:49:26.052]    __FlashArg=0x00000000
[12:49:26.052]    __FlashOp=0x00000000
[12:49:26.052]    __Result=0x00000000
[12:49:26.052]    
[12:49:26.052]    // User-defined
[12:49:26.052]    DbgMCU_CR=0x00000007
[12:49:26.052]  </debugvars>
[12:49:26.052]  
[12:49:26.052]  <sequence name="DebugCoreStart" Pname="" disable="false" info="">
[12:49:26.052]    <block atomic="false" info="">
[12:49:26.052]      Write32(0xE000EDF0, 0xA05F0001);                                        // Enable Core Debug via DHCSR
[12:49:26.053]        // -> [Write32(0xE000EDF0, 0xA05F0001)]   (__dp=0x00000000, __ap=0x00000000)
[12:49:26.053]      Write32(0xE0042004, DbgMCU_CR);                                         // DBGMCU_CR: Configure MCU Debug
[12:49:26.053]        // -> [Write32(0xE0042004, 0x00000007)]   (__dp=0x00000000, __ap=0x00000000)
[12:49:26.053]    </block>
[12:49:26.053]  </sequence>
[12:49:26.053]  
[12:54:53.958]  **********  Sequence "DebugDeviceUnlock"  (Context="Target Access", Pname="", info="")
[12:54:53.958]  
[12:54:53.965]  <debugvars>
[12:54:53.965]    // Pre-defined
[12:54:53.965]    __protocol=0x00010002      (Protocol="SWD", SWJ-DP="True")
[12:54:53.965]    __connection=0x00000202    (Connection Type="Flash", Reset Type="System Reset")
[12:54:53.965]    __dp=0x00000000
[12:54:53.965]    __ap=0x00000000
[12:54:53.965]    __traceout=0x00000000      (Trace Disabled)
[12:54:53.965]    __errorcontrol=0x00000000  (Skip Errors="False")
[12:54:53.966]    __FlashAddr=0x00000000
[12:54:53.966]    __FlashLen=0x00000000
[12:54:53.966]    __FlashArg=0x00000000
[12:54:53.966]    __FlashOp=0x00000000
[12:54:53.966]    __Result=0x00000000
[12:54:53.966]    
[12:54:53.966]    // User-defined
[12:54:53.966]    DbgMCU_CR=0x00000007
[12:54:53.966]  </debugvars>
[12:54:53.966]  
[12:54:53.966]  <sequence name="DebugDeviceUnlock" Pname="" disable="false" info="">
[12:54:53.966]    <block atomic="false" info="">
[12:54:53.966]      Sequence("CheckID");
[12:54:53.966]        <sequence name="CheckID" Pname="" disable="false" info="">
[12:54:53.966]          <block atomic="false" info="">
[12:54:53.966]            __var pidr1 = 0;
[12:54:53.966]              // -> [pidr1 <= 0x00000000]
[12:54:53.966]            __var pidr2 = 0;
[12:54:53.966]              // -> [pidr2 <= 0x00000000]
[12:54:53.966]            __var jep106id = 0;
[12:54:53.966]              // -> [jep106id <= 0x00000000]
[12:54:53.966]            __var ROMTableBase = 0;
[12:54:53.966]              // -> [ROMTableBase <= 0x00000000]
[12:54:53.966]            __ap = 0;      // AHB-AP
[12:54:53.966]              // -> [__ap <= 0x00000000]
[12:54:53.966]            ROMTableBase = ReadAP(0xF8) & ~0x3;
[12:54:53.967]              // -> [ReadAP(0x000000F8) => 0xE00FF003]   (__dp=0x00000000, __ap=0x00000000)
[12:54:53.967]              // -> [ROMTableBase <= 0xE00FF000]
[12:54:53.967]            pidr1 = Read32(ROMTableBase + 0x0FE4);
[12:54:53.967]              // -> [Read32(0xE00FFFE4) => 0x00000004]   (__dp=0x00000000, __ap=0x00000000)
[12:54:53.967]              // -> [pidr1 <= 0x00000004]
[12:54:53.967]            pidr2 = Read32(ROMTableBase + 0x0FE8);
[12:54:53.967]              // -> [Read32(0xE00FFFE8) => 0x0000000A]   (__dp=0x00000000, __ap=0x00000000)
[12:54:53.967]              // -> [pidr2 <= 0x0000000A]
[12:54:53.967]            jep106id = ((pidr2 & 0x7) << 4 ) | ((pidr1 >> 4) & 0xF);
[12:54:53.967]              // -> [jep106id <= 0x00000020]
[12:54:53.967]          </block>
[12:54:53.967]          <control if="jep106id != 0x20" while="" timeout="0" info="">
[12:54:53.967]            // if-block "jep106id != 0x20"
[12:54:53.967]              // =>  FALSE
[12:54:53.968]            // skip if-block "jep106id != 0x20"
[12:54:53.968]          </control>
[12:54:53.968]        </sequence>
[12:54:53.968]    </block>
[12:54:53.968]  </sequence>
[12:54:53.968]  
[12:54:53.968]  **********  Sequence "DebugCoreStart"  (Context="Target Access", Pname="", info="")
[12:54:53.968]  
[12:54:53.968]  <debugvars>
[12:54:53.968]    // Pre-defined
[12:54:53.968]    __protocol=0x00010002      (Protocol="SWD", SWJ-DP="True")
[12:54:53.968]    __connection=0x00000202    (Connection Type="Flash", Reset Type="System Reset")
[12:54:53.968]    __dp=0x00000000
[12:54:53.968]    __ap=0x00000000
[12:54:53.968]    __traceout=0x00000000      (Trace Disabled)
[12:54:53.968]    __errorcontrol=0x00000000  (Skip Errors="False")
[12:54:53.968]    __FlashAddr=0x00000000
[12:54:53.968]    __FlashLen=0x00000000
[12:54:53.968]    __FlashArg=0x00000000
[12:54:53.968]    __FlashOp=0x00000000
[12:54:53.968]    __Result=0x00000000
[12:54:53.968]    
[12:54:53.968]    // User-defined
[12:54:53.968]    DbgMCU_CR=0x00000007
[12:54:53.968]  </debugvars>
[12:54:53.968]  
[12:54:53.968]  <sequence name="DebugCoreStart" Pname="" disable="false" info="">
[12:54:53.968]    <block atomic="false" info="">
[12:54:53.968]      Write32(0xE000EDF0, 0xA05F0001);                                        // Enable Core Debug via DHCSR
[12:54:53.968]        // -> [Write32(0xE000EDF0, 0xA05F0001)]   (__dp=0x00000000, __ap=0x00000000)
[12:54:53.970]      Write32(0xE0042004, DbgMCU_CR);                                         // DBGMCU_CR: Configure MCU Debug
[12:54:53.970]        // -> [Write32(0xE0042004, 0x00000007)]   (__dp=0x00000000, __ap=0x00000000)
[12:54:53.970]    </block>
[12:54:53.970]  </sequence>
[12:54:53.970]  
[12:54:57.910]  **********  Sequence "DebugDeviceUnlock"  (Context="Target Access", Pname="", info="")
[12:54:57.910]  
[12:54:57.917]  <debugvars>
[12:54:57.917]    // Pre-defined
[12:54:57.917]    __protocol=0x00010002      (Protocol="SWD", SWJ-DP="True")
[12:54:57.917]    __connection=0x00000202    (Connection Type="Flash", Reset Type="System Reset")
[12:54:57.917]    __dp=0x00000000
[12:54:57.917]    __ap=0x00000000
[12:54:57.917]    __traceout=0x00000000      (Trace Disabled)
[12:54:57.917]    __errorcontrol=0x00000000  (Skip Errors="False")
[12:54:57.918]    __FlashAddr=0x00000000
[12:54:57.918]    __FlashLen=0x00000000
[12:54:57.918]    __FlashArg=0x00000000
[12:54:57.918]    __FlashOp=0x00000000
[12:54:57.918]    __Result=0x00000000
[12:54:57.918]    
[12:54:57.918]    // User-defined
[12:54:57.918]    DbgMCU_CR=0x00000007
[12:54:57.918]  </debugvars>
[12:54:57.918]  
[12:54:57.918]  <sequence name="DebugDeviceUnlock" Pname="" disable="false" info="">
[12:54:57.918]    <block atomic="false" info="">
[12:54:57.919]      Sequence("CheckID");
[12:54:57.919]        <sequence name="CheckID" Pname="" disable="false" info="">
[12:54:57.919]          <block atomic="false" info="">
[12:54:57.919]            __var pidr1 = 0;
[12:54:57.919]              // -> [pidr1 <= 0x00000000]
[12:54:57.919]            __var pidr2 = 0;
[12:54:57.919]              // -> [pidr2 <= 0x00000000]
[12:54:57.919]            __var jep106id = 0;
[12:54:57.919]              // -> [jep106id <= 0x00000000]
[12:54:57.919]            __var ROMTableBase = 0;
[12:54:57.919]              // -> [ROMTableBase <= 0x00000000]
[12:54:57.919]            __ap = 0;      // AHB-AP
[12:54:57.919]              // -> [__ap <= 0x00000000]
[12:54:57.920]            ROMTableBase = ReadAP(0xF8) & ~0x3;
[12:54:57.920]              // -> [ReadAP(0x000000F8) => 0xE00FF003]   (__dp=0x00000000, __ap=0x00000000)
[12:54:57.920]              // -> [ROMTableBase <= 0xE00FF000]
[12:54:57.920]            pidr1 = Read32(ROMTableBase + 0x0FE4);
[12:54:57.921]              // -> [Read32(0xE00FFFE4) => 0x00000004]   (__dp=0x00000000, __ap=0x00000000)
[12:54:57.921]              // -> [pidr1 <= 0x00000004]
[12:54:57.921]            pidr2 = Read32(ROMTableBase + 0x0FE8);
[12:54:57.922]              // -> [Read32(0xE00FFFE8) => 0x0000000A]   (__dp=0x00000000, __ap=0x00000000)
[12:54:57.922]              // -> [pidr2 <= 0x0000000A]
[12:54:57.922]            jep106id = ((pidr2 & 0x7) << 4 ) | ((pidr1 >> 4) & 0xF);
[12:54:57.922]              // -> [jep106id <= 0x00000020]
[12:54:57.922]          </block>
[12:54:57.922]          <control if="jep106id != 0x20" while="" timeout="0" info="">
[12:54:57.922]            // if-block "jep106id != 0x20"
[12:54:57.922]              // =>  FALSE
[12:54:57.922]            // skip if-block "jep106id != 0x20"
[12:54:57.922]          </control>
[12:54:57.923]        </sequence>
[12:54:57.923]    </block>
[12:54:57.923]  </sequence>
[12:54:57.923]  
[12:54:57.923]  **********  Sequence "DebugCoreStart"  (Context="Target Access", Pname="", info="")
[12:54:57.923]  
[12:54:57.923]  <debugvars>
[12:54:57.923]    // Pre-defined
[12:54:57.923]    __protocol=0x00010002      (Protocol="SWD", SWJ-DP="True")
[12:54:57.923]    __connection=0x00000202    (Connection Type="Flash", Reset Type="System Reset")
[12:54:57.923]    __dp=0x00000000
[12:54:57.923]    __ap=0x00000000
[12:54:57.924]    __traceout=0x00000000      (Trace Disabled)
[12:54:57.924]    __errorcontrol=0x00000000  (Skip Errors="False")
[12:54:57.924]    __FlashAddr=0x00000000
[12:54:57.924]    __FlashLen=0x00000000
[12:54:57.924]    __FlashArg=0x00000000
[12:54:57.924]    __FlashOp=0x00000000
[12:54:57.924]    __Result=0x00000000
[12:54:57.924]    
[12:54:57.924]    // User-defined
[12:54:57.924]    DbgMCU_CR=0x00000007
[12:54:57.924]  </debugvars>
[12:54:57.925]  
[12:54:57.925]  <sequence name="DebugCoreStart" Pname="" disable="false" info="">
[12:54:57.925]    <block atomic="false" info="">
[12:54:57.925]      Write32(0xE000EDF0, 0xA05F0001);                                        // Enable Core Debug via DHCSR
[12:54:57.925]        // -> [Write32(0xE000EDF0, 0xA05F0001)]   (__dp=0x00000000, __ap=0x00000000)
[12:54:57.925]      Write32(0xE0042004, DbgMCU_CR);                                         // DBGMCU_CR: Configure MCU Debug
[12:54:57.926]        // -> [Write32(0xE0042004, 0x00000007)]   (__dp=0x00000000, __ap=0x00000000)
[12:54:57.926]    </block>
[12:54:57.926]  </sequence>
[12:54:57.926]  
[12:55:01.236]  **********  Sequence "DebugDeviceUnlock"  (Context="Target Access", Pname="", info="")
[12:55:01.236]  
[12:55:01.236]  <debugvars>
[12:55:01.236]    // Pre-defined
[12:55:01.236]    __protocol=0x00010002      (Protocol="SWD", SWJ-DP="True")
[12:55:01.236]    __connection=0x00000201    (Connection Type="Debug", Reset Type="System Reset")
[12:55:01.236]    __dp=0x00000000
[12:55:01.236]    __ap=0x00000000
[12:55:01.236]    __traceout=0x00000000      (Trace Disabled)
[12:55:01.236]    __errorcontrol=0x00000000  (Skip Errors="False")
[12:55:01.236]    __FlashAddr=0x00000000
[12:55:01.236]    __FlashLen=0x00000000
[12:55:01.236]    __FlashArg=0x00000000
[12:55:01.236]    __FlashOp=0x00000000
[12:55:01.236]    __Result=0x00000000
[12:55:01.236]    
[12:55:01.236]    // User-defined
[12:55:01.236]    DbgMCU_CR=0x00000007
[12:55:01.236]  </debugvars>
[12:55:01.236]  
[12:55:01.237]  <sequence name="DebugDeviceUnlock" Pname="" disable="false" info="">
[12:55:01.237]    <block atomic="false" info="">
[12:55:01.237]      Sequence("CheckID");
[12:55:01.237]        <sequence name="CheckID" Pname="" disable="false" info="">
[12:55:01.237]          <block atomic="false" info="">
[12:55:01.237]            __var pidr1 = 0;
[12:55:01.237]              // -> [pidr1 <= 0x00000000]
[12:55:01.237]            __var pidr2 = 0;
[12:55:01.237]              // -> [pidr2 <= 0x00000000]
[12:55:01.237]            __var jep106id = 0;
[12:55:01.237]              // -> [jep106id <= 0x00000000]
[12:55:01.238]            __var ROMTableBase = 0;
[12:55:01.238]              // -> [ROMTableBase <= 0x00000000]
[12:55:01.238]            __ap = 0;      // AHB-AP
[12:55:01.238]              // -> [__ap <= 0x00000000]
[12:55:01.238]            ROMTableBase = ReadAP(0xF8) & ~0x3;
[12:55:01.238]              // -> [ReadAP(0x000000F8) => 0xE00FF003]   (__dp=0x00000000, __ap=0x00000000)
[12:55:01.238]              // -> [ROMTableBase <= 0xE00FF000]
[12:55:01.238]            pidr1 = Read32(ROMTableBase + 0x0FE4);
[12:55:01.238]              // -> [Read32(0xE00FFFE4) => 0x00000004]   (__dp=0x00000000, __ap=0x00000000)
[12:55:01.239]              // -> [pidr1 <= 0x00000004]
[12:55:01.239]            pidr2 = Read32(ROMTableBase + 0x0FE8);
[12:55:01.239]              // -> [Read32(0xE00FFFE8) => 0x0000000A]   (__dp=0x00000000, __ap=0x00000000)
[12:55:01.239]              // -> [pidr2 <= 0x0000000A]
[12:55:01.239]            jep106id = ((pidr2 & 0x7) << 4 ) | ((pidr1 >> 4) & 0xF);
[12:55:01.239]              // -> [jep106id <= 0x00000020]
[12:55:01.239]          </block>
[12:55:01.239]          <control if="jep106id != 0x20" while="" timeout="0" info="">
[12:55:01.239]            // if-block "jep106id != 0x20"
[12:55:01.239]              // =>  FALSE
[12:55:01.239]            // skip if-block "jep106id != 0x20"
[12:55:01.239]          </control>
[12:55:01.239]        </sequence>
[12:55:01.239]    </block>
[12:55:01.239]  </sequence>
[12:55:01.239]  
[12:55:01.239]  **********  Sequence "DebugCoreStart"  (Context="Target Access", Pname="", info="")
[12:55:01.239]  
[12:55:01.240]  <debugvars>
[12:55:01.240]    // Pre-defined
[12:55:01.240]    __protocol=0x00010002      (Protocol="SWD", SWJ-DP="True")
[12:55:01.240]    __connection=0x00000201    (Connection Type="Debug", Reset Type="System Reset")
[12:55:01.240]    __dp=0x00000000
[12:55:01.240]    __ap=0x00000000
[12:55:01.240]    __traceout=0x00000000      (Trace Disabled)
[12:55:01.240]    __errorcontrol=0x00000000  (Skip Errors="False")
[12:55:01.240]    __FlashAddr=0x00000000
[12:55:01.240]    __FlashLen=0x00000000
[12:55:01.240]    __FlashArg=0x00000000
[12:55:01.240]    __FlashOp=0x00000000
[12:55:01.240]    __Result=0x00000000
[12:55:01.240]    
[12:55:01.240]    // User-defined
[12:55:01.240]    DbgMCU_CR=0x00000007
[12:55:01.240]  </debugvars>
[12:55:01.240]  
[12:55:01.240]  <sequence name="DebugCoreStart" Pname="" disable="false" info="">
[12:55:01.240]    <block atomic="false" info="">
[12:55:01.240]      Write32(0xE000EDF0, 0xA05F0001);                                        // Enable Core Debug via DHCSR
[12:55:01.241]        // -> [Write32(0xE000EDF0, 0xA05F0001)]   (__dp=0x00000000, __ap=0x00000000)
[12:55:01.241]      Write32(0xE0042004, DbgMCU_CR);                                         // DBGMCU_CR: Configure MCU Debug
[12:55:01.241]        // -> [Write32(0xE0042004, 0x00000007)]   (__dp=0x00000000, __ap=0x00000000)
[12:55:01.241]    </block>
[12:55:01.241]  </sequence>
[12:55:01.241]  
[12:59:28.105]  **********  Sequence "DebugDeviceUnlock"  (Context="Target Access", Pname="", info="")
[12:59:28.105]  
[12:59:28.112]  <debugvars>
[12:59:28.112]    // Pre-defined
[12:59:28.112]    __protocol=0x00010002      (Protocol="SWD", SWJ-DP="True")
[12:59:28.112]    __connection=0x00000202    (Connection Type="Flash", Reset Type="System Reset")
[12:59:28.112]    __dp=0x00000000
[12:59:28.112]    __ap=0x00000000
[12:59:28.112]    __traceout=0x00000001      (SWO Trace)
[12:59:28.112]    __errorcontrol=0x00000000  (Skip Errors="False")
[12:59:28.112]    __FlashAddr=0x00000000
[12:59:28.112]    __FlashLen=0x00000000
[12:59:28.113]    __FlashArg=0x00000000
[12:59:28.113]    __FlashOp=0x00000000
[12:59:28.113]    __Result=0x00000000
[12:59:28.113]    
[12:59:28.113]    // User-defined
[12:59:28.113]    DbgMCU_CR=0x00000007
[12:59:28.113]  </debugvars>
[12:59:28.113]  
[12:59:28.113]  <sequence name="DebugDeviceUnlock" Pname="" disable="false" info="">
[12:59:28.113]    <block atomic="false" info="">
[12:59:28.113]      Sequence("CheckID");
[12:59:28.113]        <sequence name="CheckID" Pname="" disable="false" info="">
[12:59:28.113]          <block atomic="false" info="">
[12:59:28.113]            __var pidr1 = 0;
[12:59:28.113]              // -> [pidr1 <= 0x00000000]
[12:59:28.113]            __var pidr2 = 0;
[12:59:28.113]              // -> [pidr2 <= 0x00000000]
[12:59:28.113]            __var jep106id = 0;
[12:59:28.113]              // -> [jep106id <= 0x00000000]
[12:59:28.113]            __var ROMTableBase = 0;
[12:59:28.113]              // -> [ROMTableBase <= 0x00000000]
[12:59:28.113]            __ap = 0;      // AHB-AP
[12:59:28.113]              // -> [__ap <= 0x00000000]
[12:59:28.113]            ROMTableBase = ReadAP(0xF8) & ~0x3;
[12:59:28.114]              // -> [ReadAP(0x000000F8) => 0xE00FF003]   (__dp=0x00000000, __ap=0x00000000)
[12:59:28.114]              // -> [ROMTableBase <= 0xE00FF000]
[12:59:28.114]            pidr1 = Read32(ROMTableBase + 0x0FE4);
[12:59:28.114]              // -> [Read32(0xE00FFFE4) => 0x00000004]   (__dp=0x00000000, __ap=0x00000000)
[12:59:28.114]              // -> [pidr1 <= 0x00000004]
[12:59:28.114]            pidr2 = Read32(ROMTableBase + 0x0FE8);
[12:59:28.114]              // -> [Read32(0xE00FFFE8) => 0x0000000A]   (__dp=0x00000000, __ap=0x00000000)
[12:59:28.114]              // -> [pidr2 <= 0x0000000A]
[12:59:28.115]            jep106id = ((pidr2 & 0x7) << 4 ) | ((pidr1 >> 4) & 0xF);
[12:59:28.115]              // -> [jep106id <= 0x00000020]
[12:59:28.115]          </block>
[12:59:28.115]          <control if="jep106id != 0x20" while="" timeout="0" info="">
[12:59:28.115]            // if-block "jep106id != 0x20"
[12:59:28.115]              // =>  FALSE
[12:59:28.115]            // skip if-block "jep106id != 0x20"
[12:59:28.115]          </control>
[12:59:28.115]        </sequence>
[12:59:28.115]    </block>
[12:59:28.115]  </sequence>
[12:59:28.115]  
[12:59:28.115]  **********  Sequence "DebugCoreStart"  (Context="Target Access", Pname="", info="")
[12:59:28.115]  
[12:59:28.115]  <debugvars>
[12:59:28.115]    // Pre-defined
[12:59:28.115]    __protocol=0x00010002      (Protocol="SWD", SWJ-DP="True")
[12:59:28.115]    __connection=0x00000202    (Connection Type="Flash", Reset Type="System Reset")
[12:59:28.115]    __dp=0x00000000
[12:59:28.115]    __ap=0x00000000
[12:59:28.115]    __traceout=0x00000001      (SWO Trace)
[12:59:28.115]    __errorcontrol=0x00000000  (Skip Errors="False")
[12:59:28.115]    __FlashAddr=0x00000000
[12:59:28.115]    __FlashLen=0x00000000
[12:59:28.115]    __FlashArg=0x00000000
[12:59:28.115]    __FlashOp=0x00000000
[12:59:28.115]    __Result=0x00000000
[12:59:28.115]    
[12:59:28.115]    // User-defined
[12:59:28.116]    DbgMCU_CR=0x00000007
[12:59:28.116]  </debugvars>
[12:59:28.116]  
[12:59:28.116]  <sequence name="DebugCoreStart" Pname="" disable="false" info="">
[12:59:28.116]    <block atomic="false" info="">
[12:59:28.116]      Write32(0xE000EDF0, 0xA05F0001);                                        // Enable Core Debug via DHCSR
[12:59:28.116]        // -> [Write32(0xE000EDF0, 0xA05F0001)]   (__dp=0x00000000, __ap=0x00000000)
[12:59:28.117]      Write32(0xE0042004, DbgMCU_CR);                                         // DBGMCU_CR: Configure MCU Debug
[12:59:28.117]        // -> [Write32(0xE0042004, 0x00000007)]   (__dp=0x00000000, __ap=0x00000000)
[12:59:28.117]    </block>
[12:59:28.117]  </sequence>
[12:59:28.117]  
[12:59:32.605]  **********  Sequence "DebugDeviceUnlock"  (Context="Target Access", Pname="", info="")
[12:59:32.605]  
[12:59:32.612]  <debugvars>
[12:59:32.612]    // Pre-defined
[12:59:32.612]    __protocol=0x00010002      (Protocol="SWD", SWJ-DP="True")
[12:59:32.612]    __connection=0x00000202    (Connection Type="Flash", Reset Type="System Reset")
[12:59:32.612]    __dp=0x00000000
[12:59:32.612]    __ap=0x00000000
[12:59:32.612]    __traceout=0x00000001      (SWO Trace)
[12:59:32.612]    __errorcontrol=0x00000000  (Skip Errors="False")
[12:59:32.613]    __FlashAddr=0x00000000
[12:59:32.613]    __FlashLen=0x00000000
[12:59:32.613]    __FlashArg=0x00000000
[12:59:32.613]    __FlashOp=0x00000000
[12:59:32.613]    __Result=0x00000000
[12:59:32.613]    
[12:59:32.613]    // User-defined
[12:59:32.613]    DbgMCU_CR=0x00000007
[12:59:32.613]  </debugvars>
[12:59:32.613]  
[12:59:32.613]  <sequence name="DebugDeviceUnlock" Pname="" disable="false" info="">
[12:59:32.613]    <block atomic="false" info="">
[12:59:32.613]      Sequence("CheckID");
[12:59:32.613]        <sequence name="CheckID" Pname="" disable="false" info="">
[12:59:32.613]          <block atomic="false" info="">
[12:59:32.613]            __var pidr1 = 0;
[12:59:32.613]              // -> [pidr1 <= 0x00000000]
[12:59:32.613]            __var pidr2 = 0;
[12:59:32.613]              // -> [pidr2 <= 0x00000000]
[12:59:32.614]            __var jep106id = 0;
[12:59:32.614]              // -> [jep106id <= 0x00000000]
[12:59:32.614]            __var ROMTableBase = 0;
[12:59:32.614]              // -> [ROMTableBase <= 0x00000000]
[12:59:32.614]            __ap = 0;      // AHB-AP
[12:59:32.614]              // -> [__ap <= 0x00000000]
[12:59:32.614]            ROMTableBase = ReadAP(0xF8) & ~0x3;
[12:59:32.614]              // -> [ReadAP(0x000000F8) => 0xE00FF003]   (__dp=0x00000000, __ap=0x00000000)
[12:59:32.614]              // -> [ROMTableBase <= 0xE00FF000]
[12:59:32.614]            pidr1 = Read32(ROMTableBase + 0x0FE4);
[12:59:32.615]              // -> [Read32(0xE00FFFE4) => 0x00000004]   (__dp=0x00000000, __ap=0x00000000)
[12:59:32.615]              // -> [pidr1 <= 0x00000004]
[12:59:32.615]            pidr2 = Read32(ROMTableBase + 0x0FE8);
[12:59:32.615]              // -> [Read32(0xE00FFFE8) => 0x0000000A]   (__dp=0x00000000, __ap=0x00000000)
[12:59:32.615]              // -> [pidr2 <= 0x0000000A]
[12:59:32.615]            jep106id = ((pidr2 & 0x7) << 4 ) | ((pidr1 >> 4) & 0xF);
[12:59:32.615]              // -> [jep106id <= 0x00000020]
[12:59:32.615]          </block>
[12:59:32.615]          <control if="jep106id != 0x20" while="" timeout="0" info="">
[12:59:32.615]            // if-block "jep106id != 0x20"
[12:59:32.615]              // =>  FALSE
[12:59:32.615]            // skip if-block "jep106id != 0x20"
[12:59:32.615]          </control>
[12:59:32.615]        </sequence>
[12:59:32.615]    </block>
[12:59:32.615]  </sequence>
[12:59:32.615]  
[12:59:32.616]  **********  Sequence "DebugCoreStart"  (Context="Target Access", Pname="", info="")
[12:59:32.616]  
[12:59:32.616]  <debugvars>
[12:59:32.616]    // Pre-defined
[12:59:32.616]    __protocol=0x00010002      (Protocol="SWD", SWJ-DP="True")
[12:59:32.616]    __connection=0x00000202    (Connection Type="Flash", Reset Type="System Reset")
[12:59:32.616]    __dp=0x00000000
[12:59:32.616]    __ap=0x00000000
[12:59:32.616]    __traceout=0x00000001      (SWO Trace)
[12:59:32.616]    __errorcontrol=0x00000000  (Skip Errors="False")
[12:59:32.616]    __FlashAddr=0x00000000
[12:59:32.616]    __FlashLen=0x00000000
[12:59:32.616]    __FlashArg=0x00000000
[12:59:32.616]    __FlashOp=0x00000000
[12:59:32.616]    __Result=0x00000000
[12:59:32.616]    
[12:59:32.616]    // User-defined
[12:59:32.616]    DbgMCU_CR=0x00000007
[12:59:32.616]  </debugvars>
[12:59:32.616]  
[12:59:32.616]  <sequence name="DebugCoreStart" Pname="" disable="false" info="">
[12:59:32.616]    <block atomic="false" info="">
[12:59:32.616]      Write32(0xE000EDF0, 0xA05F0001);                                        // Enable Core Debug via DHCSR
[12:59:32.616]        // -> [Write32(0xE000EDF0, 0xA05F0001)]   (__dp=0x00000000, __ap=0x00000000)
[12:59:32.616]      Write32(0xE0042004, DbgMCU_CR);                                         // DBGMCU_CR: Configure MCU Debug
[12:59:32.617]        // -> [Write32(0xE0042004, 0x00000007)]   (__dp=0x00000000, __ap=0x00000000)
[12:59:32.617]    </block>
[12:59:32.617]  </sequence>
[12:59:32.617]  
[12:59:35.839]  **********  Sequence "DebugDeviceUnlock"  (Context="Target Access", Pname="", info="")
[12:59:35.839]  
[12:59:35.846]  <debugvars>
[12:59:35.846]    // Pre-defined
[12:59:35.846]    __protocol=0x00010002      (Protocol="SWD", SWJ-DP="True")
[12:59:35.846]    __connection=0x00000201    (Connection Type="Debug", Reset Type="System Reset")
[12:59:35.846]    __dp=0x00000000
[12:59:35.846]    __ap=0x00000000
[12:59:35.846]    __traceout=0x00000001      (SWO Trace)
[12:59:35.847]    __errorcontrol=0x00000000  (Skip Errors="False")
[12:59:35.847]    __FlashAddr=0x00000000
[12:59:35.847]    __FlashLen=0x00000000
[12:59:35.847]    __FlashArg=0x00000000
[12:59:35.847]    __FlashOp=0x00000000
[12:59:35.847]    __Result=0x00000000
[12:59:35.847]    
[12:59:35.847]    // User-defined
[12:59:35.847]    DbgMCU_CR=0x00000007
[12:59:35.847]  </debugvars>
[12:59:35.847]  
[12:59:35.847]  <sequence name="DebugDeviceUnlock" Pname="" disable="false" info="">
[12:59:35.847]    <block atomic="false" info="">
[12:59:35.847]      Sequence("CheckID");
[12:59:35.847]        <sequence name="CheckID" Pname="" disable="false" info="">
[12:59:35.847]          <block atomic="false" info="">
[12:59:35.847]            __var pidr1 = 0;
[12:59:35.847]              // -> [pidr1 <= 0x00000000]
[12:59:35.847]            __var pidr2 = 0;
[12:59:35.847]              // -> [pidr2 <= 0x00000000]
[12:59:35.847]            __var jep106id = 0;
[12:59:35.847]              // -> [jep106id <= 0x00000000]
[12:59:35.847]            __var ROMTableBase = 0;
[12:59:35.847]              // -> [ROMTableBase <= 0x00000000]
[12:59:35.847]            __ap = 0;      // AHB-AP
[12:59:35.847]              // -> [__ap <= 0x00000000]
[12:59:35.847]            ROMTableBase = ReadAP(0xF8) & ~0x3;
[12:59:35.848]              // -> [ReadAP(0x000000F8) => 0xE00FF003]   (__dp=0x00000000, __ap=0x00000000)
[12:59:35.848]              // -> [ROMTableBase <= 0xE00FF000]
[12:59:35.848]            pidr1 = Read32(ROMTableBase + 0x0FE4);
[12:59:35.848]              // -> [Read32(0xE00FFFE4) => 0x00000004]   (__dp=0x00000000, __ap=0x00000000)
[12:59:35.848]              // -> [pidr1 <= 0x00000004]
[12:59:35.848]            pidr2 = Read32(ROMTableBase + 0x0FE8);
[12:59:35.849]              // -> [Read32(0xE00FFFE8) => 0x0000000A]   (__dp=0x00000000, __ap=0x00000000)
[12:59:35.849]              // -> [pidr2 <= 0x0000000A]
[12:59:35.849]            jep106id = ((pidr2 & 0x7) << 4 ) | ((pidr1 >> 4) & 0xF);
[12:59:35.849]              // -> [jep106id <= 0x00000020]
[12:59:35.849]          </block>
[12:59:35.849]          <control if="jep106id != 0x20" while="" timeout="0" info="">
[12:59:35.849]            // if-block "jep106id != 0x20"
[12:59:35.849]              // =>  FALSE
[12:59:35.849]            // skip if-block "jep106id != 0x20"
[12:59:35.849]          </control>
[12:59:35.850]        </sequence>
[12:59:35.850]    </block>
[12:59:35.850]  </sequence>
[12:59:35.850]  
[12:59:35.850]  **********  Sequence "DebugCoreStart"  (Context="Target Access", Pname="", info="")
[12:59:35.850]  
[12:59:35.850]  <debugvars>
[12:59:35.850]    // Pre-defined
[12:59:35.850]    __protocol=0x00010002      (Protocol="SWD", SWJ-DP="True")
[12:59:35.850]    __connection=0x00000201    (Connection Type="Debug", Reset Type="System Reset")
[12:59:35.850]    __dp=0x00000000
[12:59:35.850]    __ap=0x00000000
[12:59:35.850]    __traceout=0x00000001      (SWO Trace)
[12:59:35.850]    __errorcontrol=0x00000000  (Skip Errors="False")
[12:59:35.850]    __FlashAddr=0x00000000
[12:59:35.850]    __FlashLen=0x00000000
[12:59:35.850]    __FlashArg=0x00000000
[12:59:35.851]    __FlashOp=0x00000000
[12:59:35.851]    __Result=0x00000000
[12:59:35.851]    
[12:59:35.851]    // User-defined
[12:59:35.851]    DbgMCU_CR=0x00000007
[12:59:35.851]  </debugvars>
[12:59:35.851]  
[12:59:35.851]  <sequence name="DebugCoreStart" Pname="" disable="false" info="">
[12:59:35.851]    <block atomic="false" info="">
[12:59:35.851]      Write32(0xE000EDF0, 0xA05F0001);                                        // Enable Core Debug via DHCSR
[12:59:35.851]        // -> [Write32(0xE000EDF0, 0xA05F0001)]   (__dp=0x00000000, __ap=0x00000000)
[12:59:35.851]      Write32(0xE0042004, DbgMCU_CR);                                         // DBGMCU_CR: Configure MCU Debug
[12:59:35.852]        // -> [Write32(0xE0042004, 0x00000007)]   (__dp=0x00000000, __ap=0x00000000)
[12:59:35.852]    </block>
[12:59:35.852]  </sequence>
[12:59:35.852]  
[12:59:35.869]  **********  Sequence "TraceStart"  (Context="Target Access", Pname="", info="")
[12:59:35.869]  
[12:59:35.869]  <debugvars>
[12:59:35.869]    // Pre-defined
[12:59:35.869]    __protocol=0x00010002      (Protocol="SWD", SWJ-DP="True")
[12:59:35.869]    __connection=0x00000201    (Connection Type="Debug", Reset Type="System Reset")
[12:59:35.869]    __dp=0x00000000
[12:59:35.869]    __ap=0x00000000
[12:59:35.869]    __traceout=0x00000001      (SWO Trace)
[12:59:35.869]    __errorcontrol=0x00000000  (Skip Errors="False")
[12:59:35.869]    __FlashAddr=0x00000000
[12:59:35.869]    __FlashLen=0x00000000
[12:59:35.869]    __FlashArg=0x00000000
[12:59:35.869]    __FlashOp=0x00000000
[12:59:35.869]    __Result=0x00000000
[12:59:35.869]    
[12:59:35.869]    // User-defined
[12:59:35.869]    DbgMCU_CR=0x00000007
[12:59:35.869]  </debugvars>
[12:59:35.869]  
[12:59:35.870]  <sequence name="TraceStart" Pname="" disable="false" info="">
[12:59:35.870]    <block atomic="false" info="">
[12:59:35.870]      __var traceSWO    = (__traceout & 0x1) != 0;                        // SWO Trace Selected?
[12:59:35.870]        // -> [traceSWO <= 0x00000001]
[12:59:35.870]      __var traceTPIU   = (__traceout & 0x2) != 0;                        // TPIU Trace Selected?
[12:59:35.870]        // -> [traceTPIU <= 0x00000000]
[12:59:35.870]    </block>
[12:59:35.870]    <control if="traceSWO" while="" timeout="0" info="">
[12:59:35.870]      // if-block "traceSWO"
[12:59:35.870]        // =>  TRUE
[12:59:35.870]      <block atomic="false" info="">
[12:59:35.870]        Sequence("EnableTraceSWO");                                           // Call SWO Trace Setup
[12:59:35.870]          <sequence name="EnableTraceSWO" Pname="" disable="false" info="">
[12:59:35.870]            <block atomic="false" info="">
[12:59:35.870]              __var dbgmcu_val    = 0;                                                // DBGMCU_CR Value
[12:59:35.870]                // -> [dbgmcu_val <= 0x00000000]
[12:59:35.870]              dbgmcu_val  = Read32(0xE0042004) & (~0xE0);                         // Read DBGMCU_CR and clear trace setup
[12:59:35.870]                // -> [Read32(0xE0042004) => 0x00000037]   (__dp=0x00000000, __ap=0x00000000)
[12:59:35.870]                // -> [dbgmcu_val <= 0x00000017]
[12:59:35.871]              dbgmcu_val |= (1 << 5);                                           // Trace I/O Enable + Trace Mode Asynchronous
[12:59:35.871]                // -> [dbgmcu_val <= 0x00000037]
[12:59:35.871]              Write32(0xE0042004, dbgmcu_val);                                        // Write DBGMCU_CR: Trace Settings
[12:59:35.871]                // -> [Write32(0xE0042004, 0x00000037)]   (__dp=0x00000000, __ap=0x00000000)
[12:59:35.871]            </block>
[12:59:35.871]          </sequence>
[12:59:35.871]      </block>
[12:59:35.871]      // end if-block "traceSWO"
[12:59:35.871]    </control>
[12:59:35.871]    <control if="traceTPIU" while="" timeout="0" info="">
[12:59:35.871]      // if-block "traceTPIU"
[12:59:35.871]        // =>  FALSE
[12:59:35.871]      // skip if-block "traceTPIU"
[12:59:35.871]    </control>
[12:59:35.871]  </sequence>
[12:59:35.871]  
[12:59:35.877]  **********  Sequence "TraceStart"  (Context="Reset", Pname="", info="")
[12:59:35.877]  
[12:59:35.877]  <debugvars>
[12:59:35.877]    // Pre-defined
[12:59:35.877]    __protocol=0x00010002      (Protocol="SWD", SWJ-DP="True")
[12:59:35.877]    __connection=0x00000201    (Connection Type="Debug", Reset Type="System Reset")
[12:59:35.877]    __dp=0x00000000
[12:59:35.877]    __ap=0x00000000
[12:59:35.877]    __traceout=0x00000001      (SWO Trace)
[12:59:35.877]    __errorcontrol=0x00000000  (Skip Errors="False")
[12:59:35.877]    __FlashAddr=0x00000000
[12:59:35.877]    __FlashLen=0x00000000
[12:59:35.877]    __FlashArg=0x00000000
[12:59:35.877]    __FlashOp=0x00000000
[12:59:35.877]    __Result=0x00000000
[12:59:35.877]    
[12:59:35.877]    // User-defined
[12:59:35.877]    DbgMCU_CR=0x00000007
[12:59:35.877]  </debugvars>
[12:59:35.877]  
[12:59:35.878]  <sequence name="TraceStart" Pname="" disable="false" info="">
[12:59:35.878]    <block atomic="false" info="">
[12:59:35.878]      __var traceSWO    = (__traceout & 0x1) != 0;                        // SWO Trace Selected?
[12:59:35.878]        // -> [traceSWO <= 0x00000001]
[12:59:35.878]      __var traceTPIU   = (__traceout & 0x2) != 0;                        // TPIU Trace Selected?
[12:59:35.878]        // -> [traceTPIU <= 0x00000000]
[12:59:35.878]    </block>
[12:59:35.878]    <control if="traceSWO" while="" timeout="0" info="">
[12:59:35.878]      // if-block "traceSWO"
[12:59:35.878]        // =>  TRUE
[12:59:35.878]      <block atomic="false" info="">
[12:59:35.878]        Sequence("EnableTraceSWO");                                           // Call SWO Trace Setup
[12:59:35.878]          <sequence name="EnableTraceSWO" Pname="" disable="false" info="">
[12:59:35.878]            <block atomic="false" info="">
[12:59:35.878]              __var dbgmcu_val    = 0;                                                // DBGMCU_CR Value
[12:59:35.878]                // -> [dbgmcu_val <= 0x00000000]
[12:59:35.878]              dbgmcu_val  = Read32(0xE0042004) & (~0xE0);                         // Read DBGMCU_CR and clear trace setup
[12:59:35.879]                // -> [Read32(0xE0042004) => 0x00000037]   (__dp=0x00000000, __ap=0x00000000)
[12:59:35.879]                // -> [dbgmcu_val <= 0x00000017]
[12:59:35.879]              dbgmcu_val |= (1 << 5);                                           // Trace I/O Enable + Trace Mode Asynchronous
[12:59:35.879]                // -> [dbgmcu_val <= 0x00000037]
[12:59:35.879]              Write32(0xE0042004, dbgmcu_val);                                        // Write DBGMCU_CR: Trace Settings
[12:59:35.879]                // -> [Write32(0xE0042004, 0x00000037)]   (__dp=0x00000000, __ap=0x00000000)
[12:59:35.879]            </block>
[12:59:35.879]          </sequence>
[12:59:35.879]      </block>
[12:59:35.879]      // end if-block "traceSWO"
[12:59:35.879]    </control>
[12:59:35.879]    <control if="traceTPIU" while="" timeout="0" info="">
[12:59:35.879]      // if-block "traceTPIU"
[12:59:35.879]        // =>  FALSE
[12:59:35.879]      // skip if-block "traceTPIU"
[12:59:35.879]    </control>
[12:59:35.879]  </sequence>
[12:59:35.879]  
[12:59:36.089]  **********  Sequence "TraceStart"  (Context="Reset", Pname="", info="")
[12:59:36.089]  
[12:59:36.096]  <debugvars>
[12:59:36.096]    // Pre-defined
[12:59:36.096]    __protocol=0x00010002      (Protocol="SWD", SWJ-DP="True")
[12:59:36.096]    __connection=0x00000201    (Connection Type="Debug", Reset Type="System Reset")
[12:59:36.096]    __dp=0x00000000
[12:59:36.096]    __ap=0x00000000
[12:59:36.096]    __traceout=0x00000001      (SWO Trace)
[12:59:36.096]    __errorcontrol=0x00000000  (Skip Errors="False")
[12:59:36.096]    __FlashAddr=0x00000000
[12:59:36.096]    __FlashLen=0x00000000
[12:59:36.096]    __FlashArg=0x00000000
[12:59:36.096]    __FlashOp=0x00000000
[12:59:36.096]    __Result=0x00000000
[12:59:36.096]    
[12:59:36.096]    // User-defined
[12:59:36.096]    DbgMCU_CR=0x00000007
[12:59:36.096]  </debugvars>
[12:59:36.096]  
[12:59:36.096]  <sequence name="TraceStart" Pname="" disable="false" info="">
[12:59:36.096]    <block atomic="false" info="">
[12:59:36.096]      __var traceSWO    = (__traceout & 0x1) != 0;                        // SWO Trace Selected?
[12:59:36.096]        // -> [traceSWO <= 0x00000001]
[12:59:36.096]      __var traceTPIU   = (__traceout & 0x2) != 0;                        // TPIU Trace Selected?
[12:59:36.096]        // -> [traceTPIU <= 0x00000000]
[12:59:36.096]    </block>
[12:59:36.096]    <control if="traceSWO" while="" timeout="0" info="">
[12:59:36.096]      // if-block "traceSWO"
[12:59:36.097]        // =>  TRUE
[12:59:36.097]      <block atomic="false" info="">
[12:59:36.097]        Sequence("EnableTraceSWO");                                           // Call SWO Trace Setup
[12:59:36.097]          <sequence name="EnableTraceSWO" Pname="" disable="false" info="">
[12:59:36.097]            <block atomic="false" info="">
[12:59:36.097]              __var dbgmcu_val    = 0;                                                // DBGMCU_CR Value
[12:59:36.097]                // -> [dbgmcu_val <= 0x00000000]
[12:59:36.097]              dbgmcu_val  = Read32(0xE0042004) & (~0xE0);                         // Read DBGMCU_CR and clear trace setup
[12:59:36.097]                // -> [Read32(0xE0042004) => 0x00000037]   (__dp=0x00000000, __ap=0x00000000)
[12:59:36.097]                // -> [dbgmcu_val <= 0x00000017]
[12:59:36.097]              dbgmcu_val |= (1 << 5);                                           // Trace I/O Enable + Trace Mode Asynchronous
[12:59:36.097]                // -> [dbgmcu_val <= 0x00000037]
[12:59:36.097]              Write32(0xE0042004, dbgmcu_val);                                        // Write DBGMCU_CR: Trace Settings
[12:59:36.098]                // -> [Write32(0xE0042004, 0x00000037)]   (__dp=0x00000000, __ap=0x00000000)
[12:59:36.098]            </block>
[12:59:36.098]          </sequence>
[12:59:36.098]      </block>
[12:59:36.098]      // end if-block "traceSWO"
[12:59:36.098]    </control>
[12:59:36.098]    <control if="traceTPIU" while="" timeout="0" info="">
[12:59:36.098]      // if-block "traceTPIU"
[12:59:36.098]        // =>  FALSE
[12:59:36.098]      // skip if-block "traceTPIU"
[12:59:36.098]    </control>
[12:59:36.098]  </sequence>
[12:59:36.098]  
[13:06:07.748]  **********  Sequence "DebugDeviceUnlock"  (Context="Target Access", Pname="", info="")
[13:06:07.748]  
[13:06:07.756]  <debugvars>
[13:06:07.756]    // Pre-defined
[13:06:07.756]    __protocol=0x00010002      (Protocol="SWD", SWJ-DP="True")
[13:06:07.757]    __connection=0x00000202    (Connection Type="Flash", Reset Type="System Reset")
[13:06:07.757]    __dp=0x00000000
[13:06:07.757]    __ap=0x00000000
[13:06:07.757]    __traceout=0x00000001      (SWO Trace)
[13:06:07.757]    __errorcontrol=0x00000000  (Skip Errors="False")
[13:06:07.757]    __FlashAddr=0x00000000
[13:06:07.757]    __FlashLen=0x00000000
[13:06:07.757]    __FlashArg=0x00000000
[13:06:07.757]    __FlashOp=0x00000000
[13:06:07.757]    __Result=0x00000000
[13:06:07.757]    
[13:06:07.757]    // User-defined
[13:06:07.757]    DbgMCU_CR=0x00000007
[13:06:07.757]  </debugvars>
[13:06:07.757]  
[13:06:07.757]  <sequence name="DebugDeviceUnlock" Pname="" disable="false" info="">
[13:06:07.757]    <block atomic="false" info="">
[13:06:07.757]      Sequence("CheckID");
[13:06:07.757]        <sequence name="CheckID" Pname="" disable="false" info="">
[13:06:07.757]          <block atomic="false" info="">
[13:06:07.757]            __var pidr1 = 0;
[13:06:07.757]              // -> [pidr1 <= 0x00000000]
[13:06:07.757]            __var pidr2 = 0;
[13:06:07.757]              // -> [pidr2 <= 0x00000000]
[13:06:07.757]            __var jep106id = 0;
[13:06:07.757]              // -> [jep106id <= 0x00000000]
[13:06:07.757]            __var ROMTableBase = 0;
[13:06:07.758]              // -> [ROMTableBase <= 0x00000000]
[13:06:07.758]            __ap = 0;      // AHB-AP
[13:06:07.758]              // -> [__ap <= 0x00000000]
[13:06:07.758]            ROMTableBase = ReadAP(0xF8) & ~0x3;
[13:06:07.758]              // -> [ReadAP(0x000000F8) => 0xE00FF003]   (__dp=0x00000000, __ap=0x00000000)
[13:06:07.758]              // -> [ROMTableBase <= 0xE00FF000]
[13:06:07.758]            pidr1 = Read32(ROMTableBase + 0x0FE4);
[13:06:07.758]              // -> [Read32(0xE00FFFE4) => 0x00000004]   (__dp=0x00000000, __ap=0x00000000)
[13:06:07.758]              // -> [pidr1 <= 0x00000004]
[13:06:07.758]            pidr2 = Read32(ROMTableBase + 0x0FE8);
[13:06:07.759]              // -> [Read32(0xE00FFFE8) => 0x0000000A]   (__dp=0x00000000, __ap=0x00000000)
[13:06:07.759]              // -> [pidr2 <= 0x0000000A]
[13:06:07.759]            jep106id = ((pidr2 & 0x7) << 4 ) | ((pidr1 >> 4) & 0xF);
[13:06:07.759]              // -> [jep106id <= 0x00000020]
[13:06:07.759]          </block>
[13:06:07.759]          <control if="jep106id != 0x20" while="" timeout="0" info="">
[13:06:07.759]            // if-block "jep106id != 0x20"
[13:06:07.759]              // =>  FALSE
[13:06:07.759]            // skip if-block "jep106id != 0x20"
[13:06:07.759]          </control>
[13:06:07.759]        </sequence>
[13:06:07.759]    </block>
[13:06:07.759]  </sequence>
[13:06:07.759]  
[13:06:07.759]  **********  Sequence "DebugCoreStart"  (Context="Target Access", Pname="", info="")
[13:06:07.759]  
[13:06:07.759]  <debugvars>
[13:06:07.759]    // Pre-defined
[13:06:07.760]    __protocol=0x00010002      (Protocol="SWD", SWJ-DP="True")
[13:06:07.760]    __connection=0x00000202    (Connection Type="Flash", Reset Type="System Reset")
[13:06:07.760]    __dp=0x00000000
[13:06:07.760]    __ap=0x00000000
[13:06:07.760]    __traceout=0x00000001      (SWO Trace)
[13:06:07.760]    __errorcontrol=0x00000000  (Skip Errors="False")
[13:06:07.760]    __FlashAddr=0x00000000
[13:06:07.760]    __FlashLen=0x00000000
[13:06:07.760]    __FlashArg=0x00000000
[13:06:07.760]    __FlashOp=0x00000000
[13:06:07.760]    __Result=0x00000000
[13:06:07.760]    
[13:06:07.760]    // User-defined
[13:06:07.760]    DbgMCU_CR=0x00000007
[13:06:07.760]  </debugvars>
[13:06:07.760]  
[13:06:07.760]  <sequence name="DebugCoreStart" Pname="" disable="false" info="">
[13:06:07.760]    <block atomic="false" info="">
[13:06:07.760]      Write32(0xE000EDF0, 0xA05F0001);                                        // Enable Core Debug via DHCSR
[13:06:07.761]        // -> [Write32(0xE000EDF0, 0xA05F0001)]   (__dp=0x00000000, __ap=0x00000000)
[13:06:07.761]      Write32(0xE0042004, DbgMCU_CR);                                         // DBGMCU_CR: Configure MCU Debug
[13:06:07.761]        // -> [Write32(0xE0042004, 0x00000007)]   (__dp=0x00000000, __ap=0x00000000)
[13:06:07.761]    </block>
[13:06:07.761]  </sequence>
[13:06:07.761]  
[13:48:05.876]  **********  Sequence "DebugDeviceUnlock"  (Context="Target Access", Pname="", info="")
[13:48:05.876]  
[13:48:05.883]  <debugvars>
[13:48:05.883]    // Pre-defined
[13:48:05.883]    __protocol=0x00010002      (Protocol="SWD", SWJ-DP="True")
[13:48:05.883]    __connection=0x00000202    (Connection Type="Flash", Reset Type="System Reset")
[13:48:05.883]    __dp=0x00000000
[13:48:05.883]    __ap=0x00000000
[13:48:05.883]    __traceout=0x00000001      (SWO Trace)
[13:48:05.883]    __errorcontrol=0x00000000  (Skip Errors="False")
[13:48:05.883]    __FlashAddr=0x00000000
[13:48:05.883]    __FlashLen=0x00000000
[13:48:05.883]    __FlashArg=0x00000000
[13:48:05.883]    __FlashOp=0x00000000
[13:48:05.883]    __Result=0x00000000
[13:48:05.883]    
[13:48:05.883]    // User-defined
[13:48:05.883]    DbgMCU_CR=0x00000007
[13:48:05.883]  </debugvars>
[13:48:05.883]  
[13:48:05.883]  <sequence name="DebugDeviceUnlock" Pname="" disable="false" info="">
[13:48:05.883]    <block atomic="false" info="">
[13:48:05.883]      Sequence("CheckID");
[13:48:05.884]        <sequence name="CheckID" Pname="" disable="false" info="">
[13:48:05.884]          <block atomic="false" info="">
[13:48:05.884]            __var pidr1 = 0;
[13:48:05.884]              // -> [pidr1 <= 0x00000000]
[13:48:05.884]            __var pidr2 = 0;
[13:48:05.884]              // -> [pidr2 <= 0x00000000]
[13:48:05.884]            __var jep106id = 0;
[13:48:05.884]              // -> [jep106id <= 0x00000000]
[13:48:05.884]            __var ROMTableBase = 0;
[13:48:05.884]              // -> [ROMTableBase <= 0x00000000]
[13:48:05.884]            __ap = 0;      // AHB-AP
[13:48:05.884]              // -> [__ap <= 0x00000000]
[13:48:05.884]            ROMTableBase = ReadAP(0xF8) & ~0x3;
[13:48:05.884]              // -> [ReadAP(0x000000F8) => 0xE00FF003]   (__dp=0x00000000, __ap=0x00000000)
[13:48:05.884]              // -> [ROMTableBase <= 0xE00FF000]
[13:48:05.884]            pidr1 = Read32(ROMTableBase + 0x0FE4);
[13:48:05.885]              // -> [Read32(0xE00FFFE4) => 0x00000004]   (__dp=0x00000000, __ap=0x00000000)
[13:48:05.885]              // -> [pidr1 <= 0x00000004]
[13:48:05.885]            pidr2 = Read32(ROMTableBase + 0x0FE8);
[13:48:05.885]              // -> [Read32(0xE00FFFE8) => 0x0000000A]   (__dp=0x00000000, __ap=0x00000000)
[13:48:05.885]              // -> [pidr2 <= 0x0000000A]
[13:48:05.885]            jep106id = ((pidr2 & 0x7) << 4 ) | ((pidr1 >> 4) & 0xF);
[13:48:05.885]              // -> [jep106id <= 0x00000020]
[13:48:05.885]          </block>
[13:48:05.885]          <control if="jep106id != 0x20" while="" timeout="0" info="">
[13:48:05.885]            // if-block "jep106id != 0x20"
[13:48:05.885]              // =>  FALSE
[13:48:05.885]            // skip if-block "jep106id != 0x20"
[13:48:05.885]          </control>
[13:48:05.886]        </sequence>
[13:48:05.886]    </block>
[13:48:05.886]  </sequence>
[13:48:05.886]  
[13:48:05.886]  **********  Sequence "DebugCoreStart"  (Context="Target Access", Pname="", info="")
[13:48:05.886]  
[13:48:05.886]  <debugvars>
[13:48:05.886]    // Pre-defined
[13:48:05.886]    __protocol=0x00010002      (Protocol="SWD", SWJ-DP="True")
[13:48:05.886]    __connection=0x00000202    (Connection Type="Flash", Reset Type="System Reset")
[13:48:05.886]    __dp=0x00000000
[13:48:05.886]    __ap=0x00000000
[13:48:05.886]    __traceout=0x00000001      (SWO Trace)
[13:48:05.886]    __errorcontrol=0x00000000  (Skip Errors="False")
[13:48:05.886]    __FlashAddr=0x00000000
[13:48:05.886]    __FlashLen=0x00000000
[13:48:05.886]    __FlashArg=0x00000000
[13:48:05.886]    __FlashOp=0x00000000
[13:48:05.886]    __Result=0x00000000
[13:48:05.886]    
[13:48:05.886]    // User-defined
[13:48:05.886]    DbgMCU_CR=0x00000007
[13:48:05.886]  </debugvars>
[13:48:05.886]  
[13:48:05.886]  <sequence name="DebugCoreStart" Pname="" disable="false" info="">
[13:48:05.886]    <block atomic="false" info="">
[13:48:05.886]      Write32(0xE000EDF0, 0xA05F0001);                                        // Enable Core Debug via DHCSR
[13:48:05.887]        // -> [Write32(0xE000EDF0, 0xA05F0001)]   (__dp=0x00000000, __ap=0x00000000)
[13:48:05.887]      Write32(0xE0042004, DbgMCU_CR);                                         // DBGMCU_CR: Configure MCU Debug
[13:48:05.887]        // -> [Write32(0xE0042004, 0x00000007)]   (__dp=0x00000000, __ap=0x00000000)
[13:48:05.887]    </block>
[13:48:05.887]  </sequence>
[13:48:05.887]  
