/*
 *  CMSIS Pack Debug Access Sequence Log
 *  File        : C:\Users\16117\Desktop\stm32_jx\stm32_car\project_Sequences_0003.log
 *  Created     : 00:49:17 (20/07/2025)
 *  Device      : STM32F103C8
 *  PDSC File   : C:/Users/16117/AppData/Local/Arm/Packs/Keil/STM32F1xx_DFP/2.3.0/Keil.STM32F1xx_DFP.pdsc
 *  Config File : C:\Users\16117\Desktop\stm32_jx\stm32_car\DebugConfig\Target_1_STM32F103C8_1.0.0.dbgconf
 *
 */

[00:49:17.881]  **********  Sequence "DebugDeviceUnlock"  (Context="Target Access", Pname="", info="")
[00:49:17.881]  
[00:49:17.881]  <debugvars>
[00:49:17.882]    // Pre-defined
[00:49:17.882]    __protocol=0x00010002      (Protocol="SWD", SWJ-DP="True")
[00:49:17.882]    __connection=0x00000202    (Connection Type="Flash", Reset Type="System Reset")
[00:49:17.883]    __dp=0x00000000
[00:49:17.883]    __ap=0x00000000
[00:49:17.883]    __traceout=0x00000000      (Trace Disabled)
[00:49:17.883]    __errorcontrol=0x00000000  (Skip Errors="False")
[00:49:17.883]    __FlashAddr=0x00000000
[00:49:17.884]    __FlashLen=0x00000000
[00:49:17.884]    __FlashArg=0x00000000
[00:49:17.884]    __FlashOp=0x00000000
[00:49:17.884]    __Result=0x00000000
[00:49:17.884]    
[00:49:17.884]    // User-defined
[00:49:17.884]    DbgMCU_CR=0x00000007
[00:49:17.884]  </debugvars>
[00:49:17.884]  
[00:49:17.884]  <sequence name="DebugDeviceUnlock" Pname="" disable="false" info="">
[00:49:17.884]    <block atomic="false" info="">
[00:49:17.884]      Sequence("CheckID");
[00:49:17.884]        <sequence name="CheckID" Pname="" disable="false" info="">
[00:49:17.884]          <block atomic="false" info="">
[00:49:17.884]            __var pidr1 = 0;
[00:49:17.884]              // -> [pidr1 <= 0x00000000]
[00:49:17.885]            __var pidr2 = 0;
[00:49:17.885]              // -> [pidr2 <= 0x00000000]
[00:49:17.885]            __var jep106id = 0;
[00:49:17.885]              // -> [jep106id <= 0x00000000]
[00:49:17.885]            __var ROMTableBase = 0;
[00:49:17.885]              // -> [ROMTableBase <= 0x00000000]
[00:49:17.885]            __ap = 0;      // AHB-AP
[00:49:17.885]              // -> [__ap <= 0x00000000]
[00:49:17.885]            ROMTableBase = ReadAP(0xF8) & ~0x3;
[00:49:17.885]              // -> [ReadAP(0x000000F8) => 0xE00FF003]   (__dp=0x00000000, __ap=0x00000000)
[00:49:17.885]              // -> [ROMTableBase <= 0xE00FF000]
[00:49:17.885]            pidr1 = Read32(ROMTableBase + 0x0FE4);
[00:49:17.886]              // -> [Read32(0xE00FFFE4) => 0x00000004]   (__dp=0x00000000, __ap=0x00000000)
[00:49:17.886]              // -> [pidr1 <= 0x00000004]
[00:49:17.886]            pidr2 = Read32(ROMTableBase + 0x0FE8);
[00:49:17.886]              // -> [Read32(0xE00FFFE8) => 0x0000000A]   (__dp=0x00000000, __ap=0x00000000)
[00:49:17.886]              // -> [pidr2 <= 0x0000000A]
[00:49:17.886]            jep106id = ((pidr2 & 0x7) << 4 ) | ((pidr1 >> 4) & 0xF);
[00:49:17.887]              // -> [jep106id <= 0x00000020]
[00:49:17.887]          </block>
[00:49:17.887]          <control if="jep106id != 0x20" while="" timeout="0" info="">
[00:49:17.887]            // if-block "jep106id != 0x20"
[00:49:17.887]              // =>  FALSE
[00:49:17.887]            // skip if-block "jep106id != 0x20"
[00:49:17.887]          </control>
[00:49:17.887]        </sequence>
[00:49:17.887]    </block>
[00:49:17.887]  </sequence>
[00:49:17.887]  
[00:49:17.887]  **********  Sequence "DebugCoreStart"  (Context="Target Access", Pname="", info="")
[00:49:17.887]  
[00:49:17.887]  <debugvars>
[00:49:17.887]    // Pre-defined
[00:49:17.887]    __protocol=0x00010002      (Protocol="SWD", SWJ-DP="True")
[00:49:17.887]    __connection=0x00000202    (Connection Type="Flash", Reset Type="System Reset")
[00:49:17.887]    __dp=0x00000000
[00:49:17.887]    __ap=0x00000000
[00:49:17.887]    __traceout=0x00000000      (Trace Disabled)
[00:49:17.887]    __errorcontrol=0x00000000  (Skip Errors="False")
[00:49:17.887]    __FlashAddr=0x00000000
[00:49:17.888]    __FlashLen=0x00000000
[00:49:17.888]    __FlashArg=0x00000000
[00:49:17.888]    __FlashOp=0x00000000
[00:49:17.888]    __Result=0x00000000
[00:49:17.888]    
[00:49:17.888]    // User-defined
[00:49:17.888]    DbgMCU_CR=0x00000007
[00:49:17.888]  </debugvars>
[00:49:17.888]  
[00:49:17.888]  <sequence name="DebugCoreStart" Pname="" disable="false" info="">
[00:49:17.888]    <block atomic="false" info="">
[00:49:17.888]      Write32(0xE000EDF0, 0xA05F0001);                                        // Enable Core Debug via DHCSR
[00:49:17.889]        // -> [Write32(0xE000EDF0, 0xA05F0001)]   (__dp=0x00000000, __ap=0x00000000)
[00:49:17.889]      Write32(0xE0042004, DbgMCU_CR);                                         // DBGMCU_CR: Configure MCU Debug
[00:49:17.889]        // -> [Write32(0xE0042004, 0x00000007)]   (__dp=0x00000000, __ap=0x00000000)
[00:49:17.889]    </block>
[00:49:17.889]  </sequence>
[00:49:17.889]  
[00:49:21.136]  **********  Sequence "DebugDeviceUnlock"  (Context="Target Access", Pname="", info="")
[00:49:21.136]  
[00:49:21.142]  <debugvars>
[00:49:21.143]    // Pre-defined
[00:49:21.143]    __protocol=0x00010002      (Protocol="SWD", SWJ-DP="True")
[00:49:21.143]    __connection=0x00000201    (Connection Type="Debug", Reset Type="System Reset")
[00:49:21.143]    __dp=0x00000000
[00:49:21.143]    __ap=0x00000000
[00:49:21.143]    __traceout=0x00000000      (Trace Disabled)
[00:49:21.143]    __errorcontrol=0x00000000  (Skip Errors="False")
[00:49:21.143]    __FlashAddr=0x00000000
[00:49:21.143]    __FlashLen=0x00000000
[00:49:21.144]    __FlashArg=0x00000000
[00:49:21.144]    __FlashOp=0x00000000
[00:49:21.144]    __Result=0x00000000
[00:49:21.144]    
[00:49:21.144]    // User-defined
[00:49:21.144]    DbgMCU_CR=0x00000007
[00:49:21.144]  </debugvars>
[00:49:21.144]  
[00:49:21.144]  <sequence name="DebugDeviceUnlock" Pname="" disable="false" info="">
[00:49:21.144]    <block atomic="false" info="">
[00:49:21.144]      Sequence("CheckID");
[00:49:21.144]        <sequence name="CheckID" Pname="" disable="false" info="">
[00:49:21.144]          <block atomic="false" info="">
[00:49:21.144]            __var pidr1 = 0;
[00:49:21.144]              // -> [pidr1 <= 0x00000000]
[00:49:21.144]            __var pidr2 = 0;
[00:49:21.144]              // -> [pidr2 <= 0x00000000]
[00:49:21.145]            __var jep106id = 0;
[00:49:21.145]              // -> [jep106id <= 0x00000000]
[00:49:21.145]            __var ROMTableBase = 0;
[00:49:21.145]              // -> [ROMTableBase <= 0x00000000]
[00:49:21.145]            __ap = 0;      // AHB-AP
[00:49:21.145]              // -> [__ap <= 0x00000000]
[00:49:21.145]            ROMTableBase = ReadAP(0xF8) & ~0x3;
[00:49:21.145]              // -> [ReadAP(0x000000F8) => 0xE00FF003]   (__dp=0x00000000, __ap=0x00000000)
[00:49:21.145]              // -> [ROMTableBase <= 0xE00FF000]
[00:49:21.145]            pidr1 = Read32(ROMTableBase + 0x0FE4);
[00:49:21.146]              // -> [Read32(0xE00FFFE4) => 0x00000004]   (__dp=0x00000000, __ap=0x00000000)
[00:49:21.146]              // -> [pidr1 <= 0x00000004]
[00:49:21.146]            pidr2 = Read32(ROMTableBase + 0x0FE8);
[00:49:21.146]              // -> [Read32(0xE00FFFE8) => 0x0000000A]   (__dp=0x00000000, __ap=0x00000000)
[00:49:21.146]              // -> [pidr2 <= 0x0000000A]
[00:49:21.146]            jep106id = ((pidr2 & 0x7) << 4 ) | ((pidr1 >> 4) & 0xF);
[00:49:21.146]              // -> [jep106id <= 0x00000020]
[00:49:21.146]          </block>
[00:49:21.146]          <control if="jep106id != 0x20" while="" timeout="0" info="">
[00:49:21.146]            // if-block "jep106id != 0x20"
[00:49:21.146]              // =>  FALSE
[00:49:21.146]            // skip if-block "jep106id != 0x20"
[00:49:21.146]          </control>
[00:49:21.146]        </sequence>
[00:49:21.147]    </block>
[00:49:21.147]  </sequence>
[00:49:21.147]  
[00:49:21.147]  **********  Sequence "DebugCoreStart"  (Context="Target Access", Pname="", info="")
[00:49:21.147]  
[00:49:21.147]  <debugvars>
[00:49:21.147]    // Pre-defined
[00:49:21.147]    __protocol=0x00010002      (Protocol="SWD", SWJ-DP="True")
[00:49:21.147]    __connection=0x00000201    (Connection Type="Debug", Reset Type="System Reset")
[00:49:21.147]    __dp=0x00000000
[00:49:21.147]    __ap=0x00000000
[00:49:21.147]    __traceout=0x00000000      (Trace Disabled)
[00:49:21.147]    __errorcontrol=0x00000000  (Skip Errors="False")
[00:49:21.147]    __FlashAddr=0x00000000
[00:49:21.147]    __FlashLen=0x00000000
[00:49:21.147]    __FlashArg=0x00000000
[00:49:21.147]    __FlashOp=0x00000000
[00:49:21.147]    __Result=0x00000000
[00:49:21.147]    
[00:49:21.147]    // User-defined
[00:49:21.147]    DbgMCU_CR=0x00000007
[00:49:21.147]  </debugvars>
[00:49:21.147]  
[00:49:21.147]  <sequence name="DebugCoreStart" Pname="" disable="false" info="">
[00:49:21.147]    <block atomic="false" info="">
[00:49:21.147]      Write32(0xE000EDF0, 0xA05F0001);                                        // Enable Core Debug via DHCSR
[00:49:21.148]        // -> [Write32(0xE000EDF0, 0xA05F0001)]   (__dp=0x00000000, __ap=0x00000000)
[00:49:21.148]      Write32(0xE0042004, DbgMCU_CR);                                         // DBGMCU_CR: Configure MCU Debug
[00:49:21.148]        // -> [Write32(0xE0042004, 0x00000007)]   (__dp=0x00000000, __ap=0x00000000)
[00:49:21.148]    </block>
[00:49:21.148]  </sequence>
[00:49:21.148]  
[00:51:08.935]  **********  Sequence "DebugDeviceUnlock"  (Context="Target Access", Pname="", info="")
[00:51:08.935]  
[00:51:08.935]  <debugvars>
[00:51:08.935]    // Pre-defined
[00:51:08.935]    __protocol=0x00010002      (Protocol="SWD", SWJ-DP="True")
[00:51:08.935]    __connection=0x00000202    (Connection Type="Flash", Reset Type="System Reset")
[00:51:08.935]    __dp=0x00000000
[00:51:08.935]    __ap=0x00000000
[00:51:08.936]    __traceout=0x00000000      (Trace Disabled)
[00:51:08.936]    __errorcontrol=0x00000000  (Skip Errors="False")
[00:51:08.936]    __FlashAddr=0x00000000
[00:51:08.936]    __FlashLen=0x00000000
[00:51:08.936]    __FlashArg=0x00000000
[00:51:08.936]    __FlashOp=0x00000000
[00:51:08.936]    __Result=0x00000000
[00:51:08.936]    
[00:51:08.936]    // User-defined
[00:51:08.936]    DbgMCU_CR=0x00000007
[00:51:08.936]  </debugvars>
[00:51:08.936]  
[00:51:08.936]  <sequence name="DebugDeviceUnlock" Pname="" disable="false" info="">
[00:51:08.936]    <block atomic="false" info="">
[00:51:08.936]      Sequence("CheckID");
[00:51:08.936]        <sequence name="CheckID" Pname="" disable="false" info="">
[00:51:08.936]          <block atomic="false" info="">
[00:51:08.936]            __var pidr1 = 0;
[00:51:08.936]              // -> [pidr1 <= 0x00000000]
[00:51:08.936]            __var pidr2 = 0;
[00:51:08.936]              // -> [pidr2 <= 0x00000000]
[00:51:08.936]            __var jep106id = 0;
[00:51:08.937]              // -> [jep106id <= 0x00000000]
[00:51:08.937]            __var ROMTableBase = 0;
[00:51:08.937]              // -> [ROMTableBase <= 0x00000000]
[00:51:08.937]            __ap = 0;      // AHB-AP
[00:51:08.937]              // -> [__ap <= 0x00000000]
[00:51:08.937]            ROMTableBase = ReadAP(0xF8) & ~0x3;
[00:51:08.937]              // -> [ReadAP(0x000000F8) => 0xE00FF003]   (__dp=0x00000000, __ap=0x00000000)
[00:51:08.937]              // -> [ROMTableBase <= 0xE00FF000]
[00:51:08.937]            pidr1 = Read32(ROMTableBase + 0x0FE4);
[00:51:08.938]              // -> [Read32(0xE00FFFE4) => 0x00000004]   (__dp=0x00000000, __ap=0x00000000)
[00:51:08.938]              // -> [pidr1 <= 0x00000004]
[00:51:08.938]            pidr2 = Read32(ROMTableBase + 0x0FE8);
[00:51:08.938]              // -> [Read32(0xE00FFFE8) => 0x0000000A]   (__dp=0x00000000, __ap=0x00000000)
[00:51:08.938]              // -> [pidr2 <= 0x0000000A]
[00:51:08.938]            jep106id = ((pidr2 & 0x7) << 4 ) | ((pidr1 >> 4) & 0xF);
[00:51:08.938]              // -> [jep106id <= 0x00000020]
[00:51:08.938]          </block>
[00:51:08.938]          <control if="jep106id != 0x20" while="" timeout="0" info="">
[00:51:08.938]            // if-block "jep106id != 0x20"
[00:51:08.939]              // =>  FALSE
[00:51:08.939]            // skip if-block "jep106id != 0x20"
[00:51:08.939]          </control>
[00:51:08.939]        </sequence>
[00:51:08.939]    </block>
[00:51:08.939]  </sequence>
[00:51:08.939]  
[00:51:08.939]  **********  Sequence "DebugCoreStart"  (Context="Target Access", Pname="", info="")
[00:51:08.939]  
[00:51:08.939]  <debugvars>
[00:51:08.939]    // Pre-defined
[00:51:08.939]    __protocol=0x00010002      (Protocol="SWD", SWJ-DP="True")
[00:51:08.939]    __connection=0x00000202    (Connection Type="Flash", Reset Type="System Reset")
[00:51:08.939]    __dp=0x00000000
[00:51:08.939]    __ap=0x00000000
[00:51:08.939]    __traceout=0x00000000      (Trace Disabled)
[00:51:08.939]    __errorcontrol=0x00000000  (Skip Errors="False")
[00:51:08.939]    __FlashAddr=0x00000000
[00:51:08.939]    __FlashLen=0x00000000
[00:51:08.939]    __FlashArg=0x00000000
[00:51:08.939]    __FlashOp=0x00000000
[00:51:08.939]    __Result=0x00000000
[00:51:08.939]    
[00:51:08.939]    // User-defined
[00:51:08.939]    DbgMCU_CR=0x00000007
[00:51:08.939]  </debugvars>
[00:51:08.940]  
[00:51:08.940]  <sequence name="DebugCoreStart" Pname="" disable="false" info="">
[00:51:08.940]    <block atomic="false" info="">
[00:51:08.940]      Write32(0xE000EDF0, 0xA05F0001);                                        // Enable Core Debug via DHCSR
[00:51:08.941]        // -> [Write32(0xE000EDF0, 0xA05F0001)]   (__dp=0x00000000, __ap=0x00000000)
[00:51:08.941]      Write32(0xE0042004, DbgMCU_CR);                                         // DBGMCU_CR: Configure MCU Debug
[00:51:08.941]        // -> [Write32(0xE0042004, 0x00000007)]   (__dp=0x00000000, __ap=0x00000000)
[00:51:08.941]    </block>
[00:51:08.941]  </sequence>
[00:51:08.941]  
[00:51:11.673]  **********  Sequence "DebugDeviceUnlock"  (Context="Target Access", Pname="", info="")
[00:51:11.673]  
[00:51:11.680]  <debugvars>
[00:51:11.680]    // Pre-defined
[00:51:11.680]    __protocol=0x00010002      (Protocol="SWD", SWJ-DP="True")
[00:51:11.680]    __connection=0x00000201    (Connection Type="Debug", Reset Type="System Reset")
[00:51:11.680]    __dp=0x00000000
[00:51:11.680]    __ap=0x00000000
[00:51:11.680]    __traceout=0x00000000      (Trace Disabled)
[00:51:11.680]    __errorcontrol=0x00000000  (Skip Errors="False")
[00:51:11.680]    __FlashAddr=0x00000000
[00:51:11.680]    __FlashLen=0x00000000
[00:51:11.680]    __FlashArg=0x00000000
[00:51:11.680]    __FlashOp=0x00000000
[00:51:11.680]    __Result=0x00000000
[00:51:11.681]    
[00:51:11.681]    // User-defined
[00:51:11.681]    DbgMCU_CR=0x00000007
[00:51:11.681]  </debugvars>
[00:51:11.681]  
[00:51:11.681]  <sequence name="DebugDeviceUnlock" Pname="" disable="false" info="">
[00:51:11.681]    <block atomic="false" info="">
[00:51:11.681]      Sequence("CheckID");
[00:51:11.681]        <sequence name="CheckID" Pname="" disable="false" info="">
[00:51:11.681]          <block atomic="false" info="">
[00:51:11.681]            __var pidr1 = 0;
[00:51:11.681]              // -> [pidr1 <= 0x00000000]
[00:51:11.681]            __var pidr2 = 0;
[00:51:11.681]              // -> [pidr2 <= 0x00000000]
[00:51:11.681]            __var jep106id = 0;
[00:51:11.681]              // -> [jep106id <= 0x00000000]
[00:51:11.681]            __var ROMTableBase = 0;
[00:51:11.681]              // -> [ROMTableBase <= 0x00000000]
[00:51:11.681]            __ap = 0;      // AHB-AP
[00:51:11.681]              // -> [__ap <= 0x00000000]
[00:51:11.681]            ROMTableBase = ReadAP(0xF8) & ~0x3;
[00:51:11.682]              // -> [ReadAP(0x000000F8) => 0xE00FF003]   (__dp=0x00000000, __ap=0x00000000)
[00:51:11.682]              // -> [ROMTableBase <= 0xE00FF000]
[00:51:11.682]            pidr1 = Read32(ROMTableBase + 0x0FE4);
[00:51:11.682]              // -> [Read32(0xE00FFFE4) => 0x00000004]   (__dp=0x00000000, __ap=0x00000000)
[00:51:11.682]              // -> [pidr1 <= 0x00000004]
[00:51:11.682]            pidr2 = Read32(ROMTableBase + 0x0FE8);
[00:51:11.682]              // -> [Read32(0xE00FFFE8) => 0x0000000A]   (__dp=0x00000000, __ap=0x00000000)
[00:51:11.682]              // -> [pidr2 <= 0x0000000A]
[00:51:11.683]            jep106id = ((pidr2 & 0x7) << 4 ) | ((pidr1 >> 4) & 0xF);
[00:51:11.683]              // -> [jep106id <= 0x00000020]
[00:51:11.683]          </block>
[00:51:11.683]          <control if="jep106id != 0x20" while="" timeout="0" info="">
[00:51:11.683]            // if-block "jep106id != 0x20"
[00:51:11.683]              // =>  FALSE
[00:51:11.683]            // skip if-block "jep106id != 0x20"
[00:51:11.683]          </control>
[00:51:11.683]        </sequence>
[00:51:11.683]    </block>
[00:51:11.683]  </sequence>
[00:51:11.683]  
[00:51:11.683]  **********  Sequence "DebugCoreStart"  (Context="Target Access", Pname="", info="")
[00:51:11.683]  
[00:51:11.683]  <debugvars>
[00:51:11.683]    // Pre-defined
[00:51:11.683]    __protocol=0x00010002      (Protocol="SWD", SWJ-DP="True")
[00:51:11.683]    __connection=0x00000201    (Connection Type="Debug", Reset Type="System Reset")
[00:51:11.683]    __dp=0x00000000
[00:51:11.683]    __ap=0x00000000
[00:51:11.683]    __traceout=0x00000000      (Trace Disabled)
[00:51:11.683]    __errorcontrol=0x00000000  (Skip Errors="False")
[00:51:11.683]    __FlashAddr=0x00000000
[00:51:11.683]    __FlashLen=0x00000000
[00:51:11.683]    __FlashArg=0x00000000
[00:51:11.683]    __FlashOp=0x00000000
[00:51:11.684]    __Result=0x00000000
[00:51:11.684]    
[00:51:11.684]    // User-defined
[00:51:11.684]    DbgMCU_CR=0x00000007
[00:51:11.684]  </debugvars>
[00:51:11.684]  
[00:51:11.684]  <sequence name="DebugCoreStart" Pname="" disable="false" info="">
[00:51:11.684]    <block atomic="false" info="">
[00:51:11.684]      Write32(0xE000EDF0, 0xA05F0001);                                        // Enable Core Debug via DHCSR
[00:51:11.684]        // -> [Write32(0xE000EDF0, 0xA05F0001)]   (__dp=0x00000000, __ap=0x00000000)
[00:51:11.684]      Write32(0xE0042004, DbgMCU_CR);                                         // DBGMCU_CR: Configure MCU Debug
[00:51:11.685]        // -> [Write32(0xE0042004, 0x00000007)]   (__dp=0x00000000, __ap=0x00000000)
[00:51:11.685]    </block>
[00:51:11.685]  </sequence>
[00:51:11.685]  
[00:53:10.369]  **********  Sequence "DebugDeviceUnlock"  (Context="Target Access", Pname="", info="")
[00:53:10.369]  
[00:53:10.376]  <debugvars>
[00:53:10.376]    // Pre-defined
[00:53:10.376]    __protocol=0x00010002      (Protocol="SWD", SWJ-DP="True")
[00:53:10.376]    __connection=0x00000202    (Connection Type="Flash", Reset Type="System Reset")
[00:53:10.376]    __dp=0x00000000
[00:53:10.376]    __ap=0x00000000
[00:53:10.376]    __traceout=0x00000000      (Trace Disabled)
[00:53:10.376]    __errorcontrol=0x00000000  (Skip Errors="False")
[00:53:10.376]    __FlashAddr=0x00000000
[00:53:10.376]    __FlashLen=0x00000000
[00:53:10.376]    __FlashArg=0x00000000
[00:53:10.376]    __FlashOp=0x00000000
[00:53:10.376]    __Result=0x00000000
[00:53:10.376]    
[00:53:10.376]    // User-defined
[00:53:10.376]    DbgMCU_CR=0x00000007
[00:53:10.377]  </debugvars>
[00:53:10.377]  
[00:53:10.377]  <sequence name="DebugDeviceUnlock" Pname="" disable="false" info="">
[00:53:10.377]    <block atomic="false" info="">
[00:53:10.377]      Sequence("CheckID");
[00:53:10.377]        <sequence name="CheckID" Pname="" disable="false" info="">
[00:53:10.377]          <block atomic="false" info="">
[00:53:10.377]            __var pidr1 = 0;
[00:53:10.377]              // -> [pidr1 <= 0x00000000]
[00:53:10.377]            __var pidr2 = 0;
[00:53:10.377]              // -> [pidr2 <= 0x00000000]
[00:53:10.377]            __var jep106id = 0;
[00:53:10.377]              // -> [jep106id <= 0x00000000]
[00:53:10.377]            __var ROMTableBase = 0;
[00:53:10.377]              // -> [ROMTableBase <= 0x00000000]
[00:53:10.377]            __ap = 0;      // AHB-AP
[00:53:10.377]              // -> [__ap <= 0x00000000]
[00:53:10.377]            ROMTableBase = ReadAP(0xF8) & ~0x3;
[00:53:10.377]              // -> [ReadAP(0x000000F8) => 0xE00FF003]   (__dp=0x00000000, __ap=0x00000000)
[00:53:10.377]              // -> [ROMTableBase <= 0xE00FF000]
[00:53:10.377]            pidr1 = Read32(ROMTableBase + 0x0FE4);
[00:53:10.378]              // -> [Read32(0xE00FFFE4) => 0x00000004]   (__dp=0x00000000, __ap=0x00000000)
[00:53:10.378]              // -> [pidr1 <= 0x00000004]
[00:53:10.378]            pidr2 = Read32(ROMTableBase + 0x0FE8);
[00:53:10.379]              // -> [Read32(0xE00FFFE8) => 0x0000000A]   (__dp=0x00000000, __ap=0x00000000)
[00:53:10.379]              // -> [pidr2 <= 0x0000000A]
[00:53:10.379]            jep106id = ((pidr2 & 0x7) << 4 ) | ((pidr1 >> 4) & 0xF);
[00:53:10.379]              // -> [jep106id <= 0x00000020]
[00:53:10.379]          </block>
[00:53:10.379]          <control if="jep106id != 0x20" while="" timeout="0" info="">
[00:53:10.379]            // if-block "jep106id != 0x20"
[00:53:10.379]              // =>  FALSE
[00:53:10.379]            // skip if-block "jep106id != 0x20"
[00:53:10.379]          </control>
[00:53:10.379]        </sequence>
[00:53:10.379]    </block>
[00:53:10.379]  </sequence>
[00:53:10.379]  
[00:53:10.379]  **********  Sequence "DebugCoreStart"  (Context="Target Access", Pname="", info="")
[00:53:10.379]  
[00:53:10.379]  <debugvars>
[00:53:10.379]    // Pre-defined
[00:53:10.379]    __protocol=0x00010002      (Protocol="SWD", SWJ-DP="True")
[00:53:10.379]    __connection=0x00000202    (Connection Type="Flash", Reset Type="System Reset")
[00:53:10.379]    __dp=0x00000000
[00:53:10.379]    __ap=0x00000000
[00:53:10.380]    __traceout=0x00000000      (Trace Disabled)
[00:53:10.380]    __errorcontrol=0x00000000  (Skip Errors="False")
[00:53:10.380]    __FlashAddr=0x00000000
[00:53:10.380]    __FlashLen=0x00000000
[00:53:10.380]    __FlashArg=0x00000000
[00:53:10.380]    __FlashOp=0x00000000
[00:53:10.380]    __Result=0x00000000
[00:53:10.380]    
[00:53:10.380]    // User-defined
[00:53:10.380]    DbgMCU_CR=0x00000007
[00:53:10.380]  </debugvars>
[00:53:10.380]  
[00:53:10.380]  <sequence name="DebugCoreStart" Pname="" disable="false" info="">
[00:53:10.380]    <block atomic="false" info="">
[00:53:10.380]      Write32(0xE000EDF0, 0xA05F0001);                                        // Enable Core Debug via DHCSR
[00:53:10.380]        // -> [Write32(0xE000EDF0, 0xA05F0001)]   (__dp=0x00000000, __ap=0x00000000)
[00:53:10.380]      Write32(0xE0042004, DbgMCU_CR);                                         // DBGMCU_CR: Configure MCU Debug
[00:53:10.381]        // -> [Write32(0xE0042004, 0x00000007)]   (__dp=0x00000000, __ap=0x00000000)
[00:53:10.381]    </block>
[00:53:10.381]  </sequence>
[00:53:10.381]  
[00:53:14.549]  **********  Sequence "DebugDeviceUnlock"  (Context="Target Access", Pname="", info="")
[00:53:14.549]  
[00:53:14.556]  <debugvars>
[00:53:14.556]    // Pre-defined
[00:53:14.556]    __protocol=0x00010002      (Protocol="SWD", SWJ-DP="True")
[00:53:14.556]    __connection=0x00000201    (Connection Type="Debug", Reset Type="System Reset")
[00:53:14.557]    __dp=0x00000000
[00:53:14.557]    __ap=0x00000000
[00:53:14.557]    __traceout=0x00000000      (Trace Disabled)
[00:53:14.557]    __errorcontrol=0x00000000  (Skip Errors="False")
[00:53:14.557]    __FlashAddr=0x00000000
[00:53:14.557]    __FlashLen=0x00000000
[00:53:14.557]    __FlashArg=0x00000000
[00:53:14.557]    __FlashOp=0x00000000
[00:53:14.557]    __Result=0x00000000
[00:53:14.557]    
[00:53:14.557]    // User-defined
[00:53:14.557]    DbgMCU_CR=0x00000007
[00:53:14.557]  </debugvars>
[00:53:14.557]  
[00:53:14.557]  <sequence name="DebugDeviceUnlock" Pname="" disable="false" info="">
[00:53:14.557]    <block atomic="false" info="">
[00:53:14.557]      Sequence("CheckID");
[00:53:14.557]        <sequence name="CheckID" Pname="" disable="false" info="">
[00:53:14.557]          <block atomic="false" info="">
[00:53:14.557]            __var pidr1 = 0;
[00:53:14.557]              // -> [pidr1 <= 0x00000000]
[00:53:14.558]            __var pidr2 = 0;
[00:53:14.558]              // -> [pidr2 <= 0x00000000]
[00:53:14.558]            __var jep106id = 0;
[00:53:14.558]              // -> [jep106id <= 0x00000000]
[00:53:14.558]            __var ROMTableBase = 0;
[00:53:14.558]              // -> [ROMTableBase <= 0x00000000]
[00:53:14.558]            __ap = 0;      // AHB-AP
[00:53:14.558]              // -> [__ap <= 0x00000000]
[00:53:14.558]            ROMTableBase = ReadAP(0xF8) & ~0x3;
[00:53:14.558]              // -> [ReadAP(0x000000F8) => 0xE00FF003]   (__dp=0x00000000, __ap=0x00000000)
[00:53:14.558]              // -> [ROMTableBase <= 0xE00FF000]
[00:53:14.558]            pidr1 = Read32(ROMTableBase + 0x0FE4);
[00:53:14.559]              // -> [Read32(0xE00FFFE4) => 0x00000004]   (__dp=0x00000000, __ap=0x00000000)
[00:53:14.559]              // -> [pidr1 <= 0x00000004]
[00:53:14.559]            pidr2 = Read32(ROMTableBase + 0x0FE8);
[00:53:14.559]              // -> [Read32(0xE00FFFE8) => 0x0000000A]   (__dp=0x00000000, __ap=0x00000000)
[00:53:14.559]              // -> [pidr2 <= 0x0000000A]
[00:53:14.559]            jep106id = ((pidr2 & 0x7) << 4 ) | ((pidr1 >> 4) & 0xF);
[00:53:14.560]              // -> [jep106id <= 0x00000020]
[00:53:14.560]          </block>
[00:53:14.560]          <control if="jep106id != 0x20" while="" timeout="0" info="">
[00:53:14.560]            // if-block "jep106id != 0x20"
[00:53:14.560]              // =>  FALSE
[00:53:14.560]            // skip if-block "jep106id != 0x20"
[00:53:14.560]          </control>
[00:53:14.560]        </sequence>
[00:53:14.560]    </block>
[00:53:14.560]  </sequence>
[00:53:14.560]  
[00:53:14.560]  **********  Sequence "DebugCoreStart"  (Context="Target Access", Pname="", info="")
[00:53:14.560]  
[00:53:14.560]  <debugvars>
[00:53:14.560]    // Pre-defined
[00:53:14.560]    __protocol=0x00010002      (Protocol="SWD", SWJ-DP="True")
[00:53:14.560]    __connection=0x00000201    (Connection Type="Debug", Reset Type="System Reset")
[00:53:14.560]    __dp=0x00000000
[00:53:14.560]    __ap=0x00000000
[00:53:14.560]    __traceout=0x00000000      (Trace Disabled)
[00:53:14.560]    __errorcontrol=0x00000000  (Skip Errors="False")
[00:53:14.560]    __FlashAddr=0x00000000
[00:53:14.560]    __FlashLen=0x00000000
[00:53:14.560]    __FlashArg=0x00000000
[00:53:14.560]    __FlashOp=0x00000000
[00:53:14.560]    __Result=0x00000000
[00:53:14.561]    
[00:53:14.561]    // User-defined
[00:53:14.561]    DbgMCU_CR=0x00000007
[00:53:14.561]  </debugvars>
[00:53:14.561]  
[00:53:14.561]  <sequence name="DebugCoreStart" Pname="" disable="false" info="">
[00:53:14.561]    <block atomic="false" info="">
[00:53:14.561]      Write32(0xE000EDF0, 0xA05F0001);                                        // Enable Core Debug via DHCSR
[00:53:14.561]        // -> [Write32(0xE000EDF0, 0xA05F0001)]   (__dp=0x00000000, __ap=0x00000000)
[00:53:14.561]      Write32(0xE0042004, DbgMCU_CR);                                         // DBGMCU_CR: Configure MCU Debug
[00:53:14.562]        // -> [Write32(0xE0042004, 0x00000007)]   (__dp=0x00000000, __ap=0x00000000)
[00:53:14.562]    </block>
[00:53:14.562]  </sequence>
[00:53:14.562]  
[00:55:22.205]  **********  Sequence "DebugDeviceUnlock"  (Context="Target Access", Pname="", info="")
[00:55:22.205]  
[00:55:22.205]  <debugvars>
[00:55:22.206]    // Pre-defined
[00:55:22.206]    __protocol=0x00010002      (Protocol="SWD", SWJ-DP="True")
[00:55:22.206]    __connection=0x00000202    (Connection Type="Flash", Reset Type="System Reset")
[00:55:22.206]    __dp=0x00000000
[00:55:22.206]    __ap=0x00000000
[00:55:22.206]    __traceout=0x00000000      (Trace Disabled)
[00:55:22.206]    __errorcontrol=0x00000000  (Skip Errors="False")
[00:55:22.206]    __FlashAddr=0x00000000
[00:55:22.206]    __FlashLen=0x00000000
[00:55:22.206]    __FlashArg=0x00000000
[00:55:22.206]    __FlashOp=0x00000000
[00:55:22.206]    __Result=0x00000000
[00:55:22.206]    
[00:55:22.206]    // User-defined
[00:55:22.206]    DbgMCU_CR=0x00000007
[00:55:22.206]  </debugvars>
[00:55:22.206]  
[00:55:22.207]  <sequence name="DebugDeviceUnlock" Pname="" disable="false" info="">
[00:55:22.207]    <block atomic="false" info="">
[00:55:22.207]      Sequence("CheckID");
[00:55:22.207]        <sequence name="CheckID" Pname="" disable="false" info="">
[00:55:22.207]          <block atomic="false" info="">
[00:55:22.207]            __var pidr1 = 0;
[00:55:22.207]              // -> [pidr1 <= 0x00000000]
[00:55:22.207]            __var pidr2 = 0;
[00:55:22.207]              // -> [pidr2 <= 0x00000000]
[00:55:22.207]            __var jep106id = 0;
[00:55:22.207]              // -> [jep106id <= 0x00000000]
[00:55:22.207]            __var ROMTableBase = 0;
[00:55:22.207]              // -> [ROMTableBase <= 0x00000000]
[00:55:22.207]            __ap = 0;      // AHB-AP
[00:55:22.207]              // -> [__ap <= 0x00000000]
[00:55:22.207]            ROMTableBase = ReadAP(0xF8) & ~0x3;
[00:55:22.207]              // -> [ReadAP(0x000000F8) => 0xE00FF003]   (__dp=0x00000000, __ap=0x00000000)
[00:55:22.208]              // -> [ROMTableBase <= 0xE00FF000]
[00:55:22.208]            pidr1 = Read32(ROMTableBase + 0x0FE4);
[00:55:22.208]              // -> [Read32(0xE00FFFE4) => 0x00000004]   (__dp=0x00000000, __ap=0x00000000)
[00:55:22.208]              // -> [pidr1 <= 0x00000004]
[00:55:22.208]            pidr2 = Read32(ROMTableBase + 0x0FE8);
[00:55:22.209]              // -> [Read32(0xE00FFFE8) => 0x0000000A]   (__dp=0x00000000, __ap=0x00000000)
[00:55:22.209]              // -> [pidr2 <= 0x0000000A]
[00:55:22.209]            jep106id = ((pidr2 & 0x7) << 4 ) | ((pidr1 >> 4) & 0xF);
[00:55:22.209]              // -> [jep106id <= 0x00000020]
[00:55:22.209]          </block>
[00:55:22.209]          <control if="jep106id != 0x20" while="" timeout="0" info="">
[00:55:22.209]            // if-block "jep106id != 0x20"
[00:55:22.209]              // =>  FALSE
[00:55:22.209]            // skip if-block "jep106id != 0x20"
[00:55:22.210]          </control>
[00:55:22.210]        </sequence>
[00:55:22.210]    </block>
[00:55:22.210]  </sequence>
[00:55:22.210]  
[00:55:22.210]  **********  Sequence "DebugCoreStart"  (Context="Target Access", Pname="", info="")
[00:55:22.210]  
[00:55:22.210]  <debugvars>
[00:55:22.210]    // Pre-defined
[00:55:22.210]    __protocol=0x00010002      (Protocol="SWD", SWJ-DP="True")
[00:55:22.210]    __connection=0x00000202    (Connection Type="Flash", Reset Type="System Reset")
[00:55:22.210]    __dp=0x00000000
[00:55:22.210]    __ap=0x00000000
[00:55:22.210]    __traceout=0x00000000      (Trace Disabled)
[00:55:22.210]    __errorcontrol=0x00000000  (Skip Errors="False")
[00:55:22.210]    __FlashAddr=0x00000000
[00:55:22.210]    __FlashLen=0x00000000
[00:55:22.210]    __FlashArg=0x00000000
[00:55:22.210]    __FlashOp=0x00000000
[00:55:22.210]    __Result=0x00000000
[00:55:22.210]    
[00:55:22.210]    // User-defined
[00:55:22.210]    DbgMCU_CR=0x00000007
[00:55:22.210]  </debugvars>
[00:55:22.210]  
[00:55:22.211]  <sequence name="DebugCoreStart" Pname="" disable="false" info="">
[00:55:22.211]    <block atomic="false" info="">
[00:55:22.211]      Write32(0xE000EDF0, 0xA05F0001);                                        // Enable Core Debug via DHCSR
[00:55:22.211]        // -> [Write32(0xE000EDF0, 0xA05F0001)]   (__dp=0x00000000, __ap=0x00000000)
[00:55:22.211]      Write32(0xE0042004, DbgMCU_CR);                                         // DBGMCU_CR: Configure MCU Debug
[00:55:22.212]        // -> [Write32(0xE0042004, 0x00000007)]   (__dp=0x00000000, __ap=0x00000000)
[00:55:22.212]    </block>
[00:55:22.212]  </sequence>
[00:55:22.212]  
[00:55:25.737]  **********  Sequence "DebugDeviceUnlock"  (Context="Target Access", Pname="", info="")
[00:55:25.737]  
[00:55:25.743]  <debugvars>
[00:55:25.743]    // Pre-defined
[00:55:25.744]    __protocol=0x00010002      (Protocol="SWD", SWJ-DP="True")
[00:55:25.744]    __connection=0x00000201    (Connection Type="Debug", Reset Type="System Reset")
[00:55:25.744]    __dp=0x00000000
[00:55:25.744]    __ap=0x00000000
[00:55:25.744]    __traceout=0x00000000      (Trace Disabled)
[00:55:25.744]    __errorcontrol=0x00000000  (Skip Errors="False")
[00:55:25.744]    __FlashAddr=0x00000000
[00:55:25.744]    __FlashLen=0x00000000
[00:55:25.744]    __FlashArg=0x00000000
[00:55:25.744]    __FlashOp=0x00000000
[00:55:25.744]    __Result=0x00000000
[00:55:25.744]    
[00:55:25.744]    // User-defined
[00:55:25.744]    DbgMCU_CR=0x00000007
[00:55:25.744]  </debugvars>
[00:55:25.744]  
[00:55:25.744]  <sequence name="DebugDeviceUnlock" Pname="" disable="false" info="">
[00:55:25.744]    <block atomic="false" info="">
[00:55:25.744]      Sequence("CheckID");
[00:55:25.744]        <sequence name="CheckID" Pname="" disable="false" info="">
[00:55:25.744]          <block atomic="false" info="">
[00:55:25.744]            __var pidr1 = 0;
[00:55:25.744]              // -> [pidr1 <= 0x00000000]
[00:55:25.744]            __var pidr2 = 0;
[00:55:25.744]              // -> [pidr2 <= 0x00000000]
[00:55:25.744]            __var jep106id = 0;
[00:55:25.744]              // -> [jep106id <= 0x00000000]
[00:55:25.744]            __var ROMTableBase = 0;
[00:55:25.745]              // -> [ROMTableBase <= 0x00000000]
[00:55:25.745]            __ap = 0;      // AHB-AP
[00:55:25.745]              // -> [__ap <= 0x00000000]
[00:55:25.745]            ROMTableBase = ReadAP(0xF8) & ~0x3;
[00:55:25.745]              // -> [ReadAP(0x000000F8) => 0xE00FF003]   (__dp=0x00000000, __ap=0x00000000)
[00:55:25.745]              // -> [ROMTableBase <= 0xE00FF000]
[00:55:25.745]            pidr1 = Read32(ROMTableBase + 0x0FE4);
[00:55:25.745]              // -> [Read32(0xE00FFFE4) => 0x00000004]   (__dp=0x00000000, __ap=0x00000000)
[00:55:25.745]              // -> [pidr1 <= 0x00000004]
[00:55:25.745]            pidr2 = Read32(ROMTableBase + 0x0FE8);
[00:55:25.746]              // -> [Read32(0xE00FFFE8) => 0x0000000A]   (__dp=0x00000000, __ap=0x00000000)
[00:55:25.746]              // -> [pidr2 <= 0x0000000A]
[00:55:25.746]            jep106id = ((pidr2 & 0x7) << 4 ) | ((pidr1 >> 4) & 0xF);
[00:55:25.746]              // -> [jep106id <= 0x00000020]
[00:55:25.746]          </block>
[00:55:25.746]          <control if="jep106id != 0x20" while="" timeout="0" info="">
[00:55:25.746]            // if-block "jep106id != 0x20"
[00:55:25.746]              // =>  FALSE
[00:55:25.746]            // skip if-block "jep106id != 0x20"
[00:55:25.746]          </control>
[00:55:25.746]        </sequence>
[00:55:25.746]    </block>
[00:55:25.746]  </sequence>
[00:55:25.746]  
[00:55:25.746]  **********  Sequence "DebugCoreStart"  (Context="Target Access", Pname="", info="")
[00:55:25.746]  
[00:55:25.746]  <debugvars>
[00:55:25.746]    // Pre-defined
[00:55:25.746]    __protocol=0x00010002      (Protocol="SWD", SWJ-DP="True")
[00:55:25.747]    __connection=0x00000201    (Connection Type="Debug", Reset Type="System Reset")
[00:55:25.747]    __dp=0x00000000
[00:55:25.747]    __ap=0x00000000
[00:55:25.747]    __traceout=0x00000000      (Trace Disabled)
[00:55:25.747]    __errorcontrol=0x00000000  (Skip Errors="False")
[00:55:25.747]    __FlashAddr=0x00000000
[00:55:25.747]    __FlashLen=0x00000000
[00:55:25.747]    __FlashArg=0x00000000
[00:55:25.747]    __FlashOp=0x00000000
[00:55:25.747]    __Result=0x00000000
[00:55:25.747]    
[00:55:25.747]    // User-defined
[00:55:25.747]    DbgMCU_CR=0x00000007
[00:55:25.747]  </debugvars>
[00:55:25.747]  
[00:55:25.747]  <sequence name="DebugCoreStart" Pname="" disable="false" info="">
[00:55:25.747]    <block atomic="false" info="">
[00:55:25.747]      Write32(0xE000EDF0, 0xA05F0001);                                        // Enable Core Debug via DHCSR
[00:55:25.747]        // -> [Write32(0xE000EDF0, 0xA05F0001)]   (__dp=0x00000000, __ap=0x00000000)
[00:55:25.748]      Write32(0xE0042004, DbgMCU_CR);                                         // DBGMCU_CR: Configure MCU Debug
[00:55:25.748]        // -> [Write32(0xE0042004, 0x00000007)]   (__dp=0x00000000, __ap=0x00000000)
[00:55:25.748]    </block>
[00:55:25.748]  </sequence>
[00:55:25.748]  
[01:08:24.268]  **********  Sequence "DebugDeviceUnlock"  (Context="Target Access", Pname="", info="")
[01:08:24.268]  
[01:08:24.275]  <debugvars>
[01:08:24.275]    // Pre-defined
[01:08:24.275]    __protocol=0x00010002      (Protocol="SWD", SWJ-DP="True")
[01:08:24.275]    __connection=0x00000202    (Connection Type="Flash", Reset Type="System Reset")
[01:08:24.275]    __dp=0x00000000
[01:08:24.275]    __ap=0x00000000
[01:08:24.275]    __traceout=0x00000000      (Trace Disabled)
[01:08:24.275]    __errorcontrol=0x00000000  (Skip Errors="False")
[01:08:24.275]    __FlashAddr=0x00000000
[01:08:24.275]    __FlashLen=0x00000000
[01:08:24.275]    __FlashArg=0x00000000
[01:08:24.275]    __FlashOp=0x00000000
[01:08:24.275]    __Result=0x00000000
[01:08:24.277]    
[01:08:24.277]    // User-defined
[01:08:24.277]    DbgMCU_CR=0x00000007
[01:08:24.277]  </debugvars>
[01:08:24.277]  
[01:08:24.277]  <sequence name="DebugDeviceUnlock" Pname="" disable="false" info="">
[01:08:24.277]    <block atomic="false" info="">
[01:08:24.277]      Sequence("CheckID");
[01:08:24.277]        <sequence name="CheckID" Pname="" disable="false" info="">
[01:08:24.277]          <block atomic="false" info="">
[01:08:24.277]            __var pidr1 = 0;
[01:08:24.277]              // -> [pidr1 <= 0x00000000]
[01:08:24.277]            __var pidr2 = 0;
[01:08:24.277]              // -> [pidr2 <= 0x00000000]
[01:08:24.277]            __var jep106id = 0;
[01:08:24.277]              // -> [jep106id <= 0x00000000]
[01:08:24.277]            __var ROMTableBase = 0;
[01:08:24.277]              // -> [ROMTableBase <= 0x00000000]
[01:08:24.277]            __ap = 0;      // AHB-AP
[01:08:24.277]              // -> [__ap <= 0x00000000]
[01:08:24.277]            ROMTableBase = ReadAP(0xF8) & ~0x3;
[01:08:24.278]              // -> [ReadAP(0x000000F8) => 0xE00FF003]   (__dp=0x00000000, __ap=0x00000000)
[01:08:24.278]              // -> [ROMTableBase <= 0xE00FF000]
[01:08:24.278]            pidr1 = Read32(ROMTableBase + 0x0FE4);
[01:08:24.278]              // -> [Read32(0xE00FFFE4) => 0x00000004]   (__dp=0x00000000, __ap=0x00000000)
[01:08:24.278]              // -> [pidr1 <= 0x00000004]
[01:08:24.278]            pidr2 = Read32(ROMTableBase + 0x0FE8);
[01:08:24.279]              // -> [Read32(0xE00FFFE8) => 0x0000000A]   (__dp=0x00000000, __ap=0x00000000)
[01:08:24.279]              // -> [pidr2 <= 0x0000000A]
[01:08:24.279]            jep106id = ((pidr2 & 0x7) << 4 ) | ((pidr1 >> 4) & 0xF);
[01:08:24.279]              // -> [jep106id <= 0x00000020]
[01:08:24.279]          </block>
[01:08:24.279]          <control if="jep106id != 0x20" while="" timeout="0" info="">
[01:08:24.280]            // if-block "jep106id != 0x20"
[01:08:24.280]              // =>  FALSE
[01:08:24.280]            // skip if-block "jep106id != 0x20"
[01:08:24.280]          </control>
[01:08:24.280]        </sequence>
[01:08:24.280]    </block>
[01:08:24.280]  </sequence>
[01:08:24.280]  
[01:08:24.281]  **********  Sequence "DebugCoreStart"  (Context="Target Access", Pname="", info="")
[01:08:24.281]  
[01:08:24.281]  <debugvars>
[01:08:24.281]    // Pre-defined
[01:08:24.281]    __protocol=0x00010002      (Protocol="SWD", SWJ-DP="True")
[01:08:24.281]    __connection=0x00000202    (Connection Type="Flash", Reset Type="System Reset")
[01:08:24.281]    __dp=0x00000000
[01:08:24.281]    __ap=0x00000000
[01:08:24.281]    __traceout=0x00000000      (Trace Disabled)
[01:08:24.281]    __errorcontrol=0x00000000  (Skip Errors="False")
[01:08:24.281]    __FlashAddr=0x00000000
[01:08:24.281]    __FlashLen=0x00000000
[01:08:24.281]    __FlashArg=0x00000000
[01:08:24.281]    __FlashOp=0x00000000
[01:08:24.281]    __Result=0x00000000
[01:08:24.281]    
[01:08:24.281]    // User-defined
[01:08:24.282]    DbgMCU_CR=0x00000007
[01:08:24.282]  </debugvars>
[01:08:24.282]  
[01:08:24.282]  <sequence name="DebugCoreStart" Pname="" disable="false" info="">
[01:08:24.282]    <block atomic="false" info="">
[01:08:24.282]      Write32(0xE000EDF0, 0xA05F0001);                                        // Enable Core Debug via DHCSR
[01:08:24.283]        // -> [Write32(0xE000EDF0, 0xA05F0001)]   (__dp=0x00000000, __ap=0x00000000)
[01:08:24.283]      Write32(0xE0042004, DbgMCU_CR);                                         // DBGMCU_CR: Configure MCU Debug
[01:08:24.283]        // -> [Write32(0xE0042004, 0x00000007)]   (__dp=0x00000000, __ap=0x00000000)
[01:08:24.283]    </block>
[01:08:24.283]  </sequence>
[01:08:24.283]  
[01:08:27.697]  **********  Sequence "DebugDeviceUnlock"  (Context="Target Access", Pname="", info="")
[01:08:27.697]  
[01:08:27.703]  <debugvars>
[01:08:27.703]    // Pre-defined
[01:08:27.703]    __protocol=0x00010002      (Protocol="SWD", SWJ-DP="True")
[01:08:27.703]    __connection=0x00000201    (Connection Type="Debug", Reset Type="System Reset")
[01:08:27.703]    __dp=0x00000000
[01:08:27.703]    __ap=0x00000000
[01:08:27.703]    __traceout=0x00000000      (Trace Disabled)
[01:08:27.703]    __errorcontrol=0x00000000  (Skip Errors="False")
[01:08:27.704]    __FlashAddr=0x00000000
[01:08:27.704]    __FlashLen=0x00000000
[01:08:27.704]    __FlashArg=0x00000000
[01:08:27.704]    __FlashOp=0x00000000
[01:08:27.704]    __Result=0x00000000
[01:08:27.704]    
[01:08:27.704]    // User-defined
[01:08:27.705]    DbgMCU_CR=0x00000007
[01:08:27.705]  </debugvars>
[01:08:27.705]  
[01:08:27.705]  <sequence name="DebugDeviceUnlock" Pname="" disable="false" info="">
[01:08:27.705]    <block atomic="false" info="">
[01:08:27.705]      Sequence("CheckID");
[01:08:27.705]        <sequence name="CheckID" Pname="" disable="false" info="">
[01:08:27.707]          <block atomic="false" info="">
[01:08:27.707]            __var pidr1 = 0;
[01:08:27.707]              // -> [pidr1 <= 0x00000000]
[01:08:27.707]            __var pidr2 = 0;
[01:08:27.707]              // -> [pidr2 <= 0x00000000]
[01:08:27.708]            __var jep106id = 0;
[01:08:27.708]              // -> [jep106id <= 0x00000000]
[01:08:27.708]            __var ROMTableBase = 0;
[01:08:27.708]              // -> [ROMTableBase <= 0x00000000]
[01:08:27.708]            __ap = 0;      // AHB-AP
[01:08:27.709]              // -> [__ap <= 0x00000000]
[01:08:27.709]            ROMTableBase = ReadAP(0xF8) & ~0x3;
[01:08:27.709]              // -> [ReadAP(0x000000F8) => 0xE00FF003]   (__dp=0x00000000, __ap=0x00000000)
[01:08:27.709]              // -> [ROMTableBase <= 0xE00FF000]
[01:08:27.709]            pidr1 = Read32(ROMTableBase + 0x0FE4);
[01:08:27.709]              // -> [Read32(0xE00FFFE4) => 0x00000004]   (__dp=0x00000000, __ap=0x00000000)
[01:08:27.709]              // -> [pidr1 <= 0x00000004]
[01:08:27.710]            pidr2 = Read32(ROMTableBase + 0x0FE8);
[01:08:27.710]              // -> [Read32(0xE00FFFE8) => 0x0000000A]   (__dp=0x00000000, __ap=0x00000000)
[01:08:27.710]              // -> [pidr2 <= 0x0000000A]
[01:08:27.710]            jep106id = ((pidr2 & 0x7) << 4 ) | ((pidr1 >> 4) & 0xF);
[01:08:27.710]              // -> [jep106id <= 0x00000020]
[01:08:27.710]          </block>
[01:08:27.710]          <control if="jep106id != 0x20" while="" timeout="0" info="">
[01:08:27.710]            // if-block "jep106id != 0x20"
[01:08:27.710]              // =>  FALSE
[01:08:27.710]            // skip if-block "jep106id != 0x20"
[01:08:27.710]          </control>
[01:08:27.710]        </sequence>
[01:08:27.710]    </block>
[01:08:27.710]  </sequence>
[01:08:27.710]  
[01:08:27.711]  **********  Sequence "DebugCoreStart"  (Context="Target Access", Pname="", info="")
[01:08:27.711]  
[01:08:27.711]  <debugvars>
[01:08:27.711]    // Pre-defined
[01:08:27.711]    __protocol=0x00010002      (Protocol="SWD", SWJ-DP="True")
[01:08:27.711]    __connection=0x00000201    (Connection Type="Debug", Reset Type="System Reset")
[01:08:27.711]    __dp=0x00000000
[01:08:27.711]    __ap=0x00000000
[01:08:27.711]    __traceout=0x00000000      (Trace Disabled)
[01:08:27.711]    __errorcontrol=0x00000000  (Skip Errors="False")
[01:08:27.711]    __FlashAddr=0x00000000
[01:08:27.711]    __FlashLen=0x00000000
[01:08:27.711]    __FlashArg=0x00000000
[01:08:27.711]    __FlashOp=0x00000000
[01:08:27.711]    __Result=0x00000000
[01:08:27.711]    
[01:08:27.711]    // User-defined
[01:08:27.711]    DbgMCU_CR=0x00000007
[01:08:27.711]  </debugvars>
[01:08:27.711]  
[01:08:27.711]  <sequence name="DebugCoreStart" Pname="" disable="false" info="">
[01:08:27.711]    <block atomic="false" info="">
[01:08:27.712]      Write32(0xE000EDF0, 0xA05F0001);                                        // Enable Core Debug via DHCSR
[01:08:27.712]        // -> [Write32(0xE000EDF0, 0xA05F0001)]   (__dp=0x00000000, __ap=0x00000000)
[01:08:27.712]      Write32(0xE0042004, DbgMCU_CR);                                         // DBGMCU_CR: Configure MCU Debug
[01:08:27.713]        // -> [Write32(0xE0042004, 0x00000007)]   (__dp=0x00000000, __ap=0x00000000)
[01:08:27.713]    </block>
[01:08:27.713]  </sequence>
[01:08:27.713]  
[01:10:29.980]  **********  Sequence "DebugDeviceUnlock"  (Context="Target Access", Pname="", info="")
[01:10:29.980]  
[01:10:29.981]  <debugvars>
[01:10:29.981]    // Pre-defined
[01:10:29.981]    __protocol=0x00010002      (Protocol="SWD", SWJ-DP="True")
[01:10:29.981]    __connection=0x00000202    (Connection Type="Flash", Reset Type="System Reset")
[01:10:29.981]    __dp=0x00000000
[01:10:29.981]    __ap=0x00000000
[01:10:29.981]    __traceout=0x00000000      (Trace Disabled)
[01:10:29.981]    __errorcontrol=0x00000000  (Skip Errors="False")
[01:10:29.981]    __FlashAddr=0x00000000
[01:10:29.981]    __FlashLen=0x00000000
[01:10:29.981]    __FlashArg=0x00000000
[01:10:29.981]    __FlashOp=0x00000000
[01:10:29.981]    __Result=0x00000000
[01:10:29.981]    
[01:10:29.981]    // User-defined
[01:10:29.981]    DbgMCU_CR=0x00000007
[01:10:29.981]  </debugvars>
[01:10:29.981]  
[01:10:29.981]  <sequence name="DebugDeviceUnlock" Pname="" disable="false" info="">
[01:10:29.981]    <block atomic="false" info="">
[01:10:29.981]      Sequence("CheckID");
[01:10:29.982]        <sequence name="CheckID" Pname="" disable="false" info="">
[01:10:29.982]          <block atomic="false" info="">
[01:10:29.982]            __var pidr1 = 0;
[01:10:29.982]              // -> [pidr1 <= 0x00000000]
[01:10:29.982]            __var pidr2 = 0;
[01:10:29.982]              // -> [pidr2 <= 0x00000000]
[01:10:29.982]            __var jep106id = 0;
[01:10:29.982]              // -> [jep106id <= 0x00000000]
[01:10:29.982]            __var ROMTableBase = 0;
[01:10:29.982]              // -> [ROMTableBase <= 0x00000000]
[01:10:29.982]            __ap = 0;      // AHB-AP
[01:10:29.982]              // -> [__ap <= 0x00000000]
[01:10:29.982]            ROMTableBase = ReadAP(0xF8) & ~0x3;
[01:10:29.982]              // -> [ReadAP(0x000000F8) => 0xE00FF003]   (__dp=0x00000000, __ap=0x00000000)
[01:10:29.982]              // -> [ROMTableBase <= 0xE00FF000]
[01:10:29.982]            pidr1 = Read32(ROMTableBase + 0x0FE4);
[01:10:29.983]              // -> [Read32(0xE00FFFE4) => 0x00000004]   (__dp=0x00000000, __ap=0x00000000)
[01:10:29.983]              // -> [pidr1 <= 0x00000004]
[01:10:29.983]            pidr2 = Read32(ROMTableBase + 0x0FE8);
[01:10:29.983]              // -> [Read32(0xE00FFFE8) => 0x0000000A]   (__dp=0x00000000, __ap=0x00000000)
[01:10:29.983]              // -> [pidr2 <= 0x0000000A]
[01:10:29.983]            jep106id = ((pidr2 & 0x7) << 4 ) | ((pidr1 >> 4) & 0xF);
[01:10:29.983]              // -> [jep106id <= 0x00000020]
[01:10:29.983]          </block>
[01:10:29.983]          <control if="jep106id != 0x20" while="" timeout="0" info="">
[01:10:29.983]            // if-block "jep106id != 0x20"
[01:10:29.983]              // =>  FALSE
[01:10:29.983]            // skip if-block "jep106id != 0x20"
[01:10:29.983]          </control>
[01:10:29.983]        </sequence>
[01:10:29.984]    </block>
[01:10:29.984]  </sequence>
[01:10:29.984]  
[01:10:29.984]  **********  Sequence "DebugCoreStart"  (Context="Target Access", Pname="", info="")
[01:10:29.984]  
[01:10:29.984]  <debugvars>
[01:10:29.984]    // Pre-defined
[01:10:29.984]    __protocol=0x00010002      (Protocol="SWD", SWJ-DP="True")
[01:10:29.984]    __connection=0x00000202    (Connection Type="Flash", Reset Type="System Reset")
[01:10:29.984]    __dp=0x00000000
[01:10:29.984]    __ap=0x00000000
[01:10:29.984]    __traceout=0x00000000      (Trace Disabled)
[01:10:29.984]    __errorcontrol=0x00000000  (Skip Errors="False")
[01:10:29.984]    __FlashAddr=0x00000000
[01:10:29.984]    __FlashLen=0x00000000
[01:10:29.984]    __FlashArg=0x00000000
[01:10:29.984]    __FlashOp=0x00000000
[01:10:29.984]    __Result=0x00000000
[01:10:29.984]    
[01:10:29.984]    // User-defined
[01:10:29.984]    DbgMCU_CR=0x00000007
[01:10:29.984]  </debugvars>
[01:10:29.984]  
[01:10:29.984]  <sequence name="DebugCoreStart" Pname="" disable="false" info="">
[01:10:29.984]    <block atomic="false" info="">
[01:10:29.984]      Write32(0xE000EDF0, 0xA05F0001);                                        // Enable Core Debug via DHCSR
[01:10:29.985]        // -> [Write32(0xE000EDF0, 0xA05F0001)]   (__dp=0x00000000, __ap=0x00000000)
[01:10:29.985]      Write32(0xE0042004, DbgMCU_CR);                                         // DBGMCU_CR: Configure MCU Debug
[01:10:29.985]        // -> [Write32(0xE0042004, 0x00000007)]   (__dp=0x00000000, __ap=0x00000000)
[01:10:29.985]    </block>
[01:10:29.985]  </sequence>
[01:10:29.985]  
[01:10:32.943]  **********  Sequence "DebugDeviceUnlock"  (Context="Target Access", Pname="", info="")
[01:10:32.943]  
[01:10:32.949]  <debugvars>
[01:10:32.949]    // Pre-defined
[01:10:32.949]    __protocol=0x00010002      (Protocol="SWD", SWJ-DP="True")
[01:10:32.950]    __connection=0x00000201    (Connection Type="Debug", Reset Type="System Reset")
[01:10:32.950]    __dp=0x00000000
[01:10:32.950]    __ap=0x00000000
[01:10:32.950]    __traceout=0x00000000      (Trace Disabled)
[01:10:32.950]    __errorcontrol=0x00000000  (Skip Errors="False")
[01:10:32.950]    __FlashAddr=0x00000000
[01:10:32.950]    __FlashLen=0x00000000
[01:10:32.950]    __FlashArg=0x00000000
[01:10:32.950]    __FlashOp=0x00000000
[01:10:32.950]    __Result=0x00000000
[01:10:32.950]    
[01:10:32.950]    // User-defined
[01:10:32.950]    DbgMCU_CR=0x00000007
[01:10:32.950]  </debugvars>
[01:10:32.950]  
[01:10:32.950]  <sequence name="DebugDeviceUnlock" Pname="" disable="false" info="">
[01:10:32.950]    <block atomic="false" info="">
[01:10:32.950]      Sequence("CheckID");
[01:10:32.950]        <sequence name="CheckID" Pname="" disable="false" info="">
[01:10:32.950]          <block atomic="false" info="">
[01:10:32.950]            __var pidr1 = 0;
[01:10:32.950]              // -> [pidr1 <= 0x00000000]
[01:10:32.950]            __var pidr2 = 0;
[01:10:32.951]              // -> [pidr2 <= 0x00000000]
[01:10:32.951]            __var jep106id = 0;
[01:10:32.951]              // -> [jep106id <= 0x00000000]
[01:10:32.951]            __var ROMTableBase = 0;
[01:10:32.951]              // -> [ROMTableBase <= 0x00000000]
[01:10:32.951]            __ap = 0;      // AHB-AP
[01:10:32.951]              // -> [__ap <= 0x00000000]
[01:10:32.951]            ROMTableBase = ReadAP(0xF8) & ~0x3;
[01:10:32.951]              // -> [ReadAP(0x000000F8) => 0xE00FF003]   (__dp=0x00000000, __ap=0x00000000)
[01:10:32.951]              // -> [ROMTableBase <= 0xE00FF000]
[01:10:32.951]            pidr1 = Read32(ROMTableBase + 0x0FE4);
[01:10:32.952]              // -> [Read32(0xE00FFFE4) => 0x00000004]   (__dp=0x00000000, __ap=0x00000000)
[01:10:32.952]              // -> [pidr1 <= 0x00000004]
[01:10:32.952]            pidr2 = Read32(ROMTableBase + 0x0FE8);
[01:10:32.953]              // -> [Read32(0xE00FFFE8) => 0x0000000A]   (__dp=0x00000000, __ap=0x00000000)
[01:10:32.953]              // -> [pidr2 <= 0x0000000A]
[01:10:32.953]            jep106id = ((pidr2 & 0x7) << 4 ) | ((pidr1 >> 4) & 0xF);
[01:10:32.953]              // -> [jep106id <= 0x00000020]
[01:10:32.953]          </block>
[01:10:32.953]          <control if="jep106id != 0x20" while="" timeout="0" info="">
[01:10:32.953]            // if-block "jep106id != 0x20"
[01:10:32.953]              // =>  FALSE
[01:10:32.953]            // skip if-block "jep106id != 0x20"
[01:10:32.953]          </control>
[01:10:32.953]        </sequence>
[01:10:32.953]    </block>
[01:10:32.953]  </sequence>
[01:10:32.953]  
[01:10:32.953]  **********  Sequence "DebugCoreStart"  (Context="Target Access", Pname="", info="")
[01:10:32.953]  
[01:10:32.953]  <debugvars>
[01:10:32.953]    // Pre-defined
[01:10:32.953]    __protocol=0x00010002      (Protocol="SWD", SWJ-DP="True")
[01:10:32.954]    __connection=0x00000201    (Connection Type="Debug", Reset Type="System Reset")
[01:10:32.954]    __dp=0x00000000
[01:10:32.954]    __ap=0x00000000
[01:10:32.954]    __traceout=0x00000000      (Trace Disabled)
[01:10:32.954]    __errorcontrol=0x00000000  (Skip Errors="False")
[01:10:32.954]    __FlashAddr=0x00000000
[01:10:32.954]    __FlashLen=0x00000000
[01:10:32.954]    __FlashArg=0x00000000
[01:10:32.954]    __FlashOp=0x00000000
[01:10:32.954]    __Result=0x00000000
[01:10:32.954]    
[01:10:32.954]    // User-defined
[01:10:32.954]    DbgMCU_CR=0x00000007
[01:10:32.954]  </debugvars>
[01:10:32.954]  
[01:10:32.954]  <sequence name="DebugCoreStart" Pname="" disable="false" info="">
[01:10:32.954]    <block atomic="false" info="">
[01:10:32.954]      Write32(0xE000EDF0, 0xA05F0001);                                        // Enable Core Debug via DHCSR
[01:10:32.955]        // -> [Write32(0xE000EDF0, 0xA05F0001)]   (__dp=0x00000000, __ap=0x00000000)
[01:10:32.955]      Write32(0xE0042004, DbgMCU_CR);                                         // DBGMCU_CR: Configure MCU Debug
[01:10:32.955]        // -> [Write32(0xE0042004, 0x00000007)]   (__dp=0x00000000, __ap=0x00000000)
[01:10:32.955]    </block>
[01:10:32.955]  </sequence>
[01:10:32.955]  
[01:16:56.274]  **********  Sequence "DebugDeviceUnlock"  (Context="Target Access", Pname="", info="")
[01:16:56.274]  
[01:16:56.281]  <debugvars>
[01:16:56.281]    // Pre-defined
[01:16:56.281]    __protocol=0x00010002      (Protocol="SWD", SWJ-DP="True")
[01:16:56.281]    __connection=0x00000202    (Connection Type="Flash", Reset Type="System Reset")
[01:16:56.282]    __dp=0x00000000
[01:16:56.282]    __ap=0x00000000
[01:16:56.282]    __traceout=0x00000000      (Trace Disabled)
[01:16:56.282]    __errorcontrol=0x00000000  (Skip Errors="False")
[01:16:56.282]    __FlashAddr=0x00000000
[01:16:56.282]    __FlashLen=0x00000000
[01:16:56.282]    __FlashArg=0x00000000
[01:16:56.282]    __FlashOp=0x00000000
[01:16:56.282]    __Result=0x00000000
[01:16:56.282]    
[01:16:56.282]    // User-defined
[01:16:56.282]    DbgMCU_CR=0x00000007
[01:16:56.283]  </debugvars>
[01:16:56.283]  
[01:16:56.283]  <sequence name="DebugDeviceUnlock" Pname="" disable="false" info="">
[01:16:56.283]    <block atomic="false" info="">
[01:16:56.283]      Sequence("CheckID");
[01:16:56.283]        <sequence name="CheckID" Pname="" disable="false" info="">
[01:16:56.283]          <block atomic="false" info="">
[01:16:56.283]            __var pidr1 = 0;
[01:16:56.283]              // -> [pidr1 <= 0x00000000]
[01:16:56.283]            __var pidr2 = 0;
[01:16:56.283]              // -> [pidr2 <= 0x00000000]
[01:16:56.283]            __var jep106id = 0;
[01:16:56.283]              // -> [jep106id <= 0x00000000]
[01:16:56.283]            __var ROMTableBase = 0;
[01:16:56.283]              // -> [ROMTableBase <= 0x00000000]
[01:16:56.283]            __ap = 0;      // AHB-AP
[01:16:56.285]              // -> [__ap <= 0x00000000]
[01:16:56.285]            ROMTableBase = ReadAP(0xF8) & ~0x3;
[01:16:56.285]              // -> [ReadAP(0x000000F8) => 0xE00FF003]   (__dp=0x00000000, __ap=0x00000000)
[01:16:56.285]              // -> [ROMTableBase <= 0xE00FF000]
[01:16:56.285]            pidr1 = Read32(ROMTableBase + 0x0FE4);
[01:16:56.285]              // -> [Read32(0xE00FFFE4) => 0x00000004]   (__dp=0x00000000, __ap=0x00000000)
[01:16:56.285]              // -> [pidr1 <= 0x00000004]
[01:16:56.285]            pidr2 = Read32(ROMTableBase + 0x0FE8);
[01:16:56.286]              // -> [Read32(0xE00FFFE8) => 0x0000000A]   (__dp=0x00000000, __ap=0x00000000)
[01:16:56.286]              // -> [pidr2 <= 0x0000000A]
[01:16:56.286]            jep106id = ((pidr2 & 0x7) << 4 ) | ((pidr1 >> 4) & 0xF);
[01:16:56.286]              // -> [jep106id <= 0x00000020]
[01:16:56.286]          </block>
[01:16:56.286]          <control if="jep106id != 0x20" while="" timeout="0" info="">
[01:16:56.286]            // if-block "jep106id != 0x20"
[01:16:56.287]              // =>  FALSE
[01:16:56.287]            // skip if-block "jep106id != 0x20"
[01:16:56.287]          </control>
[01:16:56.287]        </sequence>
[01:16:56.287]    </block>
[01:16:56.287]  </sequence>
[01:16:56.287]  
[01:16:56.287]  **********  Sequence "DebugCoreStart"  (Context="Target Access", Pname="", info="")
[01:16:56.287]  
[01:16:56.287]  <debugvars>
[01:16:56.287]    // Pre-defined
[01:16:56.287]    __protocol=0x00010002      (Protocol="SWD", SWJ-DP="True")
[01:16:56.288]    __connection=0x00000202    (Connection Type="Flash", Reset Type="System Reset")
[01:16:56.288]    __dp=0x00000000
[01:16:56.288]    __ap=0x00000000
[01:16:56.288]    __traceout=0x00000000      (Trace Disabled)
[01:16:56.288]    __errorcontrol=0x00000000  (Skip Errors="False")
[01:16:56.288]    __FlashAddr=0x00000000
[01:16:56.288]    __FlashLen=0x00000000
[01:16:56.288]    __FlashArg=0x00000000
[01:16:56.288]    __FlashOp=0x00000000
[01:16:56.288]    __Result=0x00000000
[01:16:56.288]    
[01:16:56.288]    // User-defined
[01:16:56.288]    DbgMCU_CR=0x00000007
[01:16:56.288]  </debugvars>
[01:16:56.288]  
[01:16:56.289]  <sequence name="DebugCoreStart" Pname="" disable="false" info="">
[01:16:56.289]    <block atomic="false" info="">
[01:16:56.289]      Write32(0xE000EDF0, 0xA05F0001);                                        // Enable Core Debug via DHCSR
[01:16:56.289]        // -> [Write32(0xE000EDF0, 0xA05F0001)]   (__dp=0x00000000, __ap=0x00000000)
[01:16:56.289]      Write32(0xE0042004, DbgMCU_CR);                                         // DBGMCU_CR: Configure MCU Debug
[01:16:56.290]        // -> [Write32(0xE0042004, 0x00000007)]   (__dp=0x00000000, __ap=0x00000000)
[01:16:56.290]    </block>
[01:16:56.290]  </sequence>
[01:16:56.290]  
[01:17:00.297]  **********  Sequence "DebugDeviceUnlock"  (Context="Target Access", Pname="", info="")
[01:17:00.297]  
[01:17:00.297]  <debugvars>
[01:17:00.297]    // Pre-defined
[01:17:00.298]    __protocol=0x00010002      (Protocol="SWD", SWJ-DP="True")
[01:17:00.298]    __connection=0x00000201    (Connection Type="Debug", Reset Type="System Reset")
[01:17:00.298]    __dp=0x00000000
[01:17:00.298]    __ap=0x00000000
[01:17:00.298]    __traceout=0x00000000      (Trace Disabled)
[01:17:00.298]    __errorcontrol=0x00000000  (Skip Errors="False")
[01:17:00.298]    __FlashAddr=0x00000000
[01:17:00.298]    __FlashLen=0x00000000
[01:17:00.299]    __FlashArg=0x00000000
[01:17:00.299]    __FlashOp=0x00000000
[01:17:00.299]    __Result=0x00000000
[01:17:00.299]    
[01:17:00.299]    // User-defined
[01:17:00.299]    DbgMCU_CR=0x00000007
[01:17:00.299]  </debugvars>
[01:17:00.299]  
[01:17:00.299]  <sequence name="DebugDeviceUnlock" Pname="" disable="false" info="">
[01:17:00.299]    <block atomic="false" info="">
[01:17:00.299]      Sequence("CheckID");
[01:17:00.299]        <sequence name="CheckID" Pname="" disable="false" info="">
[01:17:00.299]          <block atomic="false" info="">
[01:17:00.299]            __var pidr1 = 0;
[01:17:00.299]              // -> [pidr1 <= 0x00000000]
[01:17:00.299]            __var pidr2 = 0;
[01:17:00.300]              // -> [pidr2 <= 0x00000000]
[01:17:00.300]            __var jep106id = 0;
[01:17:00.300]              // -> [jep106id <= 0x00000000]
[01:17:00.300]            __var ROMTableBase = 0;
[01:17:00.300]              // -> [ROMTableBase <= 0x00000000]
[01:17:00.300]            __ap = 0;      // AHB-AP
[01:17:00.300]              // -> [__ap <= 0x00000000]
[01:17:00.300]            ROMTableBase = ReadAP(0xF8) & ~0x3;
[01:17:00.300]              // -> [ReadAP(0x000000F8) => 0xE00FF003]   (__dp=0x00000000, __ap=0x00000000)
[01:17:00.300]              // -> [ROMTableBase <= 0xE00FF000]
[01:17:00.300]            pidr1 = Read32(ROMTableBase + 0x0FE4);
[01:17:00.301]              // -> [Read32(0xE00FFFE4) => 0x00000004]   (__dp=0x00000000, __ap=0x00000000)
[01:17:00.301]              // -> [pidr1 <= 0x00000004]
[01:17:00.301]            pidr2 = Read32(ROMTableBase + 0x0FE8);
[01:17:00.301]              // -> [Read32(0xE00FFFE8) => 0x0000000A]   (__dp=0x00000000, __ap=0x00000000)
[01:17:00.301]              // -> [pidr2 <= 0x0000000A]
[01:17:00.301]            jep106id = ((pidr2 & 0x7) << 4 ) | ((pidr1 >> 4) & 0xF);
[01:17:00.301]              // -> [jep106id <= 0x00000020]
[01:17:00.301]          </block>
[01:17:00.301]          <control if="jep106id != 0x20" while="" timeout="0" info="">
[01:17:00.301]            // if-block "jep106id != 0x20"
[01:17:00.301]              // =>  FALSE
[01:17:00.301]            // skip if-block "jep106id != 0x20"
[01:17:00.301]          </control>
[01:17:00.302]        </sequence>
[01:17:00.302]    </block>
[01:17:00.302]  </sequence>
[01:17:00.302]  
[01:17:00.302]  **********  Sequence "DebugCoreStart"  (Context="Target Access", Pname="", info="")
[01:17:00.302]  
[01:17:00.302]  <debugvars>
[01:17:00.302]    // Pre-defined
[01:17:00.302]    __protocol=0x00010002      (Protocol="SWD", SWJ-DP="True")
[01:17:00.302]    __connection=0x00000201    (Connection Type="Debug", Reset Type="System Reset")
[01:17:00.302]    __dp=0x00000000
[01:17:00.302]    __ap=0x00000000
[01:17:00.302]    __traceout=0x00000000      (Trace Disabled)
[01:17:00.302]    __errorcontrol=0x00000000  (Skip Errors="False")
[01:17:00.302]    __FlashAddr=0x00000000
[01:17:00.302]    __FlashLen=0x00000000
[01:17:00.302]    __FlashArg=0x00000000
[01:17:00.302]    __FlashOp=0x00000000
[01:17:00.302]    __Result=0x00000000
[01:17:00.302]    
[01:17:00.302]    // User-defined
[01:17:00.302]    DbgMCU_CR=0x00000007
[01:17:00.302]  </debugvars>
[01:17:00.302]  
[01:17:00.302]  <sequence name="DebugCoreStart" Pname="" disable="false" info="">
[01:17:00.302]    <block atomic="false" info="">
[01:17:00.303]      Write32(0xE000EDF0, 0xA05F0001);                                        // Enable Core Debug via DHCSR
[01:17:00.303]        // -> [Write32(0xE000EDF0, 0xA05F0001)]   (__dp=0x00000000, __ap=0x00000000)
[01:17:00.303]      Write32(0xE0042004, DbgMCU_CR);                                         // DBGMCU_CR: Configure MCU Debug
[01:17:00.303]        // -> [Write32(0xE0042004, 0x00000007)]   (__dp=0x00000000, __ap=0x00000000)
[01:17:00.304]    </block>
[01:17:00.304]  </sequence>
[01:17:00.304]  
[01:24:19.945]  **********  Sequence "DebugDeviceUnlock"  (Context="Target Access", Pname="", info="")
[01:24:19.945]  
[01:24:19.952]  <debugvars>
[01:24:19.952]    // Pre-defined
[01:24:19.952]    __protocol=0x00010002      (Protocol="SWD", SWJ-DP="True")
[01:24:19.952]    __connection=0x00000201    (Connection Type="Debug", Reset Type="System Reset")
[01:24:19.952]    __dp=0x00000000
[01:24:19.952]    __ap=0x00000000
[01:24:19.952]    __traceout=0x00000000      (Trace Disabled)
[01:24:19.952]    __errorcontrol=0x00000000  (Skip Errors="False")
[01:24:19.952]    __FlashAddr=0x00000000
[01:24:19.952]    __FlashLen=0x00000000
[01:24:19.952]    __FlashArg=0x00000000
[01:24:19.952]    __FlashOp=0x00000000
[01:24:19.952]    __Result=0x00000000
[01:24:19.953]    
[01:24:19.953]    // User-defined
[01:24:19.953]    DbgMCU_CR=0x00000007
[01:24:19.953]  </debugvars>
[01:24:19.953]  
[01:24:19.953]  <sequence name="DebugDeviceUnlock" Pname="" disable="false" info="">
[01:24:19.953]    <block atomic="false" info="">
[01:24:19.953]      Sequence("CheckID");
[01:24:19.953]        <sequence name="CheckID" Pname="" disable="false" info="">
[01:24:19.953]          <block atomic="false" info="">
[01:24:19.953]            __var pidr1 = 0;
[01:24:19.953]              // -> [pidr1 <= 0x00000000]
[01:24:19.953]            __var pidr2 = 0;
[01:24:19.953]              // -> [pidr2 <= 0x00000000]
[01:24:19.954]            __var jep106id = 0;
[01:24:19.954]              // -> [jep106id <= 0x00000000]
[01:24:19.954]            __var ROMTableBase = 0;
[01:24:19.954]              // -> [ROMTableBase <= 0x00000000]
[01:24:19.954]            __ap = 0;      // AHB-AP
[01:24:19.954]              // -> [__ap <= 0x00000000]
[01:24:19.954]            ROMTableBase = ReadAP(0xF8) & ~0x3;
[01:24:19.954]              // -> [ReadAP(0x000000F8) => 0xE00FF003]   (__dp=0x00000000, __ap=0x00000000)
[01:24:19.954]              // -> [ROMTableBase <= 0xE00FF000]
[01:24:19.954]            pidr1 = Read32(ROMTableBase + 0x0FE4);
[01:24:19.955]              // -> [Read32(0xE00FFFE4) => 0x00000004]   (__dp=0x00000000, __ap=0x00000000)
[01:24:19.955]              // -> [pidr1 <= 0x00000004]
[01:24:19.955]            pidr2 = Read32(ROMTableBase + 0x0FE8);
[01:24:19.955]              // -> [Read32(0xE00FFFE8) => 0x0000000A]   (__dp=0x00000000, __ap=0x00000000)
[01:24:19.955]              // -> [pidr2 <= 0x0000000A]
[01:24:19.955]            jep106id = ((pidr2 & 0x7) << 4 ) | ((pidr1 >> 4) & 0xF);
[01:24:19.956]              // -> [jep106id <= 0x00000020]
[01:24:19.956]          </block>
[01:24:19.956]          <control if="jep106id != 0x20" while="" timeout="0" info="">
[01:24:19.956]            // if-block "jep106id != 0x20"
[01:24:19.956]              // =>  FALSE
[01:24:19.956]            // skip if-block "jep106id != 0x20"
[01:24:19.956]          </control>
[01:24:19.956]        </sequence>
[01:24:19.956]    </block>
[01:24:19.956]  </sequence>
[01:24:19.956]  
[01:24:19.956]  **********  Sequence "DebugCoreStart"  (Context="Target Access", Pname="", info="")
[01:24:19.956]  
[01:24:19.956]  <debugvars>
[01:24:19.956]    // Pre-defined
[01:24:19.956]    __protocol=0x00010002      (Protocol="SWD", SWJ-DP="True")
[01:24:19.956]    __connection=0x00000201    (Connection Type="Debug", Reset Type="System Reset")
[01:24:19.957]    __dp=0x00000000
[01:24:19.957]    __ap=0x00000000
[01:24:19.957]    __traceout=0x00000000      (Trace Disabled)
[01:24:19.957]    __errorcontrol=0x00000000  (Skip Errors="False")
[01:24:19.957]    __FlashAddr=0x00000000
[01:24:19.957]    __FlashLen=0x00000000
[01:24:19.957]    __FlashArg=0x00000000
[01:24:19.957]    __FlashOp=0x00000000
[01:24:19.957]    __Result=0x00000000
[01:24:19.957]    
[01:24:19.957]    // User-defined
[01:24:19.957]    DbgMCU_CR=0x00000007
[01:24:19.957]  </debugvars>
[01:24:19.957]  
[01:24:19.957]  <sequence name="DebugCoreStart" Pname="" disable="false" info="">
[01:24:19.957]    <block atomic="false" info="">
[01:24:19.957]      Write32(0xE000EDF0, 0xA05F0001);                                        // Enable Core Debug via DHCSR
[01:24:19.958]        // -> [Write32(0xE000EDF0, 0xA05F0001)]   (__dp=0x00000000, __ap=0x00000000)
[01:24:19.958]      Write32(0xE0042004, DbgMCU_CR);                                         // DBGMCU_CR: Configure MCU Debug
[01:24:19.958]        // -> [Write32(0xE0042004, 0x00000007)]   (__dp=0x00000000, __ap=0x00000000)
[01:24:19.958]    </block>
[01:24:19.958]  </sequence>
[01:24:19.959]  
[01:25:32.376]  **********  Sequence "DebugDeviceUnlock"  (Context="Target Access", Pname="", info="")
[01:25:32.376]  
[01:25:32.376]  <debugvars>
[01:25:32.376]    // Pre-defined
[01:25:32.376]    __protocol=0x00010002      (Protocol="SWD", SWJ-DP="True")
[01:25:32.377]    __connection=0x00000201    (Connection Type="Debug", Reset Type="System Reset")
[01:25:32.377]    __dp=0x00000000
[01:25:32.377]    __ap=0x00000000
[01:25:32.377]    __traceout=0x00000000      (Trace Disabled)
[01:25:32.377]    __errorcontrol=0x00000000  (Skip Errors="False")
[01:25:32.377]    __FlashAddr=0x00000000
[01:25:32.377]    __FlashLen=0x00000000
[01:25:32.377]    __FlashArg=0x00000000
[01:25:32.377]    __FlashOp=0x00000000
[01:25:32.377]    __Result=0x00000000
[01:25:32.377]    
[01:25:32.377]    // User-defined
[01:25:32.377]    DbgMCU_CR=0x00000007
[01:25:32.377]  </debugvars>
[01:25:32.377]  
[01:25:32.377]  <sequence name="DebugDeviceUnlock" Pname="" disable="false" info="">
[01:25:32.378]    <block atomic="false" info="">
[01:25:32.378]      Sequence("CheckID");
[01:25:32.378]        <sequence name="CheckID" Pname="" disable="false" info="">
[01:25:32.378]          <block atomic="false" info="">
[01:25:32.378]            __var pidr1 = 0;
[01:25:32.378]              // -> [pidr1 <= 0x00000000]
[01:25:32.378]            __var pidr2 = 0;
[01:25:32.378]              // -> [pidr2 <= 0x00000000]
[01:25:32.378]            __var jep106id = 0;
[01:25:32.378]              // -> [jep106id <= 0x00000000]
[01:25:32.379]            __var ROMTableBase = 0;
[01:25:32.379]              // -> [ROMTableBase <= 0x00000000]
[01:25:32.379]            __ap = 0;      // AHB-AP
[01:25:32.379]              // -> [__ap <= 0x00000000]
[01:25:32.379]            ROMTableBase = ReadAP(0xF8) & ~0x3;
[01:25:32.379]              // -> [ReadAP(0x000000F8) => 0xE00FF003]   (__dp=0x00000000, __ap=0x00000000)
[01:25:32.379]              // -> [ROMTableBase <= 0xE00FF000]
[01:25:32.379]            pidr1 = Read32(ROMTableBase + 0x0FE4);
[01:25:32.380]              // -> [Read32(0xE00FFFE4) => 0x00000004]   (__dp=0x00000000, __ap=0x00000000)
[01:25:32.380]              // -> [pidr1 <= 0x00000004]
[01:25:32.380]            pidr2 = Read32(ROMTableBase + 0x0FE8);
[01:25:32.380]              // -> [Read32(0xE00FFFE8) => 0x0000000A]   (__dp=0x00000000, __ap=0x00000000)
[01:25:32.380]              // -> [pidr2 <= 0x0000000A]
[01:25:32.380]            jep106id = ((pidr2 & 0x7) << 4 ) | ((pidr1 >> 4) & 0xF);
[01:25:32.381]              // -> [jep106id <= 0x00000020]
[01:25:32.381]          </block>
[01:25:32.381]          <control if="jep106id != 0x20" while="" timeout="0" info="">
[01:25:32.381]            // if-block "jep106id != 0x20"
[01:25:32.381]              // =>  FALSE
[01:25:32.381]            // skip if-block "jep106id != 0x20"
[01:25:32.381]          </control>
[01:25:32.381]        </sequence>
[01:25:32.381]    </block>
[01:25:32.381]  </sequence>
[01:25:32.381]  
[01:25:32.381]  **********  Sequence "DebugCoreStart"  (Context="Target Access", Pname="", info="")
[01:25:32.381]  
[01:25:32.381]  <debugvars>
[01:25:32.381]    // Pre-defined
[01:25:32.381]    __protocol=0x00010002      (Protocol="SWD", SWJ-DP="True")
[01:25:32.381]    __connection=0x00000201    (Connection Type="Debug", Reset Type="System Reset")
[01:25:32.381]    __dp=0x00000000
[01:25:32.381]    __ap=0x00000000
[01:25:32.381]    __traceout=0x00000000      (Trace Disabled)
[01:25:32.381]    __errorcontrol=0x00000000  (Skip Errors="False")
[01:25:32.381]    __FlashAddr=0x00000000
[01:25:32.381]    __FlashLen=0x00000000
[01:25:32.382]    __FlashArg=0x00000000
[01:25:32.382]    __FlashOp=0x00000000
[01:25:32.382]    __Result=0x00000000
[01:25:32.382]    
[01:25:32.382]    // User-defined
[01:25:32.382]    DbgMCU_CR=0x00000007
[01:25:32.382]  </debugvars>
[01:25:32.382]  
[01:25:32.382]  <sequence name="DebugCoreStart" Pname="" disable="false" info="">
[01:25:32.382]    <block atomic="false" info="">
[01:25:32.382]      Write32(0xE000EDF0, 0xA05F0001);                                        // Enable Core Debug via DHCSR
[01:25:32.382]        // -> [Write32(0xE000EDF0, 0xA05F0001)]   (__dp=0x00000000, __ap=0x00000000)
[01:25:32.383]      Write32(0xE0042004, DbgMCU_CR);                                         // DBGMCU_CR: Configure MCU Debug
[01:25:32.383]        // -> [Write32(0xE0042004, 0x00000007)]   (__dp=0x00000000, __ap=0x00000000)
[01:25:32.383]    </block>
[01:25:32.383]  </sequence>
[01:25:32.383]  
[01:32:16.752]  **********  Sequence "DebugDeviceUnlock"  (Context="Target Access", Pname="", info="")
[01:32:16.752]  
[01:32:16.752]  <debugvars>
[01:32:16.752]    // Pre-defined
[01:32:16.752]    __protocol=0x00010002      (Protocol="SWD", SWJ-DP="True")
[01:32:16.752]    __connection=0x00000201    (Connection Type="Debug", Reset Type="System Reset")
[01:32:16.752]    __dp=0x00000000
[01:32:16.752]    __ap=0x00000000
[01:32:16.752]    __traceout=0x00000000      (Trace Disabled)
[01:32:16.752]    __errorcontrol=0x00000000  (Skip Errors="False")
[01:32:16.752]    __FlashAddr=0x00000000
[01:32:16.752]    __FlashLen=0x00000000
[01:32:16.752]    __FlashArg=0x00000000
[01:32:16.752]    __FlashOp=0x00000000
[01:32:16.752]    __Result=0x00000000
[01:32:16.752]    
[01:32:16.752]    // User-defined
[01:32:16.753]    DbgMCU_CR=0x00000007
[01:32:16.753]  </debugvars>
[01:32:16.753]  
[01:32:16.753]  <sequence name="DebugDeviceUnlock" Pname="" disable="false" info="">
[01:32:16.753]    <block atomic="false" info="">
[01:32:16.753]      Sequence("CheckID");
[01:32:16.753]        <sequence name="CheckID" Pname="" disable="false" info="">
[01:32:16.753]          <block atomic="false" info="">
[01:32:16.753]            __var pidr1 = 0;
[01:32:16.753]              // -> [pidr1 <= 0x00000000]
[01:32:16.753]            __var pidr2 = 0;
[01:32:16.753]              // -> [pidr2 <= 0x00000000]
[01:32:16.753]            __var jep106id = 0;
[01:32:16.753]              // -> [jep106id <= 0x00000000]
[01:32:16.753]            __var ROMTableBase = 0;
[01:32:16.753]              // -> [ROMTableBase <= 0x00000000]
[01:32:16.753]            __ap = 0;      // AHB-AP
[01:32:16.753]              // -> [__ap <= 0x00000000]
[01:32:16.753]            ROMTableBase = ReadAP(0xF8) & ~0x3;
[01:32:16.754]              // -> [ReadAP(0x000000F8) => 0xE00FF003]   (__dp=0x00000000, __ap=0x00000000)
[01:32:16.754]              // -> [ROMTableBase <= 0xE00FF000]
[01:32:16.754]            pidr1 = Read32(ROMTableBase + 0x0FE4);
[01:32:16.754]              // -> [Read32(0xE00FFFE4) => 0x00000004]   (__dp=0x00000000, __ap=0x00000000)
[01:32:16.754]              // -> [pidr1 <= 0x00000004]
[01:32:16.754]            pidr2 = Read32(ROMTableBase + 0x0FE8);
[01:32:16.755]              // -> [Read32(0xE00FFFE8) => 0x0000000A]   (__dp=0x00000000, __ap=0x00000000)
[01:32:16.755]              // -> [pidr2 <= 0x0000000A]
[01:32:16.755]            jep106id = ((pidr2 & 0x7) << 4 ) | ((pidr1 >> 4) & 0xF);
[01:32:16.755]              // -> [jep106id <= 0x00000020]
[01:32:16.755]          </block>
[01:32:16.755]          <control if="jep106id != 0x20" while="" timeout="0" info="">
[01:32:16.755]            // if-block "jep106id != 0x20"
[01:32:16.755]              // =>  FALSE
[01:32:16.755]            // skip if-block "jep106id != 0x20"
[01:32:16.755]          </control>
[01:32:16.755]        </sequence>
[01:32:16.755]    </block>
[01:32:16.755]  </sequence>
[01:32:16.755]  
[01:32:16.755]  **********  Sequence "DebugCoreStart"  (Context="Target Access", Pname="", info="")
[01:32:16.755]  
[01:32:16.755]  <debugvars>
[01:32:16.755]    // Pre-defined
[01:32:16.755]    __protocol=0x00010002      (Protocol="SWD", SWJ-DP="True")
[01:32:16.755]    __connection=0x00000201    (Connection Type="Debug", Reset Type="System Reset")
[01:32:16.755]    __dp=0x00000000
[01:32:16.755]    __ap=0x00000000
[01:32:16.755]    __traceout=0x00000000      (Trace Disabled)
[01:32:16.755]    __errorcontrol=0x00000000  (Skip Errors="False")
[01:32:16.756]    __FlashAddr=0x00000000
[01:32:16.756]    __FlashLen=0x00000000
[01:32:16.756]    __FlashArg=0x00000000
[01:32:16.756]    __FlashOp=0x00000000
[01:32:16.756]    __Result=0x00000000
[01:32:16.756]    
[01:32:16.756]    // User-defined
[01:32:16.756]    DbgMCU_CR=0x00000007
[01:32:16.756]  </debugvars>
[01:32:16.756]  
[01:32:16.756]  <sequence name="DebugCoreStart" Pname="" disable="false" info="">
[01:32:16.756]    <block atomic="false" info="">
[01:32:16.756]      Write32(0xE000EDF0, 0xA05F0001);                                        // Enable Core Debug via DHCSR
[01:32:16.756]        // -> [Write32(0xE000EDF0, 0xA05F0001)]   (__dp=0x00000000, __ap=0x00000000)
[01:32:16.756]      Write32(0xE0042004, DbgMCU_CR);                                         // DBGMCU_CR: Configure MCU Debug
[01:32:16.757]        // -> [Write32(0xE0042004, 0x00000007)]   (__dp=0x00000000, __ap=0x00000000)
[01:32:16.757]    </block>
[01:32:16.757]  </sequence>
[01:32:16.757]  
[01:33:25.979]  **********  Sequence "DebugDeviceUnlock"  (Context="Target Access", Pname="", info="")
[01:33:25.979]  
[01:33:25.986]  <debugvars>
[01:33:25.986]    // Pre-defined
[01:33:25.986]    __protocol=0x00010002      (Protocol="SWD", SWJ-DP="True")
[01:33:25.986]    __connection=0x00000201    (Connection Type="Debug", Reset Type="System Reset")
[01:33:25.986]    __dp=0x00000000
[01:33:25.986]    __ap=0x00000000
[01:33:25.986]    __traceout=0x00000000      (Trace Disabled)
[01:33:25.986]    __errorcontrol=0x00000000  (Skip Errors="False")
[01:33:25.986]    __FlashAddr=0x00000000
[01:33:25.986]    __FlashLen=0x00000000
[01:33:25.986]    __FlashArg=0x00000000
[01:33:25.986]    __FlashOp=0x00000000
[01:33:25.986]    __Result=0x00000000
[01:33:25.987]    
[01:33:25.987]    // User-defined
[01:33:25.987]    DbgMCU_CR=0x00000007
[01:33:25.987]  </debugvars>
[01:33:25.987]  
[01:33:25.987]  <sequence name="DebugDeviceUnlock" Pname="" disable="false" info="">
[01:33:25.987]    <block atomic="false" info="">
[01:33:25.987]      Sequence("CheckID");
[01:33:25.987]        <sequence name="CheckID" Pname="" disable="false" info="">
[01:33:25.987]          <block atomic="false" info="">
[01:33:25.987]            __var pidr1 = 0;
[01:33:25.987]              // -> [pidr1 <= 0x00000000]
[01:33:25.987]            __var pidr2 = 0;
[01:33:25.987]              // -> [pidr2 <= 0x00000000]
[01:33:25.987]            __var jep106id = 0;
[01:33:25.987]              // -> [jep106id <= 0x00000000]
[01:33:25.987]            __var ROMTableBase = 0;
[01:33:25.987]              // -> [ROMTableBase <= 0x00000000]
[01:33:25.987]            __ap = 0;      // AHB-AP
[01:33:25.987]              // -> [__ap <= 0x00000000]
[01:33:25.987]            ROMTableBase = ReadAP(0xF8) & ~0x3;
[01:33:25.988]              // -> [ReadAP(0x000000F8) => 0xE00FF003]   (__dp=0x00000000, __ap=0x00000000)
[01:33:25.988]              // -> [ROMTableBase <= 0xE00FF000]
[01:33:25.988]            pidr1 = Read32(ROMTableBase + 0x0FE4);
[01:33:25.988]              // -> [Read32(0xE00FFFE4) => 0x00000004]   (__dp=0x00000000, __ap=0x00000000)
[01:33:25.988]              // -> [pidr1 <= 0x00000004]
[01:33:25.988]            pidr2 = Read32(ROMTableBase + 0x0FE8);
[01:33:25.989]              // -> [Read32(0xE00FFFE8) => 0x0000000A]   (__dp=0x00000000, __ap=0x00000000)
[01:33:25.989]              // -> [pidr2 <= 0x0000000A]
[01:33:25.989]            jep106id = ((pidr2 & 0x7) << 4 ) | ((pidr1 >> 4) & 0xF);
[01:33:25.989]              // -> [jep106id <= 0x00000020]
[01:33:25.989]          </block>
[01:33:25.989]          <control if="jep106id != 0x20" while="" timeout="0" info="">
[01:33:25.989]            // if-block "jep106id != 0x20"
[01:33:25.989]              // =>  FALSE
[01:33:25.989]            // skip if-block "jep106id != 0x20"
[01:33:25.989]          </control>
[01:33:25.989]        </sequence>
[01:33:25.989]    </block>
[01:33:25.989]  </sequence>
[01:33:25.989]  
[01:33:25.989]  **********  Sequence "DebugCoreStart"  (Context="Target Access", Pname="", info="")
[01:33:25.989]  
[01:33:25.989]  <debugvars>
[01:33:25.989]    // Pre-defined
[01:33:25.989]    __protocol=0x00010002      (Protocol="SWD", SWJ-DP="True")
[01:33:25.989]    __connection=0x00000201    (Connection Type="Debug", Reset Type="System Reset")
[01:33:25.989]    __dp=0x00000000
[01:33:25.989]    __ap=0x00000000
[01:33:25.989]    __traceout=0x00000000      (Trace Disabled)
[01:33:25.989]    __errorcontrol=0x00000000  (Skip Errors="False")
[01:33:25.990]    __FlashAddr=0x00000000
[01:33:25.990]    __FlashLen=0x00000000
[01:33:25.990]    __FlashArg=0x00000000
[01:33:25.990]    __FlashOp=0x00000000
[01:33:25.990]    __Result=0x00000000
[01:33:25.990]    
[01:33:25.990]    // User-defined
[01:33:25.990]    DbgMCU_CR=0x00000007
[01:33:25.990]  </debugvars>
[01:33:25.990]  
[01:33:25.990]  <sequence name="DebugCoreStart" Pname="" disable="false" info="">
[01:33:25.990]    <block atomic="false" info="">
[01:33:25.990]      Write32(0xE000EDF0, 0xA05F0001);                                        // Enable Core Debug via DHCSR
[01:33:25.990]        // -> [Write32(0xE000EDF0, 0xA05F0001)]   (__dp=0x00000000, __ap=0x00000000)
[01:33:25.990]      Write32(0xE0042004, DbgMCU_CR);                                         // DBGMCU_CR: Configure MCU Debug
[01:33:25.991]        // -> [Write32(0xE0042004, 0x00000007)]   (__dp=0x00000000, __ap=0x00000000)
[01:33:25.991]    </block>
[01:33:25.991]  </sequence>
[01:33:25.991]  
