/*
 *  CMSIS Pack Debug Access Sequence Log
 *  File        : C:\Users\16117\Desktop\stm32_jx\stm32_car\project_Sequences_0011.log
 *  Created     : 22:16:37 (13/08/2025)
 *  Device      : STM32F103C8
 *  PDSC File   : C:/Users/16117/AppData/Local/Arm/Packs/Keil/STM32F1xx_DFP/2.3.0/Keil.STM32F1xx_DFP.pdsc
 *  Config File : C:\Users\16117\Desktop\stm32_jx\stm32_car\DebugConfig\Target_1_STM32F103C8_1.0.0.dbgconf
 *
 */

[22:16:37.545]  **********  Sequence "DebugDeviceUnlock"  (Context="Target Access", Pname="", info="")
[22:16:37.545]  
[22:16:37.545]  <debugvars>
[22:16:37.546]    // Pre-defined
[22:16:37.546]    __protocol=0x00010002      (Protocol="SWD", SWJ-DP="True")
[22:16:37.546]    __connection=0x00000202    (Connection Type="Flash", Reset Type="System Reset")
[22:16:37.546]    __dp=0x00000000
[22:16:37.546]    __ap=0x00000000
[22:16:37.546]    __traceout=0x00000000      (Trace Disabled)
[22:16:37.546]    __errorcontrol=0x00000000  (Skip Errors="False")
[22:16:37.546]    __FlashAddr=0x00000000
[22:16:37.546]    __FlashLen=0x00000000
[22:16:37.546]    __FlashArg=0x00000000
[22:16:37.546]    __FlashOp=0x00000000
[22:16:37.547]    __Result=0x00000000
[22:16:37.547]    
[22:16:37.547]    // User-defined
[22:16:37.547]    DbgMCU_CR=0x00000007
[22:16:37.547]  </debugvars>
[22:16:37.547]  
[22:16:37.547]  <sequence name="DebugDeviceUnlock" Pname="" disable="false" info="">
[22:16:37.547]    <block atomic="false" info="">
[22:16:37.547]      Sequence("CheckID");
[22:16:37.547]        <sequence name="CheckID" Pname="" disable="false" info="">
[22:16:37.547]          <block atomic="false" info="">
[22:16:37.547]            __var pidr1 = 0;
[22:16:37.547]              // -> [pidr1 <= 0x00000000]
[22:16:37.547]            __var pidr2 = 0;
[22:16:37.547]              // -> [pidr2 <= 0x00000000]
[22:16:37.547]            __var jep106id = 0;
[22:16:37.547]              // -> [jep106id <= 0x00000000]
[22:16:37.547]            __var ROMTableBase = 0;
[22:16:37.547]              // -> [ROMTableBase <= 0x00000000]
[22:16:37.547]            __ap = 0;      // AHB-AP
[22:16:37.547]              // -> [__ap <= 0x00000000]
[22:16:37.548]            ROMTableBase = ReadAP(0xF8) & ~0x3;
[22:16:37.548]              // -> [ReadAP(0x000000F8) => 0xE00FF003]   (__dp=0x00000000, __ap=0x00000000)
[22:16:37.548]              // -> [ROMTableBase <= 0xE00FF000]
[22:16:37.548]            pidr1 = Read32(ROMTableBase + 0x0FE4);
[22:16:37.549]              // -> [Read32(0xE00FFFE4) => 0x00000004]   (__dp=0x00000000, __ap=0x00000000)
[22:16:37.549]              // -> [pidr1 <= 0x00000004]
[22:16:37.549]            pidr2 = Read32(ROMTableBase + 0x0FE8);
[22:16:37.549]              // -> [Read32(0xE00FFFE8) => 0x0000000A]   (__dp=0x00000000, __ap=0x00000000)
[22:16:37.549]              // -> [pidr2 <= 0x0000000A]
[22:16:37.549]            jep106id = ((pidr2 & 0x7) << 4 ) | ((pidr1 >> 4) & 0xF);
[22:16:37.549]              // -> [jep106id <= 0x00000020]
[22:16:37.549]          </block>
[22:16:37.549]          <control if="jep106id != 0x20" while="" timeout="0" info="">
[22:16:37.549]            // if-block "jep106id != 0x20"
[22:16:37.550]              // =>  FALSE
[22:16:37.550]            // skip if-block "jep106id != 0x20"
[22:16:37.550]          </control>
[22:16:37.550]        </sequence>
[22:16:37.550]    </block>
[22:16:37.550]  </sequence>
[22:16:37.550]  
[22:16:37.550]  **********  Sequence "DebugCoreStart"  (Context="Target Access", Pname="", info="")
[22:16:37.550]  
[22:16:37.550]  <debugvars>
[22:16:37.550]    // Pre-defined
[22:16:37.550]    __protocol=0x00010002      (Protocol="SWD", SWJ-DP="True")
[22:16:37.550]    __connection=0x00000202    (Connection Type="Flash", Reset Type="System Reset")
[22:16:37.550]    __dp=0x00000000
[22:16:37.550]    __ap=0x00000000
[22:16:37.550]    __traceout=0x00000000      (Trace Disabled)
[22:16:37.550]    __errorcontrol=0x00000000  (Skip Errors="False")
[22:16:37.550]    __FlashAddr=0x00000000
[22:16:37.550]    __FlashLen=0x00000000
[22:16:37.550]    __FlashArg=0x00000000
[22:16:37.550]    __FlashOp=0x00000000
[22:16:37.550]    __Result=0x00000000
[22:16:37.550]    
[22:16:37.550]    // User-defined
[22:16:37.550]    DbgMCU_CR=0x00000007
[22:16:37.550]  </debugvars>
[22:16:37.551]  
[22:16:37.551]  <sequence name="DebugCoreStart" Pname="" disable="false" info="">
[22:16:37.551]    <block atomic="false" info="">
[22:16:37.551]      Write32(0xE000EDF0, 0xA05F0001);                                        // Enable Core Debug via DHCSR
[22:16:37.551]        // -> [Write32(0xE000EDF0, 0xA05F0001)]   (__dp=0x00000000, __ap=0x00000000)
[22:16:37.551]      Write32(0xE0042004, DbgMCU_CR);                                         // DBGMCU_CR: Configure MCU Debug
[22:16:37.553]        // -> [Write32(0xE0042004, 0x00000007)]   (__dp=0x00000000, __ap=0x00000000)
[22:16:37.553]    </block>
[22:16:37.553]  </sequence>
[22:16:37.553]  
[22:17:52.169]  **********  Sequence "DebugDeviceUnlock"  (Context="Target Access", Pname="", info="")
[22:17:52.169]  
[22:17:52.176]  <debugvars>
[22:17:52.177]    // Pre-defined
[22:17:52.177]    __protocol=0x00010002      (Protocol="SWD", SWJ-DP="True")
[22:17:52.177]    __connection=0x00000202    (Connection Type="Flash", Reset Type="System Reset")
[22:17:52.177]    __dp=0x00000000
[22:17:52.177]    __ap=0x00000000
[22:17:52.177]    __traceout=0x00000000      (Trace Disabled)
[22:17:52.177]    __errorcontrol=0x00000000  (Skip Errors="False")
[22:17:52.177]    __FlashAddr=0x00000000
[22:17:52.177]    __FlashLen=0x00000000
[22:17:52.177]    __FlashArg=0x00000000
[22:17:52.177]    __FlashOp=0x00000000
[22:17:52.177]    __Result=0x00000000
[22:17:52.177]    
[22:17:52.177]    // User-defined
[22:17:52.177]    DbgMCU_CR=0x00000007
[22:17:52.177]  </debugvars>
[22:17:52.177]  
[22:17:52.177]  <sequence name="DebugDeviceUnlock" Pname="" disable="false" info="">
[22:17:52.177]    <block atomic="false" info="">
[22:17:52.177]      Sequence("CheckID");
[22:17:52.177]        <sequence name="CheckID" Pname="" disable="false" info="">
[22:17:52.177]          <block atomic="false" info="">
[22:17:52.177]            __var pidr1 = 0;
[22:17:52.177]              // -> [pidr1 <= 0x00000000]
[22:17:52.177]            __var pidr2 = 0;
[22:17:52.177]              // -> [pidr2 <= 0x00000000]
[22:17:52.178]            __var jep106id = 0;
[22:17:52.178]              // -> [jep106id <= 0x00000000]
[22:17:52.178]            __var ROMTableBase = 0;
[22:17:52.178]              // -> [ROMTableBase <= 0x00000000]
[22:17:52.178]            __ap = 0;      // AHB-AP
[22:17:52.178]              // -> [__ap <= 0x00000000]
[22:17:52.178]            ROMTableBase = ReadAP(0xF8) & ~0x3;
[22:17:52.178]              // -> [ReadAP(0x000000F8) => 0xE00FF003]   (__dp=0x00000000, __ap=0x00000000)
[22:17:52.178]              // -> [ROMTableBase <= 0xE00FF000]
[22:17:52.178]            pidr1 = Read32(ROMTableBase + 0x0FE4);
[22:17:52.179]              // -> [Read32(0xE00FFFE4) => 0x00000004]   (__dp=0x00000000, __ap=0x00000000)
[22:17:52.179]              // -> [pidr1 <= 0x00000004]
[22:17:52.179]            pidr2 = Read32(ROMTableBase + 0x0FE8);
[22:17:52.179]              // -> [Read32(0xE00FFFE8) => 0x0000000A]   (__dp=0x00000000, __ap=0x00000000)
[22:17:52.179]              // -> [pidr2 <= 0x0000000A]
[22:17:52.179]            jep106id = ((pidr2 & 0x7) << 4 ) | ((pidr1 >> 4) & 0xF);
[22:17:52.179]              // -> [jep106id <= 0x00000020]
[22:17:52.179]          </block>
[22:17:52.180]          <control if="jep106id != 0x20" while="" timeout="0" info="">
[22:17:52.180]            // if-block "jep106id != 0x20"
[22:17:52.180]              // =>  FALSE
[22:17:52.180]            // skip if-block "jep106id != 0x20"
[22:17:52.180]          </control>
[22:17:52.180]        </sequence>
[22:17:52.180]    </block>
[22:17:52.180]  </sequence>
[22:17:52.180]  
[22:17:52.180]  **********  Sequence "DebugCoreStart"  (Context="Target Access", Pname="", info="")
[22:17:52.180]  
[22:17:52.180]  <debugvars>
[22:17:52.180]    // Pre-defined
[22:17:52.180]    __protocol=0x00010002      (Protocol="SWD", SWJ-DP="True")
[22:17:52.180]    __connection=0x00000202    (Connection Type="Flash", Reset Type="System Reset")
[22:17:52.180]    __dp=0x00000000
[22:17:52.180]    __ap=0x00000000
[22:17:52.180]    __traceout=0x00000000      (Trace Disabled)
[22:17:52.180]    __errorcontrol=0x00000000  (Skip Errors="False")
[22:17:52.180]    __FlashAddr=0x00000000
[22:17:52.180]    __FlashLen=0x00000000
[22:17:52.180]    __FlashArg=0x00000000
[22:17:52.180]    __FlashOp=0x00000000
[22:17:52.181]    __Result=0x00000000
[22:17:52.181]    
[22:17:52.181]    // User-defined
[22:17:52.181]    DbgMCU_CR=0x00000007
[22:17:52.181]  </debugvars>
[22:17:52.181]  
[22:17:52.181]  <sequence name="DebugCoreStart" Pname="" disable="false" info="">
[22:17:52.181]    <block atomic="false" info="">
[22:17:52.181]      Write32(0xE000EDF0, 0xA05F0001);                                        // Enable Core Debug via DHCSR
[22:17:52.181]        // -> [Write32(0xE000EDF0, 0xA05F0001)]   (__dp=0x00000000, __ap=0x00000000)
[22:17:52.181]      Write32(0xE0042004, DbgMCU_CR);                                         // DBGMCU_CR: Configure MCU Debug
[22:17:52.182]        // -> [Write32(0xE0042004, 0x00000007)]   (__dp=0x00000000, __ap=0x00000000)
[22:17:52.182]    </block>
[22:17:52.182]  </sequence>
[22:17:52.182]  
[22:18:26.951]  **********  Sequence "DebugDeviceUnlock"  (Context="Target Access", Pname="", info="")
[22:18:26.951]  
[22:18:26.951]  <debugvars>
[22:18:26.951]    // Pre-defined
[22:18:26.951]    __protocol=0x00010002      (Protocol="SWD", SWJ-DP="True")
[22:18:26.951]    __connection=0x00000201    (Connection Type="Debug", Reset Type="System Reset")
[22:18:26.951]    __dp=0x00000000
[22:18:26.951]    __ap=0x00000000
[22:18:26.952]    __traceout=0x00000000      (Trace Disabled)
[22:18:26.952]    __errorcontrol=0x00000000  (Skip Errors="False")
[22:18:26.952]    __FlashAddr=0x00000000
[22:18:26.952]    __FlashLen=0x00000000
[22:18:26.952]    __FlashArg=0x00000000
[22:18:26.952]    __FlashOp=0x00000000
[22:18:26.952]    __Result=0x00000000
[22:18:26.953]    
[22:18:26.953]    // User-defined
[22:18:26.953]    DbgMCU_CR=0x00000007
[22:18:26.953]  </debugvars>
[22:18:26.953]  
[22:18:26.953]  <sequence name="DebugDeviceUnlock" Pname="" disable="false" info="">
[22:18:26.953]    <block atomic="false" info="">
[22:18:26.953]      Sequence("CheckID");
[22:18:26.953]        <sequence name="CheckID" Pname="" disable="false" info="">
[22:18:26.953]          <block atomic="false" info="">
[22:18:26.953]            __var pidr1 = 0;
[22:18:26.953]              // -> [pidr1 <= 0x00000000]
[22:18:26.953]            __var pidr2 = 0;
[22:18:26.953]              // -> [pidr2 <= 0x00000000]
[22:18:26.953]            __var jep106id = 0;
[22:18:26.953]              // -> [jep106id <= 0x00000000]
[22:18:26.953]            __var ROMTableBase = 0;
[22:18:26.953]              // -> [ROMTableBase <= 0x00000000]
[22:18:26.953]            __ap = 0;      // AHB-AP
[22:18:26.953]              // -> [__ap <= 0x00000000]
[22:18:26.953]            ROMTableBase = ReadAP(0xF8) & ~0x3;
[22:18:26.954]              // -> [ReadAP(0x000000F8) => 0xE00FF003]   (__dp=0x00000000, __ap=0x00000000)
[22:18:26.954]              // -> [ROMTableBase <= 0xE00FF000]
[22:18:26.954]            pidr1 = Read32(ROMTableBase + 0x0FE4);
[22:18:26.954]              // -> [Read32(0xE00FFFE4) => 0x00000004]   (__dp=0x00000000, __ap=0x00000000)
[22:18:26.954]              // -> [pidr1 <= 0x00000004]
[22:18:26.954]            pidr2 = Read32(ROMTableBase + 0x0FE8);
[22:18:26.955]              // -> [Read32(0xE00FFFE8) => 0x0000000A]   (__dp=0x00000000, __ap=0x00000000)
[22:18:26.955]              // -> [pidr2 <= 0x0000000A]
[22:18:26.955]            jep106id = ((pidr2 & 0x7) << 4 ) | ((pidr1 >> 4) & 0xF);
[22:18:26.955]              // -> [jep106id <= 0x00000020]
[22:18:26.955]          </block>
[22:18:26.955]          <control if="jep106id != 0x20" while="" timeout="0" info="">
[22:18:26.955]            // if-block "jep106id != 0x20"
[22:18:26.955]              // =>  FALSE
[22:18:26.955]            // skip if-block "jep106id != 0x20"
[22:18:26.955]          </control>
[22:18:26.955]        </sequence>
[22:18:26.955]    </block>
[22:18:26.955]  </sequence>
[22:18:26.955]  
[22:18:26.956]  **********  Sequence "DebugCoreStart"  (Context="Target Access", Pname="", info="")
[22:18:26.956]  
[22:18:26.956]  <debugvars>
[22:18:26.956]    // Pre-defined
[22:18:26.956]    __protocol=0x00010002      (Protocol="SWD", SWJ-DP="True")
[22:18:26.956]    __connection=0x00000201    (Connection Type="Debug", Reset Type="System Reset")
[22:18:26.956]    __dp=0x00000000
[22:18:26.956]    __ap=0x00000000
[22:18:26.956]    __traceout=0x00000000      (Trace Disabled)
[22:18:26.956]    __errorcontrol=0x00000000  (Skip Errors="False")
[22:18:26.956]    __FlashAddr=0x00000000
[22:18:26.956]    __FlashLen=0x00000000
[22:18:26.956]    __FlashArg=0x00000000
[22:18:26.956]    __FlashOp=0x00000000
[22:18:26.956]    __Result=0x00000000
[22:18:26.956]    
[22:18:26.956]    // User-defined
[22:18:26.956]    DbgMCU_CR=0x00000007
[22:18:26.956]  </debugvars>
[22:18:26.956]  
[22:18:26.956]  <sequence name="DebugCoreStart" Pname="" disable="false" info="">
[22:18:26.956]    <block atomic="false" info="">
[22:18:26.956]      Write32(0xE000EDF0, 0xA05F0001);                                        // Enable Core Debug via DHCSR
[22:18:26.957]        // -> [Write32(0xE000EDF0, 0xA05F0001)]   (__dp=0x00000000, __ap=0x00000000)
[22:18:26.957]      Write32(0xE0042004, DbgMCU_CR);                                         // DBGMCU_CR: Configure MCU Debug
[22:18:26.958]        // -> [Write32(0xE0042004, 0x00000007)]   (__dp=0x00000000, __ap=0x00000000)
[22:18:26.958]    </block>
[22:18:26.958]  </sequence>
[22:18:26.958]  
[22:22:44.716]  **********  Sequence "DebugDeviceUnlock"  (Context="Target Access", Pname="", info="")
[22:22:44.716]  
[22:22:44.716]  <debugvars>
[22:22:44.716]    // Pre-defined
[22:22:44.716]    __protocol=0x00010002      (Protocol="SWD", SWJ-DP="True")
[22:22:44.717]    __connection=0x00000202    (Connection Type="Flash", Reset Type="System Reset")
[22:22:44.717]    __dp=0x00000000
[22:22:44.717]    __ap=0x00000000
[22:22:44.717]    __traceout=0x00000000      (Trace Disabled)
[22:22:44.717]    __errorcontrol=0x00000000  (Skip Errors="False")
[22:22:44.717]    __FlashAddr=0x00000000
[22:22:44.717]    __FlashLen=0x00000000
[22:22:44.717]    __FlashArg=0x00000000
[22:22:44.717]    __FlashOp=0x00000000
[22:22:44.717]    __Result=0x00000000
[22:22:44.717]    
[22:22:44.717]    // User-defined
[22:22:44.717]    DbgMCU_CR=0x00000007
[22:22:44.717]  </debugvars>
[22:22:44.717]  
[22:22:44.717]  <sequence name="DebugDeviceUnlock" Pname="" disable="false" info="">
[22:22:44.717]    <block atomic="false" info="">
[22:22:44.717]      Sequence("CheckID");
[22:22:44.717]        <sequence name="CheckID" Pname="" disable="false" info="">
[22:22:44.717]          <block atomic="false" info="">
[22:22:44.717]            __var pidr1 = 0;
[22:22:44.717]              // -> [pidr1 <= 0x00000000]
[22:22:44.717]            __var pidr2 = 0;
[22:22:44.717]              // -> [pidr2 <= 0x00000000]
[22:22:44.717]            __var jep106id = 0;
[22:22:44.718]              // -> [jep106id <= 0x00000000]
[22:22:44.718]            __var ROMTableBase = 0;
[22:22:44.718]              // -> [ROMTableBase <= 0x00000000]
[22:22:44.718]            __ap = 0;      // AHB-AP
[22:22:44.718]              // -> [__ap <= 0x00000000]
[22:22:44.718]            ROMTableBase = ReadAP(0xF8) & ~0x3;
[22:22:44.718]              // -> [ReadAP(0x000000F8) => 0xE00FF003]   (__dp=0x00000000, __ap=0x00000000)
[22:22:44.718]              // -> [ROMTableBase <= 0xE00FF000]
[22:22:44.718]            pidr1 = Read32(ROMTableBase + 0x0FE4);
[22:22:44.719]              // -> [Read32(0xE00FFFE4) => 0x00000004]   (__dp=0x00000000, __ap=0x00000000)
[22:22:44.719]              // -> [pidr1 <= 0x00000004]
[22:22:44.719]            pidr2 = Read32(ROMTableBase + 0x0FE8);
[22:22:44.719]              // -> [Read32(0xE00FFFE8) => 0x0000000A]   (__dp=0x00000000, __ap=0x00000000)
[22:22:44.719]              // -> [pidr2 <= 0x0000000A]
[22:22:44.719]            jep106id = ((pidr2 & 0x7) << 4 ) | ((pidr1 >> 4) & 0xF);
[22:22:44.719]              // -> [jep106id <= 0x00000020]
[22:22:44.720]          </block>
[22:22:44.720]          <control if="jep106id != 0x20" while="" timeout="0" info="">
[22:22:44.720]            // if-block "jep106id != 0x20"
[22:22:44.720]              // =>  FALSE
[22:22:44.720]            // skip if-block "jep106id != 0x20"
[22:22:44.720]          </control>
[22:22:44.720]        </sequence>
[22:22:44.720]    </block>
[22:22:44.720]  </sequence>
[22:22:44.720]  
[22:22:44.720]  **********  Sequence "DebugCoreStart"  (Context="Target Access", Pname="", info="")
[22:22:44.720]  
[22:22:44.720]  <debugvars>
[22:22:44.720]    // Pre-defined
[22:22:44.720]    __protocol=0x00010002      (Protocol="SWD", SWJ-DP="True")
[22:22:44.720]    __connection=0x00000202    (Connection Type="Flash", Reset Type="System Reset")
[22:22:44.720]    __dp=0x00000000
[22:22:44.720]    __ap=0x00000000
[22:22:44.720]    __traceout=0x00000000      (Trace Disabled)
[22:22:44.720]    __errorcontrol=0x00000000  (Skip Errors="False")
[22:22:44.720]    __FlashAddr=0x00000000
[22:22:44.720]    __FlashLen=0x00000000
[22:22:44.720]    __FlashArg=0x00000000
[22:22:44.720]    __FlashOp=0x00000000
[22:22:44.721]    __Result=0x00000000
[22:22:44.721]    
[22:22:44.721]    // User-defined
[22:22:44.721]    DbgMCU_CR=0x00000007
[22:22:44.721]  </debugvars>
[22:22:44.721]  
[22:22:44.721]  <sequence name="DebugCoreStart" Pname="" disable="false" info="">
[22:22:44.721]    <block atomic="false" info="">
[22:22:44.721]      Write32(0xE000EDF0, 0xA05F0001);                                        // Enable Core Debug via DHCSR
[22:22:44.721]        // -> [Write32(0xE000EDF0, 0xA05F0001)]   (__dp=0x00000000, __ap=0x00000000)
[22:22:44.721]      Write32(0xE0042004, DbgMCU_CR);                                         // DBGMCU_CR: Configure MCU Debug
[22:22:44.722]        // -> [Write32(0xE0042004, 0x00000007)]   (__dp=0x00000000, __ap=0x00000000)
[22:22:44.722]    </block>
[22:22:44.722]  </sequence>
[22:22:44.722]  
[22:22:55.158]  **********  Sequence "DebugDeviceUnlock"  (Context="Target Access", Pname="", info="")
[22:22:55.158]  
[22:22:55.158]  <debugvars>
[22:22:55.158]    // Pre-defined
[22:22:55.158]    __protocol=0x00010002      (Protocol="SWD", SWJ-DP="True")
[22:22:55.158]    __connection=0x00000202    (Connection Type="Flash", Reset Type="System Reset")
[22:22:55.158]    __dp=0x00000000
[22:22:55.159]    __ap=0x00000000
[22:22:55.159]    __traceout=0x00000000      (Trace Disabled)
[22:22:55.159]    __errorcontrol=0x00000000  (Skip Errors="False")
[22:22:55.159]    __FlashAddr=0x00000000
[22:22:55.159]    __FlashLen=0x00000000
[22:22:55.159]    __FlashArg=0x00000000
[22:22:55.159]    __FlashOp=0x00000000
[22:22:55.159]    __Result=0x00000000
[22:22:55.159]    
[22:22:55.159]    // User-defined
[22:22:55.159]    DbgMCU_CR=0x00000007
[22:22:55.159]  </debugvars>
[22:22:55.159]  
[22:22:55.159]  <sequence name="DebugDeviceUnlock" Pname="" disable="false" info="">
[22:22:55.159]    <block atomic="false" info="">
[22:22:55.159]      Sequence("CheckID");
[22:22:55.160]        <sequence name="CheckID" Pname="" disable="false" info="">
[22:22:55.160]          <block atomic="false" info="">
[22:22:55.160]            __var pidr1 = 0;
[22:22:55.160]              // -> [pidr1 <= 0x00000000]
[22:22:55.160]            __var pidr2 = 0;
[22:22:55.160]              // -> [pidr2 <= 0x00000000]
[22:22:55.160]            __var jep106id = 0;
[22:22:55.160]              // -> [jep106id <= 0x00000000]
[22:22:55.160]            __var ROMTableBase = 0;
[22:22:55.160]              // -> [ROMTableBase <= 0x00000000]
[22:22:55.160]            __ap = 0;      // AHB-AP
[22:22:55.160]              // -> [__ap <= 0x00000000]
[22:22:55.161]            ROMTableBase = ReadAP(0xF8) & ~0x3;
[22:22:55.161]              // -> [ReadAP(0x000000F8) => 0xE00FF003]   (__dp=0x00000000, __ap=0x00000000)
[22:22:55.161]              // -> [ROMTableBase <= 0xE00FF000]
[22:22:55.161]            pidr1 = Read32(ROMTableBase + 0x0FE4);
[22:22:55.162]              // -> [Read32(0xE00FFFE4) => 0x00000004]   (__dp=0x00000000, __ap=0x00000000)
[22:22:55.162]              // -> [pidr1 <= 0x00000004]
[22:22:55.163]            pidr2 = Read32(ROMTableBase + 0x0FE8);
[22:22:55.163]              // -> [Read32(0xE00FFFE8) => 0x0000000A]   (__dp=0x00000000, __ap=0x00000000)
[22:22:55.163]              // -> [pidr2 <= 0x0000000A]
[22:22:55.164]            jep106id = ((pidr2 & 0x7) << 4 ) | ((pidr1 >> 4) & 0xF);
[22:22:55.164]              // -> [jep106id <= 0x00000020]
[22:22:55.164]          </block>
[22:22:55.164]          <control if="jep106id != 0x20" while="" timeout="0" info="">
[22:22:55.164]            // if-block "jep106id != 0x20"
[22:22:55.164]              // =>  FALSE
[22:22:55.164]            // skip if-block "jep106id != 0x20"
[22:22:55.164]          </control>
[22:22:55.164]        </sequence>
[22:22:55.164]    </block>
[22:22:55.164]  </sequence>
[22:22:55.164]  
[22:22:55.164]  **********  Sequence "DebugCoreStart"  (Context="Target Access", Pname="", info="")
[22:22:55.164]  
[22:22:55.164]  <debugvars>
[22:22:55.164]    // Pre-defined
[22:22:55.164]    __protocol=0x00010002      (Protocol="SWD", SWJ-DP="True")
[22:22:55.164]    __connection=0x00000202    (Connection Type="Flash", Reset Type="System Reset")
[22:22:55.164]    __dp=0x00000000
[22:22:55.164]    __ap=0x00000000
[22:22:55.164]    __traceout=0x00000000      (Trace Disabled)
[22:22:55.164]    __errorcontrol=0x00000000  (Skip Errors="False")
[22:22:55.164]    __FlashAddr=0x00000000
[22:22:55.164]    __FlashLen=0x00000000
[22:22:55.164]    __FlashArg=0x00000000
[22:22:55.164]    __FlashOp=0x00000000
[22:22:55.164]    __Result=0x00000000
[22:22:55.164]    
[22:22:55.164]    // User-defined
[22:22:55.165]    DbgMCU_CR=0x00000007
[22:22:55.165]  </debugvars>
[22:22:55.165]  
[22:22:55.165]  <sequence name="DebugCoreStart" Pname="" disable="false" info="">
[22:22:55.165]    <block atomic="false" info="">
[22:22:55.165]      Write32(0xE000EDF0, 0xA05F0001);                                        // Enable Core Debug via DHCSR
[22:22:55.166]        // -> [Write32(0xE000EDF0, 0xA05F0001)]   (__dp=0x00000000, __ap=0x00000000)
[22:22:55.166]      Write32(0xE0042004, DbgMCU_CR);                                         // DBGMCU_CR: Configure MCU Debug
[22:22:55.167]        // -> [Write32(0xE0042004, 0x00000007)]   (__dp=0x00000000, __ap=0x00000000)
[22:22:55.167]    </block>
[22:22:55.167]  </sequence>
[22:22:55.167]  
[22:24:07.233]  **********  Sequence "DebugDeviceUnlock"  (Context="Target Access", Pname="", info="")
[22:24:07.233]  
[22:24:07.233]  <debugvars>
[22:24:07.233]    // Pre-defined
[22:24:07.234]    __protocol=0x00010002      (Protocol="SWD", SWJ-DP="True")
[22:24:07.234]    __connection=0x00000202    (Connection Type="Flash", Reset Type="System Reset")
[22:24:07.234]    __dp=0x00000000
[22:24:07.234]    __ap=0x00000000
[22:24:07.234]    __traceout=0x00000000      (Trace Disabled)
[22:24:07.234]    __errorcontrol=0x00000000  (Skip Errors="False")
[22:24:07.234]    __FlashAddr=0x00000000
[22:24:07.234]    __FlashLen=0x00000000
[22:24:07.234]    __FlashArg=0x00000000
[22:24:07.234]    __FlashOp=0x00000000
[22:24:07.234]    __Result=0x00000000
[22:24:07.234]    
[22:24:07.234]    // User-defined
[22:24:07.234]    DbgMCU_CR=0x00000007
[22:24:07.234]  </debugvars>
[22:24:07.234]  
[22:24:07.234]  <sequence name="DebugDeviceUnlock" Pname="" disable="false" info="">
[22:24:07.234]    <block atomic="false" info="">
[22:24:07.234]      Sequence("CheckID");
[22:24:07.234]        <sequence name="CheckID" Pname="" disable="false" info="">
[22:24:07.234]          <block atomic="false" info="">
[22:24:07.234]            __var pidr1 = 0;
[22:24:07.234]              // -> [pidr1 <= 0x00000000]
[22:24:07.234]            __var pidr2 = 0;
[22:24:07.234]              // -> [pidr2 <= 0x00000000]
[22:24:07.234]            __var jep106id = 0;
[22:24:07.234]              // -> [jep106id <= 0x00000000]
[22:24:07.235]            __var ROMTableBase = 0;
[22:24:07.235]              // -> [ROMTableBase <= 0x00000000]
[22:24:07.235]            __ap = 0;      // AHB-AP
[22:24:07.235]              // -> [__ap <= 0x00000000]
[22:24:07.235]            ROMTableBase = ReadAP(0xF8) & ~0x3;
[22:24:07.236]              // -> [ReadAP(0x000000F8) => 0xE00FF003]   (__dp=0x00000000, __ap=0x00000000)
[22:24:07.236]              // -> [ROMTableBase <= 0xE00FF000]
[22:24:07.236]            pidr1 = Read32(ROMTableBase + 0x0FE4);
[22:24:07.236]              // -> [Read32(0xE00FFFE4) => 0x00000004]   (__dp=0x00000000, __ap=0x00000000)
[22:24:07.236]              // -> [pidr1 <= 0x00000004]
[22:24:07.236]            pidr2 = Read32(ROMTableBase + 0x0FE8);
[22:24:07.237]              // -> [Read32(0xE00FFFE8) => 0x0000000A]   (__dp=0x00000000, __ap=0x00000000)
[22:24:07.237]              // -> [pidr2 <= 0x0000000A]
[22:24:07.237]            jep106id = ((pidr2 & 0x7) << 4 ) | ((pidr1 >> 4) & 0xF);
[22:24:07.237]              // -> [jep106id <= 0x00000020]
[22:24:07.237]          </block>
[22:24:07.237]          <control if="jep106id != 0x20" while="" timeout="0" info="">
[22:24:07.237]            // if-block "jep106id != 0x20"
[22:24:07.237]              // =>  FALSE
[22:24:07.237]            // skip if-block "jep106id != 0x20"
[22:24:07.237]          </control>
[22:24:07.237]        </sequence>
[22:24:07.237]    </block>
[22:24:07.237]  </sequence>
[22:24:07.237]  
[22:24:07.237]  **********  Sequence "DebugCoreStart"  (Context="Target Access", Pname="", info="")
[22:24:07.237]  
[22:24:07.238]  <debugvars>
[22:24:07.238]    // Pre-defined
[22:24:07.238]    __protocol=0x00010002      (Protocol="SWD", SWJ-DP="True")
[22:24:07.238]    __connection=0x00000202    (Connection Type="Flash", Reset Type="System Reset")
[22:24:07.238]    __dp=0x00000000
[22:24:07.238]    __ap=0x00000000
[22:24:07.238]    __traceout=0x00000000      (Trace Disabled)
[22:24:07.238]    __errorcontrol=0x00000000  (Skip Errors="False")
[22:24:07.238]    __FlashAddr=0x00000000
[22:24:07.238]    __FlashLen=0x00000000
[22:24:07.238]    __FlashArg=0x00000000
[22:24:07.238]    __FlashOp=0x00000000
[22:24:07.238]    __Result=0x00000000
[22:24:07.238]    
[22:24:07.238]    // User-defined
[22:24:07.238]    DbgMCU_CR=0x00000007
[22:24:07.238]  </debugvars>
[22:24:07.238]  
[22:24:07.238]  <sequence name="DebugCoreStart" Pname="" disable="false" info="">
[22:24:07.238]    <block atomic="false" info="">
[22:24:07.238]      Write32(0xE000EDF0, 0xA05F0001);                                        // Enable Core Debug via DHCSR
[22:24:07.239]        // -> [Write32(0xE000EDF0, 0xA05F0001)]   (__dp=0x00000000, __ap=0x00000000)
[22:24:07.239]      Write32(0xE0042004, DbgMCU_CR);                                         // DBGMCU_CR: Configure MCU Debug
[22:24:07.239]        // -> [Write32(0xE0042004, 0x00000007)]   (__dp=0x00000000, __ap=0x00000000)
[22:24:07.239]    </block>
[22:24:07.239]  </sequence>
[22:24:07.240]  
[22:24:24.818]  **********  Sequence "DebugDeviceUnlock"  (Context="Target Access", Pname="", info="")
[22:24:24.818]  
[22:24:24.825]  <debugvars>
[22:24:24.826]    // Pre-defined
[22:24:24.826]    __protocol=0x00010002      (Protocol="SWD", SWJ-DP="True")
[22:24:24.826]    __connection=0x00000202    (Connection Type="Flash", Reset Type="System Reset")
[22:24:24.826]    __dp=0x00000000
[22:24:24.826]    __ap=0x00000000
[22:24:24.826]    __traceout=0x00000000      (Trace Disabled)
[22:24:24.826]    __errorcontrol=0x00000000  (Skip Errors="False")
[22:24:24.826]    __FlashAddr=0x00000000
[22:24:24.826]    __FlashLen=0x00000000
[22:24:24.826]    __FlashArg=0x00000000
[22:24:24.826]    __FlashOp=0x00000000
[22:24:24.826]    __Result=0x00000000
[22:24:24.826]    
[22:24:24.826]    // User-defined
[22:24:24.826]    DbgMCU_CR=0x00000007
[22:24:24.826]  </debugvars>
[22:24:24.826]  
[22:24:24.826]  <sequence name="DebugDeviceUnlock" Pname="" disable="false" info="">
[22:24:24.826]    <block atomic="false" info="">
[22:24:24.826]      Sequence("CheckID");
[22:24:24.826]        <sequence name="CheckID" Pname="" disable="false" info="">
[22:24:24.826]          <block atomic="false" info="">
[22:24:24.826]            __var pidr1 = 0;
[22:24:24.826]              // -> [pidr1 <= 0x00000000]
[22:24:24.826]            __var pidr2 = 0;
[22:24:24.827]              // -> [pidr2 <= 0x00000000]
[22:24:24.827]            __var jep106id = 0;
[22:24:24.827]              // -> [jep106id <= 0x00000000]
[22:24:24.827]            __var ROMTableBase = 0;
[22:24:24.827]              // -> [ROMTableBase <= 0x00000000]
[22:24:24.827]            __ap = 0;      // AHB-AP
[22:24:24.827]              // -> [__ap <= 0x00000000]
[22:24:24.827]            ROMTableBase = ReadAP(0xF8) & ~0x3;
[22:24:24.827]              // -> [ReadAP(0x000000F8) => 0xE00FF003]   (__dp=0x00000000, __ap=0x00000000)
[22:24:24.827]              // -> [ROMTableBase <= 0xE00FF000]
[22:24:24.827]            pidr1 = Read32(ROMTableBase + 0x0FE4);
[22:24:24.828]              // -> [Read32(0xE00FFFE4) => 0x00000004]   (__dp=0x00000000, __ap=0x00000000)
[22:24:24.828]              // -> [pidr1 <= 0x00000004]
[22:24:24.828]            pidr2 = Read32(ROMTableBase + 0x0FE8);
[22:24:24.828]              // -> [Read32(0xE00FFFE8) => 0x0000000A]   (__dp=0x00000000, __ap=0x00000000)
[22:24:24.829]              // -> [pidr2 <= 0x0000000A]
[22:24:24.829]            jep106id = ((pidr2 & 0x7) << 4 ) | ((pidr1 >> 4) & 0xF);
[22:24:24.829]              // -> [jep106id <= 0x00000020]
[22:24:24.829]          </block>
[22:24:24.829]          <control if="jep106id != 0x20" while="" timeout="0" info="">
[22:24:24.829]            // if-block "jep106id != 0x20"
[22:24:24.829]              // =>  FALSE
[22:24:24.829]            // skip if-block "jep106id != 0x20"
[22:24:24.829]          </control>
[22:24:24.829]        </sequence>
[22:24:24.829]    </block>
[22:24:24.829]  </sequence>
[22:24:24.829]  
[22:24:24.829]  **********  Sequence "DebugCoreStart"  (Context="Target Access", Pname="", info="")
[22:24:24.829]  
[22:24:24.829]  <debugvars>
[22:24:24.829]    // Pre-defined
[22:24:24.830]    __protocol=0x00010002      (Protocol="SWD", SWJ-DP="True")
[22:24:24.830]    __connection=0x00000202    (Connection Type="Flash", Reset Type="System Reset")
[22:24:24.830]    __dp=0x00000000
[22:24:24.830]    __ap=0x00000000
[22:24:24.830]    __traceout=0x00000000      (Trace Disabled)
[22:24:24.830]    __errorcontrol=0x00000000  (Skip Errors="False")
[22:24:24.830]    __FlashAddr=0x00000000
[22:24:24.830]    __FlashLen=0x00000000
[22:24:24.830]    __FlashArg=0x00000000
[22:24:24.830]    __FlashOp=0x00000000
[22:24:24.830]    __Result=0x00000000
[22:24:24.830]    
[22:24:24.830]    // User-defined
[22:24:24.830]    DbgMCU_CR=0x00000007
[22:24:24.830]  </debugvars>
[22:24:24.830]  
[22:24:24.830]  <sequence name="DebugCoreStart" Pname="" disable="false" info="">
[22:24:24.830]    <block atomic="false" info="">
[22:24:24.830]      Write32(0xE000EDF0, 0xA05F0001);                                        // Enable Core Debug via DHCSR
[22:24:24.831]        // -> [Write32(0xE000EDF0, 0xA05F0001)]   (__dp=0x00000000, __ap=0x00000000)
[22:24:24.831]      Write32(0xE0042004, DbgMCU_CR);                                         // DBGMCU_CR: Configure MCU Debug
[22:24:24.832]        // -> [Write32(0xE0042004, 0x00000007)]   (__dp=0x00000000, __ap=0x00000000)
[22:24:24.832]    </block>
[22:24:24.832]  </sequence>
[22:24:24.832]  
