/*
 *  CMSIS Pack Debug Access Sequence Log
 *  File        : C:\Users\16117\Desktop\stm32_jx\stm32_car\project_Sequences_0004.log
 *  Created     : 20:24:36 (28/07/2025)
 *  Device      : STM32F103C8
 *  PDSC File   : C:/Users/16117/AppData/Local/Arm/Packs/Keil/STM32F1xx_DFP/2.3.0/Keil.STM32F1xx_DFP.pdsc
 *  Config File : C:\Users\16117\Desktop\stm32_jx\stm32_car\DebugConfig\Target_1_STM32F103C8_1.0.0.dbgconf
 *
 */

[20:24:36.085]  **********  Sequence "DebugDeviceUnlock"  (Context="Target Access", Pname="", info="")
[20:24:36.085]  
[20:24:36.086]  <debugvars>
[20:24:36.086]    // Pre-defined
[20:24:36.087]    __protocol=0x00010002      (Protocol="SWD", SWJ-DP="True")
[20:24:36.087]    __connection=0x00000202    (Connection Type="Flash", Reset Type="System Reset")
[20:24:36.087]    __dp=0x00000000
[20:24:36.087]    __ap=0x00000000
[20:24:36.087]    __traceout=0x00000000      (Trace Disabled)
[20:24:36.087]    __errorcontrol=0x00000000  (Skip Errors="False")
[20:24:36.087]    __FlashAddr=0x00000000
[20:24:36.087]    __FlashLen=0x00000000
[20:24:36.087]    __FlashArg=0x00000000
[20:24:36.087]    __FlashOp=0x00000000
[20:24:36.087]    __Result=0x00000000
[20:24:36.087]    
[20:24:36.087]    // User-defined
[20:24:36.087]    DbgMCU_CR=0x00000007
[20:24:36.087]  </debugvars>
[20:24:36.087]  
[20:24:36.087]  <sequence name="DebugDeviceUnlock" Pname="" disable="false" info="">
[20:24:36.087]    <block atomic="false" info="">
[20:24:36.088]      Sequence("CheckID");
[20:24:36.088]        <sequence name="CheckID" Pname="" disable="false" info="">
[20:24:36.088]          <block atomic="false" info="">
[20:24:36.088]            __var pidr1 = 0;
[20:24:36.088]              // -> [pidr1 <= 0x00000000]
[20:24:36.088]            __var pidr2 = 0;
[20:24:36.088]              // -> [pidr2 <= 0x00000000]
[20:24:36.088]            __var jep106id = 0;
[20:24:36.088]              // -> [jep106id <= 0x00000000]
[20:24:36.088]            __var ROMTableBase = 0;
[20:24:36.088]              // -> [ROMTableBase <= 0x00000000]
[20:24:36.088]            __ap = 0;      // AHB-AP
[20:24:36.088]              // -> [__ap <= 0x00000000]
[20:24:36.088]            ROMTableBase = ReadAP(0xF8) & ~0x3;
[20:24:36.089]              // -> [ReadAP(0x000000F8) => 0xE00FF003]   (__dp=0x00000000, __ap=0x00000000)
[20:24:36.089]              // -> [ROMTableBase <= 0xE00FF000]
[20:24:36.089]            pidr1 = Read32(ROMTableBase + 0x0FE4);
[20:24:36.089]              // -> [Read32(0xE00FFFE4) => 0x00000004]   (__dp=0x00000000, __ap=0x00000000)
[20:24:36.089]              // -> [pidr1 <= 0x00000004]
[20:24:36.089]            pidr2 = Read32(ROMTableBase + 0x0FE8);
[20:24:36.090]              // -> [Read32(0xE00FFFE8) => 0x0000000A]   (__dp=0x00000000, __ap=0x00000000)
[20:24:36.090]              // -> [pidr2 <= 0x0000000A]
[20:24:36.090]            jep106id = ((pidr2 & 0x7) << 4 ) | ((pidr1 >> 4) & 0xF);
[20:24:36.090]              // -> [jep106id <= 0x00000020]
[20:24:36.090]          </block>
[20:24:36.090]          <control if="jep106id != 0x20" while="" timeout="0" info="">
[20:24:36.090]            // if-block "jep106id != 0x20"
[20:24:36.090]              // =>  FALSE
[20:24:36.090]            // skip if-block "jep106id != 0x20"
[20:24:36.090]          </control>
[20:24:36.090]        </sequence>
[20:24:36.090]    </block>
[20:24:36.090]  </sequence>
[20:24:36.090]  
[20:24:36.091]  **********  Sequence "DebugCoreStart"  (Context="Target Access", Pname="", info="")
[20:24:36.091]  
[20:24:36.091]  <debugvars>
[20:24:36.091]    // Pre-defined
[20:24:36.091]    __protocol=0x00010002      (Protocol="SWD", SWJ-DP="True")
[20:24:36.091]    __connection=0x00000202    (Connection Type="Flash", Reset Type="System Reset")
[20:24:36.091]    __dp=0x00000000
[20:24:36.091]    __ap=0x00000000
[20:24:36.091]    __traceout=0x00000000      (Trace Disabled)
[20:24:36.091]    __errorcontrol=0x00000000  (Skip Errors="False")
[20:24:36.091]    __FlashAddr=0x00000000
[20:24:36.091]    __FlashLen=0x00000000
[20:24:36.091]    __FlashArg=0x00000000
[20:24:36.091]    __FlashOp=0x00000000
[20:24:36.091]    __Result=0x00000000
[20:24:36.091]    
[20:24:36.091]    // User-defined
[20:24:36.091]    DbgMCU_CR=0x00000007
[20:24:36.091]  </debugvars>
[20:24:36.091]  
[20:24:36.092]  <sequence name="DebugCoreStart" Pname="" disable="false" info="">
[20:24:36.092]    <block atomic="false" info="">
[20:24:36.092]      Write32(0xE000EDF0, 0xA05F0001);                                        // Enable Core Debug via DHCSR
[20:24:36.092]        // -> [Write32(0xE000EDF0, 0xA05F0001)]   (__dp=0x00000000, __ap=0x00000000)
[20:24:36.093]      Write32(0xE0042004, DbgMCU_CR);                                         // DBGMCU_CR: Configure MCU Debug
[20:24:36.093]        // -> [Write32(0xE0042004, 0x00000007)]   (__dp=0x00000000, __ap=0x00000000)
[20:24:36.094]    </block>
[20:24:36.094]  </sequence>
[20:24:36.094]  
[20:24:38.581]  **********  Sequence "DebugDeviceUnlock"  (Context="Target Access", Pname="", info="")
[20:24:38.581]  
[20:24:38.581]  <debugvars>
[20:24:38.581]    // Pre-defined
[20:24:38.581]    __protocol=0x00010002      (Protocol="SWD", SWJ-DP="True")
[20:24:38.581]    __connection=0x00000201    (Connection Type="Debug", Reset Type="System Reset")
[20:24:38.581]    __dp=0x00000000
[20:24:38.581]    __ap=0x00000000
[20:24:38.581]    __traceout=0x00000000      (Trace Disabled)
[20:24:38.581]    __errorcontrol=0x00000000  (Skip Errors="False")
[20:24:38.581]    __FlashAddr=0x00000000
[20:24:38.581]    __FlashLen=0x00000000
[20:24:38.581]    __FlashArg=0x00000000
[20:24:38.581]    __FlashOp=0x00000000
[20:24:38.581]    __Result=0x00000000
[20:24:38.581]    
[20:24:38.581]    // User-defined
[20:24:38.582]    DbgMCU_CR=0x00000007
[20:24:38.582]  </debugvars>
[20:24:38.582]  
[20:24:38.582]  <sequence name="DebugDeviceUnlock" Pname="" disable="false" info="">
[20:24:38.582]    <block atomic="false" info="">
[20:24:38.582]      Sequence("CheckID");
[20:24:38.582]        <sequence name="CheckID" Pname="" disable="false" info="">
[20:24:38.582]          <block atomic="false" info="">
[20:24:38.582]            __var pidr1 = 0;
[20:24:38.582]              // -> [pidr1 <= 0x00000000]
[20:24:38.582]            __var pidr2 = 0;
[20:24:38.582]              // -> [pidr2 <= 0x00000000]
[20:24:38.582]            __var jep106id = 0;
[20:24:38.582]              // -> [jep106id <= 0x00000000]
[20:24:38.582]            __var ROMTableBase = 0;
[20:24:38.582]              // -> [ROMTableBase <= 0x00000000]
[20:24:38.582]            __ap = 0;      // AHB-AP
[20:24:38.582]              // -> [__ap <= 0x00000000]
[20:24:38.582]            ROMTableBase = ReadAP(0xF8) & ~0x3;
[20:24:38.583]              // -> [ReadAP(0x000000F8) => 0xE00FF003]   (__dp=0x00000000, __ap=0x00000000)
[20:24:38.583]              // -> [ROMTableBase <= 0xE00FF000]
[20:24:38.583]            pidr1 = Read32(ROMTableBase + 0x0FE4);
[20:24:38.583]              // -> [Read32(0xE00FFFE4) => 0x00000004]   (__dp=0x00000000, __ap=0x00000000)
[20:24:38.583]              // -> [pidr1 <= 0x00000004]
[20:24:38.583]            pidr2 = Read32(ROMTableBase + 0x0FE8);
[20:24:38.584]              // -> [Read32(0xE00FFFE8) => 0x0000000A]   (__dp=0x00000000, __ap=0x00000000)
[20:24:38.584]              // -> [pidr2 <= 0x0000000A]
[20:24:38.584]            jep106id = ((pidr2 & 0x7) << 4 ) | ((pidr1 >> 4) & 0xF);
[20:24:38.584]              // -> [jep106id <= 0x00000020]
[20:24:38.584]          </block>
[20:24:38.584]          <control if="jep106id != 0x20" while="" timeout="0" info="">
[20:24:38.584]            // if-block "jep106id != 0x20"
[20:24:38.584]              // =>  FALSE
[20:24:38.584]            // skip if-block "jep106id != 0x20"
[20:24:38.584]          </control>
[20:24:38.584]        </sequence>
[20:24:38.584]    </block>
[20:24:38.584]  </sequence>
[20:24:38.584]  
[20:24:38.584]  **********  Sequence "DebugCoreStart"  (Context="Target Access", Pname="", info="")
[20:24:38.584]  
[20:24:38.584]  <debugvars>
[20:24:38.584]    // Pre-defined
[20:24:38.585]    __protocol=0x00010002      (Protocol="SWD", SWJ-DP="True")
[20:24:38.585]    __connection=0x00000201    (Connection Type="Debug", Reset Type="System Reset")
[20:24:38.585]    __dp=0x00000000
[20:24:38.585]    __ap=0x00000000
[20:24:38.585]    __traceout=0x00000000      (Trace Disabled)
[20:24:38.585]    __errorcontrol=0x00000000  (Skip Errors="False")
[20:24:38.585]    __FlashAddr=0x00000000
[20:24:38.585]    __FlashLen=0x00000000
[20:24:38.585]    __FlashArg=0x00000000
[20:24:38.585]    __FlashOp=0x00000000
[20:24:38.585]    __Result=0x00000000
[20:24:38.585]    
[20:24:38.585]    // User-defined
[20:24:38.585]    DbgMCU_CR=0x00000007
[20:24:38.585]  </debugvars>
[20:24:38.585]  
[20:24:38.585]  <sequence name="DebugCoreStart" Pname="" disable="false" info="">
[20:24:38.585]    <block atomic="false" info="">
[20:24:38.585]      Write32(0xE000EDF0, 0xA05F0001);                                        // Enable Core Debug via DHCSR
[20:24:38.586]        // -> [Write32(0xE000EDF0, 0xA05F0001)]   (__dp=0x00000000, __ap=0x00000000)
[20:24:38.586]      Write32(0xE0042004, DbgMCU_CR);                                         // DBGMCU_CR: Configure MCU Debug
[20:24:38.586]        // -> [Write32(0xE0042004, 0x00000007)]   (__dp=0x00000000, __ap=0x00000000)
[20:24:38.586]    </block>
[20:24:38.586]  </sequence>
[20:24:38.586]  
[20:39:42.838]  **********  Sequence "DebugDeviceUnlock"  (Context="Target Access", Pname="", info="")
[20:39:42.838]  
[20:39:42.838]  <debugvars>
[20:39:42.838]    // Pre-defined
[20:39:42.838]    __protocol=0x00010002      (Protocol="SWD", SWJ-DP="True")
[20:39:42.838]    __connection=0x00000202    (Connection Type="Flash", Reset Type="System Reset")
[20:39:42.838]    __dp=0x00000000
[20:39:42.838]    __ap=0x00000000
[20:39:42.838]    __traceout=0x00000000      (Trace Disabled)
[20:39:42.838]    __errorcontrol=0x00000000  (Skip Errors="False")
[20:39:42.838]    __FlashAddr=0x00000000
[20:39:42.838]    __FlashLen=0x00000000
[20:39:42.838]    __FlashArg=0x00000000
[20:39:42.838]    __FlashOp=0x00000000
[20:39:42.838]    __Result=0x00000000
[20:39:42.838]    
[20:39:42.838]    // User-defined
[20:39:42.838]    DbgMCU_CR=0x00000007
[20:39:42.838]  </debugvars>
[20:39:42.838]  
[20:39:42.838]  <sequence name="DebugDeviceUnlock" Pname="" disable="false" info="">
[20:39:42.838]    <block atomic="false" info="">
[20:39:42.838]      Sequence("CheckID");
[20:39:42.838]        <sequence name="CheckID" Pname="" disable="false" info="">
[20:39:42.838]          <block atomic="false" info="">
[20:39:42.838]            __var pidr1 = 0;
[20:39:42.838]              // -> [pidr1 <= 0x00000000]
[20:39:42.838]            __var pidr2 = 0;
[20:39:42.838]              // -> [pidr2 <= 0x00000000]
[20:39:42.839]            __var jep106id = 0;
[20:39:42.839]              // -> [jep106id <= 0x00000000]
[20:39:42.839]            __var ROMTableBase = 0;
[20:39:42.839]              // -> [ROMTableBase <= 0x00000000]
[20:39:42.839]            __ap = 0;      // AHB-AP
[20:39:42.839]              // -> [__ap <= 0x00000000]
[20:39:42.839]            ROMTableBase = ReadAP(0xF8) & ~0x3;
[20:39:42.839]              // -> [ReadAP(0x000000F8) => 0xE00FF003]   (__dp=0x00000000, __ap=0x00000000)
[20:39:42.839]              // -> [ROMTableBase <= 0xE00FF000]
[20:39:42.839]            pidr1 = Read32(ROMTableBase + 0x0FE4);
[20:39:42.839]              // -> [Read32(0xE00FFFE4) => 0x00000004]   (__dp=0x00000000, __ap=0x00000000)
[20:39:42.839]              // -> [pidr1 <= 0x00000004]
[20:39:42.840]            pidr2 = Read32(ROMTableBase + 0x0FE8);
[20:39:42.840]              // -> [Read32(0xE00FFFE8) => 0x0000000A]   (__dp=0x00000000, __ap=0x00000000)
[20:39:42.840]              // -> [pidr2 <= 0x0000000A]
[20:39:42.840]            jep106id = ((pidr2 & 0x7) << 4 ) | ((pidr1 >> 4) & 0xF);
[20:39:42.840]              // -> [jep106id <= 0x00000020]
[20:39:42.840]          </block>
[20:39:42.840]          <control if="jep106id != 0x20" while="" timeout="0" info="">
[20:39:42.840]            // if-block "jep106id != 0x20"
[20:39:42.840]              // =>  FALSE
[20:39:42.840]            // skip if-block "jep106id != 0x20"
[20:39:42.840]          </control>
[20:39:42.840]        </sequence>
[20:39:42.840]    </block>
[20:39:42.840]  </sequence>
[20:39:42.840]  
[20:39:42.840]  **********  Sequence "DebugCoreStart"  (Context="Target Access", Pname="", info="")
[20:39:42.840]  
[20:39:42.841]  <debugvars>
[20:39:42.841]    // Pre-defined
[20:39:42.841]    __protocol=0x00010002      (Protocol="SWD", SWJ-DP="True")
[20:39:42.841]    __connection=0x00000202    (Connection Type="Flash", Reset Type="System Reset")
[20:39:42.841]    __dp=0x00000000
[20:39:42.841]    __ap=0x00000000
[20:39:42.841]    __traceout=0x00000000      (Trace Disabled)
[20:39:42.841]    __errorcontrol=0x00000000  (Skip Errors="False")
[20:39:42.841]    __FlashAddr=0x00000000
[20:39:42.841]    __FlashLen=0x00000000
[20:39:42.841]    __FlashArg=0x00000000
[20:39:42.841]    __FlashOp=0x00000000
[20:39:42.841]    __Result=0x00000000
[20:39:42.841]    
[20:39:42.841]    // User-defined
[20:39:42.841]    DbgMCU_CR=0x00000007
[20:39:42.841]  </debugvars>
[20:39:42.841]  
[20:39:42.841]  <sequence name="DebugCoreStart" Pname="" disable="false" info="">
[20:39:42.841]    <block atomic="false" info="">
[20:39:42.841]      Write32(0xE000EDF0, 0xA05F0001);                                        // Enable Core Debug via DHCSR
[20:39:42.842]        // -> [Write32(0xE000EDF0, 0xA05F0001)]   (__dp=0x00000000, __ap=0x00000000)
[20:39:42.842]      Write32(0xE0042004, DbgMCU_CR);                                         // DBGMCU_CR: Configure MCU Debug
[20:39:42.842]        // -> [Write32(0xE0042004, 0x00000007)]   (__dp=0x00000000, __ap=0x00000000)
[20:39:42.842]    </block>
[20:39:42.842]  </sequence>
[20:39:42.843]  
[20:39:45.183]  **********  Sequence "DebugDeviceUnlock"  (Context="Target Access", Pname="", info="")
[20:39:45.183]  
[20:39:45.183]  <debugvars>
[20:39:45.183]    // Pre-defined
[20:39:45.183]    __protocol=0x00010002      (Protocol="SWD", SWJ-DP="True")
[20:39:45.183]    __connection=0x00000201    (Connection Type="Debug", Reset Type="System Reset")
[20:39:45.183]    __dp=0x00000000
[20:39:45.183]    __ap=0x00000000
[20:39:45.183]    __traceout=0x00000000      (Trace Disabled)
[20:39:45.183]    __errorcontrol=0x00000000  (Skip Errors="False")
[20:39:45.183]    __FlashAddr=0x00000000
[20:39:45.184]    __FlashLen=0x00000000
[20:39:45.184]    __FlashArg=0x00000000
[20:39:45.184]    __FlashOp=0x00000000
[20:39:45.184]    __Result=0x00000000
[20:39:45.184]    
[20:39:45.184]    // User-defined
[20:39:45.184]    DbgMCU_CR=0x00000007
[20:39:45.184]  </debugvars>
[20:39:45.184]  
[20:39:45.184]  <sequence name="DebugDeviceUnlock" Pname="" disable="false" info="">
[20:39:45.184]    <block atomic="false" info="">
[20:39:45.184]      Sequence("CheckID");
[20:39:45.184]        <sequence name="CheckID" Pname="" disable="false" info="">
[20:39:45.184]          <block atomic="false" info="">
[20:39:45.184]            __var pidr1 = 0;
[20:39:45.184]              // -> [pidr1 <= 0x00000000]
[20:39:45.184]            __var pidr2 = 0;
[20:39:45.184]              // -> [pidr2 <= 0x00000000]
[20:39:45.184]            __var jep106id = 0;
[20:39:45.184]              // -> [jep106id <= 0x00000000]
[20:39:45.184]            __var ROMTableBase = 0;
[20:39:45.184]              // -> [ROMTableBase <= 0x00000000]
[20:39:45.184]            __ap = 0;      // AHB-AP
[20:39:45.184]              // -> [__ap <= 0x00000000]
[20:39:45.184]            ROMTableBase = ReadAP(0xF8) & ~0x3;
[20:39:45.185]              // -> [ReadAP(0x000000F8) => 0xE00FF003]   (__dp=0x00000000, __ap=0x00000000)
[20:39:45.185]              // -> [ROMTableBase <= 0xE00FF000]
[20:39:45.185]            pidr1 = Read32(ROMTableBase + 0x0FE4);
[20:39:45.185]              // -> [Read32(0xE00FFFE4) => 0x00000004]   (__dp=0x00000000, __ap=0x00000000)
[20:39:45.185]              // -> [pidr1 <= 0x00000004]
[20:39:45.185]            pidr2 = Read32(ROMTableBase + 0x0FE8);
[20:39:45.186]              // -> [Read32(0xE00FFFE8) => 0x0000000A]   (__dp=0x00000000, __ap=0x00000000)
[20:39:45.186]              // -> [pidr2 <= 0x0000000A]
[20:39:45.186]            jep106id = ((pidr2 & 0x7) << 4 ) | ((pidr1 >> 4) & 0xF);
[20:39:45.186]              // -> [jep106id <= 0x00000020]
[20:39:45.186]          </block>
[20:39:45.186]          <control if="jep106id != 0x20" while="" timeout="0" info="">
[20:39:45.186]            // if-block "jep106id != 0x20"
[20:39:45.186]              // =>  FALSE
[20:39:45.186]            // skip if-block "jep106id != 0x20"
[20:39:45.186]          </control>
[20:39:45.186]        </sequence>
[20:39:45.186]    </block>
[20:39:45.186]  </sequence>
[20:39:45.186]  
[20:39:45.186]  **********  Sequence "DebugCoreStart"  (Context="Target Access", Pname="", info="")
[20:39:45.186]  
[20:39:45.186]  <debugvars>
[20:39:45.186]    // Pre-defined
[20:39:45.186]    __protocol=0x00010002      (Protocol="SWD", SWJ-DP="True")
[20:39:45.186]    __connection=0x00000201    (Connection Type="Debug", Reset Type="System Reset")
[20:39:45.186]    __dp=0x00000000
[20:39:45.186]    __ap=0x00000000
[20:39:45.187]    __traceout=0x00000000      (Trace Disabled)
[20:39:45.187]    __errorcontrol=0x00000000  (Skip Errors="False")
[20:39:45.187]    __FlashAddr=0x00000000
[20:39:45.187]    __FlashLen=0x00000000
[20:39:45.187]    __FlashArg=0x00000000
[20:39:45.187]    __FlashOp=0x00000000
[20:39:45.187]    __Result=0x00000000
[20:39:45.187]    
[20:39:45.187]    // User-defined
[20:39:45.187]    DbgMCU_CR=0x00000007
[20:39:45.187]  </debugvars>
[20:39:45.187]  
[20:39:45.187]  <sequence name="DebugCoreStart" Pname="" disable="false" info="">
[20:39:45.187]    <block atomic="false" info="">
[20:39:45.187]      Write32(0xE000EDF0, 0xA05F0001);                                        // Enable Core Debug via DHCSR
[20:39:45.188]        // -> [Write32(0xE000EDF0, 0xA05F0001)]   (__dp=0x00000000, __ap=0x00000000)
[20:39:45.188]      Write32(0xE0042004, DbgMCU_CR);                                         // DBGMCU_CR: Configure MCU Debug
[20:39:45.188]        // -> [Write32(0xE0042004, 0x00000007)]   (__dp=0x00000000, __ap=0x00000000)
[20:39:45.188]    </block>
[20:39:45.188]  </sequence>
[20:39:45.188]  
[20:40:59.590]  **********  Sequence "DebugDeviceUnlock"  (Context="Target Access", Pname="", info="")
[20:40:59.590]  
[20:40:59.591]  <debugvars>
[20:40:59.591]    // Pre-defined
[20:40:59.591]    __protocol=0x00010002      (Protocol="SWD", SWJ-DP="True")
[20:40:59.591]    __connection=0x00000201    (Connection Type="Debug", Reset Type="System Reset")
[20:40:59.591]    __dp=0x00000000
[20:40:59.591]    __ap=0x00000000
[20:40:59.591]    __traceout=0x00000000      (Trace Disabled)
[20:40:59.591]    __errorcontrol=0x00000000  (Skip Errors="False")
[20:40:59.591]    __FlashAddr=0x00000000
[20:40:59.591]    __FlashLen=0x00000000
[20:40:59.591]    __FlashArg=0x00000000
[20:40:59.591]    __FlashOp=0x00000000
[20:40:59.591]    __Result=0x00000000
[20:40:59.591]    
[20:40:59.591]    // User-defined
[20:40:59.591]    DbgMCU_CR=0x00000007
[20:40:59.591]  </debugvars>
[20:40:59.591]  
[20:40:59.592]  <sequence name="DebugDeviceUnlock" Pname="" disable="false" info="">
[20:40:59.592]    <block atomic="false" info="">
[20:40:59.592]      Sequence("CheckID");
[20:40:59.592]        <sequence name="CheckID" Pname="" disable="false" info="">
[20:40:59.592]          <block atomic="false" info="">
[20:40:59.592]            __var pidr1 = 0;
[20:40:59.592]              // -> [pidr1 <= 0x00000000]
[20:40:59.592]            __var pidr2 = 0;
[20:40:59.592]              // -> [pidr2 <= 0x00000000]
[20:40:59.592]            __var jep106id = 0;
[20:40:59.592]              // -> [jep106id <= 0x00000000]
[20:40:59.592]            __var ROMTableBase = 0;
[20:40:59.592]              // -> [ROMTableBase <= 0x00000000]
[20:40:59.592]            __ap = 0;      // AHB-AP
[20:40:59.592]              // -> [__ap <= 0x00000000]
[20:40:59.592]            ROMTableBase = ReadAP(0xF8) & ~0x3;
[20:40:59.593]              // -> [ReadAP(0x000000F8) => 0xE00FF003]   (__dp=0x00000000, __ap=0x00000000)
[20:40:59.593]              // -> [ROMTableBase <= 0xE00FF000]
[20:40:59.593]            pidr1 = Read32(ROMTableBase + 0x0FE4);
[20:40:59.593]              // -> [Read32(0xE00FFFE4) => 0x00000004]   (__dp=0x00000000, __ap=0x00000000)
[20:40:59.593]              // -> [pidr1 <= 0x00000004]
[20:40:59.593]            pidr2 = Read32(ROMTableBase + 0x0FE8);
[20:40:59.594]              // -> [Read32(0xE00FFFE8) => 0x0000000A]   (__dp=0x00000000, __ap=0x00000000)
[20:40:59.594]              // -> [pidr2 <= 0x0000000A]
[20:40:59.594]            jep106id = ((pidr2 & 0x7) << 4 ) | ((pidr1 >> 4) & 0xF);
[20:40:59.594]              // -> [jep106id <= 0x00000020]
[20:40:59.594]          </block>
[20:40:59.594]          <control if="jep106id != 0x20" while="" timeout="0" info="">
[20:40:59.594]            // if-block "jep106id != 0x20"
[20:40:59.594]              // =>  FALSE
[20:40:59.594]            // skip if-block "jep106id != 0x20"
[20:40:59.594]          </control>
[20:40:59.594]        </sequence>
[20:40:59.594]    </block>
[20:40:59.594]  </sequence>
[20:40:59.595]  
[20:40:59.595]  **********  Sequence "DebugCoreStart"  (Context="Target Access", Pname="", info="")
[20:40:59.595]  
[20:40:59.595]  <debugvars>
[20:40:59.595]    // Pre-defined
[20:40:59.595]    __protocol=0x00010002      (Protocol="SWD", SWJ-DP="True")
[20:40:59.595]    __connection=0x00000201    (Connection Type="Debug", Reset Type="System Reset")
[20:40:59.595]    __dp=0x00000000
[20:40:59.595]    __ap=0x00000000
[20:40:59.595]    __traceout=0x00000000      (Trace Disabled)
[20:40:59.595]    __errorcontrol=0x00000000  (Skip Errors="False")
[20:40:59.595]    __FlashAddr=0x00000000
[20:40:59.595]    __FlashLen=0x00000000
[20:40:59.595]    __FlashArg=0x00000000
[20:40:59.595]    __FlashOp=0x00000000
[20:40:59.595]    __Result=0x00000000
[20:40:59.595]    
[20:40:59.595]    // User-defined
[20:40:59.596]    DbgMCU_CR=0x00000007
[20:40:59.596]  </debugvars>
[20:40:59.596]  
[20:40:59.596]  <sequence name="DebugCoreStart" Pname="" disable="false" info="">
[20:40:59.596]    <block atomic="false" info="">
[20:40:59.596]      Write32(0xE000EDF0, 0xA05F0001);                                        // Enable Core Debug via DHCSR
[20:40:59.596]        // -> [Write32(0xE000EDF0, 0xA05F0001)]   (__dp=0x00000000, __ap=0x00000000)
[20:40:59.597]      Write32(0xE0042004, DbgMCU_CR);                                         // DBGMCU_CR: Configure MCU Debug
[20:40:59.597]        // -> [Write32(0xE0042004, 0x00000007)]   (__dp=0x00000000, __ap=0x00000000)
[20:40:59.597]    </block>
[20:40:59.597]  </sequence>
[20:40:59.597]  
[20:43:42.683]  **********  Sequence "DebugDeviceUnlock"  (Context="Target Access", Pname="", info="")
[20:43:42.683]  
[20:43:42.690]  <debugvars>
[20:43:42.690]    // Pre-defined
[20:43:42.690]    __protocol=0x00010002      (Protocol="SWD", SWJ-DP="True")
[20:43:42.691]    __connection=0x00000202    (Connection Type="Flash", Reset Type="System Reset")
[20:43:42.691]    __dp=0x00000000
[20:43:42.691]    __ap=0x00000000
[20:43:42.691]    __traceout=0x00000000      (Trace Disabled)
[20:43:42.691]    __errorcontrol=0x00000000  (Skip Errors="False")
[20:43:42.691]    __FlashAddr=0x00000000
[20:43:42.691]    __FlashLen=0x00000000
[20:43:42.691]    __FlashArg=0x00000000
[20:43:42.691]    __FlashOp=0x00000000
[20:43:42.691]    __Result=0x00000000
[20:43:42.691]    
[20:43:42.691]    // User-defined
[20:43:42.691]    DbgMCU_CR=0x00000007
[20:43:42.691]  </debugvars>
[20:43:42.691]  
[20:43:42.691]  <sequence name="DebugDeviceUnlock" Pname="" disable="false" info="">
[20:43:42.691]    <block atomic="false" info="">
[20:43:42.691]      Sequence("CheckID");
[20:43:42.691]        <sequence name="CheckID" Pname="" disable="false" info="">
[20:43:42.691]          <block atomic="false" info="">
[20:43:42.691]            __var pidr1 = 0;
[20:43:42.691]              // -> [pidr1 <= 0x00000000]
[20:43:42.691]            __var pidr2 = 0;
[20:43:42.691]              // -> [pidr2 <= 0x00000000]
[20:43:42.691]            __var jep106id = 0;
[20:43:42.692]              // -> [jep106id <= 0x00000000]
[20:43:42.692]            __var ROMTableBase = 0;
[20:43:42.692]              // -> [ROMTableBase <= 0x00000000]
[20:43:42.692]            __ap = 0;      // AHB-AP
[20:43:42.692]              // -> [__ap <= 0x00000000]
[20:43:42.692]            ROMTableBase = ReadAP(0xF8) & ~0x3;
[20:43:42.692]              // -> [ReadAP(0x000000F8) => 0xE00FF003]   (__dp=0x00000000, __ap=0x00000000)
[20:43:42.692]              // -> [ROMTableBase <= 0xE00FF000]
[20:43:42.692]            pidr1 = Read32(ROMTableBase + 0x0FE4);
[20:43:42.692]              // -> [Read32(0xE00FFFE4) => 0x00000004]   (__dp=0x00000000, __ap=0x00000000)
[20:43:42.693]              // -> [pidr1 <= 0x00000004]
[20:43:42.693]            pidr2 = Read32(ROMTableBase + 0x0FE8);
[20:43:42.693]              // -> [Read32(0xE00FFFE8) => 0x0000000A]   (__dp=0x00000000, __ap=0x00000000)
[20:43:42.693]              // -> [pidr2 <= 0x0000000A]
[20:43:42.693]            jep106id = ((pidr2 & 0x7) << 4 ) | ((pidr1 >> 4) & 0xF);
[20:43:42.693]              // -> [jep106id <= 0x00000020]
[20:43:42.693]          </block>
[20:43:42.693]          <control if="jep106id != 0x20" while="" timeout="0" info="">
[20:43:42.693]            // if-block "jep106id != 0x20"
[20:43:42.693]              // =>  FALSE
[20:43:42.693]            // skip if-block "jep106id != 0x20"
[20:43:42.693]          </control>
[20:43:42.694]        </sequence>
[20:43:42.694]    </block>
[20:43:42.694]  </sequence>
[20:43:42.694]  
[20:43:42.694]  **********  Sequence "DebugCoreStart"  (Context="Target Access", Pname="", info="")
[20:43:42.694]  
[20:43:42.694]  <debugvars>
[20:43:42.694]    // Pre-defined
[20:43:42.694]    __protocol=0x00010002      (Protocol="SWD", SWJ-DP="True")
[20:43:42.694]    __connection=0x00000202    (Connection Type="Flash", Reset Type="System Reset")
[20:43:42.694]    __dp=0x00000000
[20:43:42.694]    __ap=0x00000000
[20:43:42.694]    __traceout=0x00000000      (Trace Disabled)
[20:43:42.694]    __errorcontrol=0x00000000  (Skip Errors="False")
[20:43:42.694]    __FlashAddr=0x00000000
[20:43:42.694]    __FlashLen=0x00000000
[20:43:42.694]    __FlashArg=0x00000000
[20:43:42.694]    __FlashOp=0x00000000
[20:43:42.694]    __Result=0x00000000
[20:43:42.694]    
[20:43:42.694]    // User-defined
[20:43:42.694]    DbgMCU_CR=0x00000007
[20:43:42.694]  </debugvars>
[20:43:42.694]  
[20:43:42.694]  <sequence name="DebugCoreStart" Pname="" disable="false" info="">
[20:43:42.694]    <block atomic="false" info="">
[20:43:42.694]      Write32(0xE000EDF0, 0xA05F0001);                                        // Enable Core Debug via DHCSR
[20:43:42.695]        // -> [Write32(0xE000EDF0, 0xA05F0001)]   (__dp=0x00000000, __ap=0x00000000)
[20:43:42.695]      Write32(0xE0042004, DbgMCU_CR);                                         // DBGMCU_CR: Configure MCU Debug
[20:43:42.696]        // -> [Write32(0xE0042004, 0x00000007)]   (__dp=0x00000000, __ap=0x00000000)
[20:43:42.696]    </block>
[20:43:42.696]  </sequence>
[20:43:42.696]  
[20:43:46.920]  **********  Sequence "DebugDeviceUnlock"  (Context="Target Access", Pname="", info="")
[20:43:46.920]  
[20:43:46.927]  <debugvars>
[20:43:46.927]    // Pre-defined
[20:43:46.927]    __protocol=0x00010002      (Protocol="SWD", SWJ-DP="True")
[20:43:46.927]    __connection=0x00000201    (Connection Type="Debug", Reset Type="System Reset")
[20:43:46.927]    __dp=0x00000000
[20:43:46.927]    __ap=0x00000000
[20:43:46.927]    __traceout=0x00000000      (Trace Disabled)
[20:43:46.927]    __errorcontrol=0x00000000  (Skip Errors="False")
[20:43:46.927]    __FlashAddr=0x00000000
[20:43:46.927]    __FlashLen=0x00000000
[20:43:46.927]    __FlashArg=0x00000000
[20:43:46.927]    __FlashOp=0x00000000
[20:43:46.927]    __Result=0x00000000
[20:43:46.927]    
[20:43:46.927]    // User-defined
[20:43:46.927]    DbgMCU_CR=0x00000007
[20:43:46.927]  </debugvars>
[20:43:46.927]  
[20:43:46.927]  <sequence name="DebugDeviceUnlock" Pname="" disable="false" info="">
[20:43:46.927]    <block atomic="false" info="">
[20:43:46.927]      Sequence("CheckID");
[20:43:46.928]        <sequence name="CheckID" Pname="" disable="false" info="">
[20:43:46.928]          <block atomic="false" info="">
[20:43:46.928]            __var pidr1 = 0;
[20:43:46.928]              // -> [pidr1 <= 0x00000000]
[20:43:46.928]            __var pidr2 = 0;
[20:43:46.928]              // -> [pidr2 <= 0x00000000]
[20:43:46.928]            __var jep106id = 0;
[20:43:46.928]              // -> [jep106id <= 0x00000000]
[20:43:46.928]            __var ROMTableBase = 0;
[20:43:46.928]              // -> [ROMTableBase <= 0x00000000]
[20:43:46.928]            __ap = 0;      // AHB-AP
[20:43:46.928]              // -> [__ap <= 0x00000000]
[20:43:46.928]            ROMTableBase = ReadAP(0xF8) & ~0x3;
[20:43:46.928]              // -> [ReadAP(0x000000F8) => 0xE00FF003]   (__dp=0x00000000, __ap=0x00000000)
[20:43:46.928]              // -> [ROMTableBase <= 0xE00FF000]
[20:43:46.928]            pidr1 = Read32(ROMTableBase + 0x0FE4);
[20:43:46.929]              // -> [Read32(0xE00FFFE4) => 0x00000004]   (__dp=0x00000000, __ap=0x00000000)
[20:43:46.929]              // -> [pidr1 <= 0x00000004]
[20:43:46.929]            pidr2 = Read32(ROMTableBase + 0x0FE8);
[20:43:46.929]              // -> [Read32(0xE00FFFE8) => 0x0000000A]   (__dp=0x00000000, __ap=0x00000000)
[20:43:46.929]              // -> [pidr2 <= 0x0000000A]
[20:43:46.929]            jep106id = ((pidr2 & 0x7) << 4 ) | ((pidr1 >> 4) & 0xF);
[20:43:46.929]              // -> [jep106id <= 0x00000020]
[20:43:46.929]          </block>
[20:43:46.930]          <control if="jep106id != 0x20" while="" timeout="0" info="">
[20:43:46.930]            // if-block "jep106id != 0x20"
[20:43:46.930]              // =>  FALSE
[20:43:46.930]            // skip if-block "jep106id != 0x20"
[20:43:46.930]          </control>
[20:43:46.930]        </sequence>
[20:43:46.930]    </block>
[20:43:46.930]  </sequence>
[20:43:46.930]  
[20:43:46.930]  **********  Sequence "DebugCoreStart"  (Context="Target Access", Pname="", info="")
[20:43:46.930]  
[20:43:46.930]  <debugvars>
[20:43:46.930]    // Pre-defined
[20:43:46.930]    __protocol=0x00010002      (Protocol="SWD", SWJ-DP="True")
[20:43:46.930]    __connection=0x00000201    (Connection Type="Debug", Reset Type="System Reset")
[20:43:46.930]    __dp=0x00000000
[20:43:46.930]    __ap=0x00000000
[20:43:46.930]    __traceout=0x00000000      (Trace Disabled)
[20:43:46.930]    __errorcontrol=0x00000000  (Skip Errors="False")
[20:43:46.930]    __FlashAddr=0x00000000
[20:43:46.930]    __FlashLen=0x00000000
[20:43:46.930]    __FlashArg=0x00000000
[20:43:46.930]    __FlashOp=0x00000000
[20:43:46.930]    __Result=0x00000000
[20:43:46.930]    
[20:43:46.930]    // User-defined
[20:43:46.930]    DbgMCU_CR=0x00000007
[20:43:46.930]  </debugvars>
[20:43:46.931]  
[20:43:46.931]  <sequence name="DebugCoreStart" Pname="" disable="false" info="">
[20:43:46.931]    <block atomic="false" info="">
[20:43:46.931]      Write32(0xE000EDF0, 0xA05F0001);                                        // Enable Core Debug via DHCSR
[20:43:46.931]        // -> [Write32(0xE000EDF0, 0xA05F0001)]   (__dp=0x00000000, __ap=0x00000000)
[20:43:46.931]      Write32(0xE0042004, DbgMCU_CR);                                         // DBGMCU_CR: Configure MCU Debug
[20:43:46.931]        // -> [Write32(0xE0042004, 0x00000007)]   (__dp=0x00000000, __ap=0x00000000)
[20:43:46.932]    </block>
[20:43:46.932]  </sequence>
[20:43:46.932]  
[20:46:47.429]  **********  Sequence "DebugDeviceUnlock"  (Context="Target Access", Pname="", info="")
[20:46:47.429]  
[20:46:47.430]  <debugvars>
[20:46:47.430]    // Pre-defined
[20:46:47.430]    __protocol=0x00010002      (Protocol="SWD", SWJ-DP="True")
[20:46:47.430]    __connection=0x00000202    (Connection Type="Flash", Reset Type="System Reset")
[20:46:47.430]    __dp=0x00000000
[20:46:47.430]    __ap=0x00000000
[20:46:47.430]    __traceout=0x00000000      (Trace Disabled)
[20:46:47.430]    __errorcontrol=0x00000000  (Skip Errors="False")
[20:46:47.430]    __FlashAddr=0x00000000
[20:46:47.430]    __FlashLen=0x00000000
[20:46:47.430]    __FlashArg=0x00000000
[20:46:47.430]    __FlashOp=0x00000000
[20:46:47.430]    __Result=0x00000000
[20:46:47.430]    
[20:46:47.430]    // User-defined
[20:46:47.430]    DbgMCU_CR=0x00000007
[20:46:47.430]  </debugvars>
[20:46:47.430]  
[20:46:47.430]  <sequence name="DebugDeviceUnlock" Pname="" disable="false" info="">
[20:46:47.430]    <block atomic="false" info="">
[20:46:47.430]      Sequence("CheckID");
[20:46:47.431]        <sequence name="CheckID" Pname="" disable="false" info="">
[20:46:47.431]          <block atomic="false" info="">
[20:46:47.431]            __var pidr1 = 0;
[20:46:47.431]              // -> [pidr1 <= 0x00000000]
[20:46:47.431]            __var pidr2 = 0;
[20:46:47.431]              // -> [pidr2 <= 0x00000000]
[20:46:47.431]            __var jep106id = 0;
[20:46:47.431]              // -> [jep106id <= 0x00000000]
[20:46:47.431]            __var ROMTableBase = 0;
[20:46:47.431]              // -> [ROMTableBase <= 0x00000000]
[20:46:47.431]            __ap = 0;      // AHB-AP
[20:46:47.431]              // -> [__ap <= 0x00000000]
[20:46:47.431]            ROMTableBase = ReadAP(0xF8) & ~0x3;
[20:46:47.432]              // -> [ReadAP(0x000000F8) => 0xE00FF003]   (__dp=0x00000000, __ap=0x00000000)
[20:46:47.432]              // -> [ROMTableBase <= 0xE00FF000]
[20:46:47.432]            pidr1 = Read32(ROMTableBase + 0x0FE4);
[20:46:47.432]              // -> [Read32(0xE00FFFE4) => 0x00000004]   (__dp=0x00000000, __ap=0x00000000)
[20:46:47.432]              // -> [pidr1 <= 0x00000004]
[20:46:47.432]            pidr2 = Read32(ROMTableBase + 0x0FE8);
[20:46:47.433]              // -> [Read32(0xE00FFFE8) => 0x0000000A]   (__dp=0x00000000, __ap=0x00000000)
[20:46:47.433]              // -> [pidr2 <= 0x0000000A]
[20:46:47.433]            jep106id = ((pidr2 & 0x7) << 4 ) | ((pidr1 >> 4) & 0xF);
[20:46:47.433]              // -> [jep106id <= 0x00000020]
[20:46:47.433]          </block>
[20:46:47.433]          <control if="jep106id != 0x20" while="" timeout="0" info="">
[20:46:47.433]            // if-block "jep106id != 0x20"
[20:46:47.433]              // =>  FALSE
[20:46:47.433]            // skip if-block "jep106id != 0x20"
[20:46:47.433]          </control>
[20:46:47.433]        </sequence>
[20:46:47.433]    </block>
[20:46:47.433]  </sequence>
[20:46:47.433]  
[20:46:47.433]  **********  Sequence "DebugCoreStart"  (Context="Target Access", Pname="", info="")
[20:46:47.433]  
[20:46:47.433]  <debugvars>
[20:46:47.433]    // Pre-defined
[20:46:47.433]    __protocol=0x00010002      (Protocol="SWD", SWJ-DP="True")
[20:46:47.433]    __connection=0x00000202    (Connection Type="Flash", Reset Type="System Reset")
[20:46:47.433]    __dp=0x00000000
[20:46:47.433]    __ap=0x00000000
[20:46:47.433]    __traceout=0x00000000      (Trace Disabled)
[20:46:47.434]    __errorcontrol=0x00000000  (Skip Errors="False")
[20:46:47.434]    __FlashAddr=0x00000000
[20:46:47.434]    __FlashLen=0x00000000
[20:46:47.434]    __FlashArg=0x00000000
[20:46:47.434]    __FlashOp=0x00000000
[20:46:47.434]    __Result=0x00000000
[20:46:47.434]    
[20:46:47.434]    // User-defined
[20:46:47.434]    DbgMCU_CR=0x00000007
[20:46:47.434]  </debugvars>
[20:46:47.434]  
[20:46:47.434]  <sequence name="DebugCoreStart" Pname="" disable="false" info="">
[20:46:47.434]    <block atomic="false" info="">
[20:46:47.434]      Write32(0xE000EDF0, 0xA05F0001);                                        // Enable Core Debug via DHCSR
[20:46:47.434]        // -> [Write32(0xE000EDF0, 0xA05F0001)]   (__dp=0x00000000, __ap=0x00000000)
[20:46:47.434]      Write32(0xE0042004, DbgMCU_CR);                                         // DBGMCU_CR: Configure MCU Debug
[20:46:47.435]        // -> [Write32(0xE0042004, 0x00000007)]   (__dp=0x00000000, __ap=0x00000000)
[20:46:47.435]    </block>
[20:46:47.435]  </sequence>
[20:46:47.435]  
[20:46:50.170]  **********  Sequence "DebugDeviceUnlock"  (Context="Target Access", Pname="", info="")
[20:46:50.170]  
[20:46:50.177]  <debugvars>
[20:46:50.177]    // Pre-defined
[20:46:50.177]    __protocol=0x00010002      (Protocol="SWD", SWJ-DP="True")
[20:46:50.177]    __connection=0x00000201    (Connection Type="Debug", Reset Type="System Reset")
[20:46:50.177]    __dp=0x00000000
[20:46:50.177]    __ap=0x00000000
[20:46:50.177]    __traceout=0x00000000      (Trace Disabled)
[20:46:50.177]    __errorcontrol=0x00000000  (Skip Errors="False")
[20:46:50.177]    __FlashAddr=0x00000000
[20:46:50.177]    __FlashLen=0x00000000
[20:46:50.177]    __FlashArg=0x00000000
[20:46:50.177]    __FlashOp=0x00000000
[20:46:50.177]    __Result=0x00000000
[20:46:50.177]    
[20:46:50.177]    // User-defined
[20:46:50.177]    DbgMCU_CR=0x00000007
[20:46:50.177]  </debugvars>
[20:46:50.177]  
[20:46:50.177]  <sequence name="DebugDeviceUnlock" Pname="" disable="false" info="">
[20:46:50.178]    <block atomic="false" info="">
[20:46:50.178]      Sequence("CheckID");
[20:46:50.178]        <sequence name="CheckID" Pname="" disable="false" info="">
[20:46:50.178]          <block atomic="false" info="">
[20:46:50.178]            __var pidr1 = 0;
[20:46:50.178]              // -> [pidr1 <= 0x00000000]
[20:46:50.178]            __var pidr2 = 0;
[20:46:50.178]              // -> [pidr2 <= 0x00000000]
[20:46:50.178]            __var jep106id = 0;
[20:46:50.178]              // -> [jep106id <= 0x00000000]
[20:46:50.178]            __var ROMTableBase = 0;
[20:46:50.178]              // -> [ROMTableBase <= 0x00000000]
[20:46:50.178]            __ap = 0;      // AHB-AP
[20:46:50.178]              // -> [__ap <= 0x00000000]
[20:46:50.178]            ROMTableBase = ReadAP(0xF8) & ~0x3;
[20:46:50.178]              // -> [ReadAP(0x000000F8) => 0xE00FF003]   (__dp=0x00000000, __ap=0x00000000)
[20:46:50.178]              // -> [ROMTableBase <= 0xE00FF000]
[20:46:50.178]            pidr1 = Read32(ROMTableBase + 0x0FE4);
[20:46:50.179]              // -> [Read32(0xE00FFFE4) => 0x00000004]   (__dp=0x00000000, __ap=0x00000000)
[20:46:50.179]              // -> [pidr1 <= 0x00000004]
[20:46:50.179]            pidr2 = Read32(ROMTableBase + 0x0FE8);
[20:46:50.179]              // -> [Read32(0xE00FFFE8) => 0x0000000A]   (__dp=0x00000000, __ap=0x00000000)
[20:46:50.179]              // -> [pidr2 <= 0x0000000A]
[20:46:50.179]            jep106id = ((pidr2 & 0x7) << 4 ) | ((pidr1 >> 4) & 0xF);
[20:46:50.180]              // -> [jep106id <= 0x00000020]
[20:46:50.180]          </block>
[20:46:50.180]          <control if="jep106id != 0x20" while="" timeout="0" info="">
[20:46:50.180]            // if-block "jep106id != 0x20"
[20:46:50.180]              // =>  FALSE
[20:46:50.180]            // skip if-block "jep106id != 0x20"
[20:46:50.180]          </control>
[20:46:50.180]        </sequence>
[20:46:50.180]    </block>
[20:46:50.180]  </sequence>
[20:46:50.180]  
[20:46:50.180]  **********  Sequence "DebugCoreStart"  (Context="Target Access", Pname="", info="")
[20:46:50.180]  
[20:46:50.180]  <debugvars>
[20:46:50.180]    // Pre-defined
[20:46:50.180]    __protocol=0x00010002      (Protocol="SWD", SWJ-DP="True")
[20:46:50.180]    __connection=0x00000201    (Connection Type="Debug", Reset Type="System Reset")
[20:46:50.180]    __dp=0x00000000
[20:46:50.180]    __ap=0x00000000
[20:46:50.180]    __traceout=0x00000000      (Trace Disabled)
[20:46:50.180]    __errorcontrol=0x00000000  (Skip Errors="False")
[20:46:50.180]    __FlashAddr=0x00000000
[20:46:50.180]    __FlashLen=0x00000000
[20:46:50.180]    __FlashArg=0x00000000
[20:46:50.180]    __FlashOp=0x00000000
[20:46:50.181]    __Result=0x00000000
[20:46:50.181]    
[20:46:50.181]    // User-defined
[20:46:50.181]    DbgMCU_CR=0x00000007
[20:46:50.181]  </debugvars>
[20:46:50.181]  
[20:46:50.181]  <sequence name="DebugCoreStart" Pname="" disable="false" info="">
[20:46:50.181]    <block atomic="false" info="">
[20:46:50.181]      Write32(0xE000EDF0, 0xA05F0001);                                        // Enable Core Debug via DHCSR
[20:46:50.181]        // -> [Write32(0xE000EDF0, 0xA05F0001)]   (__dp=0x00000000, __ap=0x00000000)
[20:46:50.181]      Write32(0xE0042004, DbgMCU_CR);                                         // DBGMCU_CR: Configure MCU Debug
[20:46:50.182]        // -> [Write32(0xE0042004, 0x00000007)]   (__dp=0x00000000, __ap=0x00000000)
[20:46:50.182]    </block>
[20:46:50.182]  </sequence>
[20:46:50.182]  
[20:48:41.388]  **********  Sequence "DebugDeviceUnlock"  (Context="Target Access", Pname="", info="")
[20:48:41.388]  
[20:48:41.396]  <debugvars>
[20:48:41.396]    // Pre-defined
[20:48:41.396]    __protocol=0x00010002      (Protocol="SWD", SWJ-DP="True")
[20:48:41.396]    __connection=0x00000201    (Connection Type="Debug", Reset Type="System Reset")
[20:48:41.396]    __dp=0x00000000
[20:48:41.396]    __ap=0x00000000
[20:48:41.396]    __traceout=0x00000000      (Trace Disabled)
[20:48:41.396]    __errorcontrol=0x00000000  (Skip Errors="False")
[20:48:41.396]    __FlashAddr=0x00000000
[20:48:41.396]    __FlashLen=0x00000000
[20:48:41.396]    __FlashArg=0x00000000
[20:48:41.396]    __FlashOp=0x00000000
[20:48:41.396]    __Result=0x00000000
[20:48:41.396]    
[20:48:41.396]    // User-defined
[20:48:41.396]    DbgMCU_CR=0x00000007
[20:48:41.396]  </debugvars>
[20:48:41.396]  
[20:48:41.396]  <sequence name="DebugDeviceUnlock" Pname="" disable="false" info="">
[20:48:41.396]    <block atomic="false" info="">
[20:48:41.396]      Sequence("CheckID");
[20:48:41.396]        <sequence name="CheckID" Pname="" disable="false" info="">
[20:48:41.396]          <block atomic="false" info="">
[20:48:41.396]            __var pidr1 = 0;
[20:48:41.397]              // -> [pidr1 <= 0x00000000]
[20:48:41.397]            __var pidr2 = 0;
[20:48:41.397]              // -> [pidr2 <= 0x00000000]
[20:48:41.397]            __var jep106id = 0;
[20:48:41.397]              // -> [jep106id <= 0x00000000]
[20:48:41.397]            __var ROMTableBase = 0;
[20:48:41.397]              // -> [ROMTableBase <= 0x00000000]
[20:48:41.397]            __ap = 0;      // AHB-AP
[20:48:41.397]              // -> [__ap <= 0x00000000]
[20:48:41.397]            ROMTableBase = ReadAP(0xF8) & ~0x3;
[20:48:41.397]              // -> [ReadAP(0x000000F8) => 0xE00FF003]   (__dp=0x00000000, __ap=0x00000000)
[20:48:41.397]              // -> [ROMTableBase <= 0xE00FF000]
[20:48:41.397]            pidr1 = Read32(ROMTableBase + 0x0FE4);
[20:48:41.397]              // -> [Read32(0xE00FFFE4) => 0x00000004]   (__dp=0x00000000, __ap=0x00000000)
[20:48:41.397]              // -> [pidr1 <= 0x00000004]
[20:48:41.397]            pidr2 = Read32(ROMTableBase + 0x0FE8);
[20:48:41.398]              // -> [Read32(0xE00FFFE8) => 0x0000000A]   (__dp=0x00000000, __ap=0x00000000)
[20:48:41.398]              // -> [pidr2 <= 0x0000000A]
[20:48:41.398]            jep106id = ((pidr2 & 0x7) << 4 ) | ((pidr1 >> 4) & 0xF);
[20:48:41.398]              // -> [jep106id <= 0x00000020]
[20:48:41.398]          </block>
[20:48:41.398]          <control if="jep106id != 0x20" while="" timeout="0" info="">
[20:48:41.398]            // if-block "jep106id != 0x20"
[20:48:41.398]              // =>  FALSE
[20:48:41.398]            // skip if-block "jep106id != 0x20"
[20:48:41.398]          </control>
[20:48:41.398]        </sequence>
[20:48:41.398]    </block>
[20:48:41.398]  </sequence>
[20:48:41.398]  
[20:48:41.398]  **********  Sequence "DebugCoreStart"  (Context="Target Access", Pname="", info="")
[20:48:41.398]  
[20:48:41.398]  <debugvars>
[20:48:41.399]    // Pre-defined
[20:48:41.399]    __protocol=0x00010002      (Protocol="SWD", SWJ-DP="True")
[20:48:41.399]    __connection=0x00000201    (Connection Type="Debug", Reset Type="System Reset")
[20:48:41.399]    __dp=0x00000000
[20:48:41.399]    __ap=0x00000000
[20:48:41.399]    __traceout=0x00000000      (Trace Disabled)
[20:48:41.399]    __errorcontrol=0x00000000  (Skip Errors="False")
[20:48:41.399]    __FlashAddr=0x00000000
[20:48:41.399]    __FlashLen=0x00000000
[20:48:41.399]    __FlashArg=0x00000000
[20:48:41.399]    __FlashOp=0x00000000
[20:48:41.399]    __Result=0x00000000
[20:48:41.399]    
[20:48:41.399]    // User-defined
[20:48:41.399]    DbgMCU_CR=0x00000007
[20:48:41.399]  </debugvars>
[20:48:41.399]  
[20:48:41.399]  <sequence name="DebugCoreStart" Pname="" disable="false" info="">
[20:48:41.399]    <block atomic="false" info="">
[20:48:41.399]      Write32(0xE000EDF0, 0xA05F0001);                                        // Enable Core Debug via DHCSR
[20:48:41.400]        // -> [Write32(0xE000EDF0, 0xA05F0001)]   (__dp=0x00000000, __ap=0x00000000)
[20:48:41.400]      Write32(0xE0042004, DbgMCU_CR);                                         // DBGMCU_CR: Configure MCU Debug
[20:48:41.400]        // -> [Write32(0xE0042004, 0x00000007)]   (__dp=0x00000000, __ap=0x00000000)
[20:48:41.400]    </block>
[20:48:41.400]  </sequence>
[20:48:41.400]  
[20:49:51.244]  **********  Sequence "DebugDeviceUnlock"  (Context="Target Access", Pname="", info="")
[20:49:51.244]  
[20:49:51.250]  <debugvars>
[20:49:51.251]    // Pre-defined
[20:49:51.251]    __protocol=0x00010002      (Protocol="SWD", SWJ-DP="True")
[20:49:51.251]    __connection=0x00000201    (Connection Type="Debug", Reset Type="System Reset")
[20:49:51.251]    __dp=0x00000000
[20:49:51.251]    __ap=0x00000000
[20:49:51.251]    __traceout=0x00000000      (Trace Disabled)
[20:49:51.251]    __errorcontrol=0x00000000  (Skip Errors="False")
[20:49:51.251]    __FlashAddr=0x00000000
[20:49:51.251]    __FlashLen=0x00000000
[20:49:51.251]    __FlashArg=0x00000000
[20:49:51.251]    __FlashOp=0x00000000
[20:49:51.251]    __Result=0x00000000
[20:49:51.251]    
[20:49:51.251]    // User-defined
[20:49:51.251]    DbgMCU_CR=0x00000007
[20:49:51.251]  </debugvars>
[20:49:51.251]  
[20:49:51.251]  <sequence name="DebugDeviceUnlock" Pname="" disable="false" info="">
[20:49:51.251]    <block atomic="false" info="">
[20:49:51.251]      Sequence("CheckID");
[20:49:51.251]        <sequence name="CheckID" Pname="" disable="false" info="">
[20:49:51.251]          <block atomic="false" info="">
[20:49:51.251]            __var pidr1 = 0;
[20:49:51.251]              // -> [pidr1 <= 0x00000000]
[20:49:51.251]            __var pidr2 = 0;
[20:49:51.251]              // -> [pidr2 <= 0x00000000]
[20:49:51.252]            __var jep106id = 0;
[20:49:51.252]              // -> [jep106id <= 0x00000000]
[20:49:51.252]            __var ROMTableBase = 0;
[20:49:51.252]              // -> [ROMTableBase <= 0x00000000]
[20:49:51.252]            __ap = 0;      // AHB-AP
[20:49:51.252]              // -> [__ap <= 0x00000000]
[20:49:51.252]            ROMTableBase = ReadAP(0xF8) & ~0x3;
[20:49:51.252]              // -> [ReadAP(0x000000F8) => 0xE00FF003]   (__dp=0x00000000, __ap=0x00000000)
[20:49:51.252]              // -> [ROMTableBase <= 0xE00FF000]
[20:49:51.252]            pidr1 = Read32(ROMTableBase + 0x0FE4);
[20:49:51.252]              // -> [Read32(0xE00FFFE4) => 0x00000004]   (__dp=0x00000000, __ap=0x00000000)
[20:49:51.253]              // -> [pidr1 <= 0x00000004]
[20:49:51.253]            pidr2 = Read32(ROMTableBase + 0x0FE8);
[20:49:51.254]              // -> [Read32(0xE00FFFE8) => 0x0000000A]   (__dp=0x00000000, __ap=0x00000000)
[20:49:51.254]              // -> [pidr2 <= 0x0000000A]
[20:49:51.254]            jep106id = ((pidr2 & 0x7) << 4 ) | ((pidr1 >> 4) & 0xF);
[20:49:51.255]              // -> [jep106id <= 0x00000020]
[20:49:51.255]          </block>
[20:49:51.255]          <control if="jep106id != 0x20" while="" timeout="0" info="">
[20:49:51.255]            // if-block "jep106id != 0x20"
[20:49:51.256]              // =>  FALSE
[20:49:51.256]            // skip if-block "jep106id != 0x20"
[20:49:51.256]          </control>
[20:49:51.256]        </sequence>
[20:49:51.256]    </block>
[20:49:51.256]  </sequence>
[20:49:51.256]  
[20:49:51.256]  **********  Sequence "DebugCoreStart"  (Context="Target Access", Pname="", info="")
[20:49:51.256]  
[20:49:51.256]  <debugvars>
[20:49:51.257]    // Pre-defined
[20:49:51.257]    __protocol=0x00010002      (Protocol="SWD", SWJ-DP="True")
[20:49:51.257]    __connection=0x00000201    (Connection Type="Debug", Reset Type="System Reset")
[20:49:51.257]    __dp=0x00000000
[20:49:51.257]    __ap=0x00000000
[20:49:51.257]    __traceout=0x00000000      (Trace Disabled)
[20:49:51.257]    __errorcontrol=0x00000000  (Skip Errors="False")
[20:49:51.257]    __FlashAddr=0x00000000
[20:49:51.257]    __FlashLen=0x00000000
[20:49:51.257]    __FlashArg=0x00000000
[20:49:51.257]    __FlashOp=0x00000000
[20:49:51.257]    __Result=0x00000000
[20:49:51.257]    
[20:49:51.257]    // User-defined
[20:49:51.257]    DbgMCU_CR=0x00000007
[20:49:51.257]  </debugvars>
[20:49:51.257]  
[20:49:51.257]  <sequence name="DebugCoreStart" Pname="" disable="false" info="">
[20:49:51.257]    <block atomic="false" info="">
[20:49:51.257]      Write32(0xE000EDF0, 0xA05F0001);                                        // Enable Core Debug via DHCSR
[20:49:51.257]        // -> [Write32(0xE000EDF0, 0xA05F0001)]   (__dp=0x00000000, __ap=0x00000000)
[20:49:51.257]      Write32(0xE0042004, DbgMCU_CR);                                         // DBGMCU_CR: Configure MCU Debug
[20:49:51.258]        // -> [Write32(0xE0042004, 0x00000007)]   (__dp=0x00000000, __ap=0x00000000)
[20:49:51.258]    </block>
[20:49:51.258]  </sequence>
[20:49:51.258]  
[20:50:30.936]  **********  Sequence "DebugDeviceUnlock"  (Context="Target Access", Pname="", info="")
[20:50:30.936]  
[20:50:30.942]  <debugvars>
[20:50:30.942]    // Pre-defined
[20:50:30.942]    __protocol=0x00010002      (Protocol="SWD", SWJ-DP="True")
[20:50:30.942]    __connection=0x00000202    (Connection Type="Flash", Reset Type="System Reset")
[20:50:30.942]    __dp=0x00000000
[20:50:30.942]    __ap=0x00000000
[20:50:30.942]    __traceout=0x00000000      (Trace Disabled)
[20:50:30.942]    __errorcontrol=0x00000000  (Skip Errors="False")
[20:50:30.943]    __FlashAddr=0x00000000
[20:50:30.943]    __FlashLen=0x00000000
[20:50:30.943]    __FlashArg=0x00000000
[20:50:30.943]    __FlashOp=0x00000000
[20:50:30.943]    __Result=0x00000000
[20:50:30.943]    
[20:50:30.943]    // User-defined
[20:50:30.943]    DbgMCU_CR=0x00000007
[20:50:30.943]  </debugvars>
[20:50:30.943]  
[20:50:30.943]  <sequence name="DebugDeviceUnlock" Pname="" disable="false" info="">
[20:50:30.943]    <block atomic="false" info="">
[20:50:30.943]      Sequence("CheckID");
[20:50:30.943]        <sequence name="CheckID" Pname="" disable="false" info="">
[20:50:30.943]          <block atomic="false" info="">
[20:50:30.943]            __var pidr1 = 0;
[20:50:30.943]              // -> [pidr1 <= 0x00000000]
[20:50:30.943]            __var pidr2 = 0;
[20:50:30.943]              // -> [pidr2 <= 0x00000000]
[20:50:30.943]            __var jep106id = 0;
[20:50:30.943]              // -> [jep106id <= 0x00000000]
[20:50:30.943]            __var ROMTableBase = 0;
[20:50:30.943]              // -> [ROMTableBase <= 0x00000000]
[20:50:30.943]            __ap = 0;      // AHB-AP
[20:50:30.944]              // -> [__ap <= 0x00000000]
[20:50:30.944]            ROMTableBase = ReadAP(0xF8) & ~0x3;
[20:50:30.944]              // -> [ReadAP(0x000000F8) => 0xE00FF003]   (__dp=0x00000000, __ap=0x00000000)
[20:50:30.944]              // -> [ROMTableBase <= 0xE00FF000]
[20:50:30.944]            pidr1 = Read32(ROMTableBase + 0x0FE4);
[20:50:30.944]              // -> [Read32(0xE00FFFE4) => 0x00000004]   (__dp=0x00000000, __ap=0x00000000)
[20:50:30.944]              // -> [pidr1 <= 0x00000004]
[20:50:30.944]            pidr2 = Read32(ROMTableBase + 0x0FE8);
[20:50:30.945]              // -> [Read32(0xE00FFFE8) => 0x0000000A]   (__dp=0x00000000, __ap=0x00000000)
[20:50:30.945]              // -> [pidr2 <= 0x0000000A]
[20:50:30.945]            jep106id = ((pidr2 & 0x7) << 4 ) | ((pidr1 >> 4) & 0xF);
[20:50:30.945]              // -> [jep106id <= 0x00000020]
[20:50:30.945]          </block>
[20:50:30.945]          <control if="jep106id != 0x20" while="" timeout="0" info="">
[20:50:30.945]            // if-block "jep106id != 0x20"
[20:50:30.945]              // =>  FALSE
[20:50:30.945]            // skip if-block "jep106id != 0x20"
[20:50:30.945]          </control>
[20:50:30.945]        </sequence>
[20:50:30.945]    </block>
[20:50:30.945]  </sequence>
[20:50:30.945]  
[20:50:30.945]  **********  Sequence "DebugCoreStart"  (Context="Target Access", Pname="", info="")
[20:50:30.945]  
[20:50:30.945]  <debugvars>
[20:50:30.945]    // Pre-defined
[20:50:30.945]    __protocol=0x00010002      (Protocol="SWD", SWJ-DP="True")
[20:50:30.945]    __connection=0x00000202    (Connection Type="Flash", Reset Type="System Reset")
[20:50:30.946]    __dp=0x00000000
[20:50:30.946]    __ap=0x00000000
[20:50:30.946]    __traceout=0x00000000      (Trace Disabled)
[20:50:30.946]    __errorcontrol=0x00000000  (Skip Errors="False")
[20:50:30.946]    __FlashAddr=0x00000000
[20:50:30.946]    __FlashLen=0x00000000
[20:50:30.946]    __FlashArg=0x00000000
[20:50:30.946]    __FlashOp=0x00000000
[20:50:30.946]    __Result=0x00000000
[20:50:30.946]    
[20:50:30.946]    // User-defined
[20:50:30.946]    DbgMCU_CR=0x00000007
[20:50:30.946]  </debugvars>
[20:50:30.946]  
[20:50:30.946]  <sequence name="DebugCoreStart" Pname="" disable="false" info="">
[20:50:30.947]    <block atomic="false" info="">
[20:50:30.947]      Write32(0xE000EDF0, 0xA05F0001);                                        // Enable Core Debug via DHCSR
[20:50:30.947]        // -> [Write32(0xE000EDF0, 0xA05F0001)]   (__dp=0x00000000, __ap=0x00000000)
[20:50:30.947]      Write32(0xE0042004, DbgMCU_CR);                                         // DBGMCU_CR: Configure MCU Debug
[20:50:30.947]        // -> [Write32(0xE0042004, 0x00000007)]   (__dp=0x00000000, __ap=0x00000000)
[20:50:30.947]    </block>
[20:50:30.948]  </sequence>
[20:50:30.948]  
[20:50:34.583]  **********  Sequence "DebugDeviceUnlock"  (Context="Target Access", Pname="", info="")
[20:50:34.583]  
[20:50:34.591]  <debugvars>
[20:50:34.591]    // Pre-defined
[20:50:34.591]    __protocol=0x00010002      (Protocol="SWD", SWJ-DP="True")
[20:50:34.591]    __connection=0x00000201    (Connection Type="Debug", Reset Type="System Reset")
[20:50:34.591]    __dp=0x00000000
[20:50:34.591]    __ap=0x00000000
[20:50:34.591]    __traceout=0x00000000      (Trace Disabled)
[20:50:34.591]    __errorcontrol=0x00000000  (Skip Errors="False")
[20:50:34.591]    __FlashAddr=0x00000000
[20:50:34.591]    __FlashLen=0x00000000
[20:50:34.591]    __FlashArg=0x00000000
[20:50:34.591]    __FlashOp=0x00000000
[20:50:34.591]    __Result=0x00000000
[20:50:34.591]    
[20:50:34.591]    // User-defined
[20:50:34.591]    DbgMCU_CR=0x00000007
[20:50:34.591]  </debugvars>
[20:50:34.591]  
[20:50:34.591]  <sequence name="DebugDeviceUnlock" Pname="" disable="false" info="">
[20:50:34.591]    <block atomic="false" info="">
[20:50:34.591]      Sequence("CheckID");
[20:50:34.591]        <sequence name="CheckID" Pname="" disable="false" info="">
[20:50:34.591]          <block atomic="false" info="">
[20:50:34.591]            __var pidr1 = 0;
[20:50:34.591]              // -> [pidr1 <= 0x00000000]
[20:50:34.591]            __var pidr2 = 0;
[20:50:34.591]              // -> [pidr2 <= 0x00000000]
[20:50:34.591]            __var jep106id = 0;
[20:50:34.592]              // -> [jep106id <= 0x00000000]
[20:50:34.592]            __var ROMTableBase = 0;
[20:50:34.592]              // -> [ROMTableBase <= 0x00000000]
[20:50:34.592]            __ap = 0;      // AHB-AP
[20:50:34.592]              // -> [__ap <= 0x00000000]
[20:50:34.592]            ROMTableBase = ReadAP(0xF8) & ~0x3;
[20:50:34.592]              // -> [ReadAP(0x000000F8) => 0xE00FF003]   (__dp=0x00000000, __ap=0x00000000)
[20:50:34.592]              // -> [ROMTableBase <= 0xE00FF000]
[20:50:34.592]            pidr1 = Read32(ROMTableBase + 0x0FE4);
[20:50:34.593]              // -> [Read32(0xE00FFFE4) => 0x00000004]   (__dp=0x00000000, __ap=0x00000000)
[20:50:34.593]              // -> [pidr1 <= 0x00000004]
[20:50:34.593]            pidr2 = Read32(ROMTableBase + 0x0FE8);
[20:50:34.593]              // -> [Read32(0xE00FFFE8) => 0x0000000A]   (__dp=0x00000000, __ap=0x00000000)
[20:50:34.593]              // -> [pidr2 <= 0x0000000A]
[20:50:34.593]            jep106id = ((pidr2 & 0x7) << 4 ) | ((pidr1 >> 4) & 0xF);
[20:50:34.593]              // -> [jep106id <= 0x00000020]
[20:50:34.593]          </block>
[20:50:34.593]          <control if="jep106id != 0x20" while="" timeout="0" info="">
[20:50:34.593]            // if-block "jep106id != 0x20"
[20:50:34.593]              // =>  FALSE
[20:50:34.593]            // skip if-block "jep106id != 0x20"
[20:50:34.593]          </control>
[20:50:34.594]        </sequence>
[20:50:34.594]    </block>
[20:50:34.594]  </sequence>
[20:50:34.594]  
[20:50:34.594]  **********  Sequence "DebugCoreStart"  (Context="Target Access", Pname="", info="")
[20:50:34.594]  
[20:50:34.594]  <debugvars>
[20:50:34.594]    // Pre-defined
[20:50:34.594]    __protocol=0x00010002      (Protocol="SWD", SWJ-DP="True")
[20:50:34.594]    __connection=0x00000201    (Connection Type="Debug", Reset Type="System Reset")
[20:50:34.594]    __dp=0x00000000
[20:50:34.594]    __ap=0x00000000
[20:50:34.594]    __traceout=0x00000000      (Trace Disabled)
[20:50:34.594]    __errorcontrol=0x00000000  (Skip Errors="False")
[20:50:34.594]    __FlashAddr=0x00000000
[20:50:34.594]    __FlashLen=0x00000000
[20:50:34.594]    __FlashArg=0x00000000
[20:50:34.594]    __FlashOp=0x00000000
[20:50:34.594]    __Result=0x00000000
[20:50:34.594]    
[20:50:34.594]    // User-defined
[20:50:34.594]    DbgMCU_CR=0x00000007
[20:50:34.595]  </debugvars>
[20:50:34.595]  
[20:50:34.595]  <sequence name="DebugCoreStart" Pname="" disable="false" info="">
[20:50:34.595]    <block atomic="false" info="">
[20:50:34.595]      Write32(0xE000EDF0, 0xA05F0001);                                        // Enable Core Debug via DHCSR
[20:50:34.595]        // -> [Write32(0xE000EDF0, 0xA05F0001)]   (__dp=0x00000000, __ap=0x00000000)
[20:50:34.595]      Write32(0xE0042004, DbgMCU_CR);                                         // DBGMCU_CR: Configure MCU Debug
[20:50:34.596]        // -> [Write32(0xE0042004, 0x00000007)]   (__dp=0x00000000, __ap=0x00000000)
[20:50:34.596]    </block>
[20:50:34.596]  </sequence>
[20:50:34.596]  
