Component: ARM Compiler 5.06 update 7 (build 960) Tool: armlink [4d3601]

==============================================================================

Section Cross References

    stm32f10x_adc.o(i.ADC_DeInit) refers to stm32f10x_rcc.o(i.RCC_APB2PeriphResetCmd) for RCC_APB2PeriphResetCmd
    stm32f10x_bkp.o(i.BKP_DeInit) refers to stm32f10x_rcc.o(i.RCC_BackupResetCmd) for RCC_BackupResetCmd
    stm32f10x_can.o(i.CAN_DeInit) refers to stm32f10x_rcc.o(i.RCC_APB1PeriphResetCmd) for RCC_APB1PeriphResetCmd
    stm32f10x_can.o(i.CAN_GetITStatus) refers to stm32f10x_can.o(i.CheckITStatus) for CheckITStatus
    stm32f10x_cec.o(i.CEC_DeInit) refers to stm32f10x_rcc.o(i.RCC_APB1PeriphResetCmd) for RCC_APB1PeriphResetCmd
    stm32f10x_dac.o(i.DAC_DeInit) refers to stm32f10x_rcc.o(i.RCC_APB1PeriphResetCmd) for RCC_APB1PeriphResetCmd
    stm32f10x_flash.o(i.FLASH_EnableWriteProtection) refers to stm32f10x_flash.o(i.FLASH_WaitForLastOperation) for FLASH_WaitForLastOperation
    stm32f10x_flash.o(i.FLASH_EraseAllBank1Pages) refers to stm32f10x_flash.o(i.FLASH_WaitForLastBank1Operation) for FLASH_WaitForLastBank1Operation
    stm32f10x_flash.o(i.FLASH_EraseAllPages) refers to stm32f10x_flash.o(i.FLASH_WaitForLastOperation) for FLASH_WaitForLastOperation
    stm32f10x_flash.o(i.FLASH_EraseOptionBytes) refers to stm32f10x_flash.o(i.FLASH_GetReadOutProtectionStatus) for FLASH_GetReadOutProtectionStatus
    stm32f10x_flash.o(i.FLASH_EraseOptionBytes) refers to stm32f10x_flash.o(i.FLASH_WaitForLastOperation) for FLASH_WaitForLastOperation
    stm32f10x_flash.o(i.FLASH_ErasePage) refers to stm32f10x_flash.o(i.FLASH_WaitForLastOperation) for FLASH_WaitForLastOperation
    stm32f10x_flash.o(i.FLASH_ProgramHalfWord) refers to stm32f10x_flash.o(i.FLASH_WaitForLastOperation) for FLASH_WaitForLastOperation
    stm32f10x_flash.o(i.FLASH_ProgramOptionByteData) refers to stm32f10x_flash.o(i.FLASH_WaitForLastOperation) for FLASH_WaitForLastOperation
    stm32f10x_flash.o(i.FLASH_ProgramWord) refers to stm32f10x_flash.o(i.FLASH_WaitForLastOperation) for FLASH_WaitForLastOperation
    stm32f10x_flash.o(i.FLASH_ReadOutProtection) refers to stm32f10x_flash.o(i.FLASH_WaitForLastOperation) for FLASH_WaitForLastOperation
    stm32f10x_flash.o(i.FLASH_UserOptionByteConfig) refers to stm32f10x_flash.o(i.FLASH_WaitForLastOperation) for FLASH_WaitForLastOperation
    stm32f10x_flash.o(i.FLASH_WaitForLastBank1Operation) refers to stm32f10x_flash.o(i.FLASH_GetBank1Status) for FLASH_GetBank1Status
    stm32f10x_flash.o(i.FLASH_WaitForLastOperation) refers to stm32f10x_flash.o(i.FLASH_GetBank1Status) for FLASH_GetBank1Status
    stm32f10x_gpio.o(i.GPIO_AFIODeInit) refers to stm32f10x_rcc.o(i.RCC_APB2PeriphResetCmd) for RCC_APB2PeriphResetCmd
    stm32f10x_gpio.o(i.GPIO_DeInit) refers to stm32f10x_rcc.o(i.RCC_APB2PeriphResetCmd) for RCC_APB2PeriphResetCmd
    stm32f10x_i2c.o(i.I2C_DeInit) refers to stm32f10x_rcc.o(i.RCC_APB1PeriphResetCmd) for RCC_APB1PeriphResetCmd
    stm32f10x_i2c.o(i.I2C_Init) refers to stm32f10x_rcc.o(i.RCC_GetClocksFreq) for RCC_GetClocksFreq
    stm32f10x_pwr.o(i.PWR_DeInit) refers to stm32f10x_rcc.o(i.RCC_APB1PeriphResetCmd) for RCC_APB1PeriphResetCmd
    stm32f10x_rcc.o(i.RCC_GetClocksFreq) refers to stm32f10x_rcc.o(.data) for .data
    stm32f10x_rcc.o(i.RCC_WaitForHSEStartUp) refers to stm32f10x_rcc.o(i.RCC_GetFlagStatus) for RCC_GetFlagStatus
    stm32f10x_rtc.o(i.RTC_SetAlarm) refers to stm32f10x_rtc.o(i.RTC_EnterConfigMode) for RTC_EnterConfigMode
    stm32f10x_rtc.o(i.RTC_SetAlarm) refers to stm32f10x_rtc.o(i.RTC_ExitConfigMode) for RTC_ExitConfigMode
    stm32f10x_rtc.o(i.RTC_SetCounter) refers to stm32f10x_rtc.o(i.RTC_EnterConfigMode) for RTC_EnterConfigMode
    stm32f10x_rtc.o(i.RTC_SetCounter) refers to stm32f10x_rtc.o(i.RTC_ExitConfigMode) for RTC_ExitConfigMode
    stm32f10x_rtc.o(i.RTC_SetPrescaler) refers to stm32f10x_rtc.o(i.RTC_EnterConfigMode) for RTC_EnterConfigMode
    stm32f10x_rtc.o(i.RTC_SetPrescaler) refers to stm32f10x_rtc.o(i.RTC_ExitConfigMode) for RTC_ExitConfigMode
    stm32f10x_spi.o(i.I2S_Init) refers to stm32f10x_rcc.o(i.RCC_GetClocksFreq) for RCC_GetClocksFreq
    stm32f10x_spi.o(i.SPI_I2S_DeInit) refers to stm32f10x_rcc.o(i.RCC_APB2PeriphResetCmd) for RCC_APB2PeriphResetCmd
    stm32f10x_spi.o(i.SPI_I2S_DeInit) refers to stm32f10x_rcc.o(i.RCC_APB1PeriphResetCmd) for RCC_APB1PeriphResetCmd
    stm32f10x_tim.o(i.TIM_DeInit) refers to stm32f10x_rcc.o(i.RCC_APB2PeriphResetCmd) for RCC_APB2PeriphResetCmd
    stm32f10x_tim.o(i.TIM_DeInit) refers to stm32f10x_rcc.o(i.RCC_APB1PeriphResetCmd) for RCC_APB1PeriphResetCmd
    stm32f10x_tim.o(i.TIM_ETRClockMode1Config) refers to stm32f10x_tim.o(i.TIM_ETRConfig) for TIM_ETRConfig
    stm32f10x_tim.o(i.TIM_ETRClockMode2Config) refers to stm32f10x_tim.o(i.TIM_ETRConfig) for TIM_ETRConfig
    stm32f10x_tim.o(i.TIM_ICInit) refers to stm32f10x_tim.o(i.TI4_Config) for TI4_Config
[...]
    __rt_entry_main                          0x08000227   Thumb Code     0  __rtentry2.o(.ARM.Collect$$rtentry$$0000000D)
    __rt_entry_postli_1                      0x08000227   Thumb Code     0  __rtentry2.o(.ARM.Collect$$rtentry$$0000000C)
    __rt_exit                                0x0800022f   Thumb Code     0  rtexit.o(.ARM.Collect$$rtexit$$00000000)
    __rt_exit_ls                             0x08000231   Thumb Code     0  rtexit2.o(.ARM.Collect$$rtexit$$00000003)
    __rt_exit_prels_1                        0x08000231   Thumb Code     0  rtexit2.o(.ARM.Collect$$rtexit$$00000002)
    __rt_exit_exit                           0x08000235   Thumb Code     0  rtexit2.o(.ARM.Collect$$rtexit$$00000004)
    Reset_Handler                            0x0800023d   Thumb Code     8  startup_stm32f10x_md.o(.text)
    _maybe_terminate_alloc                   0x0800023d   Thumb Code     0  maybetermalloc1.o(.emb_text)
    ADC1_2_IRQHandler                        0x08000257   Thumb Code     0  startup_stm32f10x_md.o(.text)
    CAN1_RX1_IRQHandler                      0x08000257   Thumb Code     0  startup_stm32f10x_md.o(.text)
    CAN1_SCE_IRQHandler                      0x08000257   Thumb Code     0  startup_stm32f10x_md.o(.text)
    DMA1_Channel1_IRQHandler                 0x08000257   Thumb Code     0  startup_stm32f10x_md.o(.text)
    DMA1_Channel2_IRQHandler                 0x08000257   Thumb Code     0  startup_stm32f10x_md.o(.text)
    DMA1_Channel3_IRQHandler                 0x08000257   Thumb Code     0  startup_stm32f10x_md.o(.text)
    DMA1_Channel4_IRQHandler                 0x08000257   Thumb Code     0  startup_stm32f10x_md.o(.text)
    DMA1_Channel5_IRQHandler                 0x08000257   Thumb Code     0  startup_stm32f10x_md.o(.text)
    DMA1_Channel6_IRQHandler                 0x08000257   Thumb Code     0  startup_stm32f10x_md.o(.text)
    DMA1_Channel7_IRQHandler                 0x08000257   Thumb Code     0  startup_stm32f10x_md.o(.text)
    EXTI0_IRQHandler                         0x08000257   Thumb Code     0  startup_stm32f10x_md.o(.text)
    EXTI15_10_IRQHandler                     0x08000257   Thumb Code     0  startup_stm32f10x_md.o(.text)
    EXTI1_IRQHandler                         0x08000257   Thumb Code     0  startup_stm32f10x_md.o(.text)
    EXTI2_IRQHandler                         0x08000257   Thumb Code     0  startup_stm32f10x_md.o(.text)
    EXTI3_IRQHandler                         0x08000257   Thumb Code     0  startup_stm32f10x_md.o(.text)
    EXTI4_IRQHandler                         0x08000257   Thumb Code     0  startup_stm32f10x_md.o(.text)
    EXTI9_5_IRQHandler                       0x08000257   Thumb Code     0  startup_stm32f10x_md.o(.text)
    FLASH_IRQHandler                         0x08000257   Thumb Code     0  startup_stm32f10x_md.o(.text)
    I2C1_ER_IRQHandler                       0x08000257   Thumb Code     0  startup_stm32f10x_md.o(.text)
    I2C1_EV_IRQHandler                       0x08000257   Thumb Code     0  startup_stm32f10x_md.o(.text)
    I2C2_ER_IRQHandler                       0x08000257   Thumb Code     0  startup_stm32f10x_md.o(.text)
    I2C2_EV_IRQHandler                       0x08000257   Thumb Code     0  startup_stm32f10x_md.o(.text)
    PVD_IRQHandler                           0x08000257   Thumb Code     0  startup_stm32f10x_md.o(.text)
    RCC_IRQHandler                           0x08000257   Thumb Code     0  startup_stm32f10x_md.o(.text)
    RTCAlarm_IRQHandler                      0x08000257   Thumb Code     0  startup_stm32f10x_md.o(.text)
    RTC_IRQHandler                           0x08000257   Thumb Code     0  startup_stm32f10x_md.o(.text)
    SPI1_IRQHandler                          0x08000257   Thumb Code     0  startup_stm32f10x_md.o(.text)
    SPI2_IRQHandler                          0x08000257   Thumb Code     0  startup_stm32f10x_md.o(.text)
    TAMPER_IRQHandler                        0x08000257   Thumb Code     0  startup_stm32f10x_md.o(.text)
    TIM1_BRK_IRQHandler                      0x08000257   Thumb Code     0  startup_stm32f10x_md.o(.text)
    TIM1_CC_IRQHandler                       0x08000257   Thumb Code     0  startup_stm32f10x_md.o(.text)
    TIM1_TRG_COM_IRQHandler                  0x08000257   Thumb Code     0  startup_stm32f10x_md.o(.text)
    TIM2_IRQHandler                          0x08000257   Thumb Code     0  startup_stm32f10x_md.o(.text)
    TIM3_IRQHandler                          0x08000257   Thumb Code     0  startup_stm32f10x_md.o(.text)
    TIM4_IRQHandler                          0x08000257   Thumb Code     0  startup_stm32f10x_md.o(.text)
    USART3_IRQHandler                        0x08000257   Thumb Code     0  startup_stm32f10x_md.o(.text)
    USBWakeUp_IRQHandler                     0x08000257   Thumb Code     0  startup_stm32f10x_md.o(.text)
    USB_HP_CAN1_TX_IRQHandler                0x08000257   Thumb Code     0  startup_stm32f10x_md.o(.text)
    USB_LP_CAN1_RX0_IRQHandler               0x08000257   Thumb Code     0  startup_stm32f10x_md.o(.text)
    WWDG_IRQHandler                          0x08000257   Thumb Code     0  startup_stm32f10x_md.o(.text)
    __user_initial_stackheap                 0x08000259   Thumb Code     0  startup_stm32f10x_md.o(.text)
    __use_no_semihosting                     0x0800027d   Thumb Code     2  use_no_semi_2.o(.text)
    malloc                                   0x0800027f   Thumb Code    94  h1_alloc.o(.text)
    vsprintf                                 0x080002dd   Thumb Code    32  vsprintf.o(.text)
    __2snprintf                              0x08000301   Thumb Code    50  __2snprintf.o(.text)
    __printf                                 0x08000339   Thumb Code   388  __printf_flags_ss_wp.o(.text)
    __aeabi_memcpy                           0x080004c1   Thumb Code     0  rt_memcpy_v6.o(.text)
    __rt_memcpy                              0x080004c1   Thumb Code   138  rt_memcpy_v6.o(.text)
    _memcpy_lastbytes                        0x08000527   Thumb Code     0  rt_memcpy_v6.o(.text)
    __aeabi_memcpy4                          0x0800054b   Thumb Code     0  rt_memcpy_w.o(.text)
    __aeabi_memcpy8                          0x0800054b   Thumb Code     0  rt_memcpy_w.o(.text)
    __rt_memcpy_w                            0x0800054b   Thumb Code   100  rt_memcpy_w.o(.text)
    _memcpy_lastbytes_aligned                0x08000593   Thumb Code     0  rt_memcpy_w.o(.text)
    strcmp                                   0x080005b1   Thumb Code   128  strcmpv7m.o(.text)
    __use_two_region_memory                  0x08000631   Thumb Code     2  heapauxi.o(.text)
    __rt_heap_escrow                         0x08000633   Thumb Code     2  heapauxi.o(.text)
    __rt_heap_expand                         0x08000635   Thumb Code     2  heapauxi.o(.text)
    __I$use$semihosting                      0x08000637   Thumb Code     0  use_no_semi.o(.text)
    __use_no_semihosting_swi                 0x08000637   Thumb Code     2  use_no_semi.o(.text)
    __rt_heap_descriptor                     0x08000639   Thumb Code     8  rt_heap_descriptor_intlibspace.o(.text)
    __use_no_heap                            0x08000641   Thumb Code     2  hguard.o(.text)
    __heap$guard                             0x08000643   Thumb Code     2  hguard.o(.text)
    _terminate_user_alloc                    0x08000645   Thumb Code     2  init_alloc.o(.text)
    _init_user_alloc                         0x08000647   Thumb Code     2  init_alloc.o(.text)
    __Heap_Full                              0x08000649   Thumb Code    34  init_alloc.o(.text)
    __Heap_Broken                            0x0800066b   Thumb Code     6  init_alloc.o(.text)
    _init_alloc                              0x08000671   Thumb Code    94  init_alloc.o(.text)
    __Heap_Initialize                        0x080006cf   Thumb Code    10  h1_init.o(.text)
    __Heap_DescSize                          0x080006d9   Thumb Code     4  h1_init.o(.text)
    free                                     0x080006dd   Thumb Code    78  h1_free.o(.text)
    __read_errno                             0x0800072b   Thumb Code    10  _rserrno.o(.text)
    __set_errno                              0x08000735   Thumb Code    12  _rserrno.o(.text)
    _printf_pre_padding                      0x08000741   Thumb Code    44  _printf_pad.o(.text)
    _printf_post_padding                     0x0800076d   Thumb Code    34  _printf_pad.o(.text)
    _printf_truncate_signed                  0x0800078f   Thumb Code    18  _printf_truncate.o(.text)
    _printf_truncate_unsigned                0x080007a1   Thumb Code    18  _printf_truncate.o(.text)
    _printf_str                              0x080007b3   Thumb Code    82  _printf_str.o(.text)
    _printf_int_dec                          0x08000805   Thumb Code   104  _printf_dec.o(.text)
    _printf_charcount                        0x0800087d   Thumb Code    40  _printf_charcount.o(.text)
    __lib_sel_fp_printf                      0x080008a5   Thumb Code     2  _printf_fp_dec.o(.text)
    _printf_fp_dec_real                      0x08000a57   Thumb Code   620  _printf_fp_dec.o(.text)
    _printf_char_common                      0x08000ccf   Thumb Code    32  _printf_char_common.o(.text)
    _sputc                                   0x08000cf5   Thumb Code    10  _sputc.o(.text)
    _snputc                                  0x08000cff   Thumb Code    16  _snputc.o(.text)
    _printf_wctomb                           0x08000d11   Thumb Code   182  _printf_wctomb.o(.text)
    _printf_longlong_dec                     0x08000dcd   Thumb Code   108  _printf_longlong_dec.o(.text)
    _printf_longlong_oct                     0x08000e49   Thumb Code    66  _printf_oct_int_ll.o(.text)
    _printf_int_oct                          0x08000e8b   Thumb Code    24  _printf_oct_int_ll.o(.text)
    _printf_ll_oct                           0x08000ea3   Thumb Code    12  _printf_oct_int_ll.o(.text)
    _printf_longlong_hex                     0x08000eb9   Thumb Code    86  _printf_hex_int_ll_ptr.o(.text)
    _printf_int_hex                          0x08000f0f   Thumb Code    28  _printf_hex_int_ll_ptr.o(.text)
    _printf_ll_hex                           0x08000f2b   Thumb Code    12  _printf_hex_int_ll_ptr.o(.text)
    _printf_hex_ptr                          0x08000f37   Thumb Code    18  _printf_hex_int_ll_ptr.o(.text)
    __user_libspace                          0x08000f4d   Thumb Code     8  libspace.o(.text)
    __user_perproc_libspace                  0x08000f4d   Thumb Code     0  libspace.o(.text)
    __user_perthread_libspace                0x08000f4d   Thumb Code     0  libspace.o(.text)
    __rt_locale                              0x08000f55   Thumb Code     8  rt_locale_intlibspace.o(.text)
    __aeabi_errno_addr                       0x08000f5d   Thumb Code     8  rt_errno_addr_intlibspace.o(.text)
    __errno$intlibspace                      0x08000f5d   Thumb Code     0  rt_errno_addr_intlibspace.o(.text)
    __rt_errno_addr$intlibspace              0x08000f5d   Thumb Code     0  rt_errno_addr_intlibspace.o(.text)
    __Heap_ProvideMemory                     0x08000f65   Thumb Code    52  h1_extend.o(.text)
    _ll_udiv10                               0x08000f99   Thumb Code   138  lludiv10.o(.text)
    _printf_int_common                       0x08001023   Thumb Code   178  _printf_intcommon.o(.text)
    _printf_fp_hex_real                      0x080010d5   Thumb Code   756  _printf_fp_hex.o(.text)
    _printf_fp_infnan                        0x080013d1   Thumb Code   112  _printf_fp_infnan.o(.text)
    _printf_cs_common                        0x08001451   Thumb Code    20  _printf_char.o(.text)
    _printf_char                             0x08001465   Thumb Code    16  _printf_char.o(.text)
    _printf_string                           0x08001475   Thumb Code     8  _printf_char.o(.text)
    _printf_lcs_common                       0x0800147d   Thumb Code    20  _printf_wchar.o(.text)
    _printf_wchar                            0x08001491   Thumb Code    16  _printf_wchar.o(.text)
    _printf_wstring                          0x080014a1   Thumb Code     8  _printf_wchar.o(.text)
    _btod_etento                             0x080014a9   Thumb Code   224  bigflt0.o(.text)
    _wcrtomb                                 0x0800158d   Thumb Code    64  _wcrtomb.o(.text)
    __rt_SIGRTMEM                            0x080015cd   Thumb Code    14  defsig_rtmem_outer.o(.text)
    __user_setup_stackheap                   0x080015db   Thumb Code    74  sys_stackheap_outer.o(.text)
    __rt_ctype_table                         0x08001625   Thumb Code    16  rt_ctype_table.o(.text)
    exit                                     0x08001635   Thumb Code    18  exit.o(.text)
    __sig_exit                               0x08001647   Thumb Code    10  defsig_exit.o(.text)
    __rt_SIGRTMEM_inner                      0x08001651   Thumb Code    22  defsig_rtmem_inner.o(.text)
    __default_signal_display                 0x080016a1   Thumb Code    50  defsig_general.o(.text)
    _btod_d2e                                0x080016d3   Thumb Code    62  btod.o(CL$$btod_d2e)
    _d2e_denorm_low                          0x08001711   Thumb Code    70  btod.o(CL$$btod_d2e_denorm_low)
    _d2e_norm_op1                            0x08001757   Thumb Code    96  btod.o(CL$$btod_d2e_norm_op1)
    __btod_div_common                        0x080017b7   Thumb Code   696  btod.o(CL$$btod_div_common)
    _e2e                                     0x08001aef   Thumb Code   220  btod.o(CL$$btod_e2e)
    _btod_ediv                               0x08001bcb   Thumb Code    42  btod.o(CL$$btod_ediv)
    _btod_emul                               0x08001bf5   Thumb Code    42  btod.o(CL$$btod_emul)
    __btod_mult_common                       0x08001c1f   Thumb Code   580  btod.o(CL$$btod_mult_common)
    Angle_Get                                0x08001e65   Thumb Code    32  main.o(i.Angle_Get)
    BusFault_Handler                         0x08001e8d   Thumb Code     2  stm32f10x_it.o(i.BusFault_Handler)
    Create_HI2C                              0x08001e91   Thumb Code   216  _i2c.o(i.Create_HI2C)
    DMA_Cmd                                  0x08001f91   Thumb Code    26  stm32f10x_dma.o(i.DMA_Cmd)
    DMA_Init                                 0x08001fab   Thumb Code    58  stm32f10x_dma.o(i.DMA_Init)
    DMA_SetCurrDataCounter                   0x08001fe5   Thumb Code     4  stm32f10x_dma.o(i.DMA_SetCurrDataCounter)
    DebugMon_Handler                         0x08001fe9   Thumb Code     2  stm32f10x_it.o(i.DebugMon_Handler)
    Delay_ms                                 0x08001feb   Thumb Code    24  delay.o(i.Delay_ms)
    Delay_us                                 0x08002003   Thumb Code    32  delay.o(i.Delay_us)
    Encoder_TIM3_Init                        0x08002025   Thumb Code   162  encoder.o(i.Encoder_TIM3_Init)
    Encoder_TIM4_Init                        0x080020d1   Thumb Code   162  encoder.o(i.Encoder_TIM4_Init)
    GPIO_Init                                0x0800217d   Thumb Code   166  stm32f10x_gpio.o(i.GPIO_Init)
    GPIO_ReadInputDataBit                    0x08002223   Thumb Code    14  stm32f10x_gpio.o(i.GPIO_ReadInputDataBit)
    GPIO_ResetBits                           0x08002231   Thumb Code     4  stm32f10x_gpio.o(i.GPIO_ResetBits)
    GPIO_SetBits                             0x08002235   Thumb Code     4  stm32f10x_gpio.o(i.GPIO_SetBits)
    GPIO_StructInit                          0x08002239   Thumb Code    16  stm32f10x_gpio.o(i.GPIO_StructInit)
    GPIO_WriteBit                            0x08002249   Thumb Code    12  stm32f10x_gpio.o(i.GPIO_WriteBit)
    HI2C_Rest_Speed                          0x08002255   Thumb Code    52  _i2c.o(i.HI2C_Rest_Speed)
    HI2C_WaitEvent                           0x0800228d   Thumb Code    32  _i2c.o(i.HI2C_WaitEvent)
    HardFault_Handler                        0x080022ad   Thumb Code     2  stm32f10x_it.o(i.HardFault_Handler)
    I2C_AcknowledgeConfig                    0x080022af   Thumb Code    24  stm32f10x_i2c.o(i.I2C_AcknowledgeConfig)
    I2C_CheckEvent                           0x080022c7   Thumb Code    24  stm32f10x_i2c.o(i.I2C_CheckEvent)
    I2C_Cmd                                  0x080022df   Thumb Code    24  stm32f10x_i2c.o(i.I2C_Cmd)
    I2C_GenerateSTART                        0x080022f7   Thumb Code    24  stm32f10x_i2c.o(i.I2C_GenerateSTART)
    I2C_GenerateSTOP                         0x0800230f   Thumb Code    24  stm32f10x_i2c.o(i.I2C_GenerateSTOP)
    I2C_Init                                 0x08002329   Thumb Code   182  stm32f10x_i2c.o(i.I2C_Init)
    I2C_ReceiveData                          0x080023e9   Thumb Code     6  stm32f10x_i2c.o(i.I2C_ReceiveData)
    I2C_Send7bitAddress                      0x080023ef   Thumb Code    18  stm32f10x_i2c.o(i.I2C_Send7bitAddress)
    I2C_SendData                             0x08002401   Thumb Code     4  stm32f10x_i2c.o(i.I2C_SendData)
    IWDG_Feed                                0x08002405   Thumb Code     4  iwdg.o(i.IWDG_Feed)
    IWDG_ReloadCounter                       0x08002409   Thumb Code    10  stm32f10x_iwdg.o(i.IWDG_ReloadCounter)
    MPU6050_Get_Angle_Plus                   0x08002419   Thumb Code  1698  mpu6050.o(i.MPU6050_Get_Angle_Plus)
    MPU6050_Init                             0x08002ad5   Thumb Code    68  mpu6050.o(i.MPU6050_Init)
    Main_Config                              0x08002c51   Thumb Code   126  main.o(i.Main_Config)
    MemManage_Handler                        0x08002d01   Thumb Code     2  stm32f10x_it.o(i.MemManage_Handler)
    MotorA_SetSpeed                          0x08002d05   Thumb Code   100  motor.o(i.MotorA_SetSpeed)
    MotorB_SetSpeed                          0x08002d6d   Thumb Code   100  motor.o(i.MotorB_SetSpeed)
    Motor_Init                               0x08002dd5   Thumb Code    44  motor.o(i.Motor_Init)
    NMI_Handler                              0x08002e05   Thumb Code     2  stm32f10x_it.o(i.NMI_Handler)
    NVIC_Init                                0x08002e09   Thumb Code    96  misc.o(i.NVIC_Init)
    NVIC_PriorityGroupConfig                 0x08002e6d   Thumb Code    10  misc.o(i.NVIC_PriorityGroupConfig)
    OLED_Clear                               0x08002e81   Thumb Code    34  oled.o(i.OLED_Clear)
    OLED_ClearArea                           0x08002ea9   Thumb Code    88  oled.o(i.OLED_ClearArea)
    OLED_GPIO_Init                           0x08002f05   Thumb Code    48  oled.o(i.OLED_GPIO_Init)
    OLED_I2C_SendByte                        0x08002f39   Thumb Code    58  oled.o(i.OLED_I2C_SendByte)
    OLED_I2C_Start                           0x08002f73   Thumb Code    30  oled.o(i.OLED_I2C_Start)
    OLED_I2C_Stop                            0x08002f91   Thumb Code    24  oled.o(i.OLED_I2C_Stop)
    OLED_I2C_W_SCL                           0x08002fa9   Thumb Code    12  oled.o(i.OLED_I2C_W_SCL)
    OLED_I2C_W_SDA                           0x08002fb9   Thumb Code    12  oled.o(i.OLED_I2C_W_SDA)
    OLED_Init                                0x08002fc9   Thumb Code   202  oled.o(i.OLED_Init)
    OLED_MPU6050CycleDisplay                 0x08003095   Thumb Code   114  main.o(i.OLED_MPU6050CycleDisplay)
    OLED_MPU6050CycleSend                    0x08003111   Thumb Code    64  main.o(i.OLED_MPU6050CycleSend)
    OLED_MPU6050Display                      0x08003169   Thumb Code    82  main.o(i.OLED_MPU6050Display)
    OLED_PIDCycleDisplay                     0x080031e5   Thumb Code   186  main.o(i.OLED_PIDCycleDisplay)
    OLED_PIDCycleSend                        0x080032a9   Thumb Code    80  main.o(i.OLED_PIDCycleSend)
    OLED_PIDDisplay                          0x08003315   Thumb Code    98  main.o(i.OLED_PIDDisplay)
    OLED_Pow                                 0x080033a9   Thumb Code    16  oled.o(i.OLED_Pow)
    OLED_SerialSend                          0x080033b9   Thumb Code    22  main.o(i.OLED_SerialSend)
    OLED_SetCursor                           0x08003401   Thumb Code    40  oled.o(i.OLED_SetCursor)
    OLED_ShowChar                            0x08003429   Thumb Code    52  oled.o(i.OLED_ShowChar)
    OLED_ShowFloatNum                        0x08003465   Thumb Code   174  oled.o(i.OLED_ShowFloatNum)
    OLED_ShowImage                           0x08003515   Thumb Code   204  oled.o(i.OLED_ShowImage)
    OLED_ShowNum                             0x080035e5   Thumb Code    72  oled.o(i.OLED_ShowNum)
    OLED_ShowSignedNum                       0x0800362d   Thumb Code   104  oled.o(i.OLED_ShowSignedNum)
    OLED_ShowString                          0x08003695   Thumb Code   236  oled.o(i.OLED_ShowString)
    OLED_ShowUnsignedFloatNum                0x08003789   Thumb Code   154  oled.o(i.OLED_ShowUnsignedFloatNum)
    OLED_Update                              0x08003825   Thumb Code    36  oled.o(i.OLED_Update)
    OLED_UpdateArea                          0x0800384d   Thumb Code   100  oled.o(i.OLED_UpdateArea)
    OLED_WriteCommand                        0x080038b5   Thumb Code    36  oled.o(i.OLED_WriteCommand)
    OLED_WriteData                           0x080038d9   Thumb Code    50  oled.o(i.OLED_WriteData)
    PID_Init_Angle                           0x0800390b   Thumb Code    46  pid_positional.o(i.PID_Init_Angle)
    PWM_SetCompare1                          0x08003939   Thumb Code    10  pwm.o(i.PWM_SetCompare1)
    PWM_SetCompare2                          0x08003943   Thumb Code    10  pwm.o(i.PWM_SetCompare2)
    PWM_init                                 0x0800394d   Thumb Code   166  pwm.o(i.PWM_init)
    PendSV_Handler                           0x080039f9   Thumb Code     2  stm32f10x_it.o(i.PendSV_Handler)
    RCC_AHBPeriphClockCmd                    0x080039fd   Thumb Code    22  stm32f10x_rcc.o(i.RCC_AHBPeriphClockCmd)
    RCC_APB1PeriphClockCmd                   0x08003a19   Thumb Code    22  stm32f10x_rcc.o(i.RCC_APB1PeriphClockCmd)
    RCC_APB2PeriphClockCmd                   0x08003a35   Thumb Code    22  stm32f10x_rcc.o(i.RCC_APB2PeriphClockCmd)
    RCC_GetClocksFreq                        0x08003a51   Thumb Code   154  stm32f10x_rcc.o(i.RCC_GetClocksFreq)
    SI2C_ACK_Test                            0x08003afd   Thumb Code    32  _i2c.o(i.SI2C_ACK_Test)
    SI2C_I2C_R_SDA                           0x08003b21   Thumb Code    14  _i2c.o(i.SI2C_I2C_R_SDA)
    SI2C_I2C_SendByte                        0x08003b35   Thumb Code    44  _i2c.o(i.SI2C_I2C_SendByte)
    SI2C_I2C_Start                           0x08003b61   Thumb Code    30  _i2c.o(i.SI2C_I2C_Start)
    SI2C_I2C_Stop                            0x08003b7f   Thumb Code    24  _i2c.o(i.SI2C_I2C_Stop)
    SI2C_I2C_W_SCL                           0x08003b99   Thumb Code    24  _i2c.o(i.SI2C_I2C_W_SCL)
    SI2C_I2C_W_SDA                           0x08003bb5   Thumb Code    24  _i2c.o(i.SI2C_I2C_W_SDA)
    SI2C_ReceiveAck                          0x08003bd1   Thumb Code    30  _i2c.o(i.SI2C_ReceiveAck)
    SI2C_ReceiveByte                         0x08003bef   Thumb Code    52  _i2c.o(i.SI2C_ReceiveByte)
    SI2C_WriteAck                            0x08003c23   Thumb Code    22  _i2c.o(i.SI2C_WriteAck)
    SVC_Handler                              0x08003c39   Thumb Code     2  stm32f10x_it.o(i.SVC_Handler)
    Serial_Init                              0x08003c3d   Thumb Code   328  serial.o(i.Serial_Init)
    Serial_Printf                            0x08003d91   Thumb Code    34  serial.o(i.Serial_Printf)
    Serial_SendByte                          0x08003db3   Thumb Code    26  serial.o(i.Serial_SendByte)
    Serial_SendString                        0x08003dcd   Thumb Code    28  serial.o(i.Serial_SendString)
    Serial_change                            0x08003de9   Thumb Code   208  main.o(i.Serial_change)
    SysTick_Handler                          0x08003fed   Thumb Code     2  stm32f10x_it.o(i.SysTick_Handler)
    SystemInit                               0x08003ff1   Thumb Code    64  system_stm32f10x.o(i.SystemInit)
    TIM1_UP_IRQHandler                       0x08004225   Thumb Code   126  main.o(i.TIM1_UP_IRQHandler)
    TIM_ClearFlag                            0x080042b1   Thumb Code     6  stm32f10x_tim.o(i.TIM_ClearFlag)
    TIM_ClearITPendingBit                    0x080042b7   Thumb Code     6  stm32f10x_tim.o(i.TIM_ClearITPendingBit)
    TIM_Cmd                                  0x080042bd   Thumb Code    24  stm32f10x_tim.o(i.TIM_Cmd)
    TIM_CtrlPWMOutputs                       0x080042d5   Thumb Code    28  stm32f10x_tim.o(i.TIM_CtrlPWMOutputs)
    TIM_EncoderInterfaceConfig               0x080042f1   Thumb Code    50  stm32f10x_tim.o(i.TIM_EncoderInterfaceConfig)
    TIM_GetITStatus                          0x08004323   Thumb Code    24  stm32f10x_tim.o(i.TIM_GetITStatus)
    TIM_ICInit                               0x0800433d   Thumb Code   122  stm32f10x_tim.o(i.TIM_ICInit)
    TIM_ICStructInit                         0x080043c9   Thumb Code    16  stm32f10x_tim.o(i.TIM_ICStructInit)
    TIM_ITConfig                             0x080043d9   Thumb Code    20  stm32f10x_tim.o(i.TIM_ITConfig)
    TIM_InternalClockConfig                  0x080043ed   Thumb Code    10  stm32f10x_tim.o(i.TIM_InternalClockConfig)
    TIM_OC1Init                              0x080043f9   Thumb Code   114  stm32f10x_tim.o(i.TIM_OC1Init)
    TIM_OC1PreloadConfig                     0x08004481   Thumb Code    12  stm32f10x_tim.o(i.TIM_OC1PreloadConfig)
    TIM_OC2Init                              0x0800448d   Thumb Code   128  stm32f10x_tim.o(i.TIM_OC2Init)
    TIM_OC2PreloadConfig                     0x08004515   Thumb Code    20  stm32f10x_tim.o(i.TIM_OC2PreloadConfig)
    TIM_OCStructInit                         0x08004529   Thumb Code    20  stm32f10x_tim.o(i.TIM_OCStructInit)
    TIM_SetCompare1                          0x0800453d   Thumb Code     4  stm32f10x_tim.o(i.TIM_SetCompare1)
    TIM_SetCompare2                          0x08004541   Thumb Code     4  stm32f10x_tim.o(i.TIM_SetCompare2)
    TIM_SetIC1Prescaler                      0x08004545   Thumb Code    16  stm32f10x_tim.o(i.TIM_SetIC1Prescaler)
    TIM_SetIC2Prescaler                      0x08004555   Thumb Code    24  stm32f10x_tim.o(i.TIM_SetIC2Prescaler)
    TIM_SetIC3Prescaler                      0x0800456d   Thumb Code    16  stm32f10x_tim.o(i.TIM_SetIC3Prescaler)
    TIM_SetIC4Prescaler                      0x0800457d   Thumb Code    24  stm32f10x_tim.o(i.TIM_SetIC4Prescaler)
    TIM_TimeBaseInit                         0x08004595   Thumb Code   114  stm32f10x_tim.o(i.TIM_TimeBaseInit)
    Timer_Init                               0x08004631   Thumb Code   116  timer.o(i.Timer_Init)
    USART1_IRQHandler                        0x080046a9   Thumb Code   114  serial.o(i.USART1_IRQHandler)
    USART2_DMA_Init                          0x08004729   Thumb Code    72  serial.o(i.USART2_DMA_Init)
    USART2_DMA_Send                          0x0800477d   Thumb Code    58  serial.o(i.USART2_DMA_Send)
    USART2_IRQHandler                        0x080047c1   Thumb Code   114  serial.o(i.USART2_IRQHandler)
    USART_ClearITPendingBit                  0x08004841   Thumb Code    16  stm32f10x_usart.o(i.USART_ClearITPendingBit)
    USART_Cmd                                0x08004851   Thumb Code    24  stm32f10x_usart.o(i.USART_Cmd)
    USART_DMACmd                             0x08004869   Thumb Code    20  stm32f10x_usart.o(i.USART_DMACmd)
    USART_GetFlagStatus                      0x0800487d   Thumb Code    14  stm32f10x_usart.o(i.USART_GetFlagStatus)
    USART_GetITStatus                        0x0800488b   Thumb Code    64  stm32f10x_usart.o(i.USART_GetITStatus)
    USART_ITConfig                           0x080048cb   Thumb Code    54  stm32f10x_usart.o(i.USART_ITConfig)
    USART_Init                               0x08004901   Thumb Code   182  stm32f10x_usart.o(i.USART_Init)
    USART_ReceiveData                        0x080049bd   Thumb Code     8  stm32f10x_usart.o(i.USART_ReceiveData)
    USART_SendData                           0x080049c5   Thumb Code     8  stm32f10x_usart.o(i.USART_SendData)
    USART_StructInit                         0x080049cd   Thumb Code    22  stm32f10x_usart.o(i.USART_StructInit)
    UsageFault_Handler                       0x080049e3   Thumb Code     2  stm32f10x_it.o(i.UsageFault_Handler)
    _I2C_AdressScan                          0x080049e5   Thumb Code    58  _i2c.o(i._I2C_AdressScan)
    _I2C_ReadReg                             0x08004a25   Thumb Code   350  _i2c.o(i._I2C_ReadReg)
    _I2C_Read_Reg_continue                   0x08004b91   Thumb Code   364  _i2c.o(i._I2C_Read_Reg_continue)
    _I2C_WriteReg                            0x08004d09   Thumb Code   230  _i2c.o(i._I2C_WriteReg)
    _I2C_Write_Reg_continue                  0x08004dfd   Thumb Code   270  _i2c.o(i._I2C_Write_Reg_continue)
    __ARM_fpclassify                         0x08004f19   Thumb Code    40  fpclassify.o(i.__ARM_fpclassify)
    __ARM_fpclassifyf                        0x08004f41   Thumb Code    38  fpclassifyf.o(i.__ARM_fpclassifyf)
    __mathlib_flt_infnan                     0x08004f67   Thumb Code     6  funder.o(i.__mathlib_flt_infnan)
    __mathlib_flt_infnan2                    0x08004f6d   Thumb Code     4  funder.o(i.__mathlib_flt_infnan2)
    __mathlib_flt_invalid                    0x08004f71   Thumb Code     8  funder.o(i.__mathlib_flt_invalid)
    __mathlib_flt_underflow                  0x08004f79   Thumb Code    10  funder.o(i.__mathlib_flt_underflow)
    _is_digit                                0x08004f83   Thumb Code    14  __printf_wp.o(i._is_digit)
    _sys_exit                                0x08004f91   Thumb Code     2  serial.o(i._sys_exit)
    _ttywrch                                 0x08004f93   Thumb Code     2  serial.o(i._ttywrch)
    asinf                                    0x08004f95   Thumb Code   254  asinf.o(i.asinf)
    atan2f                                   0x080050b9   Thumb Code   598  atan2f.o(i.atan2f)
    main                                     0x0800535d   Thumb Code    88  main.o(i.main)
    round                                    0x080053b9   Thumb Code   136  round.o(i.round)
    sqrt                                     0x0800544d   Thumb Code    76  sqrt.o(i.sqrt)
    sqrtf                                    0x08005499   Thumb Code    44  sqrtf.o(i.sqrtf)
    _get_lc_numeric                          0x080054c5   Thumb Code    44  lc_numeric_c.o(locale$$code)
    _get_lc_ctype                            0x080054f1   Thumb Code    44  lc_ctype_c.o(locale$$code)
    __aeabi_d2f                              0x0800551d   Thumb Code     0  d2f.o(x$fpl$d2f)
    _d2f                                     0x0800551d   Thumb Code    98  d2f.o(x$fpl$d2f)
    __aeabi_dadd                             0x08005581   Thumb Code     0  daddsub_clz.o(x$fpl$dadd)
    _dadd                                    0x08005581   Thumb Code   332  daddsub_clz.o(x$fpl$dadd)
    __fpl_dcmp_Inf                           0x080056d1   Thumb Code    24  dcmpi.o(x$fpl$dcmpinf)
    __aeabi_ddiv                             0x080056e9   Thumb Code     0  ddiv.o(x$fpl$ddiv)
    _ddiv                                    0x080056e9   Thumb Code   552  ddiv.o(x$fpl$ddiv)
    __aeabi_d2iz                             0x08005999   Thumb Code     0  dfix.o(x$fpl$dfix)
    _dfix                                    0x08005999   Thumb Code    94  dfix.o(x$fpl$dfix)
    __aeabi_d2uiz                            0x080059f9   Thumb Code     0  dfixu.o(x$fpl$dfixu)
    _dfixu                                   0x080059f9   Thumb Code    90  dfixu.o(x$fpl$dfixu)
    __aeabi_cdcmple                          0x08005a55   Thumb Code     0  dleqf.o(x$fpl$dleqf)
    _dcmple                                  0x08005a55   Thumb Code   120  dleqf.o(x$fpl$dleqf)
    __fpl_dcmple_InfNaN                      0x08005ab7   Thumb Code     0  dleqf.o(x$fpl$dleqf)
    __fpl_dnaninf                            0x08005acd   Thumb Code   156  dnaninf.o(x$fpl$dnaninf)
    __fpl_dretinf                            0x08005b69   Thumb Code    12  dretinf.o(x$fpl$dretinf)
    __aeabi_cdrcmple                         0x08005b75   Thumb Code     0  drleqf.o(x$fpl$drleqf)
    _drcmple                                 0x08005b75   Thumb Code   108  drleqf.o(x$fpl$drleqf)
    _drnd                                    0x08005be1   Thumb Code   180  drnd.o(x$fpl$drnd)
    __aeabi_drsub                            0x08005c95   Thumb Code     0  daddsub_clz.o(x$fpl$drsb)
    _drsb                                    0x08005c95   Thumb Code    22  daddsub_clz.o(x$fpl$drsb)
    _dsqrt                                   0x08005cad   Thumb Code   456  dsqrt_noumaal.o(x$fpl$dsqrt)
    __aeabi_dsub                             0x08005e79   Thumb Code     0  daddsub_clz.o(x$fpl$dsub)
    _dsub                                    0x08005e79   Thumb Code   464  daddsub_clz.o(x$fpl$dsub)
    __aeabi_f2d                              0x0800604d   Thumb Code     0  f2d.o(x$fpl$f2d)
    _f2d                                     0x0800604d   Thumb Code    86  f2d.o(x$fpl$f2d)
    __aeabi_fadd                             0x080060a5   Thumb Code     0  faddsub_clz.o(x$fpl$fadd)
    _fadd                                    0x080060a5   Thumb Code   196  faddsub_clz.o(x$fpl$fadd)
    __fpl_fcheck_NaN1                        0x08006169   Thumb Code     6  fcheck1.o(x$fpl$fcheck1)
    __aeabi_fdiv                             0x08006175   Thumb Code     0  fdiv.o(x$fpl$fdiv)
    _fdiv                                    0x08006175   Thumb Code   384  fdiv.o(x$fpl$fdiv)
    __aeabi_f2iz                             0x080062f9   Thumb Code     0  ffix.o(x$fpl$ffix)
    _ffix                                    0x080062f9   Thumb Code    54  ffix.o(x$fpl$ffix)
    __aeabi_f2uiz                            0x08006331   Thumb Code     0  ffixu.o(x$fpl$ffixu)
    _ffixu                                   0x08006331   Thumb Code    62  ffixu.o(x$fpl$ffixu)
    __aeabi_i2f                              0x08006371   Thumb Code     0  fflt_clz.o(x$fpl$fflt)
    _fflt                                    0x08006371   Thumb Code    48  fflt_clz.o(x$fpl$fflt)
    __aeabi_ui2f                             0x080063a1   Thumb Code     0  fflt_clz.o(x$fpl$ffltu)
    _ffltu                                   0x080063a1   Thumb Code    38  fflt_clz.o(x$fpl$ffltu)
    __aeabi_fmul                             0x080063c9   Thumb Code     0  fmul.o(x$fpl$fmul)
    _fmul                                    0x080063c9   Thumb Code   258  fmul.o(x$fpl$fmul)
    __fpl_fnaninf                            0x080064cb   Thumb Code   140  fnaninf.o(x$fpl$fnaninf)
    __fpl_fretinf                            0x08006557   Thumb Code    10  fretinf.o(x$fpl$fretinf)
    __aeabi_frsub                            0x08006561   Thumb Code     0  faddsub_clz.o(x$fpl$frsb)
    _frsb                                    0x08006561   Thumb Code    20  faddsub_clz.o(x$fpl$frsb)
    _fsqrt                                   0x08006575   Thumb Code   272  fsqrt.o(x$fpl$fsqrt)
    __aeabi_fsub                             0x08006685   Thumb Code     0  faddsub_clz.o(x$fpl$fsub)
    _fsub                                    0x08006685   Thumb Code   234  faddsub_clz.o(x$fpl$fsub)
    _printf_fp_dec                           0x0800676f   Thumb Code     4  printf1.o(x$fpl$printf1)
    _printf_fp_hex                           0x08006773   Thumb Code     4  printf2.o(x$fpl$printf2)
    __fpl_return_NaN                         0x08006777   Thumb Code   100  retnan.o(x$fpl$retnan)
    __ARM_scalbnf                            0x080067db   Thumb Code    76  scalbnf.o(x$fpl$scalbnf)
    __fpl_cmpreturn                          0x08006827   Thumb Code    48  trapv.o(x$fpl$trapveneer)
    OLED_F8x16                               0x08006856   Data        1520  oled_font.o(.constdata)
    __I$use$fp                               0x08006856   Number         0  usenofp.o(x$fpl$usenofp)
    OLED_F6x8                                0x08006e46   Data         570  oled_font.o(.constdata)
    OLED_CF16x16                             0x08007080   Data         945  oled_font.o(.constdata)
    Region$$Table$$Base                      0x08007530   Number         0  anon$$obj.o(Region$$Table)
    Region$$Table$$Limit                     0x08007550   Number         0  anon$$obj.o(Region$$Table)
    __ctype                                  0x08007579   Data           0  lc_ctype_c.o(locale$$data)
    page1_flag                               0x20000014   Data           1  main.o(.data)
    page1_firstEntry                         0x20000015   Data           1  main.o(.data)
    page2_flag                               0x20000016   Data           1  main.o(.data)
    page2_firstEntry                         0x20000017   Data           1  main.o(.data)
    oled_rxClear_flag                        0x20000018   Data           1  main.o(.data)
    oled_BufDisplay_flag                     0x20000019   Data           1  main.o(.data)
    oled_BufDisplayOne_flag                  0x2000001a   Data           1  main.o(.data)
    oled_BufDisplayThree_flag                0x2000001b   Data           1  main.o(.data)
    oled_BufDisplayTwo_flag                  0x2000001c   Data           1  main.o(.data)
    pid_timingFlag                           0x2000001d   Data           1  main.o(.data)
    angle_temp                               0x20000020   Data           4  main.o(.data)
    TargetA                                  0x20000024   Data           4  main.o(.data)
    ActualA                                  0x20000028   Data           4  main.o(.data)
    OutA                                     0x2000002c   Data           4  main.o(.data)
    TargetB                                  0x20000030   Data           4  main.o(.data)
    ActualB                                  0x20000034   Data           4  main.o(.data)
    OutB                                     0x20000038   Data           4  main.o(.data)
    Pthis_I2C                                0x2000003c   Data           4  _i2c.o(.data)
    ACC_abs                                  0x20000048   Data           4  mpu6050.o(.data)
    Serial_RxFlag1                           0x20000080   Data           1  serial.o(.data)
    Serial_RxFlag2                           0x20000081   Data           1  serial.o(.data)
    MPU6050_Data                             0x200000a4   Data          12  main.o(.bss)
    pidA_inner                               0x200000b0   Data          60  main.o(.bss)
    pidB_inner                               0x200000ec   Data          60  main.o(.bss)
    OLED_DisplayBuf                          0x20000128   Data        1024  oled.o(.bss)
    MPU6050_I2C                              0x20000560   Data          36  mpu6050.o(.bss)
    Serial_RxPacket1                         0x20000604   Data         100  serial.o(.bss)
    Serial_RxPacket2                         0x20000668   Data         100  serial.o(.bss)
    __libspace_start                         0x200006cc   Data          96  libspace.o(.bss)
    __temporary_stack_top$libspace           0x2000072c   Data           0  libspace.o(.bss)



==============================================================================

Memory Map of the image

  Image Entry point : 0x080000ed

  Load Region LR_IROM1 (Base: 0x08000000, Size: 0x00007700, Max: 0x00010000, ABSOLUTE)

    Execution Region ER_IROM1 (Exec base: 0x08000000, Load base: 0x08000000, Size: 0x0000767c, Max: 0x00010000, ABSOLUTE)

    Exec Addr    Load Addr    Size         Type   Attr      Idx    E Section Name        Object

    0x08000000   0x08000000   0x000000ec   Data   RO         3191    RESET               startup_stm32f10x_md.o
    0x080000ec   0x080000ec   0x00000008   Code   RO         4259  * !!!main             c_w.l(__main.o)
    0x080000f4   0x080000f4   0x00000034   Code   RO         4786    !!!scatter          c_w.l(__scatter.o)
    0x08000128   0x08000128   0x0000001a   Code   RO         4788    !!handler_copy      c_w.l(__scatter_copy.o)
    0x08000142   0x08000142   0x00000002   PAD
    0x08000144   0x08000144   0x0000001c   Code   RO         4790    !!handler_zi        c_w.l(__scatter_zi.o)
    0x08000160   0x08000160   0x00000000   Code   RO         4248    .ARM.Collect$$_printf_percent$$00000000  c_w.l(_printf_percent.o)
    0x08000160   0x08000160   0x00000006   Code   RO         4445    .ARM.Collect$$_printf_percent$$00000001  c_w.l(_printf_n.o)
    0x08000166   0x08000166   0x00000006   Code   RO         4447    .ARM.Collect$$_printf_percent$$00000002  c_w.l(_printf_p.o)
    0x0800016c   0x0800016c   0x00000006   Code   RO         4247    .ARM.Collect$$_printf_percent$$00000003  c_w.l(_printf_f.o)
    0x08000172   0x08000172   0x00000006   Code   RO         4452    .ARM.Collect$$_printf_percent$$00000004  c_w.l(_printf_e.o)
    0x08000178   0x08000178   0x00000006   Code   RO         4453    .ARM.Collect$$_printf_percent$$00000005  c_w.l(_printf_g.o)
    0x0800017e   0x0800017e   0x00000006   Code   RO         4454    .ARM.Collect$$_printf_percent$$00000006  c_w.l(_printf_a.o)
    0x08000184   0x08000184   0x0000000a   Code   RO         4459    .ARM.Collect$$_printf_percent$$00000007  c_w.l(_printf_ll.o)
    0x0800018e   0x0800018e   0x00000006   Code   RO         4449    .ARM.Collect$$_printf_percent$$00000008  c_w.l(_printf_i.o)
    0x08000194   0x08000194   0x00000006   Code   RO         4450    .ARM.Collect$$_printf_percent$$00000009  c_w.l(_printf_d.o)
    0x0800019a   0x0800019a   0x00000006   Code   RO         4451    .ARM.Collect$$_printf_percent$$0000000A  c_w.l(_printf_u.o)
    0x080001a0   0x080001a0   0x00000006   Code   RO         4448    .ARM.Collect$$_printf_percent$$0000000B  c_w.l(_printf_o.o)
    0x080001a6   0x080001a6   0x00000006   Code   RO         4446    .ARM.Collect$$_printf_percent$$0000000C  c_w.l(_printf_x.o)
    0x080001ac   0x080001ac   0x00000006   Code   RO         4456    .ARM.Collect$$_printf_percent$$0000000D  c_w.l(_printf_lli.o)
    0x080001b2   0x080001b2   0x00000006   Code   RO         4457    .ARM.Collect$$_printf_percent$$0000000E  c_w.l(_printf_lld.o)
    0x080001b8   0x080001b8   0x00000006   Code   RO         4458    .ARM.Collect$$_printf_percent$$0000000F  c_w.l(_printf_llu.o)
    0x080001be   0x080001be   0x00000006   Code   RO         4463    .ARM.Collect$$_printf_percent$$00000010  c_w.l(_printf_llo.o)
    0x080001c4   0x080001c4   0x00000006   Code   RO         4464    .ARM.Collect$$_printf_percent$$00000011  c_w.l(_printf_llx.o)
    0x080001ca   0x080001ca   0x0000000a   Code   RO         4460    .ARM.Collect$$_printf_percent$$00000012  c_w.l(_printf_l.o)
    0x080001d4   0x080001d4   0x00000006   Code   RO         4443    .ARM.Collect$$_printf_percent$$00000013  c_w.l(_printf_c.o)
    0x080001da   0x080001da   0x00000006   Code   RO         4444    .ARM.Collect$$_printf_percent$$00000014  c_w.l(_printf_s.o)
    0x080001e0   0x080001e0   0x00000006   Code   RO         4461    .ARM.Collect$$_printf_percent$$00000015  c_w.l(_printf_lc.o)
    0x080001e6   0x080001e6   0x00000006   Code   RO         4462    .ARM.Collect$$_printf_percent$$00000016  c_w.l(_printf_ls.o)
    0x080001ec   0x080001ec   0x00000004   Code   RO         4455    .ARM.Collect$$_printf_percent$$00000017  c_w.l(_printf_percent_end.o)
    0x080001f0   0x080001f0   0x00000002   Code   RO         4720    .ARM.Collect$$libinit$$00000000  c_w.l(libinit.o)
    0x080001f2   0x080001f2   0x00000000   Code   RO         4468    .ARM.Collect$$libinit$$00000002  c_w.l(libinit2.o)
    0x080001f2   0x080001f2   0x00000000   Code   RO         4470    .ARM.Collect$$libinit$$00000004  c_w.l(libinit2.o)
    0x080001f2   0x080001f2   0x00000008   Code   RO         4471    .ARM.Collect$$libinit$$00000005  c_w.l(libinit2.o)
    0x080001fa   0x080001fa   0x00000000   Code   RO         4473    .ARM.Collect$$libinit$$0000000A  c_w.l(libinit2.o)
    0x080001fa   0x080001fa   0x00000000   Code   RO         4475    .ARM.Collect$$libinit$$0000000C  c_w.l(libinit2.o)
    0x080001fa   0x080001fa   0x00000000   Code   RO         4477    .ARM.Collect$$libinit$$0000000E  c_w.l(libinit2.o)
    0x080001fa   0x080001fa   0x00000006   Code   RO         4478    .ARM.Collect$$libinit$$0000000F  c_w.l(libinit2.o)
    0x08000200   0x08000200   0x00000000   Code   RO         4480    .ARM.Collect$$libinit$$00000011  c_w.l(libinit2.o)
    0x08000200   0x08000200   0x0000000c   Code   RO         4481    .ARM.Collect$$libinit$$00000012  c_w.l(libinit2.o)
    0x0800020c   0x0800020c   0x00000000   Code   RO         4482    .ARM.Collect$$libinit$$00000013  c_w.l(libinit2.o)
    0x0800020c   0x0800020c   0x00000000   Code   RO         4484    .ARM.Collect$$libinit$$00000015  c_w.l(libinit2.o)
    0x0800020c   0x0800020c   0x0000000a   Code   RO         4485    .ARM.Collect$$libinit$$00000016  c_w.l(libinit2.o)
    0x08000216   0x08000216   0x00000000   Code   RO         4486    .ARM.Collect$$libinit$$00000017  c_w.l(libinit2.o)
    0x08000216   0x08000216   0x00000000   Code   RO         4488    .ARM.Collect$$libinit$$00000019  c_w.l(libinit2.o)
    0x08000216   0x08000216   0x00000000   Code   RO         4490    .ARM.Collect$$libinit$$0000001B  c_w.l(libinit2.o)
    0x08000216   0x08000216   0x00000000   Code   RO         4492    .ARM.Collect$$libinit$$0000001D  c_w.l(libinit2.o)
    0x08000216   0x08000216   0x00000000   Code   RO         4494    .ARM.Collect$$libinit$$0000001F  c_w.l(libinit2.o)
    0x08000216   0x08000216   0x00000000   Code   RO         4496    .ARM.Collect$$libinit$$00000021  c_w.l(libinit2.o)
    0x08000216   0x08000216   0x00000000   Code   RO         4498    .ARM.Collect$$libinit$$00000023  c_w.l(libinit2.o)
    0x08000216   0x08000216   0x00000000   Code   RO         4500    .ARM.Collect$$libinit$$00000025  c_w.l(libinit2.o)
    0x08000216   0x08000216   0x00000000   Code   RO         4504    .ARM.Collect$$libinit$$0000002C  c_w.l(libinit2.o)
    0x08000216   0x08000216   0x00000000   Code   RO         4506    .ARM.Collect$$libinit$$0000002E  c_w.l(libinit2.o)
    0x08000216   0x08000216   0x00000000   Code   RO         4508    .ARM.Collect$$libinit$$00000030  c_w.l(libinit2.o)
    0x08000216   0x08000216   0x00000000   Code   RO         4510    .ARM.Collect$$libinit$$00000032  c_w.l(libinit2.o)
    0x08000216   0x08000216   0x00000002   Code   RO         4511    .ARM.Collect$$libinit$$00000033  c_w.l(libinit2.o)
    0x08000218   0x08000218   0x00000002   Code   RO         4783    .ARM.Collect$$libshutdown$$00000000  c_w.l(libshutdown.o)
    0x0800021a   0x0800021a   0x00000000   Code   RO         4739    .ARM.Collect$$libshutdown$$00000002  c_w.l(libshutdown2.o)
    0x0800021a   0x0800021a   0x00000000   Code   RO         4741    .ARM.Collect$$libshutdown$$00000004  c_w.l(libshutdown2.o)
    0x0800021a   0x0800021a   0x00000000   Code   RO         4743    .ARM.Collect$$libshutdown$$00000006  c_w.l(libshutdown2.o)
    0x0800021a   0x0800021a   0x00000000   Code   RO         4746    .ARM.Collect$$libshutdown$$00000009  c_w.l(libshutdown2.o)
    0x0800021a   0x0800021a   0x00000000   Code   RO         4749    .ARM.Collect$$libshutdown$$0000000C  c_w.l(libshutdown2.o)
    0x0800021a   0x0800021a   0x00000000   Code   RO         4751    .ARM.Collect$$libshutdown$$0000000E  c_w.l(libshutdown2.o)
    0x0800021a   0x0800021a   0x00000000   Code   RO         4754    .ARM.Collect$$libshutdown$$00000011  c_w.l(libshutdown2.o)
    0x0800021a   0x0800021a   0x00000002   Code   RO         4755    .ARM.Collect$$libshutdown$$00000012  c_w.l(libshutdown2.o)
    0x0800021c   0x0800021c   0x00000000   Code   RO         4359    .ARM.Collect$$rtentry$$00000000  c_w.l(__rtentry.o)
    0x0800021c   0x0800021c   0x00000000   Code   RO         4596    .ARM.Collect$$rtentry$$00000002  c_w.l(__rtentry2.o)
    0x0800021c   0x0800021c   0x00000006   Code   RO         4608    .ARM.Collect$$rtentry$$00000004  c_w.l(__rtentry4.o)
    0x08000222   0x08000222   0x00000000   Code   RO         4598    .ARM.Collect$$rtentry$$00000009  c_w.l(__rtentry2.o)
    0x08000222   0x08000222   0x00000004   Code   RO         4599    .ARM.Collect$$rtentry$$0000000A  c_w.l(__rtentry2.o)
    0x08000226   0x08000226   0x00000000   Code   RO         4601    .ARM.Collect$$rtentry$$0000000C  c_w.l(__rtentry2.o)
    0x08000226   0x08000226   0x00000008   Code   RO         4602    .ARM.Collect$$rtentry$$0000000D  c_w.l(__rtentry2.o)
    0x0800022e   0x0800022e   0x00000002   Code   RO         4725    .ARM.Collect$$rtexit$$00000000  c_w.l(rtexit.o)
    0x08000230   0x08000230   0x00000000   Code   RO         4757    .ARM.Collect$$rtexit$$00000002  c_w.l(rtexit2.o)
    0x08000230   0x08000230   0x00000004   Code   RO         4758    .ARM.Collect$$rtexit$$00000003  c_w.l(rtexit2.o)
    0x08000234   0x08000234   0x00000006   Code   RO         4759    .ARM.Collect$$rtexit$$00000004  c_w.l(rtexit2.o)
    0x0800023a   0x0800023a   0x00000002   PAD
    0x0800023c   0x0800023c   0x00000000   Code   RO         4622    .emb_text           c_w.l(maybetermalloc1.o)
    0x0800023c   0x0800023c   0x00000040   Code   RO         3192    .text               startup_stm32f10x_md.o
    0x0800027c   0x0800027c   0x00000002   Code   RO         4161    .text               c_w.l(use_no_semi_2.o)
    0x0800027e   0x0800027e   0x0000005e   Code   RO         4165    .text               c_w.l(h1_alloc.o)
    0x080002dc   0x080002dc   0x00000024   Code   RO         4219    .text               c_w.l(vsprintf.o)
    0x08000300   0x08000300   0x00000038   Code   RO         4221    .text               c_w.l(__2snprintf.o)
    0x08000338   0x08000338   0x00000188   Code   RO         4244    .text               c_w.l(__printf_flags_ss_wp.o)
    0x080004c0   0x080004c0   0x0000008a   Code   RO         4249    .text               c_w.l(rt_memcpy_v6.o)
    0x0800054a   0x0800054a   0x00000064   Code   RO         4251    .text               c_w.l(rt_memcpy_w.o)
    0x080005ae   0x080005ae   0x00000002   PAD
    0x080005b0   0x080005b0   0x00000080   Code   RO         4255    .text               c_w.l(strcmpv7m.o)
    0x08000630   0x08000630   0x00000006   Code   RO         4257    .text               c_w.l(heapauxi.o)
    0x08000636   0x08000636   0x00000002   Code   RO         4355    .text               c_w.l(use_no_semi.o)
    0x08000638   0x08000638   0x00000008   Code   RO         4363    .text               c_w.l(rt_heap_descriptor_intlibspace.o)
    0x08000640   0x08000640   0x00000004   Code   RO         4365    .text               c_w.l(hguard.o)
    0x08000644   0x08000644   0x0000008a   Code   RO         4367    .text               c_w.l(init_alloc.o)
    0x080006ce   0x080006ce   0x0000000e   Code   RO         4373    .text               c_w.l(h1_init.o)
    0x080006dc   0x080006dc   0x0000004e   Code   RO         4375    .text               c_w.l(h1_free.o)
    0x0800072a   0x0800072a   0x00000016   Code   RO         4391    .text               c_w.l(_rserrno.o)
    0x08000740   0x08000740   0x0000004e   Code   RO         4393    .text               c_w.l(_printf_pad.o)
    0x0800078e   0x0800078e   0x00000024   Code   RO         4395    .text               c_w.l(_printf_truncate.o)
    0x080007b2   0x080007b2   0x00000052   Code   RO         4397    .text               c_w.l(_printf_str.o)
    0x08000804   0x08000804   0x00000078   Code   RO         4399    .text               c_w.l(_printf_dec.o)
    0x0800087c   0x0800087c   0x00000028   Code   RO         4401    .text               c_w.l(_printf_charcount.o)
    0x080008a4   0x080008a4   0x0000041e   Code   RO         4403    .text               c_w.l(_printf_fp_dec.o)
    0x08000cc2   0x08000cc2   0x00000002   PAD
    0x08000cc4   0x08000cc4   0x00000030   Code   RO         4405    .text               c_w.l(_printf_char_common.o)
    0x08000cf4   0x08000cf4   0x0000000a   Code   RO         4407    .text               c_w.l(_sputc.o)
    0x08000cfe   0x08000cfe   0x00000010   Code   RO         4409    .text               c_w.l(_snputc.o)
    0x08000d0e   0x08000d0e   0x00000002   PAD
    0x08000d10   0x08000d10   0x000000bc   Code   RO         4411    .text               c_w.l(_printf_wctomb.o)
    0x08000dcc   0x08000dcc   0x0000007c   Code   RO         4414    .text               c_w.l(_printf_longlong_dec.o)
    0x08000e48   0x08000e48   0x00000070   Code   RO         4420    .text               c_w.l(_printf_oct_int_ll.o)
    0x08000eb8   0x08000eb8   0x00000094   Code   RO         4440    .text               c_w.l(_printf_hex_int_ll_ptr.o)
    0x08000f4c   0x08000f4c   0x00000008   Code   RO         4592    .text               c_w.l(libspace.o)
    0x08000f54   0x08000f54   0x00000008   Code   RO         4613    .text               c_w.l(rt_locale_intlibspace.o)
    0x08000f5c   0x08000f5c   0x00000008   Code   RO         4618    .text               c_w.l(rt_errno_addr_intlibspace.o)
    0x08000f64   0x08000f64   0x00000034   Code   RO         4624    .text               c_w.l(h1_extend.o)
    0x08000f98   0x08000f98   0x0000008a   Code   RO         4628    .text               c_w.l(lludiv10.o)
    0x08001022   0x08001022   0x000000b2   Code   RO         4630    .text               c_w.l(_printf_intcommon.o)
    0x080010d4   0x080010d4   0x000002fc   Code   RO         4632    .text               c_w.l(_printf_fp_hex.o)
    0x080013d0   0x080013d0   0x00000080   Code   RO         4635    .text               c_w.l(_printf_fp_infnan.o)
    0x08001450   0x08001450   0x0000002c   Code   RO         4639    .text               c_w.l(_printf_char.o)
    0x0800147c   0x0800147c   0x0000002c   Code   RO         4641    .text               c_w.l(_printf_wchar.o)
    0x080014a8   0x080014a8   0x000000e4   Code   RO         4643    .text               c_w.l(bigflt0.o)
    0x0800158c   0x0800158c   0x00000040   Code   RO         4668    .text               c_w.l(_wcrtomb.o)
    0x080015cc   0x080015cc   0x0000000e   Code   RO         4673    .text               c_w.l(defsig_rtmem_outer.o)
    0x080015da   0x080015da   0x0000004a   Code   RO         4697    .text               c_w.l(sys_stackheap_outer.o)
    0x08001624   0x08001624   0x00000010   Code   RO         4699    .text               c_w.l(rt_ctype_table.o)
    0x08001634   0x08001634   0x00000012   Code   RO         4705    .text               c_w.l(exit.o)
    0x08001646   0x08001646   0x0000000a   Code   RO         4707    .text               c_w.l(defsig_exit.o)
    0x08001650   0x08001650   0x00000050   Code   RO         4709    .text               c_w.l(defsig_rtmem_inner.o)
    0x080016a0   0x080016a0   0x00000032   Code   RO         4736    .text               c_w.l(defsig_general.o)
    0x080016d2   0x080016d2   0x0000003e   Code   RO         4646    CL$$btod_d2e        c_w.l(btod.o)
    0x08001710   0x08001710   0x00000046   Code   RO         4648    CL$$btod_d2e_denorm_low  c_w.l(btod.o)
    0x08001756   0x08001756   0x00000060   Code   RO         4647    CL$$btod_d2e_norm_op1  c_w.l(btod.o)
    0x080017b6   0x080017b6   0x00000338   Code   RO         4656    CL$$btod_div_common  c_w.l(btod.o)
    0x08001aee   0x08001aee   0x000000dc   Code   RO         4653    CL$$btod_e2e        c_w.l(btod.o)
    0x08001bca   0x08001bca   0x0000002a   Code   RO         4650    CL$$btod_ediv       c_w.l(btod.o)
    0x08001bf4   0x08001bf4   0x0000002a   Code   RO         4649    CL$$btod_emul       c_w.l(btod.o)
    0x08001c1e   0x08001c1e   0x00000244   Code   RO         4655    CL$$btod_mult_common  c_w.l(btod.o)
    0x08001e62   0x08001e62   0x00000002   PAD
    0x08001e64   0x08001e64   0x00000028   Code   RO         3196    i.Angle_Get         main.o
    0x08001e8c   0x08001e8c   0x00000002   Code   RO         3355    i.BusFault_Handler  stm32f10x_it.o
    0x08001e8e   0x08001e8e   0x00000002   PAD
    0x08001e90   0x08001e90   0x00000100   Code   RO         3623    i.Create_HI2C       _i2c.o
    0x08001f90   0x08001f90   0x0000001a   Code   RO          840    i.DMA_Cmd           stm32f10x_dma.o
    0x08001faa   0x08001faa   0x0000003a   Code   RO          846    i.DMA_Init          stm32f10x_dma.o
    0x08001fe4   0x08001fe4   0x00000004   Code   RO          847    i.DMA_SetCurrDataCounter  stm32f10x_dma.o
    0x08001fe8   0x08001fe8   0x00000002   Code   RO         3356    i.DebugMon_Handler  stm32f10x_it.o
    0x08001fea   0x08001fea   0x00000018   Code   RO         4123    i.Delay_ms          delay.o
    0x08002002   0x08002002   0x00000020   Code   RO         4125    i.Delay_us          delay.o
    0x08002022   0x08002022   0x00000002   PAD
    0x08002024   0x08002024   0x000000ac   Code   RO         3900    i.Encoder_TIM3_Init  encoder.o
    0x080020d0   0x080020d0   0x000000ac   Code   RO         3902    i.Encoder_TIM4_Init  encoder.o
    0x0800217c   0x0800217c   0x000000a6   Code   RO         1276    i.GPIO_Init         stm32f10x_gpio.o
    0x08002222   0x08002222   0x0000000e   Code   RO         1280    i.GPIO_ReadInputDataBit  stm32f10x_gpio.o
    0x08002230   0x08002230   0x00000004   Code   RO         1283    i.GPIO_ResetBits    stm32f10x_gpio.o
    0x08002234   0x08002234   0x00000004   Code   RO         1284    i.GPIO_SetBits      stm32f10x_gpio.o
    0x08002238   0x08002238   0x00000010   Code   RO         1285    i.GPIO_StructInit   stm32f10x_gpio.o
    0x08002248   0x08002248   0x0000000c   Code   RO         1287    i.GPIO_WriteBit     stm32f10x_gpio.o
    0x08002254   0x08002254   0x00000038   Code   RO         3625    i.HI2C_Rest_Speed   _i2c.o
    0x0800228c   0x0800228c   0x00000020   Code   RO         3626    i.HI2C_WaitEvent    _i2c.o
    0x080022ac   0x080022ac   0x00000002   Code   RO         3357    i.HardFault_Handler  stm32f10x_it.o
    0x080022ae   0x080022ae   0x00000018   Code   RO         1388    i.I2C_AcknowledgeConfig  stm32f10x_i2c.o
    0x080022c6   0x080022c6   0x00000018   Code   RO         1390    i.I2C_CheckEvent    stm32f10x_i2c.o
    0x080022de   0x080022de   0x00000018   Code   RO         1393    i.I2C_Cmd           stm32f10x_i2c.o
    0x080022f6   0x080022f6   0x00000018   Code   RO         1400    i.I2C_GenerateSTART  stm32f10x_i2c.o
    0x0800230e   0x0800230e   0x00000018   Code   RO         1401    i.I2C_GenerateSTOP  stm32f10x_i2c.o
    0x08002326   0x08002326   0x00000002   PAD
    0x08002328   0x08002328   0x000000c0   Code   RO         1407    i.I2C_Init          stm32f10x_i2c.o
    0x080023e8   0x080023e8   0x00000006   Code   RO         1412    i.I2C_ReceiveData   stm32f10x_i2c.o
    0x080023ee   0x080023ee   0x00000012   Code   RO         1414    i.I2C_Send7bitAddress  stm32f10x_i2c.o
    0x08002400   0x08002400   0x00000004   Code   RO         1415    i.I2C_SendData      stm32f10x_i2c.o
    0x08002404   0x08002404   0x00000004   Code   RO         4103    i.IWDG_Feed         iwdg.o
    0x08002408   0x08002408   0x00000010   Code   RO         1596    i.IWDG_ReloadCounter  stm32f10x_iwdg.o
    0x08002418   0x08002418   0x000006bc   Code   RO         3761    i.MPU6050_Get_Angle_Plus  mpu6050.o
    0x08002ad4   0x08002ad4   0x0000004c   Code   RO         3764    i.MPU6050_Init      mpu6050.o
    0x08002b20   0x08002b20   0x000000c4   Code   RO         3765    i.MPU6050_Register_init  mpu6050.o
    0x08002be4   0x08002be4   0x0000006c   Code   RO         3766    i.MPU6050_SoftCalibrate_Z  mpu6050.o
    0x08002c50   0x08002c50   0x000000b0   Code   RO         3198    i.Main_Config       main.o
    0x08002d00   0x08002d00   0x00000002   Code   RO         3358    i.MemManage_Handler  stm32f10x_it.o
    0x08002d02   0x08002d02   0x00000002   PAD
    0x08002d04   0x08002d04   0x00000068   Code   RO         3875    i.MotorA_SetSpeed   motor.o
    0x08002d6c   0x08002d6c   0x00000068   Code   RO         3876    i.MotorB_SetSpeed   motor.o
    0x08002dd4   0x08002dd4   0x00000030   Code   RO         3877    i.Motor_Init        motor.o
    0x08002e04   0x08002e04   0x00000002   Code   RO         3359    i.NMI_Handler       stm32f10x_it.o
    0x08002e06   0x08002e06   0x00000002   PAD
    0x08002e08   0x08002e08   0x00000064   Code   RO            1    i.NVIC_Init         misc.o
    0x08002e6c   0x08002e6c   0x00000014   Code   RO            2    i.NVIC_PriorityGroupConfig  misc.o
    0x08002e80   0x08002e80   0x00000028   Code   RO         3418    i.OLED_Clear        oled.o
    0x08002ea8   0x08002ea8   0x0000005c   Code   RO         3419    i.OLED_ClearArea    oled.o
    0x08002f04   0x08002f04   0x00000034   Code   RO         3420    i.OLED_GPIO_Init    oled.o
    0x08002f38   0x08002f38   0x0000003a   Code   RO         3423    i.OLED_I2C_SendByte  oled.o
    0x08002f72   0x08002f72   0x0000001e   Code   RO         3424    i.OLED_I2C_Start    oled.o
    0x08002f90   0x08002f90   0x00000018   Code   RO         3425    i.OLED_I2C_Stop     oled.o
    0x08002fa8   0x08002fa8   0x00000010   Code   RO         3426    i.OLED_I2C_W_SCL    oled.o
    0x08002fb8   0x08002fb8   0x00000010   Code   RO         3427    i.OLED_I2C_W_SDA    oled.o
    0x08002fc8   0x08002fc8   0x000000ca   Code   RO         3428    i.OLED_Init         oled.o
    0x08003092   0x08003092   0x00000002   PAD
    0x08003094   0x08003094   0x0000007c   Code   RO         3200    i.OLED_MPU6050CycleDisplay  main.o
    0x08003110   0x08003110   0x00000058   Code   RO         3201    i.OLED_MPU6050CycleSend  main.o
    0x08003168   0x08003168   0x0000007c   Code   RO         3202    i.OLED_MPU6050Display  main.o
    0x080031e4   0x080031e4   0x000000c4   Code   RO         3203    i.OLED_PIDCycleDisplay  main.o
    0x080032a8   0x080032a8   0x0000006c   Code   RO         3204    i.OLED_PIDCycleSend  main.o
    0x08003314   0x08003314   0x00000094   Code   RO         3205    i.OLED_PIDDisplay   main.o
    0x080033a8   0x080033a8   0x00000010   Code   RO         3429    i.OLED_Pow          oled.o
    0x080033b8   0x080033b8   0x00000048   Code   RO         3206    i.OLED_SerialSend   main.o
    0x08003400   0x08003400   0x00000028   Code   RO         3433    i.OLED_SetCursor    oled.o
    0x08003428   0x08003428   0x0000003c   Code   RO         3435    i.OLED_ShowChar     oled.o
    0x08003464   0x08003464   0x000000ae   Code   RO         3436    i.OLED_ShowFloatNum  oled.o
    0x08003512   0x08003512   0x00000002   PAD
    0x08003514   0x08003514   0x000000d0   Code   RO         3438    i.OLED_ShowImage    oled.o
    0x080035e4   0x080035e4   0x00000048   Code   RO         3439    i.OLED_ShowNum      oled.o
    0x0800362c   0x0800362c   0x00000068   Code   RO         3440    i.OLED_ShowSignedNum  oled.o
    0x08003694   0x08003694   0x000000f4   Code   RO         3441    i.OLED_ShowString   oled.o
    0x08003788   0x08003788   0x0000009a   Code   RO         3442    i.OLED_ShowUnsignedFloatNum  oled.o
    0x08003822   0x08003822   0x00000002   PAD
    0x08003824   0x08003824   0x00000028   Code   RO         3443    i.OLED_Update       oled.o
    0x0800384c   0x0800384c   0x00000068   Code   RO         3444    i.OLED_UpdateArea   oled.o
    0x080038b4   0x080038b4   0x00000024   Code   RO         3445    i.OLED_WriteCommand  oled.o
    0x080038d8   0x080038d8   0x00000032   Code   RO         3446    i.OLED_WriteData    oled.o
    0x0800390a   0x0800390a   0x0000002e   Code   RO         3933    i.PID_Init_Angle    pid_positional.o
    0x08003938   0x08003938   0x0000000a   Code   RO         3842    i.PWM_SetCompare1   pwm.o
    0x08003942   0x08003942   0x0000000a   Code   RO         3843    i.PWM_SetCompare2   pwm.o
    0x0800394c   0x0800394c   0x000000ac   Code   RO         3844    i.PWM_init          pwm.o
    0x080039f8   0x080039f8   0x00000002   Code   RO         3360    i.PendSV_Handler    stm32f10x_it.o
    0x080039fa   0x080039fa   0x00000002   PAD
    0x080039fc   0x080039fc   0x0000001c   Code   RO         1703    i.RCC_AHBPeriphClockCmd  stm32f10x_rcc.o
    0x08003a18   0x08003a18   0x0000001c   Code   RO         1704    i.RCC_APB1PeriphClockCmd  stm32f10x_rcc.o
    0x08003a34   0x08003a34   0x0000001c   Code   RO         1706    i.RCC_APB2PeriphClockCmd  stm32f10x_rcc.o
    0x08003a50   0x08003a50   0x000000ac   Code   RO         1714    i.RCC_GetClocksFreq  stm32f10x_rcc.o
    0x08003afc   0x08003afc   0x00000024   Code   RO         3627    i.SI2C_ACK_Test     _i2c.o
    0x08003b20   0x08003b20   0x00000014   Code   RO         3629    i.SI2C_I2C_R_SDA    _i2c.o
    0x08003b34   0x08003b34   0x0000002c   Code   RO         3630    i.SI2C_I2C_SendByte  _i2c.o
    0x08003b60   0x08003b60   0x0000001e   Code   RO         3631    i.SI2C_I2C_Start    _i2c.o
    0x08003b7e   0x08003b7e   0x00000018   Code   RO         3632    i.SI2C_I2C_Stop     _i2c.o
    0x08003b96   0x08003b96   0x00000002   PAD
    0x08003b98   0x08003b98   0x0000001c   Code   RO         3633    i.SI2C_I2C_W_SCL    _i2c.o
    0x08003bb4   0x08003bb4   0x0000001c   Code   RO         3634    i.SI2C_I2C_W_SDA    _i2c.o
    0x08003bd0   0x08003bd0   0x0000001e   Code   RO         3635    i.SI2C_ReceiveAck   _i2c.o
    0x08003bee   0x08003bee   0x00000034   Code   RO         3636    i.SI2C_ReceiveByte  _i2c.o
    0x08003c22   0x08003c22   0x00000016   Code   RO         3637    i.SI2C_WriteAck     _i2c.o
    0x08003c38   0x08003c38   0x00000002   Code   RO         3361    i.SVC_Handler       stm32f10x_it.o
    0x08003c3a   0x08003c3a   0x00000002   PAD
    0x08003c3c   0x08003c3c   0x00000154   Code   RO         3992    i.Serial_Init       serial.o
    0x08003d90   0x08003d90   0x00000022   Code   RO         3994    i.Serial_Printf     serial.o
    0x08003db2   0x08003db2   0x0000001a   Code   RO         3996    i.Serial_SendByte   serial.o
    0x08003dcc   0x08003dcc   0x0000001c   Code   RO         3998    i.Serial_SendString  serial.o
    0x08003de8   0x08003de8   0x00000150   Code   RO         3207    i.Serial_change     main.o
    0x08003f38   0x08003f38   0x00000004   Code   RO         3136    i.SetSysClock       system_stm32f10x.o
    0x08003f3c   0x08003f3c   0x000000b0   Code   RO         3137    i.SetSysClockTo72   system_stm32f10x.o
    0x08003fec   0x08003fec   0x00000002   Code   RO         3362    i.SysTick_Handler   stm32f10x_it.o
    0x08003fee   0x08003fee   0x00000002   PAD
    0x08003ff0   0x08003ff0   0x00000050   Code   RO         3139    i.SystemInit        system_stm32f10x.o
    0x08004040   0x08004040   0x00000074   Code   RO         2334    i.TI1_Config        stm32f10x_tim.o
    0x080040b4   0x080040b4   0x0000007c   Code   RO         2335    i.TI2_Config        stm32f10x_tim.o
    0x08004130   0x08004130   0x00000078   Code   RO         2336    i.TI3_Config        stm32f10x_tim.o
    0x080041a8   0x080041a8   0x0000007c   Code   RO         2337    i.TI4_Config        stm32f10x_tim.o
    0x08004224   0x08004224   0x0000008c   Code   RO         3208    i.TIM1_UP_IRQHandler  main.o
    0x080042b0   0x080042b0   0x00000006   Code   RO         2344    i.TIM_ClearFlag     stm32f10x_tim.o
    0x080042b6   0x080042b6   0x00000006   Code   RO         2345    i.TIM_ClearITPendingBit  stm32f10x_tim.o
    0x080042bc   0x080042bc   0x00000018   Code   RO         2350    i.TIM_Cmd           stm32f10x_tim.o
    0x080042d4   0x080042d4   0x0000001c   Code   RO         2352    i.TIM_CtrlPWMOutputs  stm32f10x_tim.o
    0x080042f0   0x080042f0   0x00000032   Code   RO         2359    i.TIM_EncoderInterfaceConfig  stm32f10x_tim.o
    0x08004322   0x08004322   0x00000018   Code   RO         2371    i.TIM_GetITStatus   stm32f10x_tim.o
    0x0800433a   0x0800433a   0x00000002   PAD
    0x0800433c   0x0800433c   0x0000008c   Code   RO         2373    i.TIM_ICInit        stm32f10x_tim.o
    0x080043c8   0x080043c8   0x00000010   Code   RO         2374    i.TIM_ICStructInit  stm32f10x_tim.o
    0x080043d8   0x080043d8   0x00000014   Code   RO         2375    i.TIM_ITConfig      stm32f10x_tim.o
    0x080043ec   0x080043ec   0x0000000a   Code   RO         2377    i.TIM_InternalClockConfig  stm32f10x_tim.o
    0x080043f6   0x080043f6   0x00000002   PAD
    0x080043f8   0x080043f8   0x00000088   Code   RO         2379    i.TIM_OC1Init       stm32f10x_tim.o
    0x08004480   0x08004480   0x0000000c   Code   RO         2382    i.TIM_OC1PreloadConfig  stm32f10x_tim.o
    0x0800448c   0x0800448c   0x00000088   Code   RO         2384    i.TIM_OC2Init       stm32f10x_tim.o
    0x08004514   0x08004514   0x00000014   Code   RO         2387    i.TIM_OC2PreloadConfig  stm32f10x_tim.o
    0x08004528   0x08004528   0x00000014   Code   RO         2397    i.TIM_OCStructInit  stm32f10x_tim.o
    0x0800453c   0x0800453c   0x00000004   Code   RO         2411    i.TIM_SetCompare1   stm32f10x_tim.o
    0x08004540   0x08004540   0x00000004   Code   RO         2412    i.TIM_SetCompare2   stm32f10x_tim.o
    0x08004544   0x08004544   0x00000010   Code   RO         2416    i.TIM_SetIC1Prescaler  stm32f10x_tim.o
    0x08004554   0x08004554   0x00000018   Code   RO         2417    i.TIM_SetIC2Prescaler  stm32f10x_tim.o
    0x0800456c   0x0800456c   0x00000010   Code   RO         2418    i.TIM_SetIC3Prescaler  stm32f10x_tim.o
    0x0800457c   0x0800457c   0x00000018   Code   RO         2419    i.TIM_SetIC4Prescaler  stm32f10x_tim.o
    0x08004594   0x08004594   0x0000009c   Code   RO         2421    i.TIM_TimeBaseInit  stm32f10x_tim.o
    0x08004630   0x08004630   0x00000078   Code   RO         4147    i.Timer_Init        timer.o
    0x080046a8   0x080046a8   0x00000080   Code   RO         4001    i.USART1_IRQHandler  serial.o
    0x08004728   0x08004728   0x00000054   Code   RO         4002    i.USART2_DMA_Init   serial.o
    0x0800477c   0x0800477c   0x00000044   Code   RO         4003    i.USART2_DMA_Send   serial.o
    0x080047c0   0x080047c0   0x00000080   Code   RO         4004    i.USART2_IRQHandler  serial.o
    0x08004840   0x08004840   0x00000010   Code   RO         2886    i.USART_ClearITPendingBit  stm32f10x_usart.o
    0x08004850   0x08004850   0x00000018   Code   RO         2889    i.USART_Cmd         stm32f10x_usart.o
    0x08004868   0x08004868   0x00000014   Code   RO         2890    i.USART_DMACmd      stm32f10x_usart.o
    0x0800487c   0x0800487c   0x0000000e   Code   RO         2892    i.USART_GetFlagStatus  stm32f10x_usart.o
    0x0800488a   0x0800488a   0x00000040   Code   RO         2893    i.USART_GetITStatus  stm32f10x_usart.o
    0x080048ca   0x080048ca   0x00000036   Code   RO         2895    i.USART_ITConfig    stm32f10x_usart.o
    0x08004900   0x08004900   0x000000bc   Code   RO         2896    i.USART_Init        stm32f10x_usart.o
    0x080049bc   0x080049bc   0x00000008   Code   RO         2903    i.USART_ReceiveData  stm32f10x_usart.o
    0x080049c4   0x080049c4   0x00000008   Code   RO         2906    i.USART_SendData    stm32f10x_usart.o
    0x080049cc   0x080049cc   0x00000016   Code   RO         2912    i.USART_StructInit  stm32f10x_usart.o
    0x080049e2   0x080049e2   0x00000002   Code   RO         3363    i.UsageFault_Handler  stm32f10x_it.o
    0x080049e4   0x080049e4   0x00000040   Code   RO         3638    i._I2C_AdressScan   _i2c.o
    0x08004a24   0x08004a24   0x0000016c   Code   RO         3639    i._I2C_ReadReg      _i2c.o
    0x08004b90   0x08004b90   0x00000178   Code   RO         3640    i._I2C_Read_Reg_continue  _i2c.o
    0x08004d08   0x08004d08   0x000000f4   Code   RO         3641    i._I2C_WriteReg     _i2c.o
    0x08004dfc   0x08004dfc   0x0000011c   Code   RO         3642    i._I2C_Write_Reg_continue  _i2c.o
    0x08004f18   0x08004f18   0x00000028   Code   RO         4692    i.__ARM_fpclassify  m_ws.l(fpclassify.o)
    0x08004f40   0x08004f40   0x00000026   Code   RO         4565    i.__ARM_fpclassifyf  m_ws.l(fpclassifyf.o)
    0x08004f66   0x08004f66   0x00000006   Code   RO         4568    i.__mathlib_flt_infnan  m_ws.l(funder.o)
    0x08004f6c   0x08004f6c   0x00000004   Code   RO         4569    i.__mathlib_flt_infnan2  m_ws.l(funder.o)
    0x08004f70   0x08004f70   0x00000008   Code   RO         4570    i.__mathlib_flt_invalid  m_ws.l(funder.o)
    0x08004f78   0x08004f78   0x0000000a   Code   RO         4573    i.__mathlib_flt_underflow  m_ws.l(funder.o)
    0x08004f82   0x08004f82   0x0000000e   Code   RO         4237    i._is_digit         c_w.l(__printf_wp.o)
    0x08004f90   0x08004f90   0x00000002   Code   RO         4005    i._sys_exit         serial.o
    0x08004f92   0x08004f92   0x00000002   Code   RO         4006    i._ttywrch          serial.o
    0x08004f94   0x08004f94   0x00000124   Code   RO         4322    i.asinf             m_ws.l(asinf.o)
    0x080050b8   0x080050b8   0x000002a4   Code   RO         4338    i.atan2f            m_ws.l(atan2f.o)
    0x0800535c   0x0800535c   0x0000005c   Code   RO         3209    i.main              main.o
    0x080053b8   0x080053b8   0x00000094   Code   RO         4345    i.round             m_ws.l(round.o)
    0x0800544c   0x0800544c   0x0000004c   Code   RO         4348    i.sqrt              m_ws.l(sqrt.o)
    0x08005498   0x08005498   0x0000002c   Code   RO         4583    i.sqrtf             m_ws.l(sqrtf.o)
    0x080054c4   0x080054c4   0x0000002c   Code   RO         4671    locale$$code        c_w.l(lc_numeric_c.o)
    0x080054f0   0x080054f0   0x0000002c   Code   RO         4732    locale$$code        c_w.l(lc_ctype_c.o)
    0x0800551c   0x0800551c   0x00000062   Code   RO         4261    x$fpl$d2f           fz_ws.l(d2f.o)
    0x0800557e   0x0800557e   0x00000002   PAD
    0x08005580   0x08005580   0x00000150   Code   RO         4263    x$fpl$dadd          fz_ws.l(daddsub_clz.o)
    0x080056d0   0x080056d0   0x00000018   Code   RO         4512    x$fpl$dcmpinf       fz_ws.l(dcmpi.o)
    0x080056e8   0x080056e8   0x000002b0   Code   RO         4270    x$fpl$ddiv          fz_ws.l(ddiv.o)
    0x08005998   0x08005998   0x0000005e   Code   RO         4273    x$fpl$dfix          fz_ws.l(dfix.o)
    0x080059f6   0x080059f6   0x00000002   PAD
    0x080059f8   0x080059f8   0x0000005a   Code   RO         4277    x$fpl$dfixu         fz_ws.l(dfixu.o)
    0x08005a52   0x08005a52   0x00000002   PAD
    0x08005a54   0x08005a54   0x00000078   Code   RO         4281    x$fpl$dleqf         fz_ws.l(dleqf.o)
    0x08005acc   0x08005acc   0x0000009c   Code   RO         4516    x$fpl$dnaninf       fz_ws.l(dnaninf.o)
    0x08005b68   0x08005b68   0x0000000c   Code   RO         4518    x$fpl$dretinf       fz_ws.l(dretinf.o)
    0x08005b74   0x08005b74   0x0000006c   Code   RO         4520    x$fpl$drleqf        fz_ws.l(drleqf.o)
    0x08005be0   0x08005be0   0x000000b4   Code   RO         4522    x$fpl$drnd          fz_ws.l(drnd.o)
    0x08005c94   0x08005c94   0x00000016   Code   RO         4264    x$fpl$drsb          fz_ws.l(daddsub_clz.o)
    0x08005caa   0x08005caa   0x00000002   PAD
    0x08005cac   0x08005cac   0x000001cc   Code   RO         4524    x$fpl$dsqrt         fz_ws.l(dsqrt_noumaal.o)
    0x08005e78   0x08005e78   0x000001d4   Code   RO         4265    x$fpl$dsub          fz_ws.l(daddsub_clz.o)
    0x0800604c   0x0800604c   0x00000056   Code   RO         4285    x$fpl$f2d           fz_ws.l(f2d.o)
    0x080060a2   0x080060a2   0x00000002   PAD
    0x080060a4   0x080060a4   0x000000c4   Code   RO         4287    x$fpl$fadd          fz_ws.l(faddsub_clz.o)
    0x08006168   0x08006168   0x0000000c   Code   RO         4526    x$fpl$fcheck1       fz_ws.l(fcheck1.o)
    0x08006174   0x08006174   0x00000184   Code   RO         4294    x$fpl$fdiv          fz_ws.l(fdiv.o)
    0x080062f8   0x080062f8   0x00000036   Code   RO         4297    x$fpl$ffix          fz_ws.l(ffix.o)
    0x0800632e   0x0800632e   0x00000002   PAD
    0x08006330   0x08006330   0x0000003e   Code   RO         4301    x$fpl$ffixu         fz_ws.l(ffixu.o)
    0x0800636e   0x0800636e   0x00000002   PAD
    0x08006370   0x08006370   0x00000030   Code   RO         4306    x$fpl$fflt          fz_ws.l(fflt_clz.o)
    0x080063a0   0x080063a0   0x00000026   Code   RO         4305    x$fpl$ffltu         fz_ws.l(fflt_clz.o)
    0x080063c6   0x080063c6   0x00000002   PAD
    0x080063c8   0x080063c8   0x00000102   Code   RO         4313    x$fpl$fmul          fz_ws.l(fmul.o)
    0x080064ca   0x080064ca   0x0000008c   Code   RO         4530    x$fpl$fnaninf       fz_ws.l(fnaninf.o)
    0x08006556   0x08006556   0x0000000a   Code   RO         4532    x$fpl$fretinf       fz_ws.l(fretinf.o)
    0x08006560   0x08006560   0x00000014   Code   RO         4288    x$fpl$frsb          fz_ws.l(faddsub_clz.o)
    0x08006574   0x08006574   0x00000110   Code   RO         4684    x$fpl$fsqrt         fz_ws.l(fsqrt.o)
    0x08006684   0x08006684   0x000000ea   Code   RO         4289    x$fpl$fsub          fz_ws.l(faddsub_clz.o)
    0x0800676e   0x0800676e   0x00000004   Code   RO         4317    x$fpl$printf1       fz_ws.l(printf1.o)
    0x08006772   0x08006772   0x00000004   Code   RO         4534    x$fpl$printf2       fz_ws.l(printf2.o)
    0x08006776   0x08006776   0x00000064   Code   RO         4688    x$fpl$retnan        fz_ws.l(retnan.o)
    0x080067da   0x080067da   0x0000004c   Code   RO         4319    x$fpl$scalbnf       fz_ws.l(scalbnf.o)
    0x08006826   0x08006826   0x00000030   Code   RO         4723    x$fpl$trapveneer    fz_ws.l(trapv.o)
    0x08006856   0x08006856   0x00000000   Code   RO         4540    x$fpl$usenofp       fz_ws.l(usenofp.o)
    0x08006856   0x08006856   0x000005f0   Data   RO         3608    .constdata          oled_font.o
    0x08006e46   0x08006e46   0x0000023a   Data   RO         3609    .constdata          oled_font.o
    0x08007080   0x08007080   0x000003b1   Data   RO         3610    .constdata          oled_font.o
    0x08007431   0x08007431   0x00000011   Data   RO         4245    .constdata          c_w.l(__printf_flags_ss_wp.o)
    0x08007442   0x08007442   0x00000002   PAD
    0x08007444   0x08007444   0x00000008   Data   RO         4412    .constdata          c_w.l(_printf_wctomb.o)
    0x0800744c   0x0800744c   0x00000028   Data   RO         4441    .constdata          c_w.l(_printf_hex_int_ll_ptr.o)
    0x08007474   0x08007474   0x00000026   Data   RO         4633    .constdata          c_w.l(_printf_fp_hex.o)
    0x0800749a   0x0800749a   0x00000002   PAD
    0x0800749c   0x0800749c   0x00000094   Data   RO         4644    .constdata          c_w.l(bigflt0.o)
    0x08007530   0x08007530   0x00000020   Data   RO         4784    Region$$Table       anon$$obj.o
    0x08007550   0x08007550   0x0000001c   Data   RO         4670    locale$$data        c_w.l(lc_numeric_c.o)
    0x0800756c   0x0800756c   0x00000110   Data   RO         4731    locale$$data        c_w.l(lc_ctype_c.o)


    Execution Region RW_IRAM1 (Exec base: 0x20000000, Load base: 0x0800767c, Size: 0x00000d30, Max: 0x00005000, ABSOLUTE)

    Exec Addr    Load Addr    Size         Type   Attr      Idx    E Section Name        Object

    0x20000000   0x0800767c   0x00000014   Data   RW         1734    .data               stm32f10x_rcc.o
    0x20000014   0x08007690   0x00000028   Data   RW         3215    .data               main.o
    0x2000003c   0x080076b8   0x00000004   Data   RW         3643    .data               _i2c.o
    0x20000040   0x080076bc   0x0000003c   Data   RW         3768    .data               mpu6050.o
    0x2000007c   0x080076f8   0x00000006   Data   RW         4009    .data               serial.o
    0x20000082   0x080076fe   0x00000002   PAD
    0x20000084        -       0x000000a4   Zero   RW         3210    .bss                main.o
    0x20000128        -       0x00000400   Zero   RW         3447    .bss                oled.o
    0x20000528        -       0x0000005c   Zero   RW         3767    .bss                mpu6050.o
    0x20000584        -       0x00000148   Zero   RW         4007    .bss                serial.o
    0x200006cc        -       0x00000060   Zero   RW         4593    .bss                c_w.l(libspace.o)
    0x2000072c   0x080076fe   0x00000004   PAD
    0x20000730        -       0x00000200   Zero   RW         3190    HEAP                startup_stm32f10x_md.o
    0x20000930        -       0x00000400   Zero   RW         3189    STACK               startup_stm32f10x_md.o


==============================================================================

Image component sizes


      Code (inc. data)   RO Data    RW Data    ZI Data      Debug   Object Name

      1990        122          0          4          0      11974   _i2c.o
         0          0          0          0          0         32   core_cm3.o
        56          0          0          0          0        898   delay.o
       344         20          0          0          0       1304   encoder.o
         4          0          0          0          0        380   iwdg.o
      1644        418          0         40        164      10962   main.o
       120         14          0          0          0     270447   misc.o
       256         12          0          0          0       1725   motor.o
      2104        108          0         60         92      13928   mpu6050.o
      1832         50          0          0       1024      14440   oled.o
         0          0       3035          0          0       1186   oled_font.o
        46          0          0          0          0       2853   pid_positional.o
       192          6          0          0          0       1483   pwm.o
       840         62          0          6        328       8801   serial.o
        64         26        236          0       1536        776   startup_stm32f10x_md.o
         0          0          0          0          0       1640   stm32f10x_adc.o
        88          0          0          0          0      13066   stm32f10x_dma.o
       216          0          0          0          0      12918   stm32f10x_gpio.o
       340         10          0          0          0      14768   stm32f10x_i2c.o
        18          0          0          0          0       3570   stm32f10x_it.o
        16          6          0          0          0        421   stm32f10x_iwdg.o
       256         36          0         20          0      13714   stm32f10x_rcc.o
      1376        178          0          0          0      36671   stm32f10x_tim.o
       418          6          0          0          0      13789   stm32f10x_usart.o
       260         26          0          0          0       1861   system_stm32f10x.o
       120          4          0          0          0        533   timer.o

    ----------------------------------------------------------------------
     12628       1104       3303        132       3144     454140   Object Totals
         0          0         32          0          0          0   (incl. Generated)
        28          0          0          2          0          0   (incl. Padding)

    ----------------------------------------------------------------------

      Code (inc. data)   RO Data    RW Data    ZI Data      Debug   Library Member Name

        56          6          0          0          0         88   __2snprintf.o
         8          0          0          0          0         68   __main.o
       392          4         17          0          0         92   __printf_flags_ss_wp.o
        14          0          0          0          0         68   __printf_wp.o
         0          0          0          0          0          0   __rtentry.o
        12          0          0          0          0          0   __rtentry2.o
         6          0          0          0          0          0   __rtentry4.o
        52          8          0          0          0          0   __scatter.o
        26          0          0          0          0          0   __scatter_copy.o
        28          0          0          0          0          0   __scatter_zi.o
         6          0          0          0          0          0   _printf_a.o
         6          0          0          0          0          0   _printf_c.o
        44          0          0          0          0        108   _printf_char.o
        48          6          0          0          0         96   _printf_char_common.o
        40          0          0          0          0         68   _printf_charcount.o
         6          0          0          0          0          0   _printf_d.o
       120         16          0          0          0         92   _printf_dec.o
         6          0          0          0          0          0   _printf_e.o
         6          0          0          0          0          0   _printf_f.o
      1054          0          0          0          0        216   _printf_fp_dec.o
       764          8         38          0          0        100   _printf_fp_hex.o
       128         16          0          0          0         84   _printf_fp_infnan.o
         6          0          0          0          0          0   _printf_g.o
       148          4         40          0          0        160   _printf_hex_int_ll_ptr.o
         6          0          0          0          0          0   _printf_i.o
       178          0          0          0          0         88   _printf_intcommon.o
        10          0          0          0          0          0   _printf_l.o
         6          0          0          0          0          0   _printf_lc.o
        10          0          0          0          0          0   _printf_ll.o
         6          0          0          0          0          0   _printf_lld.o
         6          0          0          0          0          0   _printf_lli.o
         6          0          0          0          0          0   _printf_llo.o
         6          0          0          0          0          0   _printf_llu.o
         6          0          0          0          0          0   _printf_llx.o
       124         16          0          0          0         92   _printf_longlong_dec.o
         6          0          0          0          0          0   _printf_ls.o
         6          0          0          0          0          0   _printf_n.o
         6          0          0          0          0          0   _printf_o.o
       112         10          0          0          0        124   _printf_oct_int_ll.o
         6          0          0          0          0          0   _printf_p.o
        78          0          0          0          0        108   _printf_pad.o
         0          0          0          0          0          0   _printf_percent.o
         4          0          0          0          0          0   _printf_percent_end.o
         6          0          0          0          0          0   _printf_s.o
        82          0          0          0          0         80   _printf_str.o
        36          0          0          0          0         84   _printf_truncate.o
         6          0          0          0          0          0   _printf_u.o
        44          0          0          0          0        108   _printf_wchar.o
       188          6          8          0          0         92   _printf_wctomb.o
         6          0          0          0          0          0   _printf_x.o
        22          0          0          0          0        100   _rserrno.o
        16          0          0          0          0         68   _snputc.o
        10          0          0          0          0         68   _sputc.o
        64          0          0          0          0         92   _wcrtomb.o
       228          4        148          0          0         96   bigflt0.o
      1936        128          0          0          0        672   btod.o
        10          0          0          0          0         68   defsig_exit.o
        50          0          0          0          0         88   defsig_general.o
        80         58          0          0          0         76   defsig_rtmem_inner.o
        14          0          0          0          0         80   defsig_rtmem_outer.o
        18          0          0          0          0         80   exit.o
        94          0          0          0          0         80   h1_alloc.o
        52          0          0          0          0         68   h1_extend.o
        78          0          0          0          0         80   h1_free.o
        14          0          0          0          0         84   h1_init.o
         6          0          0          0          0        152   heapauxi.o
         4          0          0          0          0        136   hguard.o
       138          0          0          0          0        168   init_alloc.o
        44         10        272          0          0         76   lc_ctype_c.o
        44         10         28          0          0         76   lc_numeric_c.o
         2          0          0          0          0          0   libinit.o
        38          0          0          0          0          0   libinit2.o
         2          0          0          0          0          0   libshutdown.o
         2          0          0          0          0          0   libshutdown2.o
         8          4          0          0         96         68   libspace.o
       138          0          0          0          0         80   lludiv10.o
         0          0          0          0          0          0   maybetermalloc1.o
        16          4          0          0          0         76   rt_ctype_table.o
         8          4          0          0          0         68   rt_errno_addr_intlibspace.o
         8          4          0          0          0         68   rt_heap_descriptor_intlibspace.o
         8          4          0          0          0         68   rt_locale_intlibspace.o
       138          0          0          0          0         68   rt_memcpy_v6.o
       100          0          0          0          0         80   rt_memcpy_w.o
         2          0          0          0          0          0   rtexit.o
        10          0          0          0          0          0   rtexit2.o
       128          0          0          0          0         68   strcmpv7m.o
        74          0          0          0          0         80   sys_stackheap_outer.o
         2          0          0          0          0         68   use_no_semi.o
         2          0          0          0          0         68   use_no_semi_2.o
        36          4          0          0          0         76   vsprintf.o
        98          4          0          0          0         92   d2f.o
       826         16          0          0          0        348   daddsub_clz.o
        24          0          0          0          0         68   dcmpi.o
       688        140          0          0          0        208   ddiv.o
        94          4          0          0          0         92   dfix.o
        90          4          0          0          0         92   dfixu.o
       120          4          0          0          0         92   dleqf.o
       156          4          0          0          0         92   dnaninf.o
        12          0          0          0          0         68   dretinf.o
       108          0          0          0          0         80   drleqf.o
       180          4          0          0          0         80   drnd.o
       460         56          0          0          0        120   dsqrt_noumaal.o
        86          4          0          0          0         84   f2d.o
       450          8          0          0          0        236   faddsub_clz.o
        12          4          0          0          0         68   fcheck1.o
       388         76          0          0          0         96   fdiv.o
        54          4          0          0          0         84   ffix.o
        62          4          0          0          0         84   ffixu.o
        86          0          0          0          0        136   fflt_clz.o
       258          4          0          0          0         84   fmul.o
       140          4          0          0          0         84   fnaninf.o
        10          0          0          0          0         68   fretinf.o
       272        100          0          0          0         88   fsqrt.o
         4          0          0          0          0         68   printf1.o
         4          0          0          0          0         68   printf2.o
       100          0          0          0          0         68   retnan.o
        76          0          0          0          0         68   scalbnf.o
        48          0          0          0          0         68   trapv.o
         0          0          0          0          0          0   usenofp.o
       292         38          0          0          0        120   asinf.o
       676         78          0          0          0        116   atan2f.o
        40          0          0          0          0         68   fpclassify.o
        38          0          0          0          0         68   fpclassifyf.o
        28          0          0          0          0        272   funder.o
       148         12          0          0          0         88   round.o
        76          0          0          0          0         84   sqrt.o
        44          0          0          0          0         80   sqrtf.o

    ----------------------------------------------------------------------
     13846        906        555          0        100       9140   Library Totals
        28          0          4          0          4          0   (incl. Padding)

    ----------------------------------------------------------------------

      Code (inc. data)   RO Data    RW Data    ZI Data      Debug   Library Name

      7570        334        551          0         96       5360   c_w.l
      4906        444          0          0          0       2884   fz_ws.l
      1342        128          0          0          0        896   m_ws.l

    ----------------------------------------------------------------------
     13846        906        555          0        100       9140   Library Totals

    ----------------------------------------------------------------------

==============================================================================


      Code (inc. data)   RO Data    RW Data    ZI Data      Debug   

     26474       2010       3858        132       3244     450328   Grand Totals
     26474       2010       3858        132       3244     450328   ELF Image Totals
     26474       2010       3858        132          0          0   ROM Totals

==============================================================================

    Total RO  Size (Code + RO Data)                30332 (  29.62kB)
    Total RW  Size (RW Data + ZI Data)              3376 (   3.30kB)
    Total ROM Size (Code + RO Data + RW Data)      30464 (  29.75kB)

==============================================================================

