Component: ARM Compiler 5.06 update 7 (build 960) Tool: armlink [4d3601]

==============================================================================

Section Cross References

    stm32f10x_adc.o(i.ADC_DeInit) refers to stm32f10x_rcc.o(i.RCC_APB2PeriphResetCmd) for RCC_APB2PeriphResetCmd
    stm32f10x_bkp.o(i.BKP_DeInit) refers to stm32f10x_rcc.o(i.RCC_BackupResetCmd) for RCC_BackupResetCmd
    stm32f10x_can.o(i.CAN_DeInit) refers to stm32f10x_rcc.o(i.RCC_APB1PeriphResetCmd) for RCC_APB1PeriphResetCmd
    stm32f10x_can.o(i.CAN_GetITStatus) refers to stm32f10x_can.o(i.CheckITStatus) for CheckITStatus
    stm32f10x_cec.o(i.CEC_DeInit) refers to stm32f10x_rcc.o(i.RCC_APB1PeriphResetCmd) for RCC_APB1PeriphResetCmd
    stm32f10x_dac.o(i.DAC_DeInit) refers to stm32f10x_rcc.o(i.RCC_APB1PeriphResetCmd) for RCC_APB1PeriphResetCmd
    stm32f10x_flash.o(i.FLASH_EnableWriteProtection) refers to stm32f10x_flash.o(i.FLASH_WaitForLastOperation) for FLASH_WaitForLastOperation
    stm32f10x_flash.o(i.FLASH_EraseAllBank1Pages) refers to stm32f10x_flash.o(i.FLASH_WaitForLastBank1Operation) for FLASH_WaitForLastBank1Operation
    stm32f10x_flash.o(i.FLASH_EraseAllPages) refers to stm32f10x_flash.o(i.FLASH_WaitForLastOperation) for FLASH_WaitForLastOperation
    stm32f10x_flash.o(i.FLASH_EraseOptionBytes) refers to stm32f10x_flash.o(i.FLASH_GetReadOutProtectionStatus) for FLASH_GetReadOutProtectionStatus
    stm32f10x_flash.o(i.FLASH_EraseOptionBytes) refers to stm32f10x_flash.o(i.FLASH_WaitForLastOperation) for FLASH_WaitForLastOperation
    stm32f10x_flash.o(i.FLASH_ErasePage) refers to stm32f10x_flash.o(i.FLASH_WaitForLastOperation) for FLASH_WaitForLastOperation
    stm32f10x_flash.o(i.FLASH_ProgramHalfWord) refers to stm32f10x_flash.o(i.FLASH_WaitForLastOperation) for FLASH_WaitForLastOperation
    stm32f10x_flash.o(i.FLASH_ProgramOptionByteData) refers to stm32f10x_flash.o(i.FLASH_WaitForLastOperation) for FLASH_WaitForLastOperation
    stm32f10x_flash.o(i.FLASH_ProgramWord) refers to stm32f10x_flash.o(i.FLASH_WaitForLastOperation) for FLASH_WaitForLastOperation
    stm32f10x_flash.o(i.FLASH_ReadOutProtection) refers to stm32f10x_flash.o(i.FLASH_WaitForLastOperation) for FLASH_WaitForLastOperation
    stm32f10x_flash.o(i.FLASH_UserOptionByteConfig) refers to stm32f10x_flash.o(i.FLASH_WaitForLastOperation) for FLASH_WaitForLastOperation
    stm32f10x_flash.o(i.FLASH_WaitForLastBank1Operation) refers to stm32f10x_flash.o(i.FLASH_GetBank1Status) for FLASH_GetBank1Status
    stm32f10x_flash.o(i.FLASH_WaitForLastOperation) refers to stm32f10x_flash.o(i.FLASH_GetBank1Status) for FLASH_GetBank1Status
    stm32f10x_gpio.o(i.GPIO_AFIODeInit) refers to stm32f10x_rcc.o(i.RCC_APB2PeriphResetCmd) for RCC_APB2PeriphResetCmd
    stm32f10x_gpio.o(i.GPIO_DeInit) refers to stm32f10x_rcc.o(i.RCC_APB2PeriphResetCmd) for RCC_APB2PeriphResetCmd
    stm32f10x_i2c.o(i.I2C_DeInit) refers to stm32f10x_rcc.o(i.RCC_APB1PeriphResetCmd) for RCC_APB1PeriphResetCmd
    stm32f10x_i2c.o(i.I2C_Init) refers to stm32f10x_rcc.o(i.RCC_GetClocksFreq) for RCC_GetClocksFreq
    stm32f10x_pwr.o(i.PWR_DeInit) refers to stm32f10x_rcc.o(i.RCC_APB1PeriphResetCmd) for RCC_APB1PeriphResetCmd
    stm32f10x_rcc.o(i.RCC_GetClocksFreq) refers to stm32f10x_rcc.o(.data) for .data
    stm32f10x_rcc.o(i.RCC_WaitForHSEStartUp) refers to stm32f10x_rcc.o(i.RCC_GetFlagStatus) for RCC_GetFlagStatus
    stm32f10x_rtc.o(i.RTC_SetAlarm) refers to stm32f10x_rtc.o(i.RTC_EnterConfigMode) for RTC_EnterConfigMode
    stm32f10x_rtc.o(i.RTC_SetAlarm) refers to stm32f10x_rtc.o(i.RTC_ExitConfigMode) for RTC_ExitConfigMode
    stm32f10x_rtc.o(i.RTC_SetCounter) refers to stm32f10x_rtc.o(i.RTC_EnterConfigMode) for RTC_EnterConfigMode
    stm32f10x_rtc.o(i.RTC_SetCounter) refers to stm32f10x_rtc.o(i.RTC_ExitConfigMode) for RTC_ExitConfigMode
    stm32f10x_rtc.o(i.RTC_SetPrescaler) refers to stm32f10x_rtc.o(i.RTC_EnterConfigMode) for RTC_EnterConfigMode
    stm32f10x_rtc.o(i.RTC_SetPrescaler) refers to stm32f10x_rtc.o(i.RTC_ExitConfigMode) for RTC_ExitConfigMode
    stm32f10x_spi.o(i.I2S_Init) refers to stm32f10x_rcc.o(i.RCC_GetClocksFreq) for RCC_GetClocksFreq
    stm32f10x_spi.o(i.SPI_I2S_DeInit) refers to stm32f10x_rcc.o(i.RCC_APB2PeriphResetCmd) for RCC_APB2PeriphResetCmd
    stm32f10x_spi.o(i.SPI_I2S_DeInit) refers to stm32f10x_rcc.o(i.RCC_APB1PeriphResetCmd) for RCC_APB1PeriphResetCmd
    stm32f10x_tim.o(i.TIM_DeInit) refers to stm32f10x_rcc.o(i.RCC_APB1PeriphResetCmd) for RCC_APB1PeriphResetCmd
    stm32f10x_tim.o(i.TIM_DeInit) refers to stm32f10x_rcc.o(i.RCC_APB2PeriphResetCmd) for RCC_APB2PeriphResetCmd
    stm32f10x_tim.o(i.TIM_ETRClockMode1Config) refers to stm32f10x_tim.o(i.TIM_ETRConfig) for TIM_ETRConfig
    stm32f10x_tim.o(i.TIM_ETRClockMode2Config) refers to stm32f10x_tim.o(i.TIM_ETRConfig) for TIM_ETRConfig
    stm32f10x_tim.o(i.TIM_ICInit) refers to stm32f10x_tim.o(i.TI1_Config) for TI1_Config
[...]
    _call_atexit_fns                          - Undefined Weak Reference
    _clock_init                               - Undefined Weak Reference
    _fp_trap_init                             - Undefined Weak Reference
    _fp_trap_shutdown                         - Undefined Weak Reference
    _get_lc_collate                           - Undefined Weak Reference
    _get_lc_monetary                          - Undefined Weak Reference
    _get_lc_time                              - Undefined Weak Reference
    _getenv_init                              - Undefined Weak Reference
    _handle_redirection                       - Undefined Weak Reference
    _init_alloc                               - Undefined Weak Reference
    _init_user_alloc                          - Undefined Weak Reference
    _initio                                   - Undefined Weak Reference
    _printf_mbtowc                            - Undefined Weak Reference
    _printf_wc                                - Undefined Weak Reference
    _rand_init                                - Undefined Weak Reference
    _signal_finish                            - Undefined Weak Reference
    _signal_init                              - Undefined Weak Reference
    _terminate_alloc                          - Undefined Weak Reference
    _terminate_user_alloc                     - Undefined Weak Reference
    _terminateio                              - Undefined Weak Reference
    __Vectors_Size                           0x000000ec   Number         0  startup_stm32f10x_md.o ABSOLUTE
    __Vectors                                0x08000000   Data           4  startup_stm32f10x_md.o(RESET)
    __Vectors_End                            0x080000ec   Data           0  startup_stm32f10x_md.o(RESET)
    __main                                   0x080000ed   Thumb Code     8  __main.o(!!!main)
    __scatterload                            0x080000f5   Thumb Code     0  __scatter.o(!!!scatter)
    __scatterload_rt2                        0x080000f5   Thumb Code    44  __scatter.o(!!!scatter)
    __scatterload_rt2_thumb_only             0x080000f5   Thumb Code     0  __scatter.o(!!!scatter)
    __scatterload_null                       0x08000103   Thumb Code     0  __scatter.o(!!!scatter)
    __scatterload_copy                       0x08000129   Thumb Code    26  __scatter_copy.o(!!handler_copy)
    __scatterload_zeroinit                   0x08000145   Thumb Code    28  __scatter_zi.o(!!handler_zi)
    _printf_n                                0x08000161   Thumb Code     0  _printf_n.o(.ARM.Collect$$_printf_percent$$00000001)
    _printf_percent                          0x08000161   Thumb Code     0  _printf_percent.o(.ARM.Collect$$_printf_percent$$00000000)
    _printf_p                                0x08000167   Thumb Code     0  _printf_p.o(.ARM.Collect$$_printf_percent$$00000002)
    _printf_f                                0x0800016d   Thumb Code     0  _printf_f.o(.ARM.Collect$$_printf_percent$$00000003)
    _printf_e                                0x08000173   Thumb Code     0  _printf_e.o(.ARM.Collect$$_printf_percent$$00000004)
    _printf_g                                0x08000179   Thumb Code     0  _printf_g.o(.ARM.Collect$$_printf_percent$$00000005)
    _printf_a                                0x0800017f   Thumb Code     0  _printf_a.o(.ARM.Collect$$_printf_percent$$00000006)
    _printf_ll                               0x08000185   Thumb Code     0  _printf_ll.o(.ARM.Collect$$_printf_percent$$00000007)
    _printf_i                                0x0800018f   Thumb Code     0  _printf_i.o(.ARM.Collect$$_printf_percent$$00000008)
    _printf_d                                0x08000195   Thumb Code     0  _printf_d.o(.ARM.Collect$$_printf_percent$$00000009)
    _printf_u                                0x0800019b   Thumb Code     0  _printf_u.o(.ARM.Collect$$_printf_percent$$0000000A)
    _printf_o                                0x080001a1   Thumb Code     0  _printf_o.o(.ARM.Collect$$_printf_percent$$0000000B)
    _printf_x                                0x080001a7   Thumb Code     0  _printf_x.o(.ARM.Collect$$_printf_percent$$0000000C)
    _printf_lli                              0x080001ad   Thumb Code     0  _printf_lli.o(.ARM.Collect$$_printf_percent$$0000000D)
    _printf_lld                              0x080001b3   Thumb Code     0  _printf_lld.o(.ARM.Collect$$_printf_percent$$0000000E)
    _printf_llu                              0x080001b9   Thumb Code     0  _printf_llu.o(.ARM.Collect$$_printf_percent$$0000000F)
    _printf_llo                              0x080001bf   Thumb Code     0  _printf_llo.o(.ARM.Collect$$_printf_percent$$00000010)
    _printf_llx                              0x080001c5   Thumb Code     0  _printf_llx.o(.ARM.Collect$$_printf_percent$$00000011)
    _printf_l                                0x080001cb   Thumb Code     0  _printf_l.o(.ARM.Collect$$_printf_percent$$00000012)
    _printf_c                                0x080001d5   Thumb Code     0  _printf_c.o(.ARM.Collect$$_printf_percent$$00000013)
    _printf_s                                0x080001db   Thumb Code     0  _printf_s.o(.ARM.Collect$$_printf_percent$$00000014)
    _printf_lc                               0x080001e1   Thumb Code     0  _printf_lc.o(.ARM.Collect$$_printf_percent$$00000015)
    _printf_ls                               0x080001e7   Thumb Code     0  _printf_ls.o(.ARM.Collect$$_printf_percent$$00000016)
    _printf_percent_end                      0x080001ed   Thumb Code     0  _printf_percent_end.o(.ARM.Collect$$_printf_percent$$00000017)
    __rt_lib_init                            0x080001f1   Thumb Code     0  libinit.o(.ARM.Collect$$libinit$$00000000)
    __rt_lib_init_fp_1                       0x080001f3   Thumb Code     0  libinit2.o(.ARM.Collect$$libinit$$00000002)
    __rt_lib_init_heap_1                     0x080001f3   Thumb Code     0  libinit2.o(.ARM.Collect$$libinit$$0000000A)
    __rt_lib_init_lc_common                  0x080001f3   Thumb Code     0  libinit2.o(.ARM.Collect$$libinit$$0000000F)
    __rt_lib_init_preinit_1                  0x080001f3   Thumb Code     0  libinit2.o(.ARM.Collect$$libinit$$00000004)
    __rt_lib_init_rand_1                     0x080001f3   Thumb Code     0  libinit2.o(.ARM.Collect$$libinit$$0000000E)
    __rt_lib_init_user_alloc_1               0x080001f3   Thumb Code     0  libinit2.o(.ARM.Collect$$libinit$$0000000C)
    __rt_lib_init_lc_collate_1               0x080001f9   Thumb Code     0  libinit2.o(.ARM.Collect$$libinit$$00000011)
    __rt_lib_init_lc_ctype_2                 0x080001f9   Thumb Code     0  libinit2.o(.ARM.Collect$$libinit$$00000012)
    __rt_lib_init_lc_ctype_1                 0x08000205   Thumb Code     0  libinit2.o(.ARM.Collect$$libinit$$00000013)
    __rt_lib_init_lc_monetary_1              0x08000205   Thumb Code     0  libinit2.o(.ARM.Collect$$libinit$$00000015)
    __rt_lib_init_lc_numeric_2               0x08000205   Thumb Code     0  libinit2.o(.ARM.Collect$$libinit$$00000016)
    __rt_lib_init_alloca_1                   0x0800020f   Thumb Code     0  libinit2.o(.ARM.Collect$$libinit$$0000002E)
    __rt_lib_init_argv_1                     0x0800020f   Thumb Code     0  libinit2.o(.ARM.Collect$$libinit$$0000002C)
    __rt_lib_init_atexit_1                   0x0800020f   Thumb Code     0  libinit2.o(.ARM.Collect$$libinit$$0000001B)
    __rt_lib_init_clock_1                    0x0800020f   Thumb Code     0  libinit2.o(.ARM.Collect$$libinit$$00000021)
    __rt_lib_init_cpp_1                      0x0800020f   Thumb Code     0  libinit2.o(.ARM.Collect$$libinit$$00000032)
    __rt_lib_init_exceptions_1               0x0800020f   Thumb Code     0  libinit2.o(.ARM.Collect$$libinit$$00000030)
    __rt_lib_init_fp_trap_1                  0x0800020f   Thumb Code     0  libinit2.o(.ARM.Collect$$libinit$$0000001F)
    __rt_lib_init_getenv_1                   0x0800020f   Thumb Code     0  libinit2.o(.ARM.Collect$$libinit$$00000023)
    __rt_lib_init_lc_numeric_1               0x0800020f   Thumb Code     0  libinit2.o(.ARM.Collect$$libinit$$00000017)
    __rt_lib_init_lc_time_1                  0x0800020f   Thumb Code     0  libinit2.o(.ARM.Collect$$libinit$$00000019)
    __rt_lib_init_return                     0x0800020f   Thumb Code     0  libinit2.o(.ARM.Collect$$libinit$$00000033)
    __rt_lib_init_signal_1                   0x0800020f   Thumb Code     0  libinit2.o(.ARM.Collect$$libinit$$0000001D)
    __rt_lib_init_stdio_1                    0x0800020f   Thumb Code     0  libinit2.o(.ARM.Collect$$libinit$$00000025)
    __rt_lib_shutdown                        0x08000211   Thumb Code     0  libshutdown.o(.ARM.Collect$$libshutdown$$00000000)
    __rt_lib_shutdown_cpp_1                  0x08000213   Thumb Code     0  libshutdown2.o(.ARM.Collect$$libshutdown$$00000004)
    __rt_lib_shutdown_fini_1                 0x08000213   Thumb Code     0  libshutdown2.o(.ARM.Collect$$libshutdown$$00000002)
    __rt_lib_shutdown_fp_trap_1              0x08000213   Thumb Code     0  libshutdown2.o(.ARM.Collect$$libshutdown$$00000009)
    __rt_lib_shutdown_heap_1                 0x08000213   Thumb Code     0  libshutdown2.o(.ARM.Collect$$libshutdown$$00000011)
    __rt_lib_shutdown_return                 0x08000213   Thumb Code     0  libshutdown2.o(.ARM.Collect$$libshutdown$$00000012)
    __rt_lib_shutdown_signal_1               0x08000213   Thumb Code     0  libshutdown2.o(.ARM.Collect$$libshutdown$$0000000C)
    __rt_lib_shutdown_stdio_1                0x08000213   Thumb Code     0  libshutdown2.o(.ARM.Collect$$libshutdown$$00000006)
    __rt_lib_shutdown_user_alloc_1           0x08000213   Thumb Code     0  libshutdown2.o(.ARM.Collect$$libshutdown$$0000000E)
    __rt_entry                               0x08000215   Thumb Code     0  __rtentry.o(.ARM.Collect$$rtentry$$00000000)
    __rt_entry_presh_1                       0x08000215   Thumb Code     0  __rtentry2.o(.ARM.Collect$$rtentry$$00000002)
    __rt_entry_sh                            0x08000215   Thumb Code     0  __rtentry4.o(.ARM.Collect$$rtentry$$00000004)
    __rt_entry_li                            0x0800021b   Thumb Code     0  __rtentry2.o(.ARM.Collect$$rtentry$$0000000A)
    __rt_entry_postsh_1                      0x0800021b   Thumb Code     0  __rtentry2.o(.ARM.Collect$$rtentry$$00000009)
    __rt_entry_main                          0x0800021f   Thumb Code     0  __rtentry2.o(.ARM.Collect$$rtentry$$0000000D)
    __rt_entry_postli_1                      0x0800021f   Thumb Code     0  __rtentry2.o(.ARM.Collect$$rtentry$$0000000C)
    __rt_exit                                0x08000227   Thumb Code     0  rtexit.o(.ARM.Collect$$rtexit$$00000000)
    __rt_exit_ls                             0x08000229   Thumb Code     0  rtexit2.o(.ARM.Collect$$rtexit$$00000003)
    __rt_exit_prels_1                        0x08000229   Thumb Code     0  rtexit2.o(.ARM.Collect$$rtexit$$00000002)
    __rt_exit_exit                           0x0800022d   Thumb Code     0  rtexit2.o(.ARM.Collect$$rtexit$$00000004)
    Reset_Handler                            0x08000235   Thumb Code     8  startup_stm32f10x_md.o(.text)
    ADC1_2_IRQHandler                        0x0800024f   Thumb Code     0  startup_stm32f10x_md.o(.text)
    CAN1_RX1_IRQHandler                      0x0800024f   Thumb Code     0  startup_stm32f10x_md.o(.text)
    CAN1_SCE_IRQHandler                      0x0800024f   Thumb Code     0  startup_stm32f10x_md.o(.text)
    DMA1_Channel1_IRQHandler                 0x0800024f   Thumb Code     0  startup_stm32f10x_md.o(.text)
    DMA1_Channel2_IRQHandler                 0x0800024f   Thumb Code     0  startup_stm32f10x_md.o(.text)
    DMA1_Channel3_IRQHandler                 0x0800024f   Thumb Code     0  startup_stm32f10x_md.o(.text)
    DMA1_Channel4_IRQHandler                 0x0800024f   Thumb Code     0  startup_stm32f10x_md.o(.text)
    DMA1_Channel5_IRQHandler                 0x0800024f   Thumb Code     0  startup_stm32f10x_md.o(.text)
    DMA1_Channel6_IRQHandler                 0x0800024f   Thumb Code     0  startup_stm32f10x_md.o(.text)
    EXTI0_IRQHandler                         0x0800024f   Thumb Code     0  startup_stm32f10x_md.o(.text)
    EXTI15_10_IRQHandler                     0x0800024f   Thumb Code     0  startup_stm32f10x_md.o(.text)
    EXTI1_IRQHandler                         0x0800024f   Thumb Code     0  startup_stm32f10x_md.o(.text)
    EXTI2_IRQHandler                         0x0800024f   Thumb Code     0  startup_stm32f10x_md.o(.text)
    EXTI3_IRQHandler                         0x0800024f   Thumb Code     0  startup_stm32f10x_md.o(.text)
    EXTI4_IRQHandler                         0x0800024f   Thumb Code     0  startup_stm32f10x_md.o(.text)
    EXTI9_5_IRQHandler                       0x0800024f   Thumb Code     0  startup_stm32f10x_md.o(.text)
    FLASH_IRQHandler                         0x0800024f   Thumb Code     0  startup_stm32f10x_md.o(.text)
    I2C1_ER_IRQHandler                       0x0800024f   Thumb Code     0  startup_stm32f10x_md.o(.text)
    I2C1_EV_IRQHandler                       0x0800024f   Thumb Code     0  startup_stm32f10x_md.o(.text)
    I2C2_ER_IRQHandler                       0x0800024f   Thumb Code     0  startup_stm32f10x_md.o(.text)
    I2C2_EV_IRQHandler                       0x0800024f   Thumb Code     0  startup_stm32f10x_md.o(.text)
    PVD_IRQHandler                           0x0800024f   Thumb Code     0  startup_stm32f10x_md.o(.text)
    RCC_IRQHandler                           0x0800024f   Thumb Code     0  startup_stm32f10x_md.o(.text)
    RTCAlarm_IRQHandler                      0x0800024f   Thumb Code     0  startup_stm32f10x_md.o(.text)
    RTC_IRQHandler                           0x0800024f   Thumb Code     0  startup_stm32f10x_md.o(.text)
    SPI1_IRQHandler                          0x0800024f   Thumb Code     0  startup_stm32f10x_md.o(.text)
    SPI2_IRQHandler                          0x0800024f   Thumb Code     0  startup_stm32f10x_md.o(.text)
    TAMPER_IRQHandler                        0x0800024f   Thumb Code     0  startup_stm32f10x_md.o(.text)
    TIM1_BRK_IRQHandler                      0x0800024f   Thumb Code     0  startup_stm32f10x_md.o(.text)
    TIM1_CC_IRQHandler                       0x0800024f   Thumb Code     0  startup_stm32f10x_md.o(.text)
    TIM1_TRG_COM_IRQHandler                  0x0800024f   Thumb Code     0  startup_stm32f10x_md.o(.text)
    TIM1_UP_IRQHandler                       0x0800024f   Thumb Code     0  startup_stm32f10x_md.o(.text)
    TIM3_IRQHandler                          0x0800024f   Thumb Code     0  startup_stm32f10x_md.o(.text)
    TIM4_IRQHandler                          0x0800024f   Thumb Code     0  startup_stm32f10x_md.o(.text)
    USART3_IRQHandler                        0x0800024f   Thumb Code     0  startup_stm32f10x_md.o(.text)
    USBWakeUp_IRQHandler                     0x0800024f   Thumb Code     0  startup_stm32f10x_md.o(.text)
    USB_HP_CAN1_TX_IRQHandler                0x0800024f   Thumb Code     0  startup_stm32f10x_md.o(.text)
    USB_LP_CAN1_RX0_IRQHandler               0x0800024f   Thumb Code     0  startup_stm32f10x_md.o(.text)
    WWDG_IRQHandler                          0x0800024f   Thumb Code     0  startup_stm32f10x_md.o(.text)
    __user_initial_stackheap                 0x08000251   Thumb Code     0  startup_stm32f10x_md.o(.text)
    vsprintf                                 0x08000275   Thumb Code    32  vsprintf.o(.text)
    __2snprintf                              0x08000299   Thumb Code    50  __2snprintf.o(.text)
    __printf                                 0x080002d1   Thumb Code   388  __printf_flags_ss_wp.o(.text)
    __aeabi_memcpy                           0x08000459   Thumb Code     0  rt_memcpy_v6.o(.text)
    __rt_memcpy                              0x08000459   Thumb Code   138  rt_memcpy_v6.o(.text)
    _memcpy_lastbytes                        0x080004bf   Thumb Code     0  rt_memcpy_v6.o(.text)
    strcmp                                   0x080004e5   Thumb Code   128  strcmpv7m.o(.text)
    __use_two_region_memory                  0x08000565   Thumb Code     2  heapauxi.o(.text)
    __rt_heap_escrow$2region                 0x08000567   Thumb Code     2  heapauxi.o(.text)
    __rt_heap_expand$2region                 0x08000569   Thumb Code     2  heapauxi.o(.text)
    __read_errno                             0x0800056b   Thumb Code    10  _rserrno.o(.text)
    __set_errno                              0x08000575   Thumb Code    12  _rserrno.o(.text)
    _printf_pre_padding                      0x08000581   Thumb Code    44  _printf_pad.o(.text)
    _printf_post_padding                     0x080005ad   Thumb Code    34  _printf_pad.o(.text)
    _printf_truncate_signed                  0x080005cf   Thumb Code    18  _printf_truncate.o(.text)
    _printf_truncate_unsigned                0x080005e1   Thumb Code    18  _printf_truncate.o(.text)
    _printf_str                              0x080005f3   Thumb Code    82  _printf_str.o(.text)
    _printf_int_dec                          0x08000645   Thumb Code   104  _printf_dec.o(.text)
    _printf_charcount                        0x080006bd   Thumb Code    40  _printf_charcount.o(.text)
    __lib_sel_fp_printf                      0x080006e5   Thumb Code     2  _printf_fp_dec.o(.text)
    _printf_fp_dec_real                      0x08000897   Thumb Code   620  _printf_fp_dec.o(.text)
    _printf_char_common                      0x08000b0f   Thumb Code    32  _printf_char_common.o(.text)
    _sputc                                   0x08000b35   Thumb Code    10  _sputc.o(.text)
    _snputc                                  0x08000b3f   Thumb Code    16  _snputc.o(.text)
    _printf_wctomb                           0x08000b51   Thumb Code   182  _printf_wctomb.o(.text)
    _printf_longlong_dec                     0x08000c0d   Thumb Code   108  _printf_longlong_dec.o(.text)
    _printf_longlong_oct                     0x08000c89   Thumb Code    66  _printf_oct_int_ll.o(.text)
    _printf_int_oct                          0x08000ccb   Thumb Code    24  _printf_oct_int_ll.o(.text)
    _printf_ll_oct                           0x08000ce3   Thumb Code    12  _printf_oct_int_ll.o(.text)
    _printf_longlong_hex                     0x08000cf9   Thumb Code    86  _printf_hex_int_ll_ptr.o(.text)
    _printf_int_hex                          0x08000d4f   Thumb Code    28  _printf_hex_int_ll_ptr.o(.text)
    _printf_ll_hex                           0x08000d6b   Thumb Code    12  _printf_hex_int_ll_ptr.o(.text)
    _printf_hex_ptr                          0x08000d77   Thumb Code    18  _printf_hex_int_ll_ptr.o(.text)
    __aeabi_memcpy4                          0x08000d8d   Thumb Code     0  rt_memcpy_w.o(.text)
    __aeabi_memcpy8                          0x08000d8d   Thumb Code     0  rt_memcpy_w.o(.text)
    __rt_memcpy_w                            0x08000d8d   Thumb Code   100  rt_memcpy_w.o(.text)
    _memcpy_lastbytes_aligned                0x08000dd5   Thumb Code     0  rt_memcpy_w.o(.text)
    __rt_locale                              0x08000df1   Thumb Code     8  rt_locale_intlibspace.o(.text)
    __aeabi_errno_addr                       0x08000df9   Thumb Code     8  rt_errno_addr_intlibspace.o(.text)
    __errno$intlibspace                      0x08000df9   Thumb Code     0  rt_errno_addr_intlibspace.o(.text)
    __rt_errno_addr$intlibspace              0x08000df9   Thumb Code     0  rt_errno_addr_intlibspace.o(.text)
    _ll_udiv10                               0x08000e01   Thumb Code   138  lludiv10.o(.text)
    _printf_int_common                       0x08000e8b   Thumb Code   178  _printf_intcommon.o(.text)
    _printf_fp_hex_real                      0x08000f3d   Thumb Code   756  _printf_fp_hex.o(.text)
    _printf_fp_infnan                        0x08001239   Thumb Code   112  _printf_fp_infnan.o(.text)
    _printf_cs_common                        0x080012b9   Thumb Code    20  _printf_char.o(.text)
    _printf_char                             0x080012cd   Thumb Code    16  _printf_char.o(.text)
    _printf_string                           0x080012dd   Thumb Code     8  _printf_char.o(.text)
    _printf_lcs_common                       0x080012e5   Thumb Code    20  _printf_wchar.o(.text)
    _printf_wchar                            0x080012f9   Thumb Code    16  _printf_wchar.o(.text)
    _printf_wstring                          0x08001309   Thumb Code     8  _printf_wchar.o(.text)
    _btod_etento                             0x08001311   Thumb Code   224  bigflt0.o(.text)
    _wcrtomb                                 0x080013f5   Thumb Code    64  _wcrtomb.o(.text)
    __user_libspace                          0x08001435   Thumb Code     8  libspace.o(.text)
    __user_perproc_libspace                  0x08001435   Thumb Code     0  libspace.o(.text)
    __user_perthread_libspace                0x08001435   Thumb Code     0  libspace.o(.text)
    __user_setup_stackheap                   0x0800143d   Thumb Code    74  sys_stackheap_outer.o(.text)
    __rt_ctype_table                         0x08001489   Thumb Code    16  rt_ctype_table.o(.text)
    exit                                     0x08001499   Thumb Code    18  exit.o(.text)
    _sys_exit                                0x080014ad   Thumb Code     8  sys_exit.o(.text)
    __I$use$semihosting                      0x080014b9   Thumb Code     0  use_no_semi.o(.text)
    __use_no_semihosting_swi                 0x080014b9   Thumb Code     2  use_no_semi.o(.text)
    __semihosting_library_function           0x080014bb   Thumb Code     0  indicate_semi.o(.text)
    _btod_d2e                                0x080014bb   Thumb Code    62  btod.o(CL$$btod_d2e)
    _d2e_denorm_low                          0x080014f9   Thumb Code    70  btod.o(CL$$btod_d2e_denorm_low)
    _d2e_norm_op1                            0x0800153f   Thumb Code    96  btod.o(CL$$btod_d2e_norm_op1)
    __btod_div_common                        0x0800159f   Thumb Code   696  btod.o(CL$$btod_div_common)
    _e2e                                     0x080018d7   Thumb Code   220  btod.o(CL$$btod_e2e)
    _btod_ediv                               0x080019b3   Thumb Code    42  btod.o(CL$$btod_ediv)
    _btod_emul                               0x080019dd   Thumb Code    42  btod.o(CL$$btod_emul)
    __btod_mult_common                       0x08001a07   Thumb Code   580  btod.o(CL$$btod_mult_common)
    Angle_Get                                0x08001c4d   Thumb Code    18  main.o(i.Angle_Get)
    BusFault_Handler                         0x08001c65   Thumb Code     2  stm32f10x_it.o(i.BusFault_Handler)
    DMA1_Channel7_IRQHandler                 0x08001c69   Thumb Code    38  mpu6050.o(i.DMA1_Channel7_IRQHandler)
    DMA_ClearITPendingBit                    0x08001c99   Thumb Code    16  stm32f10x_dma.o(i.DMA_ClearITPendingBit)
    DMA_Cmd                                  0x08001cb1   Thumb Code    22  stm32f10x_dma.o(i.DMA_Cmd)
    DMA_GetITStatus                          0x08001cc9   Thumb Code    24  stm32f10x_dma.o(i.DMA_GetITStatus)
    DMA_Init                                 0x08001ce9   Thumb Code    58  stm32f10x_dma.o(i.DMA_Init)
    DMA_SetCurrDataCounter                   0x08001d23   Thumb Code     4  stm32f10x_dma.o(i.DMA_SetCurrDataCounter)
    DebugMon_Handler                         0x08001d27   Thumb Code     2  stm32f10x_it.o(i.DebugMon_Handler)
    Delay_ms                                 0x08001d29   Thumb Code    22  delay.o(i.Delay_ms)
    Delay_us                                 0x08001d3f   Thumb Code    32  delay.o(i.Delay_us)
    Encoder_TIM3_Init                        0x08001d61   Thumb Code   162  encoder.o(i.Encoder_TIM3_Init)
    Encoder_TIM4_Init                        0x08001e0d   Thumb Code   162  encoder.o(i.Encoder_TIM4_Init)
    GPIO_Init                                0x08001eb9   Thumb Code   156  stm32f10x_gpio.o(i.GPIO_Init)
    GPIO_PinRemapConfig                      0x08001f55   Thumb Code    82  stm32f10x_gpio.o(i.GPIO_PinRemapConfig)
    GPIO_ResetBits                           0x08001fad   Thumb Code     4  stm32f10x_gpio.o(i.GPIO_ResetBits)
    GPIO_SetBits                             0x08001fb1   Thumb Code     4  stm32f10x_gpio.o(i.GPIO_SetBits)
    GPIO_StructInit                          0x08001fb5   Thumb Code    16  stm32f10x_gpio.o(i.GPIO_StructInit)
    HardFault_Handler                        0x08001fc5   Thumb Code     2  stm32f10x_it.o(i.HardFault_Handler)
    I2C_AcknowledgeConfig                    0x08001fc7   Thumb Code    20  stm32f10x_i2c.o(i.I2C_AcknowledgeConfig)
    I2C_CheckEvent                           0x08001fdb   Thumb Code    24  stm32f10x_i2c.o(i.I2C_CheckEvent)
    I2C_Cmd                                  0x08001ff3   Thumb Code    20  stm32f10x_i2c.o(i.I2C_Cmd)
    I2C_GenerateSTART                        0x08002007   Thumb Code    20  stm32f10x_i2c.o(i.I2C_GenerateSTART)
    I2C_GenerateSTOP                         0x0800201b   Thumb Code    20  stm32f10x_i2c.o(i.I2C_GenerateSTOP)
    I2C_Init                                 0x08002031   Thumb Code   178  stm32f10x_i2c.o(i.I2C_Init)
    I2C_ReceiveData                          0x080020ed   Thumb Code     6  stm32f10x_i2c.o(i.I2C_ReceiveData)
    I2C_Send7bitAddress                      0x080020f3   Thumb Code    16  stm32f10x_i2c.o(i.I2C_Send7bitAddress)
    I2C_SendData                             0x08002103   Thumb Code     4  stm32f10x_i2c.o(i.I2C_SendData)
    I2C_WaitEvent                            0x08002107   Thumb Code    34  oled.o(i.I2C_WaitEvent)
    MPU6050_CalculateAngle                   0x08002129   Thumb Code   132  mpu6050.o(i.MPU6050_CalculateAngle)
    MPU6050_Init                             0x080021cd   Thumb Code   150  mpu6050.o(i.MPU6050_Init)
    MPU6050_ReadReg                          0x08002271   Thumb Code   234  mpu6050.o(i.MPU6050_ReadReg)
    MPU6050_WaitEvent                        0x08002369   Thumb Code    30  mpu6050.o(i.MPU6050_WaitEvent)
    MPU6050_WriteReg                         0x08002389   Thumb Code    90  mpu6050.o(i.MPU6050_WriteReg)
    Main_Config                              0x080023f1   Thumb Code   104  main.o(i.Main_Config)
    MemManage_Handler                        0x08002479   Thumb Code     2  stm32f10x_it.o(i.MemManage_Handler)
    MotorA_SetSpeed                          0x0800247d   Thumb Code    78  motor.o(i.MotorA_SetSpeed)
    MotorB_SetSpeed                          0x080024d1   Thumb Code    78  motor.o(i.MotorB_SetSpeed)
    MotorControlLoop_Angle                   0x08002525   Thumb Code    48  main.o(i.MotorControlLoop_Angle)
    Motor_Init                               0x0800255d   Thumb Code    48  motor.o(i.Motor_Init)
    NMI_Handler                              0x08002591   Thumb Code     2  stm32f10x_it.o(i.NMI_Handler)
    NVIC_Init                                0x08002595   Thumb Code    94  misc.o(i.NVIC_Init)
    NVIC_PriorityGroupConfig                 0x080025f9   Thumb Code    10  misc.o(i.NVIC_PriorityGroupConfig)
    OLED_Clear                               0x0800260d   Thumb Code    38  oled.o(i.OLED_Clear)
    OLED_ClearLine                           0x08002633   Thumb Code    44  oled.o(i.OLED_ClearLine)
    OLED_I2C_Init                            0x08002661   Thumb Code   116  oled.o(i.OLED_I2C_Init)
    OLED_I2C_Write                           0x080026e9   Thumb Code   102  oled.o(i.OLED_I2C_Write)
    OLED_Init                                0x0800275d   Thumb Code   152  oled.o(i.OLED_Init)
    OLED_MPU6050CycleDisplay                 0x080027f5   Thumb Code    50  main.o(i.OLED_MPU6050CycleDisplay)
    OLED_MPU6050Display                      0x0800282d   Thumb Code    70  main.o(i.OLED_MPU6050Display)
    OLED_PIDCycleDisplay                     0x0800288d   Thumb Code   116  main.o(i.OLED_PIDCycleDisplay)
    OLED_PIDDisplay                          0x08002905   Thumb Code    70  main.o(i.OLED_PIDDisplay)
    OLED_Pow                                 0x08002965   Thumb Code    14  oled.o(i.OLED_Pow)
    OLED_SerialCycleDisplay                  0x08002975   Thumb Code    74  main.o(i.OLED_SerialCycleDisplay)
    OLED_SerialDisplay                       0x080029dd   Thumb Code    22  main.o(i.OLED_SerialDisplay)
    OLED_SetCursor                           0x08002a25   Thumb Code    34  oled.o(i.OLED_SetCursor)
    OLED_ShowChar                            0x08002a49   Thumb Code    98  oled.o(i.OLED_ShowChar)
    OLED_ShowNum                             0x08002ab1   Thumb Code    66  oled.o(i.OLED_ShowNum)
    OLED_ShowSignedNum                       0x08002af3   Thumb Code    86  oled.o(i.OLED_ShowSignedNum)
    OLED_ShowString                          0x08002b49   Thumb Code    38  oled.o(i.OLED_ShowString)
    OLED_WriteCommand                        0x08002b6f   Thumb Code    22  oled.o(i.OLED_WriteCommand)
    OLED_WriteData                           0x08002b85   Thumb Code    24  oled.o(i.OLED_WriteData)
    PID_Angle                                0x08002ba1   Thumb Code   210  pid_positional.o(i.PID_Angle)
    PID_Angle_Clear                          0x08002c79   Thumb Code    24  pid_positional.o(i.PID_Angle_Clear)
    PID_Init_Angle                           0x08002c95   Thumb Code    46  pid_positional.o(i.PID_Init_Angle)
    PWM_SetCompare1                          0x08002cc3   Thumb Code    10  pwm.o(i.PWM_SetCompare1)
    PWM_SetCompare2                          0x08002ccd   Thumb Code    10  pwm.o(i.PWM_SetCompare2)
    PWM_init                                 0x08002cd9   Thumb Code   168  pwm.o(i.PWM_init)
    PendSV_Handler                           0x08002d85   Thumb Code     2  stm32f10x_it.o(i.PendSV_Handler)
    RCC_AHBPeriphClockCmd                    0x08002d89   Thumb Code    18  stm32f10x_rcc.o(i.RCC_AHBPeriphClockCmd)
    RCC_APB1PeriphClockCmd                   0x08002da1   Thumb Code    18  stm32f10x_rcc.o(i.RCC_APB1PeriphClockCmd)
    RCC_APB2PeriphClockCmd                   0x08002db9   Thumb Code    18  stm32f10x_rcc.o(i.RCC_APB2PeriphClockCmd)
    RCC_GetClocksFreq                        0x08002dd1   Thumb Code   132  stm32f10x_rcc.o(i.RCC_GetClocksFreq)
    SVC_Handler                              0x08002e65   Thumb Code     2  stm32f10x_it.o(i.SVC_Handler)
    Serial_Init                              0x08002e69   Thumb Code   336  serial.o(i.Serial_Init)
    Serial_Printf                            0x08002fc5   Thumb Code    34  serial.o(i.Serial_Printf)
    Serial_SendByte                          0x08002fe7   Thumb Code    26  serial.o(i.Serial_SendByte)
    Serial_SendString                        0x08003001   Thumb Code    28  serial.o(i.Serial_SendString)
    Serial_change                            0x0800301d   Thumb Code   206  main.o(i.Serial_change)
    SysTick_Handler                          0x08003215   Thumb Code     2  stm32f10x_it.o(i.SysTick_Handler)
    SystemInit                               0x08003219   Thumb Code    64  system_stm32f10x.o(i.SystemInit)
    TIM2_IRQHandler                          0x08003351   Thumb Code    86  main.o(i.TIM2_IRQHandler)
    TIM2_NVIC_Init                           0x080033ad   Thumb Code    50  pwm.o(i.TIM2_NVIC_Init)
    TIM_ClearITPendingBit                    0x080033df   Thumb Code     6  stm32f10x_tim.o(i.TIM_ClearITPendingBit)
    TIM_Cmd                                  0x080033e5   Thumb Code    20  stm32f10x_tim.o(i.TIM_Cmd)
    TIM_CtrlPWMOutputs                       0x080033f9   Thumb Code    22  stm32f10x_tim.o(i.TIM_CtrlPWMOutputs)
    TIM_EncoderInterfaceConfig               0x0800340f   Thumb Code    50  stm32f10x_tim.o(i.TIM_EncoderInterfaceConfig)
    TIM_GetITStatus                          0x08003441   Thumb Code    24  stm32f10x_tim.o(i.TIM_GetITStatus)
    TIM_ICInit                               0x08003459   Thumb Code   278  stm32f10x_tim.o(i.TIM_ICInit)
    TIM_ICStructInit                         0x08003585   Thumb Code    16  stm32f10x_tim.o(i.TIM_ICStructInit)
    TIM_ITConfig                             0x08003595   Thumb Code    16  stm32f10x_tim.o(i.TIM_ITConfig)
    TIM_InternalClockConfig                  0x080035a5   Thumb Code    10  stm32f10x_tim.o(i.TIM_InternalClockConfig)
    TIM_OC1Init                              0x080035b1   Thumb Code   106  stm32f10x_tim.o(i.TIM_OC1Init)
    TIM_OC1PreloadConfig                     0x08003631   Thumb Code    12  stm32f10x_tim.o(i.TIM_OC1PreloadConfig)
    TIM_OC2Init                              0x0800363d   Thumb Code   120  stm32f10x_tim.o(i.TIM_OC2Init)
    TIM_OC2PreloadConfig                     0x080036bd   Thumb Code    20  stm32f10x_tim.o(i.TIM_OC2PreloadConfig)
    TIM_OCStructInit                         0x080036d1   Thumb Code    20  stm32f10x_tim.o(i.TIM_OCStructInit)
    TIM_SetCompare1                          0x080036e5   Thumb Code     4  stm32f10x_tim.o(i.TIM_SetCompare1)
    TIM_SetCompare2                          0x080036e9   Thumb Code     4  stm32f10x_tim.o(i.TIM_SetCompare2)
    TIM_SetIC1Prescaler                      0x080036ed   Thumb Code    16  stm32f10x_tim.o(i.TIM_SetIC1Prescaler)
    TIM_SetIC2Prescaler                      0x080036fd   Thumb Code    24  stm32f10x_tim.o(i.TIM_SetIC2Prescaler)
    TIM_SetIC3Prescaler                      0x08003715   Thumb Code    16  stm32f10x_tim.o(i.TIM_SetIC3Prescaler)
    TIM_SetIC4Prescaler                      0x08003725   Thumb Code    24  stm32f10x_tim.o(i.TIM_SetIC4Prescaler)
    TIM_TimeBaseInit                         0x0800373d   Thumb Code   114  stm32f10x_tim.o(i.TIM_TimeBaseInit)
    USART1_IRQHandler                        0x080037d9   Thumb Code   112  serial.o(i.USART1_IRQHandler)
    USART2_DMA_Init                          0x08003855   Thumb Code    72  serial.o(i.USART2_DMA_Init)
    USART2_DMA_Send                          0x080038a9   Thumb Code    60  serial.o(i.USART2_DMA_Send)
    USART2_IRQHandler                        0x080038ed   Thumb Code   112  serial.o(i.USART2_IRQHandler)
    USART_ClearITPendingBit                  0x08003969   Thumb Code    12  stm32f10x_usart.o(i.USART_ClearITPendingBit)
    USART_Cmd                                0x08003975   Thumb Code    20  stm32f10x_usart.o(i.USART_Cmd)
    USART_DMACmd                             0x08003989   Thumb Code    16  stm32f10x_usart.o(i.USART_DMACmd)
    USART_GetFlagStatus                      0x08003999   Thumb Code    14  stm32f10x_usart.o(i.USART_GetFlagStatus)
    USART_GetITStatus                        0x080039a7   Thumb Code    62  stm32f10x_usart.o(i.USART_GetITStatus)
    USART_ITConfig                           0x080039e5   Thumb Code    48  stm32f10x_usart.o(i.USART_ITConfig)
    USART_Init                               0x08003a15   Thumb Code   166  stm32f10x_usart.o(i.USART_Init)
    USART_ReceiveData                        0x08003ac1   Thumb Code     8  stm32f10x_usart.o(i.USART_ReceiveData)
    USART_SendData                           0x08003ac9   Thumb Code     8  stm32f10x_usart.o(i.USART_SendData)
    USART_StructInit                         0x08003ad1   Thumb Code    22  stm32f10x_usart.o(i.USART_StructInit)
    UsageFault_Handler                       0x08003ae7   Thumb Code     2  stm32f10x_it.o(i.UsageFault_Handler)
    __ARM_fpclassify                         0x08003ae9   Thumb Code    40  fpclassify.o(i.__ARM_fpclassify)
    __kernel_poly                            0x08003b11   Thumb Code   170  poly.o(i.__kernel_poly)
    __mathlib_dbl_infnan                     0x08003bbb   Thumb Code     6  dunder.o(i.__mathlib_dbl_infnan)
    __mathlib_dbl_infnan2                    0x08003bc1   Thumb Code     4  dunder.o(i.__mathlib_dbl_infnan2)
    __mathlib_dbl_underflow                  0x08003bc5   Thumb Code    10  dunder.o(i.__mathlib_dbl_underflow)
    _is_digit                                0x08003bd5   Thumb Code    14  __printf_wp.o(i._is_digit)
    atan                                     0x08003be5   Thumb Code   474  atan.o(i.atan)
    atan2                                    0x08003e05   Thumb Code   374  atan2.o(i.atan2)
    constrain                                0x08003fa1   Thumb Code    36  pid_positional.o(i.constrain)
    main                                     0x08003fc5   Thumb Code   180  main.o(i.main)
    sqrt                                     0x08004091   Thumb Code    76  sqrt.o(i.sqrt)
    _get_lc_numeric                          0x080040dd   Thumb Code    44  lc_numeric_c.o(locale$$code)
    _get_lc_ctype                            0x08004109   Thumb Code    44  lc_ctype_c.o(locale$$code)
    __aeabi_d2f                              0x08004135   Thumb Code     0  d2f.o(x$fpl$d2f)
    _d2f                                     0x08004135   Thumb Code    98  d2f.o(x$fpl$d2f)
    __aeabi_dadd                             0x08004199   Thumb Code     0  daddsub_clz.o(x$fpl$dadd)
    _dadd                                    0x08004199   Thumb Code   332  daddsub_clz.o(x$fpl$dadd)
    __fpl_dcheck_NaN1                        0x080042e9   Thumb Code    10  dcheck1.o(x$fpl$dcheck1)
    __fpl_dcmp_Inf                           0x080042f9   Thumb Code    24  dcmpi.o(x$fpl$dcmpinf)
    __aeabi_ddiv                             0x08004311   Thumb Code     0  ddiv.o(x$fpl$ddiv)
    _ddiv                                    0x08004311   Thumb Code   552  ddiv.o(x$fpl$ddiv)
    __aeabi_cdcmpeq                          0x080045c1   Thumb Code     0  deqf.o(x$fpl$deqf)
    _dcmpeq                                  0x080045c1   Thumb Code   120  deqf.o(x$fpl$deqf)
    __aeabi_i2d                              0x08004639   Thumb Code     0  dflt_clz.o(x$fpl$dflt)
    _dflt                                    0x08004639   Thumb Code    46  dflt_clz.o(x$fpl$dflt)
    __aeabi_dmul                             0x08004669   Thumb Code     0  dmul.o(x$fpl$dmul)
    _dmul                                    0x08004669   Thumb Code   332  dmul.o(x$fpl$dmul)
    __fpl_dnaninf                            0x080047bd   Thumb Code   156  dnaninf.o(x$fpl$dnaninf)
    __fpl_dretinf                            0x08004859   Thumb Code    12  dretinf.o(x$fpl$dretinf)
    __aeabi_drsub                            0x08004865   Thumb Code     0  daddsub_clz.o(x$fpl$drsb)
    _drsb                                    0x08004865   Thumb Code    22  daddsub_clz.o(x$fpl$drsb)
    _dsqrt                                   0x0800487d   Thumb Code   456  dsqrt_noumaal.o(x$fpl$dsqrt)
    __aeabi_dsub                             0x08004a49   Thumb Code     0  daddsub_clz.o(x$fpl$dsub)
    _dsub                                    0x08004a49   Thumb Code   464  daddsub_clz.o(x$fpl$dsub)
    __aeabi_f2d                              0x08004c1d   Thumb Code     0  f2d.o(x$fpl$f2d)
    _f2d                                     0x08004c1d   Thumb Code    86  f2d.o(x$fpl$f2d)
    __aeabi_fadd                             0x08004c75   Thumb Code     0  faddsub_clz.o(x$fpl$fadd)
    _fadd                                    0x08004c75   Thumb Code   196  faddsub_clz.o(x$fpl$fadd)
    __fpl_fcmp_Inf                           0x08004d39   Thumb Code    24  fcmpi.o(x$fpl$fcmpinf)
    __aeabi_fdiv                             0x08004d51   Thumb Code     0  fdiv.o(x$fpl$fdiv)
    _fdiv                                    0x08004d51   Thumb Code   384  fdiv.o(x$fpl$fdiv)
    __aeabi_f2iz                             0x08004ed5   Thumb Code     0  ffix.o(x$fpl$ffix)
    _ffix                                    0x08004ed5   Thumb Code    54  ffix.o(x$fpl$ffix)
    __aeabi_f2uiz                            0x08004f0d   Thumb Code     0  ffixu.o(x$fpl$ffixu)
    _ffixu                                   0x08004f0d   Thumb Code    62  ffixu.o(x$fpl$ffixu)
    __aeabi_i2f                              0x08004f4d   Thumb Code     0  fflt_clz.o(x$fpl$fflt)
    _fflt                                    0x08004f4d   Thumb Code    48  fflt_clz.o(x$fpl$fflt)
    __aeabi_cfcmple                          0x08004f7d   Thumb Code     0  fleqf.o(x$fpl$fleqf)
    _fcmple                                  0x08004f7d   Thumb Code   104  fleqf.o(x$fpl$fleqf)
    __fpl_fcmple_InfNaN                      0x08004fcf   Thumb Code     0  fleqf.o(x$fpl$fleqf)
    __aeabi_fmul                             0x08004fe5   Thumb Code     0  fmul.o(x$fpl$fmul)
    _fmul                                    0x08004fe5   Thumb Code   258  fmul.o(x$fpl$fmul)
    __fpl_fnaninf                            0x080050e7   Thumb Code   140  fnaninf.o(x$fpl$fnaninf)
    __fpl_fretinf                            0x08005173   Thumb Code    10  fretinf.o(x$fpl$fretinf)
    __aeabi_cfrcmple                         0x0800517d   Thumb Code     0  frleqf.o(x$fpl$frleqf)
    _frcmple                                 0x0800517d   Thumb Code    98  frleqf.o(x$fpl$frleqf)
    __aeabi_fsub                             0x080051e1   Thumb Code     0  faddsub_clz.o(x$fpl$fsub)
    _fsub                                    0x080051e1   Thumb Code   234  faddsub_clz.o(x$fpl$fsub)
    _printf_fp_dec                           0x080052cb   Thumb Code     4  printf1.o(x$fpl$printf1)
    _printf_fp_hex                           0x080052cf   Thumb Code     4  printf2.o(x$fpl$printf2)
    __fpl_return_NaN                         0x080052d3   Thumb Code   100  retnan.o(x$fpl$retnan)
    __ARM_scalbn                             0x08005337   Thumb Code    92  scalbn.o(x$fpl$scalbn)
    __fpl_cmpreturn                          0x08005393   Thumb Code    48  trapv.o(x$fpl$trapveneer)
    OLED_F8x16                               0x080053c2   Data        1520  oled.o(.constdata)
    __I$use$fp                               0x080053c2   Number         0  usenofp.o(x$fpl$usenofp)
    __mathlib_zero                           0x08005a90   Data           8  qnan.o(.constdata)
    Region$$Table$$Base                      0x08005b54   Number         0  anon$$obj.o(Region$$Table)
    Region$$Table$$Limit                     0x08005b74   Number         0  anon$$obj.o(Region$$Table)
    __ctype                                  0x08005b9d   Data           0  lc_ctype_c.o(locale$$data)
    page1_flag                               0x20000014   Data           1  main.o(.data)
    page1_firstEntry                         0x20000015   Data           1  main.o(.data)
    page2_flag                               0x20000016   Data           1  main.o(.data)
    page2_firstEntry                         0x20000017   Data           1  main.o(.data)
    oled_rxClear_flag                        0x20000018   Data           1  main.o(.data)
    pid_timingFlag                           0x20000019   Data           1  main.o(.data)
    mpu6050_timingFlag                       0x2000001a   Data           1  main.o(.data)
    pid_count                                0x2000001c   Data           2  main.o(.data)
    oled_rxClear_count                       0x2000001e   Data           2  main.o(.data)
    mpu6050_count                            0x20000020   Data           2  main.o(.data)
    angle_temp                               0x20000024   Data           4  main.o(.data)
    TargetA                                  0x20000028   Data           4  main.o(.data)
    ActualA                                  0x2000002c   Data           4  main.o(.data)
    OutA                                     0x20000030   Data           4  main.o(.data)
    TargetB                                  0x20000034   Data           4  main.o(.data)
    ActualB                                  0x20000038   Data           4  main.o(.data)
    OutB                                     0x2000003c   Data           4  main.o(.data)
    DMA_Ready                                0x20000040   Data           1  mpu6050.o(.data)
    MPU6050_State                            0x20000041   Data           1  mpu6050.o(.data)
    angleY                                   0x20000044   Data           4  mpu6050.o(.data)
    dt                                       0x20000048   Data           4  mpu6050.o(.data)
    motorA_speed                             0x2000004c   Data           2  pid_positional.o(.data)
    motorB_speed                             0x2000004e   Data           2  pid_positional.o(.data)
    Serial_RxFlag1                           0x20000054   Data           1  serial.o(.data)
    Serial_RxFlag2                           0x20000055   Data           1  serial.o(.data)
    pidA_inner                               0x20000078   Data          60  main.o(.bss)
    pidB_inner                               0x200000b4   Data          60  main.o(.bss)
    pidA_outer                               0x200000f0   Data          60  main.o(.bss)
    MPU6050_Data                             0x2000012c   Data          14  mpu6050.o(.bss)
    MPU6050_Angle                            0x2000013c   Data          12  mpu6050.o(.bss)
    Serial_RxPacket1                         0x20000188   Data         100  serial.o(.bss)
    Serial_RxPacket2                         0x200001ec   Data         100  serial.o(.bss)
    __libspace_start                         0x20000250   Data          96  libspace.o(.bss)
    __temporary_stack_top$libspace           0x200002b0   Data           0  libspace.o(.bss)



==============================================================================

Memory Map of the image

  Image Entry point : 0x080000ed

  Load Region LR_IROM1 (Base: 0x08000000, Size: 0x00005cf8, Max: 0x00010000, ABSOLUTE)

    Execution Region ER_IROM1 (Exec base: 0x08000000, Load base: 0x08000000, Size: 0x00005ca0, Max: 0x00010000, ABSOLUTE)

    Exec Addr    Load Addr    Size         Type   Attr      Idx    E Section Name        Object

    0x08000000   0x08000000   0x000000ec   Data   RO         3168    RESET               startup_stm32f10x_md.o
    0x080000ec   0x080000ec   0x00000008   Code   RO         3872  * !!!main             c_w.l(__main.o)
    0x080000f4   0x080000f4   0x00000034   Code   RO         4305    !!!scatter          c_w.l(__scatter.o)
    0x08000128   0x08000128   0x0000001a   Code   RO         4307    !!handler_copy      c_w.l(__scatter_copy.o)
    0x08000142   0x08000142   0x00000002   PAD
    0x08000144   0x08000144   0x0000001c   Code   RO         4309    !!handler_zi        c_w.l(__scatter_zi.o)
    0x08000160   0x08000160   0x00000000   Code   RO         3863    .ARM.Collect$$_printf_percent$$00000000  c_w.l(_printf_percent.o)
    0x08000160   0x08000160   0x00000006   Code   RO         4001    .ARM.Collect$$_printf_percent$$00000001  c_w.l(_printf_n.o)
    0x08000166   0x08000166   0x00000006   Code   RO         4003    .ARM.Collect$$_printf_percent$$00000002  c_w.l(_printf_p.o)
    0x0800016c   0x0800016c   0x00000006   Code   RO         3862    .ARM.Collect$$_printf_percent$$00000003  c_w.l(_printf_f.o)
    0x08000172   0x08000172   0x00000006   Code   RO         4008    .ARM.Collect$$_printf_percent$$00000004  c_w.l(_printf_e.o)
    0x08000178   0x08000178   0x00000006   Code   RO         4009    .ARM.Collect$$_printf_percent$$00000005  c_w.l(_printf_g.o)
    0x0800017e   0x0800017e   0x00000006   Code   RO         4010    .ARM.Collect$$_printf_percent$$00000006  c_w.l(_printf_a.o)
    0x08000184   0x08000184   0x0000000a   Code   RO         4015    .ARM.Collect$$_printf_percent$$00000007  c_w.l(_printf_ll.o)
    0x0800018e   0x0800018e   0x00000006   Code   RO         4005    .ARM.Collect$$_printf_percent$$00000008  c_w.l(_printf_i.o)
    0x08000194   0x08000194   0x00000006   Code   RO         4006    .ARM.Collect$$_printf_percent$$00000009  c_w.l(_printf_d.o)
    0x0800019a   0x0800019a   0x00000006   Code   RO         4007    .ARM.Collect$$_printf_percent$$0000000A  c_w.l(_printf_u.o)
    0x080001a0   0x080001a0   0x00000006   Code   RO         4004    .ARM.Collect$$_printf_percent$$0000000B  c_w.l(_printf_o.o)
    0x080001a6   0x080001a6   0x00000006   Code   RO         4002    .ARM.Collect$$_printf_percent$$0000000C  c_w.l(_printf_x.o)
    0x080001ac   0x080001ac   0x00000006   Code   RO         4012    .ARM.Collect$$_printf_percent$$0000000D  c_w.l(_printf_lli.o)
    0x080001b2   0x080001b2   0x00000006   Code   RO         4013    .ARM.Collect$$_printf_percent$$0000000E  c_w.l(_printf_lld.o)
    0x080001b8   0x080001b8   0x00000006   Code   RO         4014    .ARM.Collect$$_printf_percent$$0000000F  c_w.l(_printf_llu.o)
    0x080001be   0x080001be   0x00000006   Code   RO         4019    .ARM.Collect$$_printf_percent$$00000010  c_w.l(_printf_llo.o)
    0x080001c4   0x080001c4   0x00000006   Code   RO         4020    .ARM.Collect$$_printf_percent$$00000011  c_w.l(_printf_llx.o)
    0x080001ca   0x080001ca   0x0000000a   Code   RO         4016    .ARM.Collect$$_printf_percent$$00000012  c_w.l(_printf_l.o)
    0x080001d4   0x080001d4   0x00000006   Code   RO         3999    .ARM.Collect$$_printf_percent$$00000013  c_w.l(_printf_c.o)
    0x080001da   0x080001da   0x00000006   Code   RO         4000    .ARM.Collect$$_printf_percent$$00000014  c_w.l(_printf_s.o)
    0x080001e0   0x080001e0   0x00000006   Code   RO         4017    .ARM.Collect$$_printf_percent$$00000015  c_w.l(_printf_lc.o)
    0x080001e6   0x080001e6   0x00000006   Code   RO         4018    .ARM.Collect$$_printf_percent$$00000016  c_w.l(_printf_ls.o)
    0x080001ec   0x080001ec   0x00000004   Code   RO         4011    .ARM.Collect$$_printf_percent$$00000017  c_w.l(_printf_percent_end.o)
    0x080001f0   0x080001f0   0x00000002   Code   RO         4169    .ARM.Collect$$libinit$$00000000  c_w.l(libinit.o)
    0x080001f2   0x080001f2   0x00000000   Code   RO         4171    .ARM.Collect$$libinit$$00000002  c_w.l(libinit2.o)
    0x080001f2   0x080001f2   0x00000000   Code   RO         4173    .ARM.Collect$$libinit$$00000004  c_w.l(libinit2.o)
    0x080001f2   0x080001f2   0x00000000   Code   RO         4176    .ARM.Collect$$libinit$$0000000A  c_w.l(libinit2.o)
    0x080001f2   0x080001f2   0x00000000   Code   RO         4178    .ARM.Collect$$libinit$$0000000C  c_w.l(libinit2.o)
    0x080001f2   0x080001f2   0x00000000   Code   RO         4180    .ARM.Collect$$libinit$$0000000E  c_w.l(libinit2.o)
    0x080001f2   0x080001f2   0x00000006   Code   RO         4181    .ARM.Collect$$libinit$$0000000F  c_w.l(libinit2.o)
    0x080001f8   0x080001f8   0x00000000   Code   RO         4183    .ARM.Collect$$libinit$$00000011  c_w.l(libinit2.o)
    0x080001f8   0x080001f8   0x0000000c   Code   RO         4184    .ARM.Collect$$libinit$$00000012  c_w.l(libinit2.o)
    0x08000204   0x08000204   0x00000000   Code   RO         4185    .ARM.Collect$$libinit$$00000013  c_w.l(libinit2.o)
    0x08000204   0x08000204   0x00000000   Code   RO         4187    .ARM.Collect$$libinit$$00000015  c_w.l(libinit2.o)
    0x08000204   0x08000204   0x0000000a   Code   RO         4188    .ARM.Collect$$libinit$$00000016  c_w.l(libinit2.o)
    0x0800020e   0x0800020e   0x00000000   Code   RO         4189    .ARM.Collect$$libinit$$00000017  c_w.l(libinit2.o)
    0x0800020e   0x0800020e   0x00000000   Code   RO         4191    .ARM.Collect$$libinit$$00000019  c_w.l(libinit2.o)
    0x0800020e   0x0800020e   0x00000000   Code   RO         4193    .ARM.Collect$$libinit$$0000001B  c_w.l(libinit2.o)
    0x0800020e   0x0800020e   0x00000000   Code   RO         4195    .ARM.Collect$$libinit$$0000001D  c_w.l(libinit2.o)
    0x0800020e   0x0800020e   0x00000000   Code   RO         4197    .ARM.Collect$$libinit$$0000001F  c_w.l(libinit2.o)
    0x0800020e   0x0800020e   0x00000000   Code   RO         4199    .ARM.Collect$$libinit$$00000021  c_w.l(libinit2.o)
    0x0800020e   0x0800020e   0x00000000   Code   RO         4201    .ARM.Collect$$libinit$$00000023  c_w.l(libinit2.o)
    0x0800020e   0x0800020e   0x00000000   Code   RO         4203    .ARM.Collect$$libinit$$00000025  c_w.l(libinit2.o)
    0x0800020e   0x0800020e   0x00000000   Code   RO         4207    .ARM.Collect$$libinit$$0000002C  c_w.l(libinit2.o)
    0x0800020e   0x0800020e   0x00000000   Code   RO         4209    .ARM.Collect$$libinit$$0000002E  c_w.l(libinit2.o)
    0x0800020e   0x0800020e   0x00000000   Code   RO         4211    .ARM.Collect$$libinit$$00000030  c_w.l(libinit2.o)
    0x0800020e   0x0800020e   0x00000000   Code   RO         4213    .ARM.Collect$$libinit$$00000032  c_w.l(libinit2.o)
    0x0800020e   0x0800020e   0x00000002   Code   RO         4214    .ARM.Collect$$libinit$$00000033  c_w.l(libinit2.o)
    0x08000210   0x08000210   0x00000002   Code   RO         4251    .ARM.Collect$$libshutdown$$00000000  c_w.l(libshutdown.o)
    0x08000212   0x08000212   0x00000000   Code   RO         4262    .ARM.Collect$$libshutdown$$00000002  c_w.l(libshutdown2.o)
    0x08000212   0x08000212   0x00000000   Code   RO         4264    .ARM.Collect$$libshutdown$$00000004  c_w.l(libshutdown2.o)
    0x08000212   0x08000212   0x00000000   Code   RO         4266    .ARM.Collect$$libshutdown$$00000006  c_w.l(libshutdown2.o)
    0x08000212   0x08000212   0x00000000   Code   RO         4269    .ARM.Collect$$libshutdown$$00000009  c_w.l(libshutdown2.o)
    0x08000212   0x08000212   0x00000000   Code   RO         4272    .ARM.Collect$$libshutdown$$0000000C  c_w.l(libshutdown2.o)
    0x08000212   0x08000212   0x00000000   Code   RO         4274    .ARM.Collect$$libshutdown$$0000000E  c_w.l(libshutdown2.o)
    0x08000212   0x08000212   0x00000000   Code   RO         4277    .ARM.Collect$$libshutdown$$00000011  c_w.l(libshutdown2.o)
    0x08000212   0x08000212   0x00000002   Code   RO         4278    .ARM.Collect$$libshutdown$$00000012  c_w.l(libshutdown2.o)
    0x08000214   0x08000214   0x00000000   Code   RO         3946    .ARM.Collect$$rtentry$$00000000  c_w.l(__rtentry.o)
    0x08000214   0x08000214   0x00000000   Code   RO         4074    .ARM.Collect$$rtentry$$00000002  c_w.l(__rtentry2.o)
    0x08000214   0x08000214   0x00000006   Code   RO         4086    .ARM.Collect$$rtentry$$00000004  c_w.l(__rtentry4.o)
    0x0800021a   0x0800021a   0x00000000   Code   RO         4076    .ARM.Collect$$rtentry$$00000009  c_w.l(__rtentry2.o)
    0x0800021a   0x0800021a   0x00000004   Code   RO         4077    .ARM.Collect$$rtentry$$0000000A  c_w.l(__rtentry2.o)
    0x0800021e   0x0800021e   0x00000000   Code   RO         4079    .ARM.Collect$$rtentry$$0000000C  c_w.l(__rtentry2.o)
    0x0800021e   0x0800021e   0x00000008   Code   RO         4080    .ARM.Collect$$rtentry$$0000000D  c_w.l(__rtentry2.o)
    0x08000226   0x08000226   0x00000002   Code   RO         4219    .ARM.Collect$$rtexit$$00000000  c_w.l(rtexit.o)
    0x08000228   0x08000228   0x00000000   Code   RO         4229    .ARM.Collect$$rtexit$$00000002  c_w.l(rtexit2.o)
    0x08000228   0x08000228   0x00000004   Code   RO         4230    .ARM.Collect$$rtexit$$00000003  c_w.l(rtexit2.o)
    0x0800022c   0x0800022c   0x00000006   Code   RO         4231    .ARM.Collect$$rtexit$$00000004  c_w.l(rtexit2.o)
    0x08000232   0x08000232   0x00000002   PAD
    0x08000234   0x08000234   0x00000040   Code   RO         3169    .text               startup_stm32f10x_md.o
    0x08000274   0x08000274   0x00000024   Code   RO         3834    .text               c_w.l(vsprintf.o)
    0x08000298   0x08000298   0x00000038   Code   RO         3836    .text               c_w.l(__2snprintf.o)
    0x080002d0   0x080002d0   0x00000188   Code   RO         3859    .text               c_w.l(__printf_flags_ss_wp.o)
    0x08000458   0x08000458   0x0000008a   Code   RO         3864    .text               c_w.l(rt_memcpy_v6.o)
    0x080004e2   0x080004e2   0x00000002   PAD
    0x080004e4   0x080004e4   0x00000080   Code   RO         3868    .text               c_w.l(strcmpv7m.o)
    0x08000564   0x08000564   0x00000006   Code   RO         3870    .text               c_w.l(heapauxi.o)
    0x0800056a   0x0800056a   0x00000016   Code   RO         3947    .text               c_w.l(_rserrno.o)
    0x08000580   0x08000580   0x0000004e   Code   RO         3949    .text               c_w.l(_printf_pad.o)
    0x080005ce   0x080005ce   0x00000024   Code   RO         3951    .text               c_w.l(_printf_truncate.o)
    0x080005f2   0x080005f2   0x00000052   Code   RO         3953    .text               c_w.l(_printf_str.o)
    0x08000644   0x08000644   0x00000078   Code   RO         3955    .text               c_w.l(_printf_dec.o)
    0x080006bc   0x080006bc   0x00000028   Code   RO         3957    .text               c_w.l(_printf_charcount.o)
    0x080006e4   0x080006e4   0x0000041e   Code   RO         3959    .text               c_w.l(_printf_fp_dec.o)
    0x08000b02   0x08000b02   0x00000002   PAD
    0x08000b04   0x08000b04   0x00000030   Code   RO         3961    .text               c_w.l(_printf_char_common.o)
    0x08000b34   0x08000b34   0x0000000a   Code   RO         3963    .text               c_w.l(_sputc.o)
    0x08000b3e   0x08000b3e   0x00000010   Code   RO         3965    .text               c_w.l(_snputc.o)
    0x08000b4e   0x08000b4e   0x00000002   PAD
    0x08000b50   0x08000b50   0x000000bc   Code   RO         3967    .text               c_w.l(_printf_wctomb.o)
    0x08000c0c   0x08000c0c   0x0000007c   Code   RO         3970    .text               c_w.l(_printf_longlong_dec.o)
    0x08000c88   0x08000c88   0x00000070   Code   RO         3976    .text               c_w.l(_printf_oct_int_ll.o)
    0x08000cf8   0x08000cf8   0x00000094   Code   RO         3996    .text               c_w.l(_printf_hex_int_ll_ptr.o)
    0x08000d8c   0x08000d8c   0x00000064   Code   RO         4021    .text               c_w.l(rt_memcpy_w.o)
    0x08000df0   0x08000df0   0x00000008   Code   RO         4091    .text               c_w.l(rt_locale_intlibspace.o)
    0x08000df8   0x08000df8   0x00000008   Code   RO         4096    .text               c_w.l(rt_errno_addr_intlibspace.o)
    0x08000e00   0x08000e00   0x0000008a   Code   RO         4098    .text               c_w.l(lludiv10.o)
    0x08000e8a   0x08000e8a   0x000000b2   Code   RO         4100    .text               c_w.l(_printf_intcommon.o)
    0x08000f3c   0x08000f3c   0x000002fc   Code   RO         4102    .text               c_w.l(_printf_fp_hex.o)
    0x08001238   0x08001238   0x00000080   Code   RO         4105    .text               c_w.l(_printf_fp_infnan.o)
    0x080012b8   0x080012b8   0x0000002c   Code   RO         4109    .text               c_w.l(_printf_char.o)
    0x080012e4   0x080012e4   0x0000002c   Code   RO         4111    .text               c_w.l(_printf_wchar.o)
    0x08001310   0x08001310   0x000000e4   Code   RO         4113    .text               c_w.l(bigflt0.o)
    0x080013f4   0x080013f4   0x00000040   Code   RO         4138    .text               c_w.l(_wcrtomb.o)
    0x08001434   0x08001434   0x00000008   Code   RO         4155    .text               c_w.l(libspace.o)
    0x0800143c   0x0800143c   0x0000004a   Code   RO         4158    .text               c_w.l(sys_stackheap_outer.o)
    0x08001486   0x08001486   0x00000002   PAD
    0x08001488   0x08001488   0x00000010   Code   RO         4160    .text               c_w.l(rt_ctype_table.o)
    0x08001498   0x08001498   0x00000012   Code   RO         4162    .text               c_w.l(exit.o)
    0x080014aa   0x080014aa   0x00000002   PAD
    0x080014ac   0x080014ac   0x0000000c   Code   RO         4241    .text               c_w.l(sys_exit.o)
    0x080014b8   0x080014b8   0x00000002   Code   RO         4252    .text               c_w.l(use_no_semi.o)
    0x080014ba   0x080014ba   0x00000000   Code   RO         4254    .text               c_w.l(indicate_semi.o)
    0x080014ba   0x080014ba   0x0000003e   Code   RO         4116    CL$$btod_d2e        c_w.l(btod.o)
    0x080014f8   0x080014f8   0x00000046   Code   RO         4118    CL$$btod_d2e_denorm_low  c_w.l(btod.o)
    0x0800153e   0x0800153e   0x00000060   Code   RO         4117    CL$$btod_d2e_norm_op1  c_w.l(btod.o)
    0x0800159e   0x0800159e   0x00000338   Code   RO         4126    CL$$btod_div_common  c_w.l(btod.o)
    0x080018d6   0x080018d6   0x000000dc   Code   RO         4123    CL$$btod_e2e        c_w.l(btod.o)
    0x080019b2   0x080019b2   0x0000002a   Code   RO         4120    CL$$btod_ediv       c_w.l(btod.o)
    0x080019dc   0x080019dc   0x0000002a   Code   RO         4119    CL$$btod_emul       c_w.l(btod.o)
    0x08001a06   0x08001a06   0x00000244   Code   RO         4125    CL$$btod_mult_common  c_w.l(btod.o)
    0x08001c4a   0x08001c4a   0x00000002   PAD
    0x08001c4c   0x08001c4c   0x00000018   Code   RO         3173    i.Angle_Get         main.o
    0x08001c64   0x08001c64   0x00000002   Code   RO         3305    i.BusFault_Handler  stm32f10x_it.o
    0x08001c66   0x08001c66   0x00000002   PAD
    0x08001c68   0x08001c68   0x00000030   Code   RO         3561    i.DMA1_Channel7_IRQHandler  mpu6050.o
    0x08001c98   0x08001c98   0x00000018   Code   RO          839    i.DMA_ClearITPendingBit  stm32f10x_dma.o
    0x08001cb0   0x08001cb0   0x00000016   Code   RO          840    i.DMA_Cmd           stm32f10x_dma.o
    0x08001cc6   0x08001cc6   0x00000002   PAD
    0x08001cc8   0x08001cc8   0x00000020   Code   RO          844    i.DMA_GetITStatus   stm32f10x_dma.o
    0x08001ce8   0x08001ce8   0x0000003a   Code   RO          846    i.DMA_Init          stm32f10x_dma.o
    0x08001d22   0x08001d22   0x00000004   Code   RO          847    i.DMA_SetCurrDataCounter  stm32f10x_dma.o
    0x08001d26   0x08001d26   0x00000002   Code   RO         3306    i.DebugMon_Handler  stm32f10x_it.o
    0x08001d28   0x08001d28   0x00000016   Code   RO         3809    i.Delay_ms          delay.o
    0x08001d3e   0x08001d3e   0x00000020   Code   RO         3811    i.Delay_us          delay.o
    0x08001d5e   0x08001d5e   0x00000002   PAD
    0x08001d60   0x08001d60   0x000000ac   Code   RO         3532    i.Encoder_TIM3_Init  encoder.o
    0x08001e0c   0x08001e0c   0x000000ac   Code   RO         3534    i.Encoder_TIM4_Init  encoder.o
    0x08001eb8   0x08001eb8   0x0000009c   Code   RO         1274    i.GPIO_Init         stm32f10x_gpio.o
    0x08001f54   0x08001f54   0x00000058   Code   RO         1276    i.GPIO_PinRemapConfig  stm32f10x_gpio.o
    0x08001fac   0x08001fac   0x00000004   Code   RO         1281    i.GPIO_ResetBits    stm32f10x_gpio.o
    0x08001fb0   0x08001fb0   0x00000004   Code   RO         1282    i.GPIO_SetBits      stm32f10x_gpio.o
    0x08001fb4   0x08001fb4   0x00000010   Code   RO         1283    i.GPIO_StructInit   stm32f10x_gpio.o
    0x08001fc4   0x08001fc4   0x00000002   Code   RO         3307    i.HardFault_Handler  stm32f10x_it.o
    0x08001fc6   0x08001fc6   0x00000014   Code   RO         1386    i.I2C_AcknowledgeConfig  stm32f10x_i2c.o
    0x08001fda   0x08001fda   0x00000018   Code   RO         1388    i.I2C_CheckEvent    stm32f10x_i2c.o
    0x08001ff2   0x08001ff2   0x00000014   Code   RO         1391    i.I2C_Cmd           stm32f10x_i2c.o
    0x08002006   0x08002006   0x00000014   Code   RO         1398    i.I2C_GenerateSTART  stm32f10x_i2c.o
    0x0800201a   0x0800201a   0x00000014   Code   RO         1399    i.I2C_GenerateSTOP  stm32f10x_i2c.o
    0x0800202e   0x0800202e   0x00000002   PAD
    0x08002030   0x08002030   0x000000bc   Code   RO         1405    i.I2C_Init          stm32f10x_i2c.o
    0x080020ec   0x080020ec   0x00000006   Code   RO         1410    i.I2C_ReceiveData   stm32f10x_i2c.o
    0x080020f2   0x080020f2   0x00000010   Code   RO         1412    i.I2C_Send7bitAddress  stm32f10x_i2c.o
    0x08002102   0x08002102   0x00000004   Code   RO         1413    i.I2C_SendData      stm32f10x_i2c.o
    0x08002106   0x08002106   0x00000022   Code   RO         3368    i.I2C_WaitEvent     oled.o
    0x08002128   0x08002128   0x000000a4   Code   RO         3562    i.MPU6050_CalculateAngle  mpu6050.o
    0x080021cc   0x080021cc   0x000000a4   Code   RO         3568    i.MPU6050_Init      mpu6050.o
    0x08002270   0x08002270   0x000000f8   Code   RO         3569    i.MPU6050_ReadReg   mpu6050.o
    0x08002368   0x08002368   0x0000001e   Code   RO         3570    i.MPU6050_WaitEvent  mpu6050.o
    0x08002386   0x08002386   0x00000002   PAD
    0x08002388   0x08002388   0x00000068   Code   RO         3571    i.MPU6050_WriteReg  mpu6050.o
    0x080023f0   0x080023f0   0x00000088   Code   RO         3174    i.Main_Config       main.o
    0x08002478   0x08002478   0x00000002   Code   RO         3308    i.MemManage_Handler  stm32f10x_it.o
    0x0800247a   0x0800247a   0x00000002   PAD
    0x0800247c   0x0800247c   0x00000054   Code   RO         3504    i.MotorA_SetSpeed   motor.o
    0x080024d0   0x080024d0   0x00000054   Code   RO         3505    i.MotorB_SetSpeed   motor.o
    0x08002524   0x08002524   0x00000038   Code   RO         3175    i.MotorControlLoop_Angle  main.o
    0x0800255c   0x0800255c   0x00000034   Code   RO         3506    i.Motor_Init        motor.o
    0x08002590   0x08002590   0x00000002   Code   RO         3309    i.NMI_Handler       stm32f10x_it.o
    0x08002592   0x08002592   0x00000002   PAD
    0x08002594   0x08002594   0x00000064   Code   RO            1    i.NVIC_Init         misc.o
    0x080025f8   0x080025f8   0x00000014   Code   RO            2    i.NVIC_PriorityGroupConfig  misc.o
    0x0800260c   0x0800260c   0x00000026   Code   RO         3369    i.OLED_Clear        oled.o
    0x08002632   0x08002632   0x0000002c   Code   RO         3370    i.OLED_ClearLine    oled.o
    0x0800265e   0x0800265e   0x00000002   PAD
    0x08002660   0x08002660   0x00000088   Code   RO         3371    i.OLED_I2C_Init     oled.o
    0x080026e8   0x080026e8   0x00000074   Code   RO         3372    i.OLED_I2C_Write    oled.o
    0x0800275c   0x0800275c   0x00000098   Code   RO         3373    i.OLED_Init         oled.o
    0x080027f4   0x080027f4   0x00000038   Code   RO         3176    i.OLED_MPU6050CycleDisplay  main.o
    0x0800282c   0x0800282c   0x00000060   Code   RO         3177    i.OLED_MPU6050Display  main.o
    0x0800288c   0x0800288c   0x00000078   Code   RO         3178    i.OLED_PIDCycleDisplay  main.o
    0x08002904   0x08002904   0x00000060   Code   RO         3179    i.OLED_PIDDisplay   main.o
    0x08002964   0x08002964   0x0000000e   Code   RO         3374    i.OLED_Pow          oled.o
    0x08002972   0x08002972   0x00000002   PAD
    0x08002974   0x08002974   0x00000068   Code   RO         3180    i.OLED_SerialCycleDisplay  main.o
    0x080029dc   0x080029dc   0x00000048   Code   RO         3181    i.OLED_SerialDisplay  main.o
    0x08002a24   0x08002a24   0x00000022   Code   RO         3375    i.OLED_SetCursor    oled.o
    0x08002a46   0x08002a46   0x00000002   PAD
    0x08002a48   0x08002a48   0x00000068   Code   RO         3377    i.OLED_ShowChar     oled.o
    0x08002ab0   0x08002ab0   0x00000042   Code   RO         3379    i.OLED_ShowNum      oled.o
    0x08002af2   0x08002af2   0x00000056   Code   RO         3380    i.OLED_ShowSignedNum  oled.o
    0x08002b48   0x08002b48   0x00000026   Code   RO         3381    i.OLED_ShowString   oled.o
    0x08002b6e   0x08002b6e   0x00000016   Code   RO         3382    i.OLED_WriteCommand  oled.o
    0x08002b84   0x08002b84   0x0000001c   Code   RO         3383    i.OLED_WriteData    oled.o
    0x08002ba0   0x08002ba0   0x000000d8   Code   RO         3663    i.PID_Angle         pid_positional.o
    0x08002c78   0x08002c78   0x0000001c   Code   RO         3664    i.PID_Angle_Clear   pid_positional.o
    0x08002c94   0x08002c94   0x0000002e   Code   RO         3667    i.PID_Init_Angle    pid_positional.o
    0x08002cc2   0x08002cc2   0x0000000a   Code   RO         3471    i.PWM_SetCompare1   pwm.o
    0x08002ccc   0x08002ccc   0x0000000a   Code   RO         3472    i.PWM_SetCompare2   pwm.o
    0x08002cd6   0x08002cd6   0x00000002   PAD
    0x08002cd8   0x08002cd8   0x000000ac   Code   RO         3473    i.PWM_init          pwm.o
    0x08002d84   0x08002d84   0x00000002   Code   RO         3310    i.PendSV_Handler    stm32f10x_it.o
    0x08002d86   0x08002d86   0x00000002   PAD
    0x08002d88   0x08002d88   0x00000018   Code   RO         1701    i.RCC_AHBPeriphClockCmd  stm32f10x_rcc.o
    0x08002da0   0x08002da0   0x00000018   Code   RO         1702    i.RCC_APB1PeriphClockCmd  stm32f10x_rcc.o
    0x08002db8   0x08002db8   0x00000018   Code   RO         1704    i.RCC_APB2PeriphClockCmd  stm32f10x_rcc.o
    0x08002dd0   0x08002dd0   0x00000094   Code   RO         1712    i.RCC_GetClocksFreq  stm32f10x_rcc.o
    0x08002e64   0x08002e64   0x00000002   Code   RO         3311    i.SVC_Handler       stm32f10x_it.o
    0x08002e66   0x08002e66   0x00000002   PAD
    0x08002e68   0x08002e68   0x0000015c   Code   RO         3726    i.Serial_Init       serial.o
    0x08002fc4   0x08002fc4   0x00000022   Code   RO         3728    i.Serial_Printf     serial.o
    0x08002fe6   0x08002fe6   0x0000001a   Code   RO         3730    i.Serial_SendByte   serial.o
    0x08003000   0x08003000   0x0000001c   Code   RO         3732    i.Serial_SendString  serial.o
    0x0800301c   0x0800301c   0x00000150   Code   RO         3182    i.Serial_change     main.o
    0x0800316c   0x0800316c   0x000000a8   Code   RO         3118    i.SetSysClockTo72   system_stm32f10x.o
    0x08003214   0x08003214   0x00000002   Code   RO         3312    i.SysTick_Handler   stm32f10x_it.o
    0x08003216   0x08003216   0x00000002   PAD
    0x08003218   0x08003218   0x00000050   Code   RO         3120    i.SystemInit        system_stm32f10x.o
    0x08003268   0x08003268   0x0000006c   Code   RO         2331    i.TI1_Config        stm32f10x_tim.o
    0x080032d4   0x080032d4   0x0000007c   Code   RO         2332    i.TI2_Config        stm32f10x_tim.o
    0x08003350   0x08003350   0x0000005c   Code   RO         3183    i.TIM2_IRQHandler   main.o
    0x080033ac   0x080033ac   0x00000032   Code   RO         3474    i.TIM2_NVIC_Init    pwm.o
    0x080033de   0x080033de   0x00000006   Code   RO         2340    i.TIM_ClearITPendingBit  stm32f10x_tim.o
    0x080033e4   0x080033e4   0x00000014   Code   RO         2345    i.TIM_Cmd           stm32f10x_tim.o
    0x080033f8   0x080033f8   0x00000016   Code   RO         2347    i.TIM_CtrlPWMOutputs  stm32f10x_tim.o
    0x0800340e   0x0800340e   0x00000032   Code   RO         2354    i.TIM_EncoderInterfaceConfig  stm32f10x_tim.o
    0x08003440   0x08003440   0x00000018   Code   RO         2366    i.TIM_GetITStatus   stm32f10x_tim.o
    0x08003458   0x08003458   0x0000012c   Code   RO         2368    i.TIM_ICInit        stm32f10x_tim.o
    0x08003584   0x08003584   0x00000010   Code   RO         2369    i.TIM_ICStructInit  stm32f10x_tim.o
    0x08003594   0x08003594   0x00000010   Code   RO         2370    i.TIM_ITConfig      stm32f10x_tim.o
    0x080035a4   0x080035a4   0x0000000a   Code   RO         2372    i.TIM_InternalClockConfig  stm32f10x_tim.o
    0x080035ae   0x080035ae   0x00000002   PAD
    0x080035b0   0x080035b0   0x00000080   Code   RO         2374    i.TIM_OC1Init       stm32f10x_tim.o
    0x08003630   0x08003630   0x0000000c   Code   RO         2377    i.TIM_OC1PreloadConfig  stm32f10x_tim.o
    0x0800363c   0x0800363c   0x00000080   Code   RO         2379    i.TIM_OC2Init       stm32f10x_tim.o
    0x080036bc   0x080036bc   0x00000014   Code   RO         2382    i.TIM_OC2PreloadConfig  stm32f10x_tim.o
    0x080036d0   0x080036d0   0x00000014   Code   RO         2392    i.TIM_OCStructInit  stm32f10x_tim.o
    0x080036e4   0x080036e4   0x00000004   Code   RO         2406    i.TIM_SetCompare1   stm32f10x_tim.o
    0x080036e8   0x080036e8   0x00000004   Code   RO         2407    i.TIM_SetCompare2   stm32f10x_tim.o
    0x080036ec   0x080036ec   0x00000010   Code   RO         2411    i.TIM_SetIC1Prescaler  stm32f10x_tim.o
    0x080036fc   0x080036fc   0x00000018   Code   RO         2412    i.TIM_SetIC2Prescaler  stm32f10x_tim.o
    0x08003714   0x08003714   0x00000010   Code   RO         2413    i.TIM_SetIC3Prescaler  stm32f10x_tim.o
    0x08003724   0x08003724   0x00000018   Code   RO         2414    i.TIM_SetIC4Prescaler  stm32f10x_tim.o
    0x0800373c   0x0800373c   0x0000009c   Code   RO         2416    i.TIM_TimeBaseInit  stm32f10x_tim.o
    0x080037d8   0x080037d8   0x0000007c   Code   RO         3733    i.USART1_IRQHandler  serial.o
    0x08003854   0x08003854   0x00000054   Code   RO         3734    i.USART2_DMA_Init   serial.o
    0x080038a8   0x080038a8   0x00000044   Code   RO         3735    i.USART2_DMA_Send   serial.o
    0x080038ec   0x080038ec   0x0000007c   Code   RO         3736    i.USART2_IRQHandler  serial.o
    0x08003968   0x08003968   0x0000000c   Code   RO         2868    i.USART_ClearITPendingBit  stm32f10x_usart.o
    0x08003974   0x08003974   0x00000014   Code   RO         2871    i.USART_Cmd         stm32f10x_usart.o
    0x08003988   0x08003988   0x00000010   Code   RO         2872    i.USART_DMACmd      stm32f10x_usart.o
    0x08003998   0x08003998   0x0000000e   Code   RO         2874    i.USART_GetFlagStatus  stm32f10x_usart.o
    0x080039a6   0x080039a6   0x0000003e   Code   RO         2875    i.USART_GetITStatus  stm32f10x_usart.o
    0x080039e4   0x080039e4   0x00000030   Code   RO         2877    i.USART_ITConfig    stm32f10x_usart.o
    0x08003a14   0x08003a14   0x000000ac   Code   RO         2878    i.USART_Init        stm32f10x_usart.o
    0x08003ac0   0x08003ac0   0x00000008   Code   RO         2885    i.USART_ReceiveData  stm32f10x_usart.o
    0x08003ac8   0x08003ac8   0x00000008   Code   RO         2888    i.USART_SendData    stm32f10x_usart.o
    0x08003ad0   0x08003ad0   0x00000016   Code   RO         2894    i.USART_StructInit  stm32f10x_usart.o
    0x08003ae6   0x08003ae6   0x00000002   Code   RO         3313    i.UsageFault_Handler  stm32f10x_it.o
    0x08003ae8   0x08003ae8   0x00000028   Code   RO         4151    i.__ARM_fpclassify  m_ws.l(fpclassify.o)
    0x08003b10   0x08003b10   0x000000aa   Code   RO         4153    i.__kernel_poly     m_ws.l(poly.o)
    0x08003bba   0x08003bba   0x00000006   Code   RO         4059    i.__mathlib_dbl_infnan  m_ws.l(dunder.o)
    0x08003bc0   0x08003bc0   0x00000004   Code   RO         4060    i.__mathlib_dbl_infnan2  m_ws.l(dunder.o)
    0x08003bc4   0x08003bc4   0x00000010   Code   RO         4064    i.__mathlib_dbl_underflow  m_ws.l(dunder.o)
    0x08003bd4   0x08003bd4   0x0000000e   Code   RO         3852    i._is_digit         c_w.l(__printf_wp.o)
    0x08003be2   0x08003be2   0x00000002   PAD
    0x08003be4   0x08003be4   0x00000220   Code   RO         4049    i.atan              m_ws.l(atan.o)
    0x08003e04   0x08003e04   0x0000019c   Code   RO         3931    i.atan2             m_ws.l(atan2.o)
    0x08003fa0   0x08003fa0   0x00000024   Code   RO         3670    i.constrain         pid_positional.o
    0x08003fc4   0x08003fc4   0x000000cc   Code   RO         3184    i.main              main.o
    0x08004090   0x08004090   0x0000004c   Code   RO         3939    i.sqrt              m_ws.l(sqrt.o)
    0x080040dc   0x080040dc   0x0000002c   Code   RO         4141    locale$$code        c_w.l(lc_numeric_c.o)
    0x08004108   0x08004108   0x0000002c   Code   RO         4222    locale$$code        c_w.l(lc_ctype_c.o)
    0x08004134   0x08004134   0x00000062   Code   RO         3874    x$fpl$d2f           fz_ws.l(d2f.o)
    0x08004196   0x08004196   0x00000002   PAD
    0x08004198   0x08004198   0x00000150   Code   RO         3876    x$fpl$dadd          fz_ws.l(daddsub_clz.o)
    0x080042e8   0x080042e8   0x00000010   Code   RO         4215    x$fpl$dcheck1       fz_ws.l(dcheck1.o)
    0x080042f8   0x080042f8   0x00000018   Code   RO         4143    x$fpl$dcmpinf       fz_ws.l(dcmpi.o)
    0x08004310   0x08004310   0x000002b0   Code   RO         3883    x$fpl$ddiv          fz_ws.l(ddiv.o)
    0x080045c0   0x080045c0   0x00000078   Code   RO         4023    x$fpl$deqf          fz_ws.l(deqf.o)
    0x08004638   0x08004638   0x0000002e   Code   RO         3887    x$fpl$dflt          fz_ws.l(dflt_clz.o)
    0x08004666   0x08004666   0x00000002   PAD
    0x08004668   0x08004668   0x00000154   Code   RO         3892    x$fpl$dmul          fz_ws.l(dmul.o)
    0x080047bc   0x080047bc   0x0000009c   Code   RO         4027    x$fpl$dnaninf       fz_ws.l(dnaninf.o)
    0x08004858   0x08004858   0x0000000c   Code   RO         4029    x$fpl$dretinf       fz_ws.l(dretinf.o)
    0x08004864   0x08004864   0x00000016   Code   RO         3877    x$fpl$drsb          fz_ws.l(daddsub_clz.o)
    0x0800487a   0x0800487a   0x00000002   PAD
    0x0800487c   0x0800487c   0x000001cc   Code   RO         4031    x$fpl$dsqrt         fz_ws.l(dsqrt_noumaal.o)
    0x08004a48   0x08004a48   0x000001d4   Code   RO         3878    x$fpl$dsub          fz_ws.l(daddsub_clz.o)
    0x08004c1c   0x08004c1c   0x00000056   Code   RO         3894    x$fpl$f2d           fz_ws.l(f2d.o)
    0x08004c72   0x08004c72   0x00000002   PAD
    0x08004c74   0x08004c74   0x000000c4   Code   RO         3896    x$fpl$fadd          fz_ws.l(faddsub_clz.o)
    0x08004d38   0x08004d38   0x00000018   Code   RO         4035    x$fpl$fcmpinf       fz_ws.l(fcmpi.o)
    0x08004d50   0x08004d50   0x00000184   Code   RO         3903    x$fpl$fdiv          fz_ws.l(fdiv.o)
    0x08004ed4   0x08004ed4   0x00000036   Code   RO         3906    x$fpl$ffix          fz_ws.l(ffix.o)
    0x08004f0a   0x08004f0a   0x00000002   PAD
    0x08004f0c   0x08004f0c   0x0000003e   Code   RO         3910    x$fpl$ffixu         fz_ws.l(ffixu.o)
    0x08004f4a   0x08004f4a   0x00000002   PAD
    0x08004f4c   0x08004f4c   0x00000030   Code   RO         3915    x$fpl$fflt          fz_ws.l(fflt_clz.o)
    0x08004f7c   0x08004f7c   0x00000068   Code   RO         3920    x$fpl$fleqf         fz_ws.l(fleqf.o)
    0x08004fe4   0x08004fe4   0x00000102   Code   RO         3922    x$fpl$fmul          fz_ws.l(fmul.o)
    0x080050e6   0x080050e6   0x0000008c   Code   RO         4037    x$fpl$fnaninf       fz_ws.l(fnaninf.o)
    0x08005172   0x08005172   0x0000000a   Code   RO         4039    x$fpl$fretinf       fz_ws.l(fretinf.o)
    0x0800517c   0x0800517c   0x00000062   Code   RO         3924    x$fpl$frleqf        fz_ws.l(frleqf.o)
    0x080051de   0x080051de   0x00000002   PAD
    0x080051e0   0x080051e0   0x000000ea   Code   RO         3898    x$fpl$fsub          fz_ws.l(faddsub_clz.o)
    0x080052ca   0x080052ca   0x00000004   Code   RO         3926    x$fpl$printf1       fz_ws.l(printf1.o)
    0x080052ce   0x080052ce   0x00000004   Code   RO         4041    x$fpl$printf2       fz_ws.l(printf2.o)
    0x080052d2   0x080052d2   0x00000064   Code   RO         4147    x$fpl$retnan        fz_ws.l(retnan.o)
    0x08005336   0x08005336   0x0000005c   Code   RO         4149    x$fpl$scalbn        fz_ws.l(scalbn.o)
    0x08005392   0x08005392   0x00000030   Code   RO         4217    x$fpl$trapveneer    fz_ws.l(trapv.o)
    0x080053c2   0x080053c2   0x00000000   Code   RO         4047    x$fpl$usenofp       fz_ws.l(usenofp.o)
    0x080053c2   0x080053c2   0x000005f0   Data   RO         3384    .constdata          oled.o
    0x080059b2   0x080059b2   0x00000011   Data   RO         3860    .constdata          c_w.l(__printf_flags_ss_wp.o)
    0x080059c3   0x080059c3   0x00000001   PAD
    0x080059c4   0x080059c4   0x00000008   Data   RO         3968    .constdata          c_w.l(_printf_wctomb.o)
    0x080059cc   0x080059cc   0x00000028   Data   RO         3997    .constdata          c_w.l(_printf_hex_int_ll_ptr.o)
    0x080059f4   0x080059f4   0x00000004   PAD
    0x080059f8   0x080059f8   0x00000098   Data   RO         4050    .constdata          m_ws.l(atan.o)
    0x08005a90   0x08005a90   0x00000008   Data   RO         4072    .constdata          m_ws.l(qnan.o)
    0x08005a98   0x08005a98   0x00000026   Data   RO         4103    .constdata          c_w.l(_printf_fp_hex.o)
    0x08005abe   0x08005abe   0x00000002   PAD
    0x08005ac0   0x08005ac0   0x00000094   Data   RO         4114    .constdata          c_w.l(bigflt0.o)
    0x08005b54   0x08005b54   0x00000020   Data   RO         4303    Region$$Table       anon$$obj.o
    0x08005b74   0x08005b74   0x0000001c   Data   RO         4140    locale$$data        c_w.l(lc_numeric_c.o)
    0x08005b90   0x08005b90   0x00000110   Data   RO         4221    locale$$data        c_w.l(lc_ctype_c.o)


    Execution Region RW_IRAM1 (Exec base: 0x20000000, Load base: 0x08005ca0, Size: 0x000008b0, Max: 0x00005000, ABSOLUTE)

    Exec Addr    Load Addr    Size         Type   Attr      Idx    E Section Name        Object

    0x20000000   0x08005ca0   0x00000014   Data   RW         1732    .data               stm32f10x_rcc.o
    0x20000014   0x08005cb4   0x0000002c   Data   RW         3189    .data               main.o
    0x20000040   0x08005ce0   0x0000000c   Data   RW         3574    .data               mpu6050.o
    0x2000004c   0x08005cec   0x00000004   Data   RW         3671    .data               pid_positional.o
    0x20000050   0x08005cf0   0x00000006   Data   RW         3739    .data               serial.o
    0x20000056   0x08005cf6   0x00000002   PAD
    0x20000058        -       0x000000d4   Zero   RW         3185    .bss                main.o
    0x2000012c        -       0x0000001c   Zero   RW         3573    .bss                mpu6050.o
    0x20000148        -       0x00000108   Zero   RW         3737    .bss                serial.o
    0x20000250        -       0x00000060   Zero   RW         4156    .bss                c_w.l(libspace.o)
    0x200002b0        -       0x00000200   Zero   RW         3167    HEAP                startup_stm32f10x_md.o
    0x200004b0        -       0x00000400   Zero   RW         3166    STACK               startup_stm32f10x_md.o


==============================================================================

Image component sizes


      Code (inc. data)   RO Data    RW Data    ZI Data      Debug   Object Name

         0          0          0          0          0         32   core_cm3.o
        54          0          0          0          0       1268   delay.o
       344         20          0          0          0       1312   encoder.o
      1392        348          0         44        212       9927   main.o
       120         16          0          0          0     270407   misc.o
       220         16          0          0          0       1509   motor.o
       758         84          0         12         28       5245   mpu6050.o
       912         44       1520          0          0       8913   oled.o
       326         10          0          4          0       4707   pid_positional.o
       242          4          0          0          0       1964   pwm.o
       836         56          0          6        264       6584   serial.o
        64         26        236          0       1536        776   startup_stm32f10x_md.o
         0          0          0          0          0       1640   stm32f10x_adc.o
       140         16          0          0          0      14100   stm32f10x_dma.o
       268          6          0          0          0      12544   stm32f10x_gpio.o
       318         10          0          0          0      14688   stm32f10x_i2c.o
        18          0          0          0          0       3570   stm32f10x_it.o
       220         34          0         20          0      13602   stm32f10x_rcc.o
      1248        136          0          0          0      35662   stm32f10x_tim.o
       382          6          0          0          0      13637   stm32f10x_usart.o
       248         24          0          0          0       1565   system_stm32f10x.o

    ----------------------------------------------------------------------
      8140        856       1788         88       2040     423652   Object Totals
         0          0         32          0          0          0   (incl. Generated)
        30          0          0          2          0          0   (incl. Padding)

    ----------------------------------------------------------------------

      Code (inc. data)   RO Data    RW Data    ZI Data      Debug   Library Member Name

        56          6          0          0          0         88   __2snprintf.o
         8          0          0          0          0         68   __main.o
       392          4         17          0          0         92   __printf_flags_ss_wp.o
        14          0          0          0          0         68   __printf_wp.o
         0          0          0          0          0          0   __rtentry.o
        12          0          0          0          0          0   __rtentry2.o
         6          0          0          0          0          0   __rtentry4.o
        52          8          0          0          0          0   __scatter.o
        26          0          0          0          0          0   __scatter_copy.o
        28          0          0          0          0          0   __scatter_zi.o
         6          0          0          0          0          0   _printf_a.o
         6          0          0          0          0          0   _printf_c.o
        44          0          0          0          0        108   _printf_char.o
        48          6          0          0          0         96   _printf_char_common.o
        40          0          0          0          0         68   _printf_charcount.o
         6          0          0          0          0          0   _printf_d.o
       120         16          0          0          0         92   _printf_dec.o
         6          0          0          0          0          0   _printf_e.o
         6          0          0          0          0          0   _printf_f.o
      1054          0          0          0          0        216   _printf_fp_dec.o
       764          8         38          0          0        100   _printf_fp_hex.o
       128         16          0          0          0         84   _printf_fp_infnan.o
         6          0          0          0          0          0   _printf_g.o
       148          4         40          0          0        160   _printf_hex_int_ll_ptr.o
         6          0          0          0          0          0   _printf_i.o
       178          0          0          0          0         88   _printf_intcommon.o
        10          0          0          0          0          0   _printf_l.o
         6          0          0          0          0          0   _printf_lc.o
        10          0          0          0          0          0   _printf_ll.o
         6          0          0          0          0          0   _printf_lld.o
         6          0          0          0          0          0   _printf_lli.o
         6          0          0          0          0          0   _printf_llo.o
         6          0          0          0          0          0   _printf_llu.o
         6          0          0          0          0          0   _printf_llx.o
       124         16          0          0          0         92   _printf_longlong_dec.o
         6          0          0          0          0          0   _printf_ls.o
         6          0          0          0          0          0   _printf_n.o
         6          0          0          0          0          0   _printf_o.o
       112         10          0          0          0        124   _printf_oct_int_ll.o
         6          0          0          0          0          0   _printf_p.o
        78          0          0          0          0        108   _printf_pad.o
         0          0          0          0          0          0   _printf_percent.o
         4          0          0          0          0          0   _printf_percent_end.o
         6          0          0          0          0          0   _printf_s.o
        82          0          0          0          0         80   _printf_str.o
        36          0          0          0          0         84   _printf_truncate.o
         6          0          0          0          0          0   _printf_u.o
        44          0          0          0          0        108   _printf_wchar.o
       188          6          8          0          0         92   _printf_wctomb.o
         6          0          0          0          0          0   _printf_x.o
        22          0          0          0          0        100   _rserrno.o
        16          0          0          0          0         68   _snputc.o
        10          0          0          0          0         68   _sputc.o
        64          0          0          0          0         92   _wcrtomb.o
       228          4        148          0          0         96   bigflt0.o
      1936        128          0          0          0        672   btod.o
        18          0          0          0          0         80   exit.o
         6          0          0          0          0        152   heapauxi.o
         0          0          0          0          0          0   indicate_semi.o
        44         10        272          0          0         76   lc_ctype_c.o
        44         10         28          0          0         76   lc_numeric_c.o
         2          0          0          0          0          0   libinit.o
        30          0          0          0          0          0   libinit2.o
         2          0          0          0          0          0   libshutdown.o
         2          0          0          0          0          0   libshutdown2.o
         8          4          0          0         96         68   libspace.o
       138          0          0          0          0         80   lludiv10.o
        16          4          0          0          0         76   rt_ctype_table.o
         8          4          0          0          0         68   rt_errno_addr_intlibspace.o
         8          4          0          0          0         68   rt_locale_intlibspace.o
       138          0          0          0          0         68   rt_memcpy_v6.o
       100          0          0          0          0         80   rt_memcpy_w.o
         2          0          0          0          0          0   rtexit.o
        10          0          0          0          0          0   rtexit2.o
       128          0          0          0          0         68   strcmpv7m.o
        12          4          0          0          0         68   sys_exit.o
        74          0          0          0          0         80   sys_stackheap_outer.o
         2          0          0          0          0         68   use_no_semi.o
        36          4          0          0          0         76   vsprintf.o
        98          4          0          0          0         92   d2f.o
       826         16          0          0          0        348   daddsub_clz.o
        16          4          0          0          0         68   dcheck1.o
        24          0          0          0          0         68   dcmpi.o
       688        140          0          0          0        208   ddiv.o
       120          4          0          0          0         92   deqf.o
        46          0          0          0          0         68   dflt_clz.o
       340         12          0          0          0        104   dmul.o
       156          4          0          0          0         92   dnaninf.o
        12          0          0          0          0         68   dretinf.o
       460         56          0          0          0        120   dsqrt_noumaal.o
        86          4          0          0          0         84   f2d.o
       430          8          0          0          0        168   faddsub_clz.o
        24          0          0          0          0         68   fcmpi.o
       388         76          0          0          0         96   fdiv.o
        54          4          0          0          0         84   ffix.o
        62          4          0          0          0         84   ffixu.o
        48          0          0          0          0         68   fflt_clz.o
       104          4          0          0          0         84   fleqf.o
       258          4          0          0          0         84   fmul.o
       140          4          0          0          0         84   fnaninf.o
        10          0          0          0          0         68   fretinf.o
        98          0          0          0          0         68   frleqf.o
         4          0          0          0          0         68   printf1.o
         4          0          0          0          0         68   printf2.o
       100          0          0          0          0         68   retnan.o
        92          0          0          0          0         68   scalbn.o
        48          0          0          0          0         68   trapv.o
         0          0          0          0          0          0   usenofp.o
       544         70        152          0          0        124   atan.o
       412         38          0          0          0        144   atan2.o
        26          6          0          0          0        204   dunder.o
        40          0          0          0          0         68   fpclassify.o
       170          0          0          0          0         96   poly.o
         0          0          8          0          0          0   qnan.o
        76          0          0          0          0         84   sqrt.o

    ----------------------------------------------------------------------
     13066        738        718          0         96       7792   Library Totals
        32          0          7          0          0          0   (incl. Padding)

    ----------------------------------------------------------------------

      Code (inc. data)   RO Data    RW Data    ZI Data      Debug   Library Name

      7030        276        551          0         96       4364   c_w.l
      4736        348          0          0          0       2708   fz_ws.l
      1268        114        160          0          0        720   m_ws.l

    ----------------------------------------------------------------------
     13066        738        718          0         96       7792   Library Totals

    ----------------------------------------------------------------------

==============================================================================


      Code (inc. data)   RO Data    RW Data    ZI Data      Debug   

     21206       1594       2506         88       2136     420832   Grand Totals
     21206       1594       2506         88       2136     420832   ELF Image Totals
     21206       1594       2506         88          0          0   ROM Totals

==============================================================================

    Total RO  Size (Code + RO Data)                23712 (  23.16kB)
    Total RW  Size (RW Data + ZI Data)              2224 (   2.17kB)
    Total ROM Size (Code + RO Data + RW Data)      23800 (  23.24kB)

==============================================================================

